┌ Warning: Seed is infeasible (min_slack=-0.17519117134468765, ε=0.001); the barrier will try to recover it before shortening. Expected for the straight_cont ablation, and for a discrete seed that A* returned as its best incumbent after exhausting its budget.
└ @ Main ~/projects/landmark_planning/planners/hexspline_cl.jl:1215
Landmark scenario: random — 4 landmarks, 5 obstacles, start (0.0, 0.0) → goal (700.0, 0.0)
Hex graph: 725 nodes (720 heading-states + 4 sensors + goal), radius=57.73502691896258m, directed_edges=1908, grid=12x15, start_cell=(1, 7), goal_cell=(8, 7), start_heading=0

── GREEDY PLANNING ──
  Primary: shortest obstacle-clear route (single-agent A*, no uncertainty bound)

  ✓ FEASIBLE SOLUTION at iter 28: dist=850.0, unc=4.4694
  [Constraint A*] Single-agent complete: 28 iterations, final_dist=850.0
  Helpers: greedy placement, minimising the primary's uncertainty per step
  Support 1: dist=850.0m, goal_unc=1.4073m
  Primary  : dist=850.0m, goal_unc=3.3432m (threshold 3.575527109 ✓)

=== Continuous Spline Optimization (threshold=3.5755) ===
  Initial (discrete→spline): prim_len=843.295, unc=3.7507
  Barrier stage 1/15: μ=20.0
    → Recovered into the feasible set at iter 4 (min_slack=0.010213); feasible-only gate now armed
  → Converged at iter 63 (Δlen=0.000447)
  Barrier stage 2/15: μ=7.0
  → Converged at iter 64 (Δlen=0.000654)
  Barrier stage 3/15: μ=2.45
  Barrier stage 4/15: μ=0.8575
  Barrier stage 5/15: μ=0.3001
  Barrier stage 6/15: μ=0.105
  Barrier stage 7/15: μ=0.0368
  Barrier stage 8/15: μ=0.0129
  Barrier stage 9/15: μ=0.0045
  Barrier stage 10/15: μ=0.0016
  Barrier stage 11/15: μ=0.0006
  → Converged at iter 603 (Δlen=0.000152)
  Barrier stage 12/15: μ=0.0002
  → Converged at iter 604 (Δlen=0.000227)
  Barrier stage 13/15: μ=0.0001
  → Converged at iter 605 (Δlen=0.000265)
  Barrier stage 14/15: μ=0.0
  [Spline barrier] line search stalled; stopping at stage 14
  Barrier stage 15/15: μ=0.0
  [Spline barrier] line search stalled; stopping at stage 15
  Final: prim_len=811.49, unc=3.1871, threshold=3.5755, status=optimized, min_slack=0.0
  Obstacle re-verification: mean path clears all obstacles ✓
Fig combined (main) saved: Discrete Len=843.3 → Continuous Len=811.49
Fig uncertainty profile (main) saved: /home/tonyzhang/projects/landmark_planning/constraint_sweep/sweep_2026-08-11/greedy/s082_p080/greedy/figures/main_unc_profile.png

[greedy] produced 1 solution(s) -> /home/tonyzhang/projects/landmark_planning/constraint_sweep/sweep_2026-08-11/greedy/s082_p080/greedy
