Landmark scenario: ladder_long — 3 landmarks, 18 obstacles, start (0.0, 0.0) → goal (2350.0, 86.60254037844386)
  → Saved 3 landmarks to /home/tony-zhang/Research/landmark_planning/fig2_ladder/long_v15e/reference/s001/scenario_landmarks.csv
  → Saved 18 obstacles to /home/tony-zhang/Research/landmark_planning/fig2_ladder/long_v15e/reference/s001/scenario_obstacles.csv
Hex graph: 1138 nodes (1134 heading-states + 3 sensors + goal), radius=57.73502691896258m, directed_edges=3006, grid=29x13, start_cell=(2, 6), goal_cell=(25, 7), start_heading=0
Conditional ε-bound: ε_sample=1.0491, w=1.0, ε_total=1.0491
  Bound form (conditional): L_returned ≤ (1+ε_total) L* with assumptions documented in comments.

── MULTI-AGENT PLANNING (Synchronized Kalman) ──

  Running joint discrete A* (threshold=1.0e9)... (max_iters=1000000)
  Stops on the first feasible candidate under the threshold.

  ✓ FEASIBLE SOLUTION at iter 76: dist=2500.0, unc=16.2057
  [Constraint A*] Single-agent complete: 76 iterations, final_dist=2500.0

✓ Multi-agent solution with synchronized Kalman fusion:
  Primary agent: node=798, dist=2500.0m, goal_unc=16.2057m
  ├─ Communication: every 100.0m, sigmoid taper range=300.0m width=20.0m
  └─ All agents' uncertainties benefit from synchronized Kalman fusion at checkpoints

--- Final Results ---
Primary agent : [1, 499, 662, 667, 673, 679, 685, 691, 697, 703, 709, 715, 721, 890, 895, 901, 907, 913, 919, 925, 931, 937, 943, 949, 955, 798]  dist=2500.0  goal_unc=16.2057  threshold=1.0e9 ✓ met  (Kalman-fused)

=== Kalman Filtering Summary ===
All 1 agents performing synchronized Kalman filtering:
  • Dead-reckoning propagation: DIR=0.05/m, PERP=0.016666666666666666/m
  • Landmark fusion: Information filter (Joseph form) at every waypoint
  • SYNCHRONIZED inter-agent communication: every 100.0m of travel
  • Tapered sigmoid weighting: range=300.0m, width=20.0m (soft plateau + rolloff)
  • Bidirectional Kalman fusion: all agent pairs within range at each checkpoint
  • Measurement model: bearing-angle sensor with noise=0.038, ratio=2.2
  └─ Support agents: goal_unc=16.2057m (improved by inter-agent fusion)
  └─ Primary agent: goal_unc=16.2057m (direct path with landmark updates)
Converged at iteration : 76
Figure path-role mapping: supports = paths[1:0], primary = paths[1]
Discrete evaluation: prim_len=2500.0, unc=16.2057
Fig 1 saved.

=== Continuous Spline Optimization (threshold=1.0e9) ===
  Initial (discrete→spline): prim_len=2433.363, unc=16.2057
  Barrier stage 1/15: μ=20.0
  Barrier stage 2/15: μ=7.0
  → Converged at iter 117 (Δlen=0.000567)
  Barrier stage 3/15: μ=2.45
  Barrier stage 4/15: μ=0.8575
  Barrier stage 5/15: μ=0.3001
  Barrier stage 6/15: μ=0.105
  Barrier stage 7/15: μ=0.0368
  Barrier stage 8/15: μ=0.0129
  Barrier stage 9/15: μ=0.0045
  Barrier stage 10/15: μ=0.0016
  → Converged at iter 611 (Δlen=0.000944)
  Barrier stage 11/15: μ=0.0006
  → Converged at iter 613 (Δlen=0.000806)
  Barrier stage 12/15: μ=0.0002
  → Converged at iter 615 (Δlen=0.000185)
  Barrier stage 13/15: μ=0.0001
  → Converged at iter 616 (Δlen=0.000209)
  Barrier stage 14/15: μ=0.0
  → Converged at iter 617 (Δlen=0.000216)
  Barrier stage 15/15: μ=0.0
  [Spline barrier] line search stalled; stopping at stage 15
  Final: prim_len=2372.552, unc=14.073, threshold=1.0e9, status=optimized, min_slack=2.0e-6
  Obstacle re-verification: mean path clears all obstacles ✓
Fig combined (main) saved: Discrete Len=2433.36 → Continuous Len=2372.55
Fig uncertainty profile (main) saved: /home/tony-zhang/Research/landmark_planning/fig2_ladder/long_v15e/reference/s001/hexspline_cl/figures/main_unc_profile.png
  → Saved control points to /home/tony-zhang/Research/landmark_planning/fig2_ladder/long_v15e/reference/s001/hexspline_cl/csv/main_ctrls.csv (26 points)

[hexspline_cl] produced 1 solution(s) -> /home/tony-zhang/Research/landmark_planning/fig2_ladder/long_v15e/reference/s001/hexspline_cl
