Landmark scenario: random — 4 landmarks, 3 obstacles, start (0.0, 0.0) → goal (900.0, 0.0)
Hex graph: 383 nodes (378 heading-states + 4 sensors + goal), radius=86.60254037844388m, directed_edges=954, grid=11x11, start_cell=(2, 5), goal_cell=(8, 5), start_heading=0

── SEQUENTIAL PLANNING (2 agent(s), one at a time) ──
  Leg 1 — primary, 1 helper(s) parked at start (bound 13.7026 = 2.0x the 6.851318362 threshold the shipped route is held to):

    ✓ feasible at iter 24: dist=1050.0, unc=9.2546
  Leg 2 — helper 1 vs the fixed primary trajectory (8 steps, beam 400):
    (took rank #4 of 211; 3 better-ranked route(s) breach as splines)
    → helper 1 placed; primary goal_unc now 5.1345
  Leg 3 — primary re-planned against the committed helper paths:

    ✓ feasible at iter 211: dist=1350.0, unc=6.3277
    leg 1 route: len=1050.0, unc=5.1345 ✓  |  re-planned: len=1350.0, unc=6.3277 ✓  → keep leg 1
  Helper 1: dist=1050.0m, goal_unc=1.4431m
  Primary  : dist=1050.0m, goal_unc=5.1345m (threshold 6.851318362 ✓)

=== Continuous Spline Optimization (threshold=6.8513) ===
  Initial (discrete→spline): prim_len=967.702, unc=5.1345
  Barrier stage 1/15: μ=20.0
  → Converged at iter 23 (Δlen=0.00087)
  Barrier stage 2/15: μ=7.0
  [Spline barrier] line search stalled; stopping at stage 2
  Barrier stage 3/15: μ=2.45
  [Spline barrier] line search stalled; stopping at stage 3
  Barrier stage 4/15: μ=0.8575
  → Converged at iter 26 (Δlen=0.000899)
  Barrier stage 5/15: μ=0.3001
  [Spline barrier] line search stalled; stopping at stage 5
  Barrier stage 6/15: μ=0.105
  [Spline barrier] line search stalled; stopping at stage 6
  Barrier stage 7/15: μ=0.0368
  [Spline barrier] line search stalled; stopping at stage 7
  Barrier stage 8/15: μ=0.0129
  Barrier stage 9/15: μ=0.0045
  → Converged at iter 124 (Δlen=0.000179)
  Barrier stage 10/15: μ=0.0016
  → Converged at iter 125 (Δlen=0.00027)
  Barrier stage 11/15: μ=0.0006
  → Converged at iter 126 (Δlen=0.000326)
  Barrier stage 12/15: μ=0.0002
  [Spline barrier] line search stalled; stopping at stage 12
  Barrier stage 13/15: μ=0.0001
  [Spline barrier] line search stalled; stopping at stage 13
  Barrier stage 14/15: μ=0.0
  [Spline barrier] line search stalled; stopping at stage 14
  Barrier stage 15/15: μ=0.0
  [Spline barrier] line search stalled; stopping at stage 15
  Final: prim_len=954.429, unc=6.8513, threshold=6.8513, status=optimized, min_slack=7.0e-6
  Obstacle re-verification: mean path clears all obstacles ✓
Fig combined (main) saved: Discrete Len=967.7 → Continuous Len=954.43
Fig uncertainty profile (main) saved: /home/tonyzhang/projects/landmark_planning/constraint_sweep/baseline_2026-08-17/sequential/s049_p060/sequential/figures/main_unc_profile.png

[sequential] produced 1 solution(s) -> /home/tonyzhang/projects/landmark_planning/constraint_sweep/baseline_2026-08-17/sequential/s049_p060/sequential
