┌ Warning: Seed is infeasible (min_slack=-1.746079827846681, ε=0.001); the barrier will try to recover it before shortening. Expected for the straight_cont ablation, and for a discrete seed that A* returned as its best incumbent after exhausting its budget.
└ @ Main ~/projects/landmark_planning/planners/hexspline_cl.jl:1215
Landmark scenario: random — 3 landmarks, 3 obstacles, start (0.0, 0.0) → goal (800.0, 0.0)
Hex graph: 796 nodes (792 heading-states + 3 sensors + goal), radius=57.73502691896258m, directed_edges=2112, grid=13x15, start_cell=(1, 7), goal_cell=(9, 7), start_heading=0

── GREEDY PLANNING ──
  Primary: shortest obstacle-clear route (single-agent A*, no uncertainty bound)

  ✓ FEASIBLE SOLUTION at iter 9: dist=750.0, unc=7.9362
  [Constraint A*] Single-agent complete: 9 iterations, final_dist=750.0
  Helpers: greedy placement, minimising the primary's uncertainty per step
  Support 1: dist=750.0m, goal_unc=4.8391m
  Primary  : dist=750.0m, goal_unc=5.4986m (threshold 3.174492044 ✗)

=== Continuous Spline Optimization (threshold=3.1745) ===
  Initial (discrete→spline): prim_len=800.0, unc=4.9206
  Barrier stage 1/15: μ=20.0
    → Recovered into the feasible set at iter 35 (min_slack=0.001993); feasible-only gate now armed
  → Converged at iter 35 (Δlen=0.000289)
  Barrier stage 2/15: μ=7.0
  → Converged at iter 36 (Δlen=0.000559)
  Barrier stage 3/15: μ=2.45
  → Converged at iter 37 (Δlen=0.00081)
  Barrier stage 4/15: μ=0.8575
  → Converged at iter 39 (Δlen=0.000214)
  Barrier stage 5/15: μ=0.3001
  → Converged at iter 40 (Δlen=0.000409)
  Barrier stage 6/15: μ=0.105
  → Converged at iter 41 (Δlen=0.000588)
  Barrier stage 7/15: μ=0.0368
  → Converged at iter 42 (Δlen=0.000752)
  Barrier stage 8/15: μ=0.0129
  → Converged at iter 43 (Δlen=0.000901)
  Barrier stage 9/15: μ=0.0045
  → Converged at iter 45 (Δlen=0.000124)
  Barrier stage 10/15: μ=0.0016
  → Converged at iter 46 (Δlen=0.000236)
  Barrier stage 11/15: μ=0.0006
  [Spline barrier] line search stalled; stopping at stage 11
  Barrier stage 12/15: μ=0.0002
  [Spline barrier] line search stalled; stopping at stage 12
  Barrier stage 13/15: μ=0.0001
  [Spline barrier] line search stalled; stopping at stage 13
  Barrier stage 14/15: μ=0.0
  [Spline barrier] line search stalled; stopping at stage 14
  Barrier stage 15/15: μ=0.0
  [Spline barrier] line search stalled; stopping at stage 15
  Final: prim_len=800.076, unc=3.1725, threshold=3.1745, status=optimized, min_slack=0.001993
  Obstacle re-verification: mean path clears all obstacles ✓
Fig combined (main) saved: Discrete Len=800.0 → Continuous Len=800.08
Fig uncertainty profile (main) saved: /home/tonyzhang/projects/landmark_planning/constraint_sweep/sweep_2026-08-11/greedy/s088_p040/greedy/figures/main_unc_profile.png

[greedy] produced 1 solution(s) -> /home/tonyzhang/projects/landmark_planning/constraint_sweep/sweep_2026-08-11/greedy/s088_p040/greedy
