Landmark scenario: ladder_maze — 3 landmarks, 14 obstacles, start (0.0, 0.0) → goal (1400.0, 173.20508075688772)
  → Saved 3 landmarks to /home/tony-zhang/Research/landmark_planning/fig2_ladder/v8/formation/s001_p070/scenario_landmarks.csv
  → Saved 14 obstacles to /home/tony-zhang/Research/landmark_planning/fig2_ladder/v8/formation/s001_p070/scenario_obstacles.csv
Hex graph: 718 nodes (714 heading-states + 3 sensors + goal), radius=57.73502691896258m, directed_edges=1866, grid=19x15, start_cell=(2, 7), goal_cell=(16, 9), start_heading=0

── FORMATION PLANNING ──
  Primary: own A* (formation_primary_astar); a goal candidate is accepted on the primary's uncertainty WITH its supports attached (threshold 8.854702808).
  One support: both lateral slots (+1 = 60° left, -1 = 60° right) tried per candidate.
  [A*] iter 1000/1000000 (0.1%)  left=999000  elapsed=0.1s     [A*] iter 2000/1000000 (0.2%)  left=998000  elapsed=0.1s   ┌ Warning: Seed is infeasible (min_slack=-107.4241552633647, ε=0.001); the barrier will try to recover it before shortening. Expected for the straight_cont ablation, and for a discrete seed that A* returned as its best incumbent after exhausting its budget.
└ @ Main ~/Research/landmark_planning/planners/hexspline_cl.jl:1207

    nothing cleared the escorted bound; handing the best attempt to the barrier: unc=3.9876 (slot [1]) [breaches the spline gate]
  → Chose slot [1]
  Support 1 (slot 1): dist=2100.0m, goal_unc=3.6861m, arc drift vs primary=0.0m
  Primary : dist=2100.0m, goal_unc=3.9876m (threshold 8.854702808 ✓)

=== Continuous Spline Optimization (threshold=8.8547) ===
  Initial (discrete→spline): prim_len=1966.628, unc=3.9876
  Barrier stage 1/15: μ=20.0
  [Spline barrier] line search stalled; stopping at stage 1
  Barrier stage 2/15: μ=20.0
  [Spline barrier] line search stalled; stopping at stage 2
  Barrier stage 3/15: μ=20.0
  [Spline barrier] line search stalled; stopping at stage 3
  Barrier stage 4/15: μ=20.0
  [Spline barrier] line search stalled; stopping at stage 4
  Barrier stage 5/15: μ=20.0
  [Spline barrier] line search stalled; stopping at stage 5
  Barrier stage 6/15: μ=20.0
  [Spline barrier] line search stalled; stopping at stage 6
  Barrier stage 7/15: μ=20.0
  [Spline barrier] line search stalled; stopping at stage 7
  Barrier stage 8/15: μ=20.0
  [Spline barrier] line search stalled; stopping at stage 8
  Barrier stage 9/15: μ=20.0
  [Spline barrier] line search stalled; stopping at stage 9
  Barrier stage 10/15: μ=20.0
  [Spline barrier] line search stalled; stopping at stage 10
  Barrier stage 11/15: μ=20.0
  [Spline barrier] line search stalled; stopping at stage 11
  Barrier stage 12/15: μ=20.0
  [Spline barrier] line search stalled; stopping at stage 12
  Barrier stage 13/15: μ=20.0
  [Spline barrier] line search stalled; stopping at stage 13
  Barrier stage 14/15: μ=20.0
  [Spline barrier] line search stalled; stopping at stage 14
  Barrier stage 15/15: μ=20.0
  [Spline barrier] line search stalled; stopping at stage 15
  Final: prim_len=1966.628, unc=3.9876, threshold=8.8547, status=recovery_failed, min_slack=-107.424155
  ⚠ Obstacle re-verification: 1 real obstacle collision(s):
      agent 1 obstacle 8  depth=74.2667 m
Fig combined (main) saved: Discrete Len=1966.63 → Continuous Len=1966.63
Fig uncertainty profile (main) saved: /home/tony-zhang/Research/landmark_planning/fig2_ladder/v8/formation/s001_p070/formation/figures/main_unc_profile.png
  → Saved control points to /home/tony-zhang/Research/landmark_planning/fig2_ladder/v8/formation/s001_p070/formation/csv/main_ctrls.csv (44 points)
  → Saved 22 comm events to /home/tony-zhang/Research/landmark_planning/fig2_ladder/v8/formation/s001_p070/formation/csv/comm_events.csv

[formation] produced 1 solution(s) -> /home/tony-zhang/Research/landmark_planning/fig2_ladder/v8/formation/s001_p070/formation
