┌ Warning: Seed is feasible but not strictly interior (min_slack=9.99755817687742e-7, ε=0.001); the barrier is past its knee and steps will be small.
└ @ Main ~/projects/landmark_planning/planners/hexspline_cl.jl:1209
Landmark scenario: random — 2 landmarks, 2 obstacles, start (0.0, 0.0) → goal (900.0, 0.0)
Hex graph: 381 nodes (378 heading-states + 2 sensors + goal), radius=86.60254037844388m, directed_edges=954, grid=11x11, start_cell=(2, 5), goal_cell=(8, 5), start_heading=0
Conditional ε-bound: ε_sample=1.1925, w=1.0, ε_total=1.1925
  Bound form (conditional): L_returned ≤ (1+ε_total) L* with assumptions documented in comments.

── MULTI-AGENT PLANNING (Synchronized Kalman) ──

  Running joint discrete A* (threshold=8.7056)... (max_iters=1000000)
  Stops on the first feasible candidate under the threshold.
  ✓ Goal reachable from node 1 with distance 900.0

  [Constraint A*] Incumbent seed at iter 114: dist=900.0, unc=8.707 > 8.7056

  ✓ FEASIBLE SOLUTION at iter 120: dist=900.0, unc=8.7056
  [Constraint A*] Complete: 120 iterations, final_dist=900.0

✓ Multi-agent solution with synchronized Kalman fusion:
  Support agent 1: node=11, dist=900.0m, goal_unc=5.1571m
  Primary agent: node=205, dist=900.0m, goal_unc=8.7056m
  ├─ Communication: every 100.0m, sigmoid taper range=300.0m width=20.0m
  └─ All agents' uncertainties benefit from synchronized Kalman fusion at checkpoints

--- Final Results ---
Support agent 1 : [1, 175, 133, 79, 24, 17, 11]  dist=900.0  goal_unc=5.1571  ✓  (Kalman-fused)
Primary agent : [1, 175, 181, 187, 193, 199, 205]  dist=900.0  goal_unc=8.7056  threshold=8.70559533 ✓ met  (Kalman-fused)

=== Kalman Filtering Summary ===
All 2 agents performing synchronized Kalman filtering:
  • Dead-reckoning propagation: DIR=0.05/m, PERP=0.016666666666666666/m
  • Landmark fusion: Information filter (Joseph form) at every waypoint
  • SYNCHRONIZED inter-agent communication: every 100.0m of travel
  • Tapered sigmoid weighting: range=300.0m, width=20.0m (soft plateau + rolloff)
  • Bidirectional Kalman fusion: all agent pairs within range at each checkpoint
  • Measurement model: bearing-angle sensor with noise=0.038, ratio=2.2
  └─ Support agents: goal_unc=5.1571m (improved by inter-agent fusion)
  └─ Primary agent: goal_unc=8.7056m (direct path with landmark updates)
Converged at iteration : 120
Figure path-role mapping: supports = paths[1:1], primary = paths[2]
Discrete evaluation: prim_len=900.0, unc=8.7056
Fig 1 saved.

=== Continuous Spline Optimization (threshold=8.7056) ===
  Initial (discrete→spline): prim_len=900.0, unc=8.7056
  Barrier stage 1/15: μ=20.0
  → Converged at iter 1 (Δlen=5.0e-6)
  Barrier stage 2/15: μ=7.0
  → Converged at iter 2 (Δlen=1.3e-5)
  Barrier stage 3/15: μ=2.45
  → Converged at iter 3 (Δlen=1.7e-5)
  Barrier stage 4/15: μ=0.8575
  → Converged at iter 4 (Δlen=2.1e-5)
  Barrier stage 5/15: μ=0.3001
  [Spline barrier] line search stalled; stopping at stage 5
  Barrier stage 6/15: μ=0.105
  [Spline barrier] line search stalled; stopping at stage 6
  Barrier stage 7/15: μ=0.0368
  [Spline barrier] line search stalled; stopping at stage 7
  Barrier stage 8/15: μ=0.0129
  [Spline barrier] line search stalled; stopping at stage 8
  Barrier stage 9/15: μ=0.0045
  [Spline barrier] line search stalled; stopping at stage 9
  Barrier stage 10/15: μ=0.0016
  [Spline barrier] line search stalled; stopping at stage 10
  Barrier stage 11/15: μ=0.0006
  [Spline barrier] line search stalled; stopping at stage 11
  Barrier stage 12/15: μ=0.0002
  [Spline barrier] line search stalled; stopping at stage 12
  Barrier stage 13/15: μ=0.0001
  [Spline barrier] line search stalled; stopping at stage 13
  Barrier stage 14/15: μ=0.0
  [Spline barrier] line search stalled; stopping at stage 14
  Barrier stage 15/15: μ=0.0
  [Spline barrier] line search stalled; stopping at stage 15
  Final: prim_len=900.0, unc=8.7056, threshold=8.7056, status=seed_only, min_slack=1.0e-6
  Obstacle re-verification: mean path clears all obstacles ✓
Fig combined (main) saved: Discrete Len=900.0 → Continuous Len=900.0
Fig uncertainty profile (main) saved: /home/tonyzhang/projects/landmark_planning/constraint_sweep/ablation_2026-08-17/hexspline_cl/s019_p100/hexspline_cl/figures/main_unc_profile.png

[hexspline_cl] produced 1 solution(s) -> /home/tonyzhang/projects/landmark_planning/constraint_sweep/ablation_2026-08-17/hexspline_cl/s019_p100/hexspline_cl
