Landmark scenario: random — 4 landmarks, 2 obstacles, start (0.0, 0.0) → goal (600.0, 0.0)
Hex graph: 299 nodes (294 heading-states + 4 sensors + goal), radius=86.60254037844388m, directed_edges=726, grid=9x11, start_cell=(2, 5), goal_cell=(6, 5), start_heading=0

── GREEDY PLANNING ──
  Primary: shortest obstacle-clear route (single-agent A*, no uncertainty bound)

  [Constraint A*] Goal popped, unc OK, but its B-spline breaches an obstacle; discarded.

  [Constraint A*] Goal popped, unc OK, but its B-spline breaches an obstacle; discarded.

  [Constraint A*] Goal popped, unc OK, but its B-spline breaches an obstacle; discarded.

  [Constraint A*] Goal popped, unc OK, but its B-spline breaches an obstacle; discarded.

  ✓ FEASIBLE SOLUTION at iter 40: dist=900.0, unc=5.1636
  [Constraint A*] Single-agent complete: 40 iterations, final_dist=900.0
  Helpers: greedy placement, minimising the primary's uncertainty per step
  Support 1: dist=900.0m, goal_unc=4.4444m
  Primary  : dist=900.0m, goal_unc=4.6771m (threshold 5.163574435 ✓)

=== Continuous Spline Optimization (threshold=5.1636) ===
  Initial (discrete→spline): prim_len=854.736, unc=4.6771
  Barrier stage 1/15: μ=20.0
  [Spline barrier] line search stalled; stopping at stage 1
  Barrier stage 2/15: μ=7.0
  [Spline barrier] line search stalled; stopping at stage 2
  Barrier stage 3/15: μ=2.45
  Barrier stage 4/15: μ=0.8575
  Barrier stage 5/15: μ=0.3001
  Barrier stage 6/15: μ=0.105
  Barrier stage 7/15: μ=0.0368
  Barrier stage 8/15: μ=0.0129
  [Spline barrier] line search stalled; stopping at stage 8
  Barrier stage 9/15: μ=0.0045
  [Spline barrier] line search stalled; stopping at stage 9
  Barrier stage 10/15: μ=0.0016
  → Converged at iter 357 (Δlen=0.000742)
  Barrier stage 11/15: μ=0.0006
  → Converged at iter 394 (Δlen=0.000765)
  Barrier stage 12/15: μ=0.0002
  → Converged at iter 396 (Δlen=0.000182)
  Barrier stage 13/15: μ=0.0001
  → Converged at iter 397 (Δlen=0.00028)
  Barrier stage 14/15: μ=0.0
  → Converged at iter 398 (Δlen=0.000308)
  Barrier stage 15/15: μ=0.0
  → Converged at iter 399 (Δlen=0.000315)
  Final: prim_len=808.404, unc=4.4178, threshold=5.1636, status=optimized, min_slack=6.0e-6
  Obstacle re-verification: mean path clears all obstacles ✓
Fig combined (main) saved: Discrete Len=854.74 → Continuous Len=808.4
Fig uncertainty profile (main) saved: /home/tonyzhang/projects/landmark_planning/constraint_sweep/baseline_2026-08-17/greedy/s073_p100/greedy/figures/main_unc_profile.png

[greedy] produced 1 solution(s) -> /home/tonyzhang/projects/landmark_planning/constraint_sweep/baseline_2026-08-17/greedy/s073_p100/greedy
