┌ Warning: Seed is infeasible (min_slack=-2.410100195168525, ε=0.001); the barrier will try to recover it before shortening. Expected for the straight_cont ablation, and for a discrete seed that A* returned as its best incumbent after exhausting its budget.
└ @ Main ~/projects/landmark_planning/planners/hexspline_cl.jl:1215
Landmark scenario: random — 2 landmarks, 3 obstacles, start (0.0, 0.0) → goal (700.0, 0.0)
Hex graph: 723 nodes (720 heading-states + 2 sensors + goal), radius=57.73502691896258m, directed_edges=1908, grid=12x15, start_cell=(1, 7), goal_cell=(8, 7), start_heading=0

── GREEDY PLANNING ──
  Primary: shortest obstacle-clear route (single-agent A*, no uncertainty bound)

  [Constraint A*] Goal popped, unc OK, but its B-spline breaches an obstacle; discarded.

  [Constraint A*] Goal popped, unc OK, but its B-spline breaches an obstacle; discarded.

  [Constraint A*] Goal popped, unc OK, but its B-spline breaches an obstacle; discarded.

  [Constraint A*] Goal popped, unc OK, but its B-spline breaches an obstacle; discarded.

  [Constraint A*] Goal popped, unc OK, but its B-spline breaches an obstacle; discarded.

  [Constraint A*] Goal popped, unc OK, but its B-spline breaches an obstacle; discarded.

  [Constraint A*] Goal popped, unc OK, but its B-spline breaches an obstacle; discarded.

  [Constraint A*] Goal popped, unc OK, but its B-spline breaches an obstacle; discarded.

  [Constraint A*] Goal popped, unc OK, but its B-spline breaches an obstacle; discarded.

  [Constraint A*] Goal popped, unc OK, but its B-spline breaches an obstacle; discarded.

  [Constraint A*] Goal popped, unc OK, but its B-spline breaches an obstacle; discarded.

  [Constraint A*] Goal popped, unc OK, but its B-spline breaches an obstacle; discarded.

  [Constraint A*] Goal popped, unc OK, but its B-spline breaches an obstacle; discarded.

  [Constraint A*] Goal popped, unc OK, but its B-spline breaches an obstacle; discarded.

  [Constraint A*] Goal popped, unc OK, but its B-spline breaches an obstacle; discarded.

  [Constraint A*] Goal popped, unc OK, but its B-spline breaches an obstacle; discarded.

  [Constraint A*] Goal popped, unc OK, but its B-spline breaches an obstacle; discarded.

  [Constraint A*] Goal popped, unc OK, but its B-spline breaches an obstacle; discarded.

  [Constraint A*] Goal popped, unc OK, but its B-spline breaches an obstacle; discarded.

  [Constraint A*] Goal popped, unc OK, but its B-spline breaches an obstacle; discarded.

  [Constraint A*] Goal popped, unc OK, but its B-spline breaches an obstacle; discarded.

  [Constraint A*] Goal popped, unc OK, but its B-spline breaches an obstacle; discarded.

  [Constraint A*] Goal popped, unc OK, but its B-spline breaches an obstacle; discarded.

  [Constraint A*] Goal popped, unc OK, but its B-spline breaches an obstacle; discarded.

  [Constraint A*] Goal popped, unc OK, but its B-spline breaches an obstacle; discarded.

  [Constraint A*] Goal popped, unc OK, but its B-spline breaches an obstacle; discarded.

  [Constraint A*] Goal popped, unc OK, but its B-spline breaches an obstacle; discarded.

  [Constraint A*] Goal popped, unc OK, but its B-spline breaches an obstacle; discarded.

  [Constraint A*] Goal popped, unc OK, but its B-spline breaches an obstacle; discarded.

  [Constraint A*] Goal popped, unc OK, but its B-spline breaches an obstacle; discarded.

  [Constraint A*] Goal popped, unc OK, but its B-spline breaches an obstacle; discarded.

  [Constraint A*] Goal popped, unc OK, but its B-spline breaches an obstacle; discarded.

  [Constraint A*] Goal popped, unc OK, but its B-spline breaches an obstacle; discarded.

  [Constraint A*] Goal popped, unc OK, but its B-spline breaches an obstacle; discarded.

  [Constraint A*] Goal popped, unc OK, but its B-spline breaches an obstacle; discarded.

  [Constraint A*] Goal popped, unc OK, but its B-spline breaches an obstacle; discarded.

  [Constraint A*] Goal popped, unc OK, but its B-spline breaches an obstacle; discarded.

  [Constraint A*] Goal popped, unc OK, but its B-spline breaches an obstacle; discarded.

  [Constraint A*] Goal popped, unc OK, but its B-spline breaches an obstacle; discarded.

  [Constraint A*] Goal popped, unc OK, but its B-spline breaches an obstacle; discarded.

  [Constraint A*] Goal popped, unc OK, but its B-spline breaches an obstacle; discarded.

  [Constraint A*] Goal popped, unc OK, but its B-spline breaches an obstacle; discarded.

  [Constraint A*] Goal popped, unc OK, but its B-spline breaches an obstacle; discarded.

  [Constraint A*] Goal popped, unc OK, but its B-spline breaches an obstacle; discarded.

  [Constraint A*] Goal popped, unc OK, but its B-spline breaches an obstacle; discarded.

  [Constraint A*] Goal popped, unc OK, but its B-spline breaches an obstacle; discarded.

  [Constraint A*] Goal popped, unc OK, but its B-spline breaches an obstacle; discarded.

  ✓ FEASIBLE SOLUTION at iter 508: dist=1150.0, unc=5.9726
  [Constraint A*] Single-agent complete: 508 iterations, final_dist=1150.0
  Helpers: greedy placement, minimising the primary's uncertainty per step
  Support 1: dist=1150.0m, goal_unc=3.7292m
  Primary  : dist=1150.0m, goal_unc=5.2632m (threshold 5.673979581 ✓)

=== Continuous Spline Optimization (threshold=5.674) ===
  Initial (discrete→spline): prim_len=1083.969, unc=5.5518
  Barrier stage 1/15: μ=20.0
    → Recovered into the feasible set at iter 1 (min_slack=0.011302); feasible-only gate now armed
  → Converged at iter 60 (Δlen=0.000935)
  Barrier stage 2/15: μ=7.0
  → Converged at iter 62 (Δlen=0.000431)
  Barrier stage 3/15: μ=2.45
  → Converged at iter 63 (Δlen=0.000689)
  Barrier stage 4/15: μ=0.8575
  → Converged at iter 64 (Δlen=0.000805)
  Barrier stage 5/15: μ=0.3001
  → Converged at iter 65 (Δlen=0.000796)
  Barrier stage 6/15: μ=0.105
  → Converged at iter 66 (Δlen=0.000675)
  Barrier stage 7/15: μ=0.0368
  → Converged at iter 67 (Δlen=0.000453)
  Barrier stage 8/15: μ=0.0129
  → Converged at iter 68 (Δlen=0.000137)
  Barrier stage 9/15: μ=0.0045
  → Converged at iter 69 (Δlen=0.000263)
  Barrier stage 10/15: μ=0.0016
  → Converged at iter 70 (Δlen=0.000741)
  Barrier stage 11/15: μ=0.0006
  → Converged at iter 72 (Δlen=0.000615)
  Barrier stage 12/15: μ=0.0002
  → Converged at iter 74 (Δlen=0.00073)
  Barrier stage 13/15: μ=0.0001
  → Converged at iter 76 (Δlen=0.000828)
  Barrier stage 14/15: μ=0.0
  → Converged at iter 78 (Δlen=0.000912)
  Barrier stage 15/15: μ=0.0
  → Converged at iter 80 (Δlen=0.000983)
  Final: prim_len=1086.34, unc=5.3184, threshold=5.674, status=optimized, min_slack=0.011302
  Obstacle re-verification: mean path clears all obstacles ✓
Fig combined (main) saved: Discrete Len=1083.97 → Continuous Len=1086.34
Fig uncertainty profile (main) saved: /home/tonyzhang/projects/landmark_planning/constraint_sweep/sweep_2026-08-11/greedy/s051_p095/greedy/figures/main_unc_profile.png

[greedy] produced 1 solution(s) -> /home/tonyzhang/projects/landmark_planning/constraint_sweep/sweep_2026-08-11/greedy/s051_p095/greedy
