Landmark scenario: random — 4 landmarks, 5 obstacles, start (0.0, 0.0) → goal (800.0, 0.0)
Hex graph: 797 nodes (792 heading-states + 4 sensors + goal), radius=57.73502691896258m, directed_edges=2112, grid=13x15, start_cell=(1, 7), goal_cell=(9, 7), start_heading=0

── SEQUENTIAL PLANNING (2 agent(s), one at a time) ──
  Leg 1 — primary, 1 helper(s) parked at start (bound 15.921 = 2.0x the 7.960486654 threshold the shipped route is held to):

    ✓ feasible at iter 554: dist=1150.0, unc=9.4795
  Leg 2 — helper 1 vs the fixed primary trajectory (13 steps, beam 400):
    → helper 1 placed; primary goal_unc now 7.4344
  Leg 3 — primary re-planned against the committed helper paths:

    ✓ feasible at iter 608: dist=1186.603, unc=7.5517
    leg 1 route: len=1150.0, unc=7.4344 ✓  |  re-planned: len=1186.6, unc=7.5517 ✓  → keep leg 1
  Helper 1: dist=1150.0m, goal_unc=6.9897m
  Primary  : dist=1150.0m, goal_unc=7.4344m (threshold 7.960486654 ✓)

=== Continuous Spline Optimization (threshold=7.9605) ===
  Initial (discrete→spline): prim_len=1094.551, unc=7.5272
  Barrier stage 1/15: μ=20.0
  Barrier stage 2/15: μ=7.0
  → Converged at iter 106 (Δlen=7.0e-5)
  Barrier stage 3/15: μ=2.45
  Barrier stage 4/15: μ=0.8575
  Barrier stage 5/15: μ=0.3001
  Barrier stage 6/15: μ=0.105
  Barrier stage 7/15: μ=0.0368
  Barrier stage 8/15: μ=0.0129
  Barrier stage 9/15: μ=0.0045
  → Converged at iter 536 (Δlen=0.000269)
  Barrier stage 10/15: μ=0.0016
  → Converged at iter 543 (Δlen=0.000395)
  Barrier stage 11/15: μ=0.0006
  [Spline barrier] line search stalled; stopping at stage 11
  Barrier stage 12/15: μ=0.0002
  [Spline barrier] line search stalled; stopping at stage 12
  Barrier stage 13/15: μ=0.0001
  [Spline barrier] line search stalled; stopping at stage 13
  Barrier stage 14/15: μ=0.0
  [Spline barrier] line search stalled; stopping at stage 14
  Barrier stage 15/15: μ=0.0
  [Spline barrier] line search stalled; stopping at stage 15
  Final: prim_len=982.306, unc=7.9605, threshold=7.9605, status=optimized, min_slack=1.0e-6
  Obstacle re-verification: mean path clears all obstacles ✓
Fig combined (main) saved: Discrete Len=1094.55 → Continuous Len=982.31
Fig uncertainty profile (main) saved: /home/tonyzhang/projects/landmark_planning/constraint_sweep/sweep_2026-08-11/sequential/s085_p090/sequential/figures/main_unc_profile.png

[sequential] produced 1 solution(s) -> /home/tonyzhang/projects/landmark_planning/constraint_sweep/sweep_2026-08-11/sequential/s085_p090/sequential
