Landmark scenario: random — 3 landmarks, 3 obstacles, start (0.0, 0.0) → goal (800.0, 0.0)
Hex graph: 796 nodes (792 heading-states + 3 sensors + goal), radius=57.73502691896258m, directed_edges=2112, grid=13x15, start_cell=(1, 7), goal_cell=(9, 7), start_heading=0

── SEQUENTIAL PLANNING (2 agent(s), one at a time) ──
  Leg 1 — primary, 1 helper(s) parked at start (bound 15.6078 = 2.0x the 7.803897457 threshold the shipped route is held to):

    ✓ feasible at iter 812: dist=1150.0, unc=5.8427
  Leg 2 — helper 1 vs the fixed primary trajectory (13 steps, beam 400):
    → helper 1 placed; primary goal_unc now 3.2887
  Leg 3 — primary re-planned against the committed helper paths:
  [A*] iter 1000/500000 (0.2%)  left=499000  elapsed=0.0s   
    ✓ feasible at iter 1418: dist=1250.0, unc=3.9746
    leg 1 route: len=1150.0, unc=3.2887 ✓  |  re-planned: len=1250.0, unc=3.9746 ✓  → keep leg 1
  Helper 1: dist=1150.0m, goal_unc=2.6469m
  Primary  : dist=1150.0m, goal_unc=3.2887m (threshold 7.803897457 ✓)

=== Continuous Spline Optimization (threshold=7.8039) ===
  Initial (discrete→spline): prim_len=1104.412, unc=3.7108
  Barrier stage 1/15: μ=20.0
  Barrier stage 2/15: μ=7.0
  Barrier stage 3/15: μ=2.45
  → Converged at iter 169 (Δlen=0.000501)
  Barrier stage 4/15: μ=0.8575
  → Converged at iter 170 (Δlen=0.000785)
  Barrier stage 5/15: μ=0.3001
  Barrier stage 6/15: μ=0.105
  → Converged at iter 263 (Δlen=0.000569)
  Barrier stage 7/15: μ=0.0368
  Barrier stage 8/15: μ=0.0129
  [Spline barrier] line search stalled; stopping at stage 8
  Barrier stage 9/15: μ=0.0045
  [Spline barrier] line search stalled; stopping at stage 9
  Barrier stage 10/15: μ=0.0016
  Barrier stage 11/15: μ=0.0006
  → Converged at iter 511 (Δlen=0.000732)
  Barrier stage 12/15: μ=0.0002
  → Converged at iter 513 (Δlen=9.4e-5)
  Barrier stage 13/15: μ=0.0001
  [Spline barrier] line search stalled; stopping at stage 13
  Barrier stage 14/15: μ=0.0
  [Spline barrier] line search stalled; stopping at stage 14
  Barrier stage 15/15: μ=0.0
  [Spline barrier] line search stalled; stopping at stage 15
  Final: prim_len=972.427, unc=4.5062, threshold=7.8039, status=optimized, min_slack=1.7e-5
  Obstacle re-verification: mean path clears all obstacles ✓
Fig combined (main) saved: Discrete Len=1104.41 → Continuous Len=972.43
Fig uncertainty profile (main) saved: /home/tonyzhang/projects/landmark_planning/constraint_sweep/sweep_2026-08-11/sequential/s044_p090/sequential/figures/main_unc_profile.png

[sequential] produced 1 solution(s) -> /home/tonyzhang/projects/landmark_planning/constraint_sweep/sweep_2026-08-11/sequential/s044_p090/sequential
