Landmark scenario: random — 3 landmarks, 3 obstacles, start (0.0, 0.0) → goal (750.0, 0.0)
Hex graph: 340 nodes (336 heading-states + 3 sensors + goal), radius=86.60254037844388m, directed_edges=840, grid=10x11, start_cell=(2, 5), goal_cell=(7, 5), start_heading=0

── CL-GBT PLANNING (sampling-based joint tree, continuous R²) ──
  [CL-GBT] iter 200/200000  tree=167  elapsed=0.0s     [CL-GBT] iter 400/200000  tree=330  elapsed=0.0s     [CL-GBT] iter 600/200000  tree=500  elapsed=0.0s     [CL-GBT] iter 800/200000  tree=664  elapsed=0.0s     [CL-GBT] iter 1000/200000  tree=821  elapsed=0.0s     [CL-GBT] iter 1200/200000  tree=982  elapsed=0.0s     [CL-GBT] iter 1400/200000  tree=1143  elapsed=0.1s     [CL-GBT] iter 1600/200000  tree=1298  elapsed=0.2s     [CL-GBT] iter 1800/200000  tree=1443  elapsed=0.2s     [CL-GBT] iter 2000/200000  tree=1599  elapsed=0.2s     [CL-GBT] iter 2200/200000  tree=1749  elapsed=0.2s     [CL-GBT] iter 2400/200000  tree=1893  elapsed=0.2s     [CL-GBT] iter 2600/200000  tree=2042  elapsed=0.2s     [CL-GBT] iter 2800/200000  tree=2187  elapsed=0.2s     [CL-GBT] iter 3000/200000  tree=2333  elapsed=0.2s     [CL-GBT] iter 3200/200000  tree=2482  elapsed=0.3s     [CL-GBT] iter 3400/200000  tree=2627  elapsed=0.3s     [CL-GBT] iter 3600/200000  tree=2771  elapsed=0.3s     [CL-GBT] iter 3800/200000  tree=2919  elapsed=0.3s   ┌ Warning: Seed is feasible but not strictly interior (min_slack=1.0000906457141578e-9, ε=0.001); the barrier is past its knee and steps will be small.
└ @ Main ~/projects/landmark_planning/planners/hexspline_cl.jl:1209

  Support 1: dist=2100.0m, goal_unc=6.2309m
  Primary  : dist=2156.7m, goal_unc=6.6191m (threshold 7.000053073) — 3951 iterations, tree size 3029

=== Continuous Spline Optimization (threshold=7.0001) ===
  Initial (discrete→spline): prim_len=1956.207, unc=6.6191
  Barrier stage 1/15: μ=20.0
  Barrier stage 2/15: μ=7.0
  → Converged at iter 76 (Δlen=0.000287)
  Barrier stage 3/15: μ=2.45
  [Spline barrier] line search stalled; stopping at stage 3
  Barrier stage 4/15: μ=0.8575
  [Spline barrier] line search stalled; stopping at stage 4
  Barrier stage 5/15: μ=0.3001
  [Spline barrier] line search stalled; stopping at stage 5
  Barrier stage 6/15: μ=0.105
  [Spline barrier] line search stalled; stopping at stage 6
  Barrier stage 7/15: μ=0.0368
  [Spline barrier] line search stalled; stopping at stage 7
  Barrier stage 8/15: μ=0.0129
  [Spline barrier] line search stalled; stopping at stage 8
  Barrier stage 9/15: μ=0.0045
  [Spline barrier] line search stalled; stopping at stage 9
  Barrier stage 10/15: μ=0.0016
  [Spline barrier] line search stalled; stopping at stage 10
  Barrier stage 11/15: μ=0.0006
  [Spline barrier] line search stalled; stopping at stage 11
  Barrier stage 12/15: μ=0.0002
  [Spline barrier] line search stalled; stopping at stage 12
  Barrier stage 13/15: μ=0.0001
  [Spline barrier] line search stalled; stopping at stage 13
  Barrier stage 14/15: μ=0.0
  [Spline barrier] line search stalled; stopping at stage 14
  Barrier stage 15/15: μ=0.0
  [Spline barrier] line search stalled; stopping at stage 15
  Final: prim_len=1921.369, unc=6.5001, threshold=7.0001, status=optimized, min_slack=0.002512
  Obstacle re-verification: mean path clears all obstacles ✓
Fig combined (main) saved: Discrete Len=1956.21 → Continuous Len=1921.37
Fig uncertainty profile (main) saved: /home/tonyzhang/projects/landmark_planning/constraint_sweep/baseline_2026-08-17/clgbt/s030_p080/clgbt/figures/main_unc_profile.png

[clgbt] produced 1 solution(s) -> /home/tonyzhang/projects/landmark_planning/constraint_sweep/baseline_2026-08-17/clgbt/s030_p080/clgbt
