Landmark scenario: random — 4 landmarks, 1 obstacles, start (0.0, 0.0) → goal (750.0, 0.0)
Hex graph: 341 nodes (336 heading-states + 4 sensors + goal), radius=86.60254037844388m, directed_edges=840, grid=10x11, start_cell=(2, 5), goal_cell=(7, 5), start_heading=0
Conditional ε-bound: ε_sample=1.2309, w=1.0, ε_total=1.2309
  Bound form (conditional): L_returned ≤ (1+ε_total) L* with assumptions documented in comments.

── MULTI-AGENT PLANNING (Synchronized Kalman) ──

  Running joint discrete A* (threshold=6.4252)... (max_iters=1000000)
  Stops on the first feasible candidate under the threshold.
  ✓ Goal reachable from node 1 with distance 750.0

  ✓ FEASIBLE SOLUTION at iter 174: dist=900.0, unc=5.3175
  [Constraint A*] Complete: 174 iterations, final_dist=900.0

✓ Multi-agent solution with synchronized Kalman fusion:
  Support agent 1: node=221, dist=900.0m, goal_unc=3.598m
  Primary agent: node=186, dist=900.0m, goal_unc=5.3175m
  ├─ Communication: every 100.0m, sigmoid taper range=300.0m width=20.0m
  └─ All agents' uncertainties benefit from synchronized Kalman fusion at checkpoints

--- Final Results ---
Support agent 1 : [1, 206, 254, 308, 313, 270, 221]  dist=900.0  goal_unc=3.598  ✓  (Kalman-fused)
Primary agent : [1, 157, 212, 217, 223, 229, 186]  dist=900.0  goal_unc=5.3175  threshold=6.425187622 ✓ met  (Kalman-fused)

=== Kalman Filtering Summary ===
All 2 agents performing synchronized Kalman filtering:
  • Dead-reckoning propagation: DIR=0.05/m, PERP=0.016666666666666666/m
  • Landmark fusion: Information filter (Joseph form) at every waypoint
  • SYNCHRONIZED inter-agent communication: every 100.0m of travel
  • Tapered sigmoid weighting: range=300.0m, width=20.0m (soft plateau + rolloff)
  • Bidirectional Kalman fusion: all agent pairs within range at each checkpoint
  • Measurement model: bearing-angle sensor with noise=0.038, ratio=2.2
  └─ Support agents: goal_unc=3.598m (improved by inter-agent fusion)
  └─ Primary agent: goal_unc=5.3175m (direct path with landmark updates)
Converged at iteration : 174
Figure path-role mapping: supports = paths[1:1], primary = paths[2]
Discrete evaluation: prim_len=900.0, unc=5.3175
Fig 1 saved.

=== Continuous Spline Optimization (threshold=6.4252) ===
  Initial (discrete→spline): prim_len=835.952, unc=5.3175
  Barrier stage 1/15: μ=20.0
  → Converged at iter 30 (Δlen=0.000273)
  Barrier stage 2/15: μ=7.0
  → Converged at iter 31 (Δlen=0.000379)
  Barrier stage 3/15: μ=2.45
  → Converged at iter 32 (Δlen=0.000414)
  Barrier stage 4/15: μ=0.8575
  [Spline barrier] line search stalled; stopping at stage 4
  Barrier stage 5/15: μ=0.3001
  [Spline barrier] line search stalled; stopping at stage 5
  Barrier stage 6/15: μ=0.105
  Barrier stage 7/15: μ=0.0368
  Barrier stage 8/15: μ=0.0129
  Barrier stage 9/15: μ=0.0045
  → Converged at iter 299 (Δlen=0.000848)
  Barrier stage 10/15: μ=0.0016
  → Converged at iter 301 (Δlen=0.00044)
  Barrier stage 11/15: μ=0.0006
  → Converged at iter 306 (Δlen=0.000415)
  Barrier stage 12/15: μ=0.0002
  → Converged at iter 307 (Δlen=0.000621)
  Barrier stage 13/15: μ=0.0001
  → Converged at iter 308 (Δlen=0.000726)
  Barrier stage 14/15: μ=0.0
  → Converged at iter 309 (Δlen=0.000753)
  Barrier stage 15/15: μ=0.0
  [Spline barrier] line search stalled; stopping at stage 15
  Final: prim_len=813.143, unc=4.7105, threshold=6.4252, status=optimized, min_slack=4.0e-6
  Obstacle re-verification: mean path clears all obstacles ✓
Fig combined (main) saved: Discrete Len=835.95 → Continuous Len=813.14
Fig uncertainty profile (main) saved: /home/tonyzhang/projects/landmark_planning/constraint_sweep/baseline_2026-08-17/hexspline_cl/s007_p090/hexspline_cl/figures/main_unc_profile.png

[hexspline_cl] produced 1 solution(s) -> /home/tonyzhang/projects/landmark_planning/constraint_sweep/baseline_2026-08-17/hexspline_cl/s007_p090/hexspline_cl
