Landmark scenario: random — 4 landmarks, 4 obstacles, start (0.0, 0.0) → goal (600.0, 0.0)
Hex graph: 653 nodes (648 heading-states + 4 sensors + goal), radius=57.73502691896258m, directed_edges=1704, grid=11x15, start_cell=(1, 7), goal_cell=(7, 7), start_heading=0

── SEQUENTIAL PLANNING (2 agent(s), one at a time) ──
  Leg 1 — primary, 1 helper(s) parked at start (bound 10.0857 = 2.0x the 5.04283869 threshold the shipped route is held to):

    ✓ feasible at iter 132: dist=850.0, unc=5.3082
  Leg 2 — helper 1 vs the fixed primary trajectory (10 steps, beam 400):
    → helper 1 placed; primary goal_unc now 3.4544
  Leg 3 — primary re-planned against the committed helper paths:

    ✓ feasible at iter 115: dist=850.0, unc=3.4544
    leg 1 route: len=850.0, unc=3.4544 ✓  |  re-planned: len=850.0, unc=3.4544 ✓  → keep leg 1
  Helper 1: dist=850.0m, goal_unc=3.1139m
  Primary  : dist=850.0m, goal_unc=3.4544m (threshold 5.04283869 ✓)

=== Continuous Spline Optimization (threshold=5.0428) ===
  Initial (discrete→spline): prim_len=844.955, unc=3.8399
  Barrier stage 1/15: μ=20.0
  Barrier stage 2/15: μ=7.0
  → Converged at iter 85 (Δlen=0.00093)
  Barrier stage 3/15: μ=2.45
  → Converged at iter 87 (Δlen=0.000268)
  Barrier stage 4/15: μ=0.8575
  Barrier stage 5/15: μ=0.3001
  Barrier stage 6/15: μ=0.105
  Barrier stage 7/15: μ=0.0368
  → Converged at iter 307 (Δlen=0.000859)
  Barrier stage 8/15: μ=0.0129
  → Converged at iter 308 (Δlen=0.000969)
  Barrier stage 9/15: μ=0.0045
  [Spline barrier] line search stalled; stopping at stage 9
  Barrier stage 10/15: μ=0.0016
  [Spline barrier] line search stalled; stopping at stage 10
  Barrier stage 11/15: μ=0.0006
  [Spline barrier] line search stalled; stopping at stage 11
  Barrier stage 12/15: μ=0.0002
  [Spline barrier] line search stalled; stopping at stage 12
  Barrier stage 13/15: μ=0.0001
  [Spline barrier] line search stalled; stopping at stage 13
  Barrier stage 14/15: μ=0.0
  [Spline barrier] line search stalled; stopping at stage 14
  Barrier stage 15/15: μ=0.0
  [Spline barrier] line search stalled; stopping at stage 15
  Final: prim_len=802.684, unc=4.5366, threshold=5.0428, status=optimized, min_slack=0.0
  Obstacle re-verification: mean path clears all obstacles ✓
Fig combined (main) saved: Discrete Len=844.96 → Continuous Len=802.68
Fig uncertainty profile (main) saved: /home/tonyzhang/projects/landmark_planning/constraint_sweep/sweep_2026-08-11/sequential/s033_p095/sequential/figures/main_unc_profile.png

[sequential] produced 1 solution(s) -> /home/tonyzhang/projects/landmark_planning/constraint_sweep/sweep_2026-08-11/sequential/s033_p095/sequential
