Landmark scenario: random — 2 landmarks, 4 obstacles, start (0.0, 0.0) → goal (800.0, 0.0)
Hex graph: 795 nodes (792 heading-states + 2 sensors + goal), radius=57.73502691896258m, directed_edges=2112, grid=13x15, start_cell=(1, 7), goal_cell=(9, 7), start_heading=0

── FORMATION PLANNING ──
  Primary: single-agent hexspline A* (threshold 5.426663604); supports added afterwards.

  ✓ FEASIBLE SOLUTION at iter 570: dist=1250.0, unc=5.4267
  [Constraint A*] Single-agent complete: 570 iterations, final_dist=1250.0
  One support: trying both lateral slots (+1 = 60° left, -1 = 60° right).
  Slot [1]: unc=4.5425 ✓
  Slot [-1]: unc=5.4461 ✗
  → Chose slot [1]
  Support 1 (slot 1): dist=1250.0m, goal_unc=4.5296m, arc drift vs primary=0.0m
  Primary : dist=1250.0m, goal_unc=4.5425m (threshold 5.426663604 ✓)

=== Continuous Spline Optimization (threshold=5.4267) ===
  Initial (discrete→spline): prim_len=1217.673, unc=4.9476
  Barrier stage 1/15: μ=20.0
  Barrier stage 2/15: μ=7.0
  Barrier stage 3/15: μ=2.45
  Barrier stage 4/15: μ=0.8575
  Barrier stage 5/15: μ=0.3001
  Barrier stage 6/15: μ=0.105
  Barrier stage 7/15: μ=0.0368
  Barrier stage 8/15: μ=0.0129
  → Converged at iter 475 (Δlen=0.000474)
  Barrier stage 9/15: μ=0.0045
  [Spline barrier] line search stalled; stopping at stage 9
  Barrier stage 10/15: μ=0.0016
  [Spline barrier] line search stalled; stopping at stage 10
  Barrier stage 11/15: μ=0.0006
  [Spline barrier] line search stalled; stopping at stage 11
  Barrier stage 12/15: μ=0.0002
  [Spline barrier] line search stalled; stopping at stage 12
  Barrier stage 13/15: μ=0.0001
  [Spline barrier] line search stalled; stopping at stage 13
  Barrier stage 14/15: μ=0.0
  [Spline barrier] line search stalled; stopping at stage 14
  Barrier stage 15/15: μ=0.0
  [Spline barrier] line search stalled; stopping at stage 15
  Final: prim_len=1006.703, unc=5.4267, threshold=5.4267, status=optimized, min_slack=1.0e-6
  Obstacle re-verification: mean path clears all obstacles ✓
Fig combined (main) saved: Discrete Len=1217.67 → Continuous Len=1006.7
Fig uncertainty profile (main) saved: /home/tonyzhang/projects/landmark_planning/constraint_sweep/sweep_2026-08-11/formation/s019_p100/formation/figures/main_unc_profile.png

[formation] produced 1 solution(s) -> /home/tonyzhang/projects/landmark_planning/constraint_sweep/sweep_2026-08-11/formation/s019_p100/formation
