┌ Warning: Seed is infeasible (min_slack=-5.376235716827854, ε=0.001); the barrier will try to recover it before shortening. Expected for the straight_cont ablation, and for a discrete seed that A* returned as its best incumbent after exhausting its budget.
└ @ Main ~/projects/landmark_planning/planners/hexspline_cl.jl:1215
Landmark scenario: random — 4 landmarks, 5 obstacles, start (0.0, 0.0) → goal (600.0, 0.0)
Hex graph: 653 nodes (648 heading-states + 4 sensors + goal), radius=57.73502691896258m, directed_edges=1704, grid=11x15, start_cell=(1, 7), goal_cell=(7, 7), start_heading=0

── FORMATION PLANNING ──
  Primary: single-agent hexspline A* (threshold 4.743620221); supports added afterwards.

  [Constraint A*] Incumbent seed at iter 11: dist=650.0, unc=5.5807 > 4.7436

  ✓ FEASIBLE SOLUTION at iter 30: dist=750.0, unc=4.0477
  [Constraint A*] Single-agent complete: 30 iterations, final_dist=750.0
  One support: trying both lateral slots (+1 = 60° left, -1 = 60° right).
  Slot [1]: unc=4.0477 ✓
  Slot [-1]: unc=3.0763 ✓
  → Chose slot [-1]
  Support 1 (slot -1): dist=750.0m, goal_unc=2.7929m, arc drift vs primary=0.0m
  Primary : dist=750.0m, goal_unc=3.0763m (threshold 4.743620221 ✓)

=== Continuous Spline Optimization (threshold=4.7436) ===
  Initial (discrete→spline): prim_len=739.049, unc=3.5906
  Barrier stage 1/15: μ=20.0
    → Recovered into the feasible set at iter 8 (min_slack=0.011706); feasible-only gate now armed
  Barrier stage 2/15: μ=7.0
  Barrier stage 3/15: μ=2.45
  Barrier stage 4/15: μ=0.8575
  Barrier stage 5/15: μ=0.3001
  Barrier stage 6/15: μ=0.105
  Barrier stage 7/15: μ=0.0368
  Barrier stage 8/15: μ=0.0129
  Barrier stage 9/15: μ=0.0045
  → Converged at iter 564 (Δlen=0.000601)
  Barrier stage 10/15: μ=0.0016
  → Converged at iter 565 (Δlen=0.000902)
  Barrier stage 11/15: μ=0.0006
  → Converged at iter 567 (Δlen=1.9e-5)
  Barrier stage 12/15: μ=0.0002
  [Spline barrier] line search stalled; stopping at stage 12
  Barrier stage 13/15: μ=0.0001
  [Spline barrier] line search stalled; stopping at stage 13
  Barrier stage 14/15: μ=0.0
  [Spline barrier] line search stalled; stopping at stage 14
  Barrier stage 15/15: μ=0.0
  [Spline barrier] line search stalled; stopping at stage 15
  Final: prim_len=624.605, unc=4.4773, threshold=4.7436, status=optimized, min_slack=0.0
  Obstacle re-verification: mean path clears all obstacles ✓
Fig combined (main) saved: Discrete Len=739.05 → Continuous Len=624.6
Fig uncertainty profile (main) saved: /home/tonyzhang/projects/landmark_planning/constraint_sweep/sweep_2026-08-11/formation/s027_p085/formation/figures/main_unc_profile.png

[formation] produced 1 solution(s) -> /home/tonyzhang/projects/landmark_planning/constraint_sweep/sweep_2026-08-11/formation/s027_p085/formation
