┌ Warning: Seed is infeasible (min_slack=-0.12412475574929172, ε=0.001); the barrier will try to recover it before shortening. Expected for the straight_cont ablation, and for a discrete seed that A* returned as its best incumbent after exhausting its budget.
└ @ Main ~/projects/landmark_planning/planners/hexspline_cl.jl:1215
Landmark scenario: random — 4 landmarks, 4 obstacles, start (0.0, 0.0) → goal (600.0, 0.0)
Hex graph: 653 nodes (648 heading-states + 4 sensors + goal), radius=57.73502691896258m, directed_edges=1704, grid=11x15, start_cell=(1, 7), goal_cell=(7, 7), start_heading=0

── SEQUENTIAL PLANNING (2 agent(s), one at a time) ──
  Leg 1 — primary, 1 helper(s) parked at start (bound 7.4316 = 2.0x the 3.715775877 threshold the shipped route is held to):

    ✓ feasible at iter 132: dist=850.0, unc=5.3082
  Leg 2 — helper 1 vs the fixed primary trajectory (10 steps, beam 400):
    → helper 1 placed; primary goal_unc now 3.4544
  Leg 3 — primary re-planned against the committed helper paths:

    ✓ feasible at iter 115: dist=850.0, unc=3.4544
    leg 1 route: len=850.0, unc=3.4544 ✓  |  re-planned: len=850.0, unc=3.4544 ✓  → keep leg 1
  Helper 1: dist=850.0m, goal_unc=3.1139m
  Primary  : dist=850.0m, goal_unc=3.4544m (threshold 3.715775877 ✓)

=== Continuous Spline Optimization (threshold=3.7158) ===
  Initial (discrete→spline): prim_len=844.955, unc=3.8399
  Barrier stage 1/15: μ=20.0
    → Recovered into the feasible set at iter 3 (min_slack=0.006663); feasible-only gate now armed
  Barrier stage 2/15: μ=7.0
  → Converged at iter 97 (Δlen=0.000737)
  Barrier stage 3/15: μ=2.45
  → Converged at iter 98 (Δlen=0.000566)
  Barrier stage 4/15: μ=0.8575
  → Converged at iter 99 (Δlen=0.000358)
  Barrier stage 5/15: μ=0.3001
  → Converged at iter 100 (Δlen=0.000172)
  Barrier stage 6/15: μ=0.105
  → Converged at iter 101 (Δlen=9.3e-5)
  Barrier stage 7/15: μ=0.0368
  Barrier stage 8/15: μ=0.0129
  [Spline barrier] line search stalled; stopping at stage 8
  Barrier stage 9/15: μ=0.0045
  [Spline barrier] line search stalled; stopping at stage 9
  Barrier stage 10/15: μ=0.0016
  → Converged at iter 238 (Δlen=0.000664)
  Barrier stage 11/15: μ=0.0006
  → Converged at iter 240 (Δlen=0.000153)
  Barrier stage 12/15: μ=0.0002
  → Converged at iter 241 (Δlen=0.00023)
  Barrier stage 13/15: μ=0.0001
  [Spline barrier] line search stalled; stopping at stage 13
  Barrier stage 14/15: μ=0.0
  [Spline barrier] line search stalled; stopping at stage 14
  Barrier stage 15/15: μ=0.0
  [Spline barrier] line search stalled; stopping at stage 15
  Final: prim_len=839.63, unc=3.5894, threshold=3.7158, status=optimized, min_slack=0.00971
  Obstacle re-verification: mean path clears all obstacles ✓
Fig combined (main) saved: Discrete Len=844.96 → Continuous Len=839.63
Fig uncertainty profile (main) saved: /home/tonyzhang/projects/landmark_planning/constraint_sweep/sweep_2026-08-11/sequential/s033_p070/sequential/figures/main_unc_profile.png

[sequential] produced 1 solution(s) -> /home/tonyzhang/projects/landmark_planning/constraint_sweep/sweep_2026-08-11/sequential/s033_p070/sequential
