┌ Warning: Seed is infeasible (min_slack=-0.38195941676026135, ε=0.001); the barrier will try to recover it before shortening. Expected for the straight_cont ablation, and for a discrete seed that A* returned as its best incumbent after exhausting its budget.
└ @ Main ~/projects/landmark_planning/planners/hexspline_cl.jl:1207
Landmark scenario: random — 3 landmarks, 3 obstacles, start (0.0, 0.0) → goal (750.0, 0.0)
Hex graph: 340 nodes (336 heading-states + 3 sensors + goal), radius=86.60254037844388m, directed_edges=840, grid=10x11, start_cell=(2, 5), goal_cell=(7, 5), start_heading=0

── CL-GBT PLANNING (sampling-based joint tree, continuous R²) ──

  Support 1: dist=1500.0m, goal_unc=1.2837m
  Primary  : dist=1620.6m, goal_unc=2.2211m (threshold 3.565312406) — 133 iterations, tree size 102

=== Continuous Spline Optimization (threshold=3.5653) ===
  Initial (discrete→spline): prim_len=1326.528, unc=1.8598
  Barrier stage 1/15: μ=20.0
  Barrier stage 2/15: μ=20.0
  [Spline barrier] line search stalled; stopping at stage 2
  Barrier stage 3/15: μ=20.0
  [Spline barrier] line search stalled; stopping at stage 3
  Barrier stage 4/15: μ=20.0
  [Spline barrier] line search stalled; stopping at stage 4
  Barrier stage 5/15: μ=20.0
  [Spline barrier] line search stalled; stopping at stage 5
  Barrier stage 6/15: μ=20.0
  [Spline barrier] line search stalled; stopping at stage 6
  Barrier stage 7/15: μ=20.0
  [Spline barrier] line search stalled; stopping at stage 7
  Barrier stage 8/15: μ=20.0
  [Spline barrier] line search stalled; stopping at stage 8
  Barrier stage 9/15: μ=20.0
    → Recovered into the feasible set at iter 82 (min_slack=2.2e-5); feasible-only gate now armed
  → Converged at iter 100 (Δlen=0.000813)
  Barrier stage 10/15: μ=7.0
  → Converged at iter 102 (Δlen=0.000164)
  Barrier stage 11/15: μ=2.45
  → Converged at iter 103 (Δlen=0.000307)
  Barrier stage 12/15: μ=0.8575
  [Spline barrier] line search stalled; stopping at stage 12
  Barrier stage 13/15: μ=0.3001
  [Spline barrier] line search stalled; stopping at stage 13
  Barrier stage 14/15: μ=0.105
  [Spline barrier] line search stalled; stopping at stage 14
  Barrier stage 15/15: μ=0.0368
  [Spline barrier] line search stalled; stopping at stage 15
  Final: prim_len=1344.72, unc=2.2072, threshold=3.5653, status=optimized, min_slack=2.2e-5
  Obstacle re-verification: mean path clears all obstacles ✓
Fig combined (main) saved: Discrete Len=1326.53 → Continuous Len=1344.72
Fig uncertainty profile (main) saved: /home/tonyzhang/projects/landmark_planning/constraint_sweep/baseline_2026-08-17/clgbt/s069_p070/clgbt/figures/main_unc_profile.png

[clgbt] produced 1 solution(s) -> /home/tonyzhang/projects/landmark_planning/constraint_sweep/baseline_2026-08-17/clgbt/s069_p070/clgbt
