Landmark scenario: random — 3 landmarks, 4 obstacles, start (0.0, 0.0) → goal (800.0, 0.0)
Hex graph: 796 nodes (792 heading-states + 3 sensors + goal), radius=57.73502691896258m, directed_edges=2112, grid=13x15, start_cell=(1, 7), goal_cell=(9, 7), start_heading=0

── SEQUENTIAL PLANNING (2 agent(s), one at a time) ──
  Leg 1 — primary, 1 helper(s) parked at start (bound 11.5359 = 2.0x the 5.767965015 threshold the shipped route is held to):

    ✓ feasible at iter 168: dist=950.0, unc=6.785
  Leg 2 — helper 1 vs the fixed primary trajectory (11 steps, beam 400):
    → helper 1 placed; primary goal_unc now 4.7749
  Leg 3 — primary re-planned against the committed helper paths:

    ✓ feasible at iter 134: dist=950.0, unc=4.7749
    leg 1 route: len=950.0, unc=4.7749 ✓  |  re-planned: len=950.0, unc=4.7749 ✓  → keep leg 1
  Helper 1: dist=950.0m, goal_unc=3.7862m
  Primary  : dist=950.0m, goal_unc=4.7749m (threshold 5.767965015 ✓)

=== Continuous Spline Optimization (threshold=5.768) ===
  Initial (discrete→spline): prim_len=946.268, unc=5.4533
  Barrier stage 1/15: μ=20.0
  Barrier stage 2/15: μ=7.0
  → Converged at iter 80 (Δlen=0.000714)
  Barrier stage 3/15: μ=2.45
  Barrier stage 4/15: μ=0.8575
  Barrier stage 5/15: μ=0.3001
  → Converged at iter 221 (Δlen=0.000578)
  Barrier stage 6/15: μ=0.105
  Barrier stage 7/15: μ=0.0368
  Barrier stage 8/15: μ=0.0129
  Barrier stage 9/15: μ=0.0045
  Barrier stage 10/15: μ=0.0016
  → Converged at iter 522 (Δlen=0.000535)
  Barrier stage 11/15: μ=0.0006
  → Converged at iter 533 (Δlen=6.0e-5)
  Barrier stage 12/15: μ=0.0002
  [Spline barrier] line search stalled; stopping at stage 12
  Barrier stage 13/15: μ=0.0001
  [Spline barrier] line search stalled; stopping at stage 13
  Barrier stage 14/15: μ=0.0
  [Spline barrier] line search stalled; stopping at stage 14
  Barrier stage 15/15: μ=0.0
  [Spline barrier] line search stalled; stopping at stage 15
  Final: prim_len=845.97, unc=5.7231, threshold=5.768, status=optimized, min_slack=1.6e-5
  Obstacle re-verification: mean path clears all obstacles ✓
Fig combined (main) saved: Discrete Len=946.27 → Continuous Len=845.97
Fig uncertainty profile (main) saved: /home/tonyzhang/projects/landmark_planning/constraint_sweep/sweep_2026-08-11/sequential/s099_p085/sequential/figures/main_unc_profile.png

[sequential] produced 1 solution(s) -> /home/tonyzhang/projects/landmark_planning/constraint_sweep/sweep_2026-08-11/sequential/s099_p085/sequential
