Landmark scenario: random — 2 landmarks, 5 obstacles, start (0.0, 0.0) → goal (600.0, 0.0)
Hex graph: 651 nodes (648 heading-states + 2 sensors + goal), radius=57.73502691896258m, directed_edges=1704, grid=11x15, start_cell=(1, 7), goal_cell=(7, 7), start_heading=0

── SEQUENTIAL PLANNING (2 agent(s), one at a time) ──
  Leg 1 — primary, 1 helper(s) parked at start (bound 9.9813 = 2.0x the 4.990660032 threshold the shipped route is held to):

    ✓ feasible at iter 88: dist=850.0, unc=4.9905
  Leg 2 — helper 1 vs the fixed primary trajectory (10 steps, beam 400):
    → helper 1 placed; primary goal_unc now 3.7759
  Leg 3 — primary re-planned against the committed helper paths:

    ✓ feasible at iter 81: dist=850.0, unc=3.7759
    leg 1 route: len=850.0, unc=3.7759 ✓  |  re-planned: len=850.0, unc=3.7759 ✓  → keep leg 1
  Helper 1: dist=850.0m, goal_unc=3.4753m
  Primary  : dist=850.0m, goal_unc=3.7759m (threshold 4.990660032 ✓)

=== Continuous Spline Optimization (threshold=4.9907) ===
  Initial (discrete→spline): prim_len=844.955, unc=4.1266
  Barrier stage 1/15: μ=20.0
  Barrier stage 2/15: μ=7.0
  Barrier stage 3/15: μ=2.45
  → Converged at iter 147 (Δlen=0.000695)
  Barrier stage 4/15: μ=0.8575
  → Converged at iter 149 (Δlen=0.000219)
  Barrier stage 5/15: μ=0.3001
  Barrier stage 6/15: μ=0.105
  Barrier stage 7/15: μ=0.0368
  → Converged at iter 299 (Δlen=0.000515)
  Barrier stage 8/15: μ=0.0129
  → Converged at iter 300 (Δlen=0.000777)
  Barrier stage 9/15: μ=0.0045
  [Spline barrier] line search stalled; stopping at stage 9
  Barrier stage 10/15: μ=0.0016
  [Spline barrier] line search stalled; stopping at stage 10
  Barrier stage 11/15: μ=0.0006
  [Spline barrier] line search stalled; stopping at stage 11
  Barrier stage 12/15: μ=0.0002
  [Spline barrier] line search stalled; stopping at stage 12
  Barrier stage 13/15: μ=0.0001
  [Spline barrier] line search stalled; stopping at stage 13
  Barrier stage 14/15: μ=0.0
  [Spline barrier] line search stalled; stopping at stage 14
  Barrier stage 15/15: μ=0.0
  [Spline barrier] line search stalled; stopping at stage 15
  Final: prim_len=845.382, unc=4.1268, threshold=4.9907, status=optimized, min_slack=0.01157
  Obstacle re-verification: mean path clears all obstacles ✓
Fig combined (main) saved: Discrete Len=844.96 → Continuous Len=845.38
Fig uncertainty profile (main) saved: /home/tonyzhang/projects/landmark_planning/constraint_sweep/sweep_2026-08-11/sequential/s053_p100/sequential/figures/main_unc_profile.png

[sequential] produced 1 solution(s) -> /home/tonyzhang/projects/landmark_planning/constraint_sweep/sweep_2026-08-11/sequential/s053_p100/sequential
