Landmark scenario: random — 3 landmarks, 3 obstacles, start (0.0, 0.0) → goal (800.0, 0.0)
Hex graph: 796 nodes (792 heading-states + 3 sensors + goal), radius=57.73502691896258m, directed_edges=2112, grid=13x15, start_cell=(1, 7), goal_cell=(9, 7), start_heading=0
Conditional ε-bound: ε_sample=1.1443, w=1.0, ε_total=1.1443
  Bound form (conditional): L_returned ≤ (1+ε_total) L* with assumptions documented in comments.

── MULTI-AGENT PLANNING (Synchronized Kalman) ──

  Running joint discrete A* (threshold=6.4264)... (max_iters=500000)
  Stops on the first feasible candidate under the threshold.
  ✓ Goal reachable from node 1 with distance 800.0

  [Constraint A*] Incumbent seed at iter 801: dist=850.0, unc=6.6287 > 6.4264

  [Constraint A*] Incumbent seed at iter 822: dist=850.0, unc=6.4832 > 6.4264

  [Constraint A*] Incumbent seed at iter 823: dist=850.0, unc=6.4719 > 6.4264
  [A*] iter 1000/500000 (0.2%)  left=499000  elapsed=2.4s   ┌ Warning: Seed is infeasible (min_slack=-0.12098428043534604, ε=0.001); the barrier will try to recover it before shortening. Expected for the straight_cont ablation, and for a discrete seed that A* returned as its best incumbent after exhausting its budget.
└ @ Main ~/projects/landmark_planning/planners/hexspline_cl.jl:1215

  ✓ FEASIBLE SOLUTION at iter 1070: dist=850.0, unc=6.1879
  [Constraint A*] Complete: 1070 iterations, final_dist=850.0

✓ Multi-agent solution with synchronized Kalman fusion:
  Support agent 1: node=444, dist=850.0m, goal_unc=6.5017m
  Primary agent: node=445, dist=850.0m, goal_unc=6.1879m
  ├─ Communication: every 100.0m, sigmoid taper range=200.0m width=20.0m
  └─ All agents' uncertainties benefit from synchronized Kalman fusion at checkpoints

--- Final Results ---
Support agent 1 : [1, 403, 409, 482, 487, 554, 559, 504, 505, 444]  dist=850.0  goal_unc=6.5017  ✗  (Kalman-fused)
Primary agent : [1, 403, 476, 481, 420, 421, 427, 433, 439, 445]  dist=850.0  goal_unc=6.1879  threshold=6.426422266 ✓ met  (Kalman-fused)

=== Kalman Filtering Summary ===
All 2 agents performing synchronized Kalman filtering:
  • Dead-reckoning propagation: DIR=0.05/m, PERP=0.016666666666666666/m
  • Landmark fusion: Information filter (Joseph form) at every waypoint
  • SYNCHRONIZED inter-agent communication: every 100.0m of travel
  • Tapered sigmoid weighting: range=200.0m, width=20.0m (soft plateau + rolloff)
  • Bidirectional Kalman fusion: all agent pairs within range at each checkpoint
  • Measurement model: bearing-angle sensor with noise=0.038, ratio=2.2
  └─ Support agents: goal_unc=6.5017m (improved by inter-agent fusion)
  └─ Primary agent: goal_unc=6.1879m (direct path with landmark updates)
Converged at iteration : 1070
Figure path-role mapping: supports = paths[1:1], primary = paths[2]
Discrete evaluation: prim_len=850.0, unc=6.1879
Fig 1 saved.

=== Continuous Spline Optimization (threshold=6.4264) ===
  Initial (discrete→spline): prim_len=851.093, unc=6.5474
  Barrier stage 1/15: μ=20.0
    → Recovered into the feasible set at iter 3 (min_slack=0.01056); feasible-only gate now armed
  Barrier stage 2/15: μ=7.0
  Barrier stage 3/15: μ=2.45
  Barrier stage 4/15: μ=0.8575
  Barrier stage 5/15: μ=0.3001
  Barrier stage 6/15: μ=0.105
  Barrier stage 7/15: μ=0.0368
  Barrier stage 8/15: μ=0.0129
  Barrier stage 9/15: μ=0.0045
  Barrier stage 10/15: μ=0.0016
  Barrier stage 11/15: μ=0.0006
  Barrier stage 12/15: μ=0.0002
  Barrier stage 13/15: μ=0.0001
  Barrier stage 14/15: μ=0.0
  Barrier stage 15/15: μ=0.0
  Final: prim_len=819.138, unc=5.7957, threshold=6.4264, status=optimized, min_slack=0.008844
  Obstacle re-verification: mean path clears all obstacles ✓
Fig combined (main) saved: Discrete Len=851.09 → Continuous Len=819.14
Fig uncertainty profile (main) saved: /home/tonyzhang/projects/landmark_planning/constraint_sweep/sweep_2026-08-11/hexspline_cl/s095_p065/hexspline_cl/figures/main_unc_profile.png

[hexspline_cl] produced 1 solution(s) -> /home/tonyzhang/projects/landmark_planning/constraint_sweep/sweep_2026-08-11/hexspline_cl/s095_p065/hexspline_cl
