Landmark scenario: ladder_shapes — 3 landmarks, 13 obstacles, start (0.0, 0.0) → goal (1700.0, 173.20508075688772)
  → Saved 3 landmarks to /home/tony-zhang/Research/landmark_planning/fig2_ladder/shapes_v14/formation/s001_p050/scenario_landmarks.csv
  → Saved 13 obstacles to /home/tony-zhang/Research/landmark_planning/fig2_ladder/shapes_v14/formation/s001_p050/scenario_obstacles.csv
Hex graph: 844 nodes (840 heading-states + 3 sensors + goal), radius=57.73502691896258m, directed_edges=2208, grid=22x15, start_cell=(2, 7), goal_cell=(19, 9), start_heading=0

── FORMATION PLANNING ──
  Primary: own A* (formation_primary_astar); a goal candidate is accepted on the primary's uncertainty WITH its supports attached (threshold 6.874751541).
  One support: both lateral slots (+1 = 60° left, -1 = 60° right) tried per candidate.
  [A*] iter 1000/1000000 (0.1%)  left=999000  elapsed=0.1s     [A*] iter 2000/1000000 (0.2%)  left=998000  elapsed=0.1s     [A*] iter 3000/1000000 (0.3%)  left=997000  elapsed=0.1s     [A*] iter 4000/1000000 (0.4%)  left=996000  elapsed=0.1s     [A*] iter 5000/1000000 (0.5%)  left=995000  elapsed=0.1s   ┌ Warning: Seed is infeasible (min_slack=-96.75700679872148, ε=0.001); the barrier will try to recover it before shortening. Expected for the straight_cont ablation, and for a discrete seed that A* returned as its best incumbent after exhausting its budget.
└ @ Main ~/Research/landmark_planning/planners/hexspline_cl.jl:1207

    nothing cleared the escorted bound; handing the best attempt to the barrier: unc=5.2882 (slot [-1]) [breaches the spline gate]
  → Chose slot [-1]
  Support 1 (slot -1): dist=2300.0m, goal_unc=5.2882m, arc drift vs primary=0.0m
  Primary : dist=2300.0m, goal_unc=5.2882m (threshold 6.874751541 ✓)

=== Continuous Spline Optimization (threshold=6.8748) ===
  Initial (discrete→spline): prim_len=2172.38, unc=5.2882
  Barrier stage 1/15: μ=20.0
  [Spline barrier] line search stalled; stopping at stage 1
  Barrier stage 2/15: μ=20.0
  [Spline barrier] line search stalled; stopping at stage 2
  Barrier stage 3/15: μ=20.0
  [Spline barrier] line search stalled; stopping at stage 3
  Barrier stage 4/15: μ=20.0
  [Spline barrier] line search stalled; stopping at stage 4
  Barrier stage 5/15: μ=20.0
  [Spline barrier] line search stalled; stopping at stage 5
  Barrier stage 6/15: μ=20.0
  [Spline barrier] line search stalled; stopping at stage 6
  Barrier stage 7/15: μ=20.0
  [Spline barrier] line search stalled; stopping at stage 7
  Barrier stage 8/15: μ=20.0
  [Spline barrier] line search stalled; stopping at stage 8
  Barrier stage 9/15: μ=20.0
  [Spline barrier] line search stalled; stopping at stage 9
  Barrier stage 10/15: μ=20.0
  [Spline barrier] line search stalled; stopping at stage 10
  Barrier stage 11/15: μ=20.0
  [Spline barrier] line search stalled; stopping at stage 11
  Barrier stage 12/15: μ=20.0
  [Spline barrier] line search stalled; stopping at stage 12
  Barrier stage 13/15: μ=20.0
  [Spline barrier] line search stalled; stopping at stage 13
  Barrier stage 14/15: μ=20.0
  [Spline barrier] line search stalled; stopping at stage 14
  Barrier stage 15/15: μ=20.0
  [Spline barrier] line search stalled; stopping at stage 15
  Final: prim_len=2172.38, unc=5.2882, threshold=6.8748, status=recovery_failed, min_slack=-96.757007
  ⚠ Obstacle re-verification: 3 real obstacle collision(s):
      agent 1 obstacle 3  depth=65.172 m
      agent 1 obstacle 6  depth=26.6076 m
      agent 1 obstacle 10  depth=26.6076 m
Fig combined (main) saved: Discrete Len=2172.38 → Continuous Len=2172.38
Fig uncertainty profile (main) saved: /home/tony-zhang/Research/landmark_planning/fig2_ladder/shapes_v14/formation/s001_p050/formation/figures/main_unc_profile.png
  → Saved control points to /home/tony-zhang/Research/landmark_planning/fig2_ladder/shapes_v14/formation/s001_p050/formation/csv/main_ctrls.csv (48 points)
  → Saved 24 comm events to /home/tony-zhang/Research/landmark_planning/fig2_ladder/shapes_v14/formation/s001_p050/formation/csv/comm_events.csv

[formation] produced 1 solution(s) -> /home/tony-zhang/Research/landmark_planning/fig2_ladder/shapes_v14/formation/s001_p050/formation
