Landmark scenario: random — 2 landmarks, 4 obstacles, start (0.0, 0.0) → goal (700.0, 0.0)
Hex graph: 723 nodes (720 heading-states + 2 sensors + goal), radius=57.73502691896258m, directed_edges=1908, grid=12x15, start_cell=(1, 7), goal_cell=(8, 7), start_heading=0

── FORMATION PLANNING ──
  Primary: single-agent hexspline A* (threshold 4.571875212); supports added afterwards.

  [Constraint A*] Goal popped, unc OK, but its B-spline breaches an obstacle; discarded.

  [Constraint A*] Goal popped, unc OK, but its B-spline breaches an obstacle; discarded.

  [Constraint A*] Goal popped, unc OK, but its B-spline breaches an obstacle; discarded.

  [Constraint A*] Goal popped, unc OK, but its B-spline breaches an obstacle; discarded.

  [Constraint A*] Incumbent seed at iter 252: dist=986.603, unc=9.1438 > 4.5719

  [Constraint A*] Goal popped, unc OK, but its B-spline breaches an obstacle; discarded.

  [Constraint A*] Goal popped, unc OK, but its B-spline breaches an obstacle; discarded.

  [Constraint A*] Goal popped, unc OK, but its B-spline breaches an obstacle; discarded.

  [Constraint A*] Goal popped, unc OK, but its B-spline breaches an obstacle; discarded.

  [Constraint A*] Goal popped, unc OK, but its B-spline breaches an obstacle; discarded.

  [Constraint A*] Goal popped, unc OK, but its B-spline breaches an obstacle; discarded.
  [A*] iter 1000/500000 (0.2%)  left=499000  elapsed=0.1s   ┌ Warning: Seed is infeasible (min_slack=-19.782772039572592, ε=0.001); the barrier will try to recover it before shortening. Expected for the straight_cont ablation, and for a discrete seed that A* returned as its best incumbent after exhausting its budget.
└ @ Main ~/projects/landmark_planning/planners/hexspline_cl.jl:1215

  [Constraint A*] Goal popped, unc OK, but its B-spline breaches an obstacle; discarded.

  ✓ FEASIBLE SOLUTION at iter 1224: dist=1250.0, unc=4.3831
  [Constraint A*] Single-agent complete: 1224 iterations, final_dist=1250.0
  One support: trying both lateral slots (+1 = 60° left, -1 = 60° right).
  Slot [1]: unc=4.3831 ✓
  Slot [-1]: unc=2.9421 ✓
  → Chose slot [-1]
  Support 1 (slot -1): dist=1332.3m, goal_unc=3.273m, arc drift vs primary=82.3m
  Primary : dist=1250.0m, goal_unc=2.9421m (threshold 4.571875212 ✓)
  ! A support drifted more than half a comm interval from the primary's arc; checkpoints no longer pair them where the formation puts them.

=== Continuous Spline Optimization (threshold=4.5719) ===
  Initial (discrete→spline): prim_len=1215.445, unc=3.1142
  Barrier stage 1/15: μ=20.0
    → Recovered into the feasible set at iter 4 (min_slack=0.004742); feasible-only gate now armed
  Barrier stage 2/15: μ=7.0
  → Converged at iter 79 (Δlen=0.000997)
  Barrier stage 3/15: μ=2.45
  → Converged at iter 81 (Δlen=0.000689)
  Barrier stage 4/15: μ=0.8575
  → Converged at iter 83 (Δlen=0.000434)
  Barrier stage 5/15: μ=0.3001
  → Converged at iter 84 (Δlen=0.000757)
  Barrier stage 6/15: μ=0.105
  → Converged at iter 85 (Δlen=0.000979)
  Barrier stage 7/15: μ=0.0368
  [Spline barrier] line search stalled; stopping at stage 7
  Barrier stage 8/15: μ=0.0129
  [Spline barrier] line search stalled; stopping at stage 8
  Barrier stage 9/15: μ=0.0045
  → Converged at iter 88 (Δlen=0.000951)
  Barrier stage 10/15: μ=0.0016
  → Converged at iter 89 (Δlen=0.000853)
  Barrier stage 11/15: μ=0.0006
  → Converged at iter 90 (Δlen=0.000692)
  Barrier stage 12/15: μ=0.0002
  → Converged at iter 91 (Δlen=0.000474)
  Barrier stage 13/15: μ=0.0001
  → Converged at iter 92 (Δlen=0.000203)
  Barrier stage 14/15: μ=0.0
  → Converged at iter 93 (Δlen=0.000116)
  Barrier stage 15/15: μ=0.0
  → Converged at iter 94 (Δlen=0.000479)
  Final: prim_len=1226.562, unc=3.2435, threshold=4.5719, status=optimized, min_slack=0.004742
  Obstacle re-verification: mean path clears all obstacles ✓
Fig combined (main) saved: Discrete Len=1215.44 → Continuous Len=1226.56
Fig uncertainty profile (main) saved: /home/tonyzhang/projects/landmark_planning/constraint_sweep/sweep_2026-08-11/formation/s022_p050/formation/figures/main_unc_profile.png

[formation] produced 1 solution(s) -> /home/tonyzhang/projects/landmark_planning/constraint_sweep/sweep_2026-08-11/formation/s022_p050/formation
