
[108789] signal 2: Interrupt
in expression starting at /home/tony-zhang/Research/landmark_planning/generate_plan.jl:66
unknown function (ip: 0x7a0a33698d6f) at /lib/x86_64-linux-gnu/libc.so.6
pthread_cond_wait at /lib/x86_64-linux-gnu/libc.so.6 (unknown line)
uv_cond_wait at /workspace/srcdir/libuv/src/unix/thread.c:822
ijl_task_get_next at /cache/build/builder-amdci5-4/julialang/julia-release-1-dot-12/src/scheduler.c:523
poptask at ./task.jl:1216
wait at ./task.jl:1228
#wait#398 at ./condition.jl:141
wait at ./condition.jl:136 [inlined]
_trywait at ./asyncevent.jl:185
profile_printing_listener at ./Base.jl:332
#start_profile_listener##0 at ./Base.jl:352
jfptr_YY.start_profile_listenerYY.YY.0_16003.1 at /home/tony-zhang/.julia/juliaup/julia-1.12.6+0.x64.linux.gnu/lib/julia/sys.so (unknown line)
jl_apply at /cache/build/builder-amdci5-4/julialang/julia-release-1-dot-12/src/julia.h:2391 [inlined]
start_task at /cache/build/builder-amdci5-4/julialang/julia-release-1-dot-12/src/task.c:1252
unknown function (ip: (nil)) at (unknown file)
_ZN12_GLOBAL__N_114CodeGenPrepare18optimizeMemoryInstEPN4llvm11InstructionEPNS1_5ValueEPNS1_4TypeEj at /home/tony-zhang/.julia/juliaup/julia-1.12.6+0.x64.linux.gnu/bin/../lib/julia/libLLVM.so.18.1jl (unknown line)
_ZN12_GLOBAL__N_114CodeGenPrepare12optimizeInstEPN4llvm11InstructionERNS_8ModifyDTE at /home/tony-zhang/.julia/juliaup/julia-1.12.6+0.x64.linux.gnu/bin/../lib/julia/libLLVM.so.18.1jl (unknown line)
_ZN12_GLOBAL__N_114CodeGenPrepare4_runERN4llvm8FunctionE at /home/tony-zhang/.julia/juliaup/julia-1.12.6+0.x64.linux.gnu/bin/../lib/julia/libLLVM.so.18.1jl (unknown line)
_ZN12_GLOBAL__N_124CodeGenPrepareLegacyPass13runOnFunctionERN4llvm8FunctionE.part.0 at /home/tony-zhang/.julia/juliaup/julia-1.12.6+0.x64.linux.gnu/bin/../lib/julia/libLLVM.so.18.1jl (unknown line)
_ZN4llvm13FPPassManager13runOnFunctionERNS_8FunctionE at /home/tony-zhang/.julia/juliaup/julia-1.12.6+0.x64.linux.gnu/bin/../lib/julia/libLLVM.so.18.1jl (unknown line)
_ZN4llvm13FPPassManager11runOnModuleERNS_6ModuleE at /home/tony-zhang/.julia/juliaup/julia-1.12.6+0.x64.linux.gnu/bin/../lib/julia/libLLVM.so.18.1jl (unknown line)
_ZN4llvm6legacy15PassManagerImpl3runERNS_6ModuleE at /home/tony-zhang/.julia/juliaup/julia-1.12.6+0.x64.linux.gnu/bin/../lib/julia/libLLVM.so.18.1jl (unknown line)
_ZN4llvm3orc14SimpleCompilerclERNS_6ModuleE at /home/tony-zhang/.julia/juliaup/julia-1.12.6+0.x64.linux.gnu/bin/../lib/julia/libLLVM.so.18.1jl (unknown line)
operator() at /cache/build/builder-amdci5-4/julialang/julia-release-1-dot-12/src/jitlayers.cpp:1561
addModule at /cache/build/builder-amdci5-4/julialang/julia-release-1-dot-12/src/jitlayers.cpp:2044
jl_compile_codeinst_now at /cache/build/builder-amdci5-4/julialang/julia-release-1-dot-12/src/jitlayers.cpp:626
jl_compile_codeinst_impl at /cache/build/builder-amdci5-4/julialang/julia-release-1-dot-12/src/jitlayers.cpp:824
jl_compile_method_internal at /cache/build/builder-amdci5-4/julialang/julia-release-1-dot-12/src/gf.c:3528
_jl_invoke at /cache/build/builder-amdci5-4/julialang/julia-release-1-dot-12/src/gf.c:4006 [inlined]
ijl_apply_generic at /cache/build/builder-amdci5-4/julialang/julia-release-1-dot-12/src/gf.c:4214
top-level scope at /home/tony-zhang/Research/landmark_planning/generate_plan.jl:70
jl_toplevel_eval_flex at /cache/build/builder-amdci5-4/julialang/julia-release-1-dot-12/src/toplevel.c:1024
jl_toplevel_eval_flex at /cache/build/builder-amdci5-4/julialang/julia-release-1-dot-12/src/toplevel.c:975
ijl_toplevel_eval at /cache/build/builder-amdci5-4/julialang/julia-release-1-dot-12/src/toplevel.c:1047
ijl_toplevel_eval_in at /cache/build/builder-amdci5-4/julialang/julia-release-1-dot-12/src/toplevel.c:1092
eval at ./boot.jl:489
include_string at ./loading.jl:2874
_include at ./loading.jl:2934
include at ./Base.jl:306
exec_options at ./client.jl:317
_start at ./client.jl:550
jfptr__start_63319.1 at /home/tony-zhang/.julia/juliaup/julia-1.12.6+0.x64.linux.gnu/lib/julia/sys.so (unknown line)
jl_apply at /cache/build/builder-amdci5-4/julialang/julia-release-1-dot-12/src/julia.h:2391 [inlined]
true_main at /cache/build/builder-amdci5-4/julialang/julia-release-1-dot-12/src/jlapi.c:971
jl_repl_entrypoint at /cache/build/builder-amdci5-4/julialang/julia-release-1-dot-12/src/jlapi.c:1139
main at /cache/build/builder-amdci5-4/julialang/julia-release-1-dot-12/cli/loader_exe.c:58
unknown function (ip: 0x7a0a3362a1c9) at /lib/x86_64-linux-gnu/libc.so.6
__libc_start_main at /lib/x86_64-linux-gnu/libc.so.6 (unknown line)
unknown function (ip: 0x4010b8) at /workspace/srcdir/glibc-2.17/csu/../sysdeps/x86_64/start.S
unknown function (ip: (nil)) at (unknown file)
Allocations: 26167497 (Pool: 26167080; Big: 417); GC: 13
