┌ Warning: Seed is infeasible (min_slack=-0.008167392083858527, ε=0.001); the barrier will try to recover it before shortening. Expected for the straight_cont ablation, and for a discrete seed that A* returned as its best incumbent after exhausting its budget.
└ @ Main ~/projects/landmark_planning/planners/hexspline_cl.jl:1215
Landmark scenario: random — 2 landmarks, 3 obstacles, start (0.0, 0.0) → goal (700.0, 0.0)
Hex graph: 723 nodes (720 heading-states + 2 sensors + goal), radius=57.73502691896258m, directed_edges=1908, grid=12x15, start_cell=(1, 7), goal_cell=(8, 7), start_heading=0

── SEQUENTIAL PLANNING (2 agent(s), one at a time) ──
  Leg 1 — primary, 1 helper(s) parked at start (bound 7.4175 = 2.0x the 3.708767418 threshold the shipped route is held to):

    ✓ feasible at iter 717: dist=1050.0, unc=5.8877
  Leg 2 — helper 1 vs the fixed primary trajectory (12 steps, beam 400):
    → helper 1 placed; primary goal_unc now 3.3068
  Leg 3 — primary re-planned against the committed helper paths:

    ✓ feasible at iter 499: dist=1050.0, unc=3.3068
    leg 1 route: len=1050.0, unc=3.3068 ✓  |  re-planned: len=1050.0, unc=3.3068 ✓  → keep leg 1
  Helper 1: dist=1050.0m, goal_unc=2.7118m
  Primary  : dist=1050.0m, goal_unc=3.3068m (threshold 3.708767418 ✓)

=== Continuous Spline Optimization (threshold=3.7088) ===
  Initial (discrete→spline): prim_len=1004.412, unc=3.7169
  Barrier stage 1/15: μ=20.0
    → Recovered into the feasible set at iter 1 (min_slack=0.011302); feasible-only gate now armed
  Barrier stage 2/15: μ=7.0
  → Converged at iter 95 (Δlen=0.000972)
  Barrier stage 3/15: μ=2.45
  Barrier stage 4/15: μ=0.8575
  Barrier stage 5/15: μ=0.3001
  Barrier stage 6/15: μ=0.105
  Barrier stage 7/15: μ=0.0368
  → Converged at iter 384 (Δlen=0.000527)
  Barrier stage 8/15: μ=0.0129
  → Converged at iter 385 (Δlen=0.000598)
  Barrier stage 9/15: μ=0.0045
  → Converged at iter 386 (Δlen=0.000637)
  Barrier stage 10/15: μ=0.0016
  [Spline barrier] line search stalled; stopping at stage 10
  Barrier stage 11/15: μ=0.0006
  [Spline barrier] line search stalled; stopping at stage 11
  Barrier stage 12/15: μ=0.0002
  [Spline barrier] line search stalled; stopping at stage 12
  Barrier stage 13/15: μ=0.0001
  [Spline barrier] line search stalled; stopping at stage 13
  Barrier stage 14/15: μ=0.0
  [Spline barrier] line search stalled; stopping at stage 14
  Barrier stage 15/15: μ=0.0
  [Spline barrier] line search stalled; stopping at stage 15
  Final: prim_len=963.87, unc=3.4194, threshold=3.7088, status=optimized, min_slack=0.0
  Obstacle re-verification: mean path clears all obstacles ✓
Fig combined (main) saved: Discrete Len=1004.41 → Continuous Len=963.87
Fig uncertainty profile (main) saved: /home/tonyzhang/projects/landmark_planning/constraint_sweep/sweep_2026-08-11/sequential/s059_p045/sequential/figures/main_unc_profile.png

[sequential] produced 1 solution(s) -> /home/tonyzhang/projects/landmark_planning/constraint_sweep/sweep_2026-08-11/sequential/s059_p045/sequential
