┌ Warning: Seed is infeasible (min_slack=-36.531267522407035, ε=0.001); the barrier will try to recover it before shortening. Expected for the straight_cont ablation, and for a discrete seed that A* returned as its best incumbent after exhausting its budget.
└ @ Main ~/projects/landmark_planning/planners/hexspline_cl.jl:1215
Landmark scenario: random — 2 landmarks, 4 obstacles, start (0.0, 0.0) → goal (600.0, 0.0)
Hex graph: 651 nodes (648 heading-states + 2 sensors + goal), radius=57.73502691896258m, directed_edges=1704, grid=11x15, start_cell=(1, 7), goal_cell=(7, 7), start_heading=0

── SEQUENTIAL PLANNING (2 agent(s), one at a time) ──
  Leg 1 — primary, 1 helper(s) parked at start (bound 9.8679 = 2.0x the 4.933958399 threshold the shipped route is held to):

    ✓ feasible at iter 62: dist=750.0, unc=8.4179
  Leg 2 — helper 1 vs the fixed primary trajectory (9 steps, beam 400):
    → helper 1 placed; primary goal_unc now 4.7276
  Leg 3 — primary re-planned against the committed helper paths:

    ✓ feasible at iter 531: dist=1150.0, unc=4.8628
    leg 1 route: len=750.0, unc=4.7276 ✓  |  re-planned: len=1150.0, unc=4.8628 ✓  → keep leg 1
  Helper 1: dist=750.0m, goal_unc=3.7596m
  Primary  : dist=750.0m, goal_unc=4.7276m (threshold 4.933958399 ✓)

=== Continuous Spline Optimization (threshold=4.934) ===
  Initial (discrete→spline): prim_len=726.961, unc=5.7316
  Barrier stage 1/15: μ=20.0
    → Recovered into the feasible set at iter 67 (min_slack=0.003126); feasible-only gate now armed
  Barrier stage 2/15: μ=7.0
  Barrier stage 3/15: μ=2.45
  → Converged at iter 135 (Δlen=0.000587)
  Barrier stage 4/15: μ=0.8575
  Barrier stage 5/15: μ=0.3001
  Barrier stage 6/15: μ=0.105
  Barrier stage 7/15: μ=0.0368
  Barrier stage 8/15: μ=0.0129
  Barrier stage 9/15: μ=0.0045
  Barrier stage 10/15: μ=0.0016
  Barrier stage 11/15: μ=0.0006
  Barrier stage 12/15: μ=0.0002
  Barrier stage 13/15: μ=0.0001
  Barrier stage 14/15: μ=0.0
  Barrier stage 15/15: μ=0.0
  → Converged at iter 897 (Δlen=5.0e-6)
  Final: prim_len=689.301, unc=4.6915, threshold=4.934, status=optimized, min_slack=0.0
  Obstacle re-verification: mean path clears all obstacles ✓
Fig combined (main) saved: Discrete Len=726.96 → Continuous Len=689.3
Fig uncertainty profile (main) saved: /home/tonyzhang/projects/landmark_planning/constraint_sweep/sweep_2026-08-11/sequential/s036_p060/sequential/figures/main_unc_profile.png

[sequential] produced 1 solution(s) -> /home/tonyzhang/projects/landmark_planning/constraint_sweep/sweep_2026-08-11/sequential/s036_p060/sequential
