Landmark scenario: random — 3 landmarks, 2 obstacles, start (0.0, 0.0) → goal (900.0, 0.0)
Hex graph: 382 nodes (378 heading-states + 3 sensors + goal), radius=86.60254037844388m, directed_edges=954, grid=11x11, start_cell=(2, 5), goal_cell=(8, 5), start_heading=0

── SEQUENTIAL PLANNING (2 agent(s), one at a time) ──
  Leg 1 — primary, 1 helper(s) parked at start (bound 9.6185 = 2.0x the 4.809226446 threshold the shipped route is held to):

    ✓ feasible at iter 81: dist=1200.0, unc=6.0115
  Leg 2 — helper 1 vs the fixed primary trajectory (9 steps, beam 400):
    → helper 1 placed; primary goal_unc now 2.8896
  Leg 3 — primary re-planned against the committed helper paths:

    ✓ feasible at iter 78: dist=1200.0, unc=2.8896
    leg 1 route: len=1200.0, unc=2.8896 ✓  |  re-planned: len=1200.0, unc=2.8896 ✓  → keep leg 1
  Helper 1: dist=1200.0m, goal_unc=2.0429m
  Primary  : dist=1200.0m, goal_unc=2.8896m (threshold 4.809226446 ✓)

=== Continuous Spline Optimization (threshold=4.8092) ===
  Initial (discrete→spline): prim_len=1154.736, unc=2.8896
  Barrier stage 1/15: μ=20.0
  Barrier stage 2/15: μ=7.0
  → Converged at iter 87 (Δlen=0.000803)
  Barrier stage 3/15: μ=2.45
  [Spline barrier] line search stalled; stopping at stage 3
  Barrier stage 4/15: μ=0.8575
  [Spline barrier] line search stalled; stopping at stage 4
  Barrier stage 5/15: μ=0.3001
  Barrier stage 6/15: μ=0.105
  Barrier stage 7/15: μ=0.0368
  Barrier stage 8/15: μ=0.0129
  Barrier stage 9/15: μ=0.0045
  Barrier stage 10/15: μ=0.0016
  Barrier stage 11/15: μ=0.0006
  → Converged at iter 493 (Δlen=0.000109)
  Barrier stage 12/15: μ=0.0002
  → Converged at iter 494 (Δlen=0.00015)
  Barrier stage 13/15: μ=0.0001
  → Converged at iter 495 (Δlen=0.000156)
  Barrier stage 14/15: μ=0.0
  [Spline barrier] line search stalled; stopping at stage 14
  Barrier stage 15/15: μ=0.0
  [Spline barrier] line search stalled; stopping at stage 15
  Final: prim_len=1094.467, unc=2.7997, threshold=4.8092, status=optimized, min_slack=3.0e-6
  Obstacle re-verification: mean path clears all obstacles ✓
Fig combined (main) saved: Discrete Len=1154.74 → Continuous Len=1094.47
Fig uncertainty profile (main) saved: /home/tonyzhang/projects/landmark_planning/constraint_sweep/baseline_2026-08-17/sequential/s015_p080/sequential/figures/main_unc_profile.png

[sequential] produced 1 solution(s) -> /home/tonyzhang/projects/landmark_planning/constraint_sweep/baseline_2026-08-17/sequential/s015_p080/sequential
