Landmark scenario: random — 3 landmarks, 3 obstacles, start (0.0, 0.0) → goal (750.0, 0.0)
Hex graph: 340 nodes (336 heading-states + 3 sensors + goal), radius=86.60254037844388m, directed_edges=840, grid=10x11, start_cell=(2, 5), goal_cell=(7, 5), start_heading=0

── SEQUENTIAL PLANNING (2 agent(s), one at a time) ──
  Leg 1 — primary, 1 helper(s) parked at start (bound 8.4978 = 2.0x the 4.248920925 threshold the shipped route is held to):

    ✓ feasible at iter 37: dist=1050.0, unc=5.3093
  Leg 2 — helper 1 vs the fixed primary trajectory (8 steps, beam 400):
    → helper 1 placed; primary goal_unc now 3.6443
  Leg 3 — primary re-planned against the committed helper paths:

    ✓ feasible at iter 93: dist=1200.0, unc=3.7042
    leg 1 route: len=1050.0, unc=3.6443 ✓  |  re-planned: len=1200.0, unc=3.7042 ✓  → keep leg 1
  Helper 1: dist=1050.0m, goal_unc=3.4748m
  Primary  : dist=1050.0m, goal_unc=3.6443m (threshold 4.248920925 ✓)

=== Continuous Spline Optimization (threshold=4.2489) ===
  Initial (discrete→spline): prim_len=1004.736, unc=3.6443
  Barrier stage 1/15: μ=20.0
  [Spline barrier] line search stalled; stopping at stage 1
  Barrier stage 2/15: μ=7.0
  [Spline barrier] line search stalled; stopping at stage 2
  Barrier stage 3/15: μ=2.45
  → Converged at iter 28 (Δlen=0.000422)
  Barrier stage 4/15: μ=0.8575
  Barrier stage 5/15: μ=0.3001
  Barrier stage 6/15: μ=0.105
  Barrier stage 7/15: μ=0.0368
  Barrier stage 8/15: μ=0.0129
  Barrier stage 9/15: μ=0.0045
  Barrier stage 10/15: μ=0.0016
  Barrier stage 11/15: μ=0.0006
  Barrier stage 12/15: μ=0.0002
  Barrier stage 13/15: μ=0.0001
  Barrier stage 14/15: μ=0.0
  Barrier stage 15/15: μ=0.0
  Final: prim_len=958.639, unc=3.8145, threshold=4.2489, status=optimized, min_slack=0.010409
  Obstacle re-verification: mean path clears all obstacles ✓
Fig combined (main) saved: Discrete Len=1004.74 → Continuous Len=958.64
Fig uncertainty profile (main) saved: /home/tonyzhang/projects/landmark_planning/constraint_sweep/baseline_2026-08-17/sequential/s028_p080/sequential/figures/main_unc_profile.png

[sequential] produced 1 solution(s) -> /home/tonyzhang/projects/landmark_planning/constraint_sweep/baseline_2026-08-17/sequential/s028_p080/sequential
