┌ Warning: Seed is infeasible (min_slack=-7.211943963017885, ε=0.001); the barrier will try to recover it before shortening. Expected for the straight_cont ablation, and for a discrete seed that A* returned as its best incumbent after exhausting its budget.
└ @ Main ~/projects/landmark_planning/planners/hexspline_cl.jl:1215
Landmark scenario: random — 4 landmarks, 5 obstacles, start (0.0, 0.0) → goal (700.0, 0.0)
Hex graph: 725 nodes (720 heading-states + 4 sensors + goal), radius=57.73502691896258m, directed_edges=1908, grid=12x15, start_cell=(1, 7), goal_cell=(8, 7), start_heading=0

── SEQUENTIAL PLANNING (2 agent(s), one at a time) ──
  Leg 1 — primary, 1 helper(s) parked at start (bound 7.6018 = 2.0x the 3.800918265 threshold the shipped route is held to):

    ✓ feasible at iter 145: dist=950.0, unc=5.8476
  Leg 2 — helper 1 vs the fixed primary trajectory (11 steps, beam 400):
    → helper 1 placed; primary goal_unc now 3.3218
  Leg 3 — primary re-planned against the committed helper paths:

    ✓ feasible at iter 920: dist=1250.0, unc=3.3619
    leg 1 route: len=950.0, unc=3.3218 ✓  |  re-planned: len=1250.0, unc=3.3619 ✓  → keep leg 1
  Helper 1: dist=950.0m, goal_unc=2.7752m
  Primary  : dist=950.0m, goal_unc=3.3218m (threshold 3.800918265 ✓)

=== Continuous Spline Optimization (threshold=3.8009) ===
  Initial (discrete→spline): prim_len=893.532, unc=3.7322
  Barrier stage 1/15: μ=20.0
  [Spline barrier] line search stalled; stopping at stage 1
  Barrier stage 2/15: μ=20.0
  [Spline barrier] line search stalled; stopping at stage 2
  Barrier stage 3/15: μ=20.0
  [Spline barrier] line search stalled; stopping at stage 3
  Barrier stage 4/15: μ=20.0
    → Recovered into the feasible set at iter 31 (min_slack=0.002511); feasible-only gate now armed
  → Converged at iter 65 (Δlen=0.000927)
  Barrier stage 5/15: μ=7.0
  → Converged at iter 67 (Δlen=0.000788)
  Barrier stage 6/15: μ=2.45
  → Converged at iter 69 (Δlen=0.000745)
  Barrier stage 7/15: μ=0.8575
  → Converged at iter 71 (Δlen=0.00074)
  Barrier stage 8/15: μ=0.3001
  → Converged at iter 73 (Δlen=0.000748)
  Barrier stage 9/15: μ=0.105
  → Converged at iter 75 (Δlen=0.000762)
  Barrier stage 10/15: μ=0.0368
  → Converged at iter 77 (Δlen=0.000778)
  Barrier stage 11/15: μ=0.0129
  → Converged at iter 79 (Δlen=0.000794)
  Barrier stage 12/15: μ=0.0045
  → Converged at iter 81 (Δlen=0.000809)
  Barrier stage 13/15: μ=0.0016
  → Converged at iter 83 (Δlen=0.000824)
  Barrier stage 14/15: μ=0.0006
  → Converged at iter 85 (Δlen=0.000839)
  Barrier stage 15/15: μ=0.0002
  → Converged at iter 87 (Δlen=0.000853)
  Final: prim_len=901.029, unc=3.6643, threshold=3.8009, status=optimized, min_slack=0.010563
  Obstacle re-verification: mean path clears all obstacles ✓
Fig combined (main) saved: Discrete Len=893.53 → Continuous Len=901.03
Fig uncertainty profile (main) saved: /home/tonyzhang/projects/landmark_planning/constraint_sweep/sweep_2026-08-11/sequential/s016_p065/sequential/figures/main_unc_profile.png

[sequential] produced 1 solution(s) -> /home/tonyzhang/projects/landmark_planning/constraint_sweep/sweep_2026-08-11/sequential/s016_p065/sequential
