Landmark scenario: random — 3 landmarks, 3 obstacles, start (0.0, 0.0) → goal (750.0, 0.0)
Hex graph: 340 nodes (336 heading-states + 3 sensors + goal), radius=86.60254037844388m, directed_edges=840, grid=10x11, start_cell=(2, 5), goal_cell=(7, 5), start_heading=0

── SEQUENTIAL PLANNING (2 agent(s), one at a time) ──
  Leg 1 — primary, 1 helper(s) parked at start (bound 17.5001 = 2.0x the 8.750066341 threshold the shipped route is held to):

    ✓ feasible at iter 62: dist=1050.0, unc=8.75
  Leg 2 — helper 1 vs the fixed primary trajectory (8 steps, beam 400):
    → helper 1 placed; primary goal_unc now 3.9077
  Leg 3 — primary re-planned against the committed helper paths:

    ✓ feasible at iter 73: dist=1050.0, unc=8.7501
    leg 1 route: len=1050.0, unc=3.9077 ✓  |  re-planned: len=1050.0, unc=8.7501 ✓  → keep leg 1
  Helper 1: dist=1050.0m, goal_unc=3.6257m
  Primary  : dist=1050.0m, goal_unc=3.9077m (threshold 8.750066341 ✓)

=== Continuous Spline Optimization (threshold=8.7501) ===
  Initial (discrete→spline): prim_len=950.496, unc=3.9077
  Barrier stage 1/15: μ=20.0
  [Spline barrier] line search stalled; stopping at stage 1
  Barrier stage 2/15: μ=7.0
  [Spline barrier] line search stalled; stopping at stage 2
  Barrier stage 3/15: μ=2.45
  [Spline barrier] line search stalled; stopping at stage 3
  Barrier stage 4/15: μ=0.8575
  [Spline barrier] line search stalled; stopping at stage 4
  Barrier stage 5/15: μ=0.3001
  Barrier stage 6/15: μ=0.105
  Barrier stage 7/15: μ=0.0368
  Barrier stage 8/15: μ=0.0129
  [Spline barrier] line search stalled; stopping at stage 8
  Barrier stage 9/15: μ=0.0045
  [Spline barrier] line search stalled; stopping at stage 9
  Barrier stage 10/15: μ=0.0016
  [Spline barrier] line search stalled; stopping at stage 10
  Barrier stage 11/15: μ=0.0006
  [Spline barrier] line search stalled; stopping at stage 11
  Barrier stage 12/15: μ=0.0002
  → Converged at iter 218 (Δlen=8.0e-5)
  Barrier stage 13/15: μ=0.0001
  → Converged at iter 219 (Δlen=0.000434)
  Barrier stage 14/15: μ=0.0
  → Converged at iter 220 (Δlen=0.000761)
  Barrier stage 15/15: μ=0.0
  → Converged at iter 221 (Δlen=0.000993)
  Final: prim_len=840.081, unc=8.7493, threshold=8.7501, status=optimized, min_slack=0.000725
  Obstacle re-verification: mean path clears all obstacles ✓
Fig combined (main) saved: Discrete Len=950.5 → Continuous Len=840.08
Fig uncertainty profile (main) saved: /home/tonyzhang/projects/landmark_planning/constraint_sweep/baseline_2026-08-17/sequential/s030_p100/sequential/figures/main_unc_profile.png

[sequential] produced 1 solution(s) -> /home/tonyzhang/projects/landmark_planning/constraint_sweep/baseline_2026-08-17/sequential/s030_p100/sequential
