Landmark scenario: random — 4 landmarks, 1 obstacles, start (0.0, 0.0) → goal (600.0, 0.0)
Hex graph: 299 nodes (294 heading-states + 4 sensors + goal), radius=86.60254037844388m, directed_edges=726, grid=9x11, start_cell=(2, 5), goal_cell=(6, 5), start_heading=0
Conditional ε-bound: ε_sample=1.2887, w=1.0, ε_total=1.2887
  Bound form (conditional): L_returned ≤ (1+ε_total) L* with assumptions documented in comments.

── MULTI-AGENT PLANNING (Synchronized Kalman) ──

  Running joint discrete A* (threshold=5.7051)... (max_iters=1000000)
  Stops on the first feasible candidate under the threshold.
  ✓ Goal reachable from node 1 with distance 600.0

  ✓ FEASIBLE SOLUTION at iter 6: dist=600.0, unc=1.2266
  [Constraint A*] Complete: 6 iterations, final_dist=600.0

✓ Multi-agent solution with synchronized Kalman fusion:
  Support agent 1: node=68, dist=600.0m, goal_unc=0.8665m
  Primary agent: node=157, dist=600.0m, goal_unc=1.2266m
  ├─ Communication: every 100.0m, sigmoid taper range=300.0m width=20.0m
  └─ All agents' uncertainties benefit from synchronized Kalman fusion at checkpoints

--- Final Results ---
Support agent 1 : [1, 103, 104, 67, 68]  dist=600.0  goal_unc=0.8665  ✓  (Kalman-fused)
Primary agent : [1, 139, 145, 151, 157]  dist=600.0  goal_unc=1.2266  threshold=5.705143148 ✓ met  (Kalman-fused)

=== Kalman Filtering Summary ===
All 2 agents performing synchronized Kalman filtering:
  • Dead-reckoning propagation: DIR=0.05/m, PERP=0.016666666666666666/m
  • Landmark fusion: Information filter (Joseph form) at every waypoint
  • SYNCHRONIZED inter-agent communication: every 100.0m of travel
  • Tapered sigmoid weighting: range=300.0m, width=20.0m (soft plateau + rolloff)
  • Bidirectional Kalman fusion: all agent pairs within range at each checkpoint
  • Measurement model: bearing-angle sensor with noise=0.038, ratio=2.2
  └─ Support agents: goal_unc=0.8665m (improved by inter-agent fusion)
  └─ Primary agent: goal_unc=1.2266m (direct path with landmark updates)
Converged at iteration : 6
Figure path-role mapping: supports = paths[1:1], primary = paths[2]
Discrete evaluation: prim_len=600.0, unc=1.2266
Fig 1 saved.

=== Continuous Spline Optimization (threshold=5.7051) ===
  Initial (discrete→spline): prim_len=600.0, unc=1.2266
  Barrier stage 1/15: μ=20.0
  → Converged at iter 49 (Δlen=0.00084)
  Barrier stage 2/15: μ=7.0
  → Converged at iter 51 (Δlen=0.0001)
  Barrier stage 3/15: μ=2.45
  → Converged at iter 52 (Δlen=0.000823)
  Barrier stage 4/15: μ=0.8575
  → Converged at iter 100 (Δlen=0.000953)
  Barrier stage 5/15: μ=0.3001
  → Converged at iter 102 (Δlen=0.000838)
  Barrier stage 6/15: μ=0.105
  → Converged at iter 104 (Δlen=0.000734)
  Barrier stage 7/15: μ=0.0368
  → Converged at iter 106 (Δlen=0.000639)
  Barrier stage 8/15: μ=0.0129
  → Converged at iter 108 (Δlen=0.000553)
  Barrier stage 9/15: μ=0.0045
  → Converged at iter 110 (Δlen=0.000475)
  Barrier stage 10/15: μ=0.0016
  → Converged at iter 111 (Δlen=0.000913)
  Barrier stage 11/15: μ=0.0006
  → Converged at iter 113 (Δlen=0.000373)
  Barrier stage 12/15: μ=0.0002
  → Converged at iter 114 (Δlen=0.000715)
  Barrier stage 13/15: μ=0.0001
  → Converged at iter 116 (Δlen=0.000289)
  Barrier stage 14/15: μ=0.0
  → Converged at iter 117 (Δlen=0.000553)
  Barrier stage 15/15: μ=0.0
  → Converged at iter 118 (Δlen=0.000795)
  Final: prim_len=600.0, unc=1.2266, threshold=5.7051, status=seed_only, min_slack=0.019074
  Obstacle re-verification: mean path clears all obstacles ✓
Fig combined (main) saved: Discrete Len=600.0 → Continuous Len=600.0
Fig uncertainty profile (main) saved: /home/tonyzhang/projects/landmark_planning/constraint_sweep/ablation_2026-08-17/hexspline_cl/s014_p080/hexspline_cl/figures/main_unc_profile.png

[hexspline_cl] produced 1 solution(s) -> /home/tonyzhang/projects/landmark_planning/constraint_sweep/ablation_2026-08-17/hexspline_cl/s014_p080/hexspline_cl
