Landmark scenario: random — 3 landmarks, 3 obstacles, start (0.0, 0.0) → goal (750.0, 0.0)
Hex graph: 340 nodes (336 heading-states + 3 sensors + goal), radius=86.60254037844388m, directed_edges=840, grid=10x11, start_cell=(2, 5), goal_cell=(7, 5), start_heading=0

── FORMATION PLANNING ──
  Primary: own A* (formation_primary_astar); a goal candidate is accepted on the primary's uncertainty WITH its supports attached (threshold 7.875059707).
  One support: both lateral slots (+1 = 60° left, -1 = 60° right) tried per candidate.

    ✓ escorted-feasible at iter 48: dist=1050.0, unc=7.6428 (slot [1])
  → Chose slot [1]
  Support 1 (slot 1): dist=1050.0m, goal_unc=7.2019m, arc drift vs primary=0.0m
  Primary : dist=1050.0m, goal_unc=7.6428m (threshold 7.875059707 ✓)

=== Continuous Spline Optimization (threshold=7.8751) ===
  Initial (discrete→spline): prim_len=966.997, unc=7.6428
  Barrier stage 1/15: μ=20.0
  → Converged at iter 60 (Δlen=1.0e-6)
  Barrier stage 2/15: μ=7.0
  Barrier stage 3/15: μ=2.45
  → Converged at iter 168 (Δlen=0.000585)
  Barrier stage 4/15: μ=0.8575
  → Converged at iter 180 (Δlen=0.00031)
  Barrier stage 5/15: μ=0.3001
  [Spline barrier] line search stalled; stopping at stage 5
  Barrier stage 6/15: μ=0.105
  [Spline barrier] line search stalled; stopping at stage 6
  Barrier stage 7/15: μ=0.0368
  [Spline barrier] line search stalled; stopping at stage 7
  Barrier stage 8/15: μ=0.0129
  Barrier stage 9/15: μ=0.0045
  Barrier stage 10/15: μ=0.0016
  Barrier stage 11/15: μ=0.0006
  Barrier stage 12/15: μ=0.0002
  Barrier stage 13/15: μ=0.0001
  Barrier stage 14/15: μ=0.0
  Barrier stage 15/15: μ=0.0
  Final: prim_len=940.073, unc=6.7652, threshold=7.8751, status=optimized, min_slack=0.016043
  Obstacle re-verification: mean path clears all obstacles ✓
Fig combined (main) saved: Discrete Len=967.0 → Continuous Len=940.07
Fig uncertainty profile (main) saved: /home/tonyzhang/projects/landmark_planning/constraint_sweep/baseline_2026-08-17/formation/s030_p090/formation/figures/main_unc_profile.png

[formation] produced 1 solution(s) -> /home/tonyzhang/projects/landmark_planning/constraint_sweep/baseline_2026-08-17/formation/s030_p090/formation
