Landmark scenario: random — 2 landmarks, 2 obstacles, start (0.0, 0.0) → goal (900.0, 0.0)
Hex graph: 381 nodes (378 heading-states + 2 sensors + goal), radius=86.60254037844388m, directed_edges=954, grid=11x11, start_cell=(2, 5), goal_cell=(8, 5), start_heading=0

── SEQUENTIAL PLANNING (2 agent(s), one at a time) ──
  Leg 1 — primary, 1 helper(s) parked at start (bound 13.6953 = 2.0x the 6.847629373 threshold the shipped route is held to):

    ✓ feasible at iter 79: dist=1200.0, unc=9.782
  Leg 2 — helper 1 vs the fixed primary trajectory (9 steps, beam 400):
    (took rank #2 of 400; 1 better-ranked route(s) breach as splines)
    → helper 1 placed; primary goal_unc now 7.2888
  Leg 3 — primary re-planned against the committed helper paths:
  [A*] iter 1000/1000000 (0.1%)  left=999000  elapsed=0.1s     [A*] iter 2000/1000000 (0.2%)  left=998000  elapsed=0.1s     [A*] iter 3000/1000000 (0.3%)  left=997000  elapsed=0.2s   ┌ Warning: Seed is infeasible (min_slack=-0.44119792580339556, ε=0.001); the barrier will try to recover it before shortening. Expected for the straight_cont ablation, and for a discrete seed that A* returned as its best incumbent after exhausting its budget.
└ @ Main ~/projects/landmark_planning/planners/hexspline_cl.jl:1207

    nothing under the threshold; handing the best incumbent to the barrier: dist=1200.0, unc=7.2888
    leg 1 route: len=1200.0, unc=7.2888 ✗  |  re-planned: len=1200.0, unc=7.2888 ✗  → keep leg 1
  Helper 1: dist=1200.0m, goal_unc=7.5216m
  Primary  : dist=1200.0m, goal_unc=7.2888m (threshold 6.847629373 ✗)

=== Continuous Spline Optimization (threshold=6.8476) ===
  Initial (discrete→spline): prim_len=1135.862, unc=7.2888
  Barrier stage 1/15: μ=20.0
    → Recovered into the feasible set at iter 19 (min_slack=0.015522); feasible-only gate now armed
  → Converged at iter 54 (Δlen=0.000974)
  Barrier stage 2/15: μ=7.0
  Barrier stage 3/15: μ=2.45
  Barrier stage 4/15: μ=0.8575
  Barrier stage 5/15: μ=0.3001
  Barrier stage 6/15: μ=0.105
  Barrier stage 7/15: μ=0.0368
  Barrier stage 8/15: μ=0.0129
  Barrier stage 9/15: μ=0.0045
  Barrier stage 10/15: μ=0.0016
  Barrier stage 11/15: μ=0.0006
  Barrier stage 12/15: μ=0.0002
  Barrier stage 13/15: μ=0.0001
  Barrier stage 14/15: μ=0.0
  → Converged at iter 888 (Δlen=0.000181)
  Barrier stage 15/15: μ=0.0
  → Converged at iter 889 (Δlen=0.000272)
  Final: prim_len=1105.657, unc=6.6208, threshold=6.8476, status=optimized, min_slack=0.0
  Obstacle re-verification: mean path clears all obstacles ✓
Fig combined (main) saved: Discrete Len=1135.86 → Continuous Len=1105.66
Fig uncertainty profile (main) saved: /home/tonyzhang/projects/landmark_planning/constraint_sweep/baseline_2026-08-17/sequential/s038_p070/sequential/figures/main_unc_profile.png

[sequential] produced 1 solution(s) -> /home/tonyzhang/projects/landmark_planning/constraint_sweep/baseline_2026-08-17/sequential/s038_p070/sequential
