Landmark scenario: random — 4 landmarks, 4 obstacles, start (0.0, 0.0) → goal (600.0, 0.0)
Hex graph: 653 nodes (648 heading-states + 4 sensors + goal), radius=57.73502691896258m, directed_edges=1704, grid=11x15, start_cell=(1, 7), goal_cell=(7, 7), start_heading=0

── SEQUENTIAL PLANNING (2 agent(s), one at a time) ──
  Leg 1 — primary, 1 helper(s) parked at start (bound 10.6843 = 2.0x the 5.34214624 threshold the shipped route is held to):

    ✓ feasible at iter 353: dist=986.603, unc=7.6316
  Leg 2 — helper 1 vs the fixed primary trajectory (11 steps, beam 400):
    → helper 1 placed; primary goal_unc now 5.9047
  Leg 3 — primary re-planned against the committed helper paths:
  [A*] iter 1000/500000 (0.2%)  left=499000  elapsed=0.0s     [A*] iter 2000/500000 (0.4%)  left=498000  elapsed=0.1s     [A*] iter 3000/500000 (0.6%)  left=497000  elapsed=0.4s     [A*] iter 4000/500000 (0.8%)  left=496000  elapsed=0.4s     [A*] iter 5000/500000 (1.0%)  left=495000  elapsed=0.5s     [A*] iter 6000/500000 (1.2%)  left=494000  elapsed=0.5s     [A*] iter 7000/500000 (1.4%)  left=493000  elapsed=0.6s     [A*] iter 8000/500000 (1.6%)  left=492000  elapsed=0.7s     [A*] iter 9000/500000 (1.8%)  left=491000  elapsed=0.7s     [A*] iter 10000/500000 (2.0%)  left=490000  elapsed=0.8s     [A*] iter 11000/500000 (2.2%)  left=489000  elapsed=0.8s     [A*] iter 12000/500000 (2.4%)  left=488000  elapsed=0.9s     [A*] iter 13000/500000 (2.6%)  left=487000  elapsed=0.9s     [A*] iter 14000/500000 (2.8%)  left=486000  elapsed=1.0s     [A*] iter 15000/500000 (3.0%)  left=485000  elapsed=1.1s     [A*] iter 16000/500000 (3.2%)  left=484000  elapsed=1.2s     [A*] iter 17000/500000 (3.4%)  left=483000  elapsed=1.3s   ┌ Warning: Seed is infeasible (min_slack=-0.6823666868723306, ε=0.001); the barrier will try to recover it before shortening. Expected for the straight_cont ablation, and for a discrete seed that A* returned as its best incumbent after exhausting its budget.
└ @ Main ~/projects/landmark_planning/planners/hexspline_cl.jl:1215

    nothing under the threshold; handing the best incumbent to the barrier: dist=986.603, unc=5.6419
    leg 1 route: len=986.6, unc=5.9047 ✗  |  re-planned: len=986.6, unc=5.6419 ✗  → TAKE re-plan
  Helper 1: dist=986.6m, goal_unc=5.8281m
  Primary  : dist=986.6m, goal_unc=5.6419m (threshold 5.34214624 ✗)

=== Continuous Spline Optimization (threshold=5.3421) ===
  Initial (discrete→spline): prim_len=978.278, unc=6.0245
  Barrier stage 1/15: μ=20.0
  [Spline barrier] line search stalled; stopping at stage 1
  Barrier stage 2/15: μ=20.0
  [Spline barrier] line search stalled; stopping at stage 2
  Barrier stage 3/15: μ=20.0
  [Spline barrier] line search stalled; stopping at stage 3
  Barrier stage 4/15: μ=20.0
  [Spline barrier] line search stalled; stopping at stage 4
  Barrier stage 5/15: μ=20.0
  [Spline barrier] line search stalled; stopping at stage 5
  Barrier stage 6/15: μ=20.0
  [Spline barrier] line search stalled; stopping at stage 6
  Barrier stage 7/15: μ=20.0
  [Spline barrier] line search stalled; stopping at stage 7
  Barrier stage 8/15: μ=20.0
  [Spline barrier] line search stalled; stopping at stage 8
  Barrier stage 9/15: μ=20.0
  [Spline barrier] line search stalled; stopping at stage 9
  Barrier stage 10/15: μ=20.0
  [Spline barrier] line search stalled; stopping at stage 10
  Barrier stage 11/15: μ=20.0
  [Spline barrier] line search stalled; stopping at stage 11
  Barrier stage 12/15: μ=20.0
  [Spline barrier] line search stalled; stopping at stage 12
  Barrier stage 13/15: μ=20.0
  [Spline barrier] line search stalled; stopping at stage 13
  Barrier stage 14/15: μ=20.0
  [Spline barrier] line search stalled; stopping at stage 14
  Barrier stage 15/15: μ=20.0
  [Spline barrier] line search stalled; stopping at stage 15
  Final: prim_len=994.468, unc=5.5867, threshold=5.3421, status=recovery_failed, min_slack=-0.244586
  Obstacle re-verification: mean path clears all obstacles ✓
Fig combined (main) saved: Discrete Len=978.28 → Continuous Len=994.47
Fig uncertainty profile (main) saved: /home/tonyzhang/projects/landmark_planning/constraint_sweep/sweep_2026-08-11/sequential/s026_p070/sequential/figures/main_unc_profile.png

[sequential] produced 1 solution(s) -> /home/tonyzhang/projects/landmark_planning/constraint_sweep/sweep_2026-08-11/sequential/s026_p070/sequential
