┌ Warning: Seed is infeasible (min_slack=-0.23333161154288895, ε=0.001); the barrier will try to recover it before shortening. Expected for the straight_cont ablation, and for a discrete seed that A* returned as its best incumbent after exhausting its budget.
└ @ Main ~/projects/landmark_planning/planners/hexspline_cl.jl:1215
Landmark scenario: random — 4 landmarks, 3 obstacles, start (0.0, 0.0) → goal (600.0, 0.0)
Hex graph: 653 nodes (648 heading-states + 4 sensors + goal), radius=57.73502691896258m, directed_edges=1704, grid=11x15, start_cell=(1, 7), goal_cell=(7, 7), start_heading=0
Conditional ε-bound: ε_sample=1.1925, w=1.0, ε_total=1.1925
  Bound form (conditional): L_returned ≤ (1+ε_total) L* with assumptions documented in comments.

── MULTI-AGENT PLANNING (Synchronized Kalman) ──

  Running joint discrete A* (threshold=6.8317)... (max_iters=500000)
  Stops on the first feasible candidate under the threshold.
  ✓ Goal reachable from node 1 with distance 600.0

  ✓ FEASIBLE SOLUTION at iter 13: dist=550.0, unc=6.8284
  [Constraint A*] Complete: 13 iterations, final_dist=550.0

✓ Multi-agent solution with synchronized Kalman fusion:
  Support agent 1: node=464, dist=550.0m, goal_unc=3.1487m
  Primary agent: node=361, dist=550.0m, goal_unc=6.8284m
  ├─ Communication: every 100.0m, sigmoid taper range=200.0m width=20.0m
  └─ All agents' uncertainties benefit from synchronized Kalman fusion at checkpoints

--- Final Results ---
Support agent 1 : [1, 331, 337, 343, 404, 409, 464]  dist=550.0  goal_unc=3.1487  ✓  (Kalman-fused)
Primary agent : [1, 331, 337, 343, 349, 355, 361]  dist=550.0  goal_unc=6.8284  threshold=6.831698269 ✓ met  (Kalman-fused)

=== Kalman Filtering Summary ===
All 2 agents performing synchronized Kalman filtering:
  • Dead-reckoning propagation: DIR=0.05/m, PERP=0.016666666666666666/m
  • Landmark fusion: Information filter (Joseph form) at every waypoint
  • SYNCHRONIZED inter-agent communication: every 100.0m of travel
  • Tapered sigmoid weighting: range=200.0m, width=20.0m (soft plateau + rolloff)
  • Bidirectional Kalman fusion: all agent pairs within range at each checkpoint
  • Measurement model: bearing-angle sensor with noise=0.038, ratio=2.2
  └─ Support agents: goal_unc=3.1487m (improved by inter-agent fusion)
  └─ Primary agent: goal_unc=6.8284m (direct path with landmark updates)
Converged at iteration : 13
Figure path-role mapping: supports = paths[1:1], primary = paths[2]
Discrete evaluation: prim_len=550.0, unc=6.8284
Fig 1 saved.

=== Continuous Spline Optimization (threshold=6.8317) ===
  Initial (discrete→spline): prim_len=600.0, unc=7.065
  Barrier stage 1/15: μ=20.0
    → Recovered into the feasible set at iter 12 (min_slack=0.005728); feasible-only gate now armed
  Barrier stage 2/15: μ=7.0
  → Converged at iter 74 (Δlen=0.00097)
  Barrier stage 3/15: μ=2.45
  → Converged at iter 76 (Δlen=0.000746)
  Barrier stage 4/15: μ=0.8575
  → Converged at iter 78 (Δlen=0.000535)
  Barrier stage 5/15: μ=0.3001
  → Converged at iter 79 (Δlen=0.000973)
  Barrier stage 6/15: μ=0.105
  → Converged at iter 81 (Δlen=0.000264)
  Barrier stage 7/15: μ=0.0368
  → Converged at iter 82 (Δlen=0.000452)
  Barrier stage 8/15: μ=0.0129
  [Spline barrier] line search stalled; stopping at stage 8
  Barrier stage 9/15: μ=0.0045
  [Spline barrier] line search stalled; stopping at stage 9
  Barrier stage 10/15: μ=0.0016
  → Converged at iter 85 (Δlen=0.000444)
  Barrier stage 11/15: μ=0.0006
  → Converged at iter 86 (Δlen=0.000382)
  Barrier stage 12/15: μ=0.0002
  → Converged at iter 87 (Δlen=0.000271)
  Barrier stage 13/15: μ=0.0001
  → Converged at iter 88 (Δlen=0.000115)
  Barrier stage 14/15: μ=0.0
  → Converged at iter 89 (Δlen=8.2e-5)
  Barrier stage 15/15: μ=0.0
  → Converged at iter 90 (Δlen=0.000317)
  Final: prim_len=600.255, unc=6.826, threshold=6.8317, status=optimized, min_slack=0.005728
  Obstacle re-verification: mean path clears all obstacles ✓
Fig combined (main) saved: Discrete Len=600.0 → Continuous Len=600.25
Fig uncertainty profile (main) saved: /home/tonyzhang/projects/landmark_planning/constraint_sweep/sweep_2026-08-11/hexspline_cl/s077_p100/hexspline_cl/figures/main_unc_profile.png

[hexspline_cl] produced 1 solution(s) -> /home/tonyzhang/projects/landmark_planning/constraint_sweep/sweep_2026-08-11/hexspline_cl/s077_p100/hexspline_cl
