┌ Warning: Seed is infeasible (min_slack=-1.7099867803637139, ε=0.001); the barrier will try to recover it before shortening. Expected for the straight_cont ablation, and for a discrete seed that A* returned as its best incumbent after exhausting its budget.
└ @ Main ~/projects/landmark_planning/planners/hexspline_cl.jl:1215
Landmark scenario: random — 4 landmarks, 3 obstacles, start (0.0, 0.0) → goal (600.0, 0.0)
Hex graph: 653 nodes (648 heading-states + 4 sensors + goal), radius=57.73502691896258m, directed_edges=1704, grid=11x15, start_cell=(1, 7), goal_cell=(7, 7), start_heading=0

── GREEDY PLANNING ──
  Primary: shortest obstacle-clear route (single-agent A*, no uncertainty bound)

  ✓ FEASIBLE SOLUTION at iter 7: dist=550.0, unc=6.8317
  [Constraint A*] Single-agent complete: 7 iterations, final_dist=550.0
  Helpers: greedy placement, minimising the primary's uncertainty per step
  Support 1: dist=550.0m, goal_unc=6.8317m
  Primary  : dist=550.0m, goal_unc=6.8317m (threshold 5.123773701 ✗)

=== Continuous Spline Optimization (threshold=5.1238) ===
  Initial (discrete→spline): prim_len=600.0, unc=6.8338
  Barrier stage 1/15: μ=20.0
  Barrier stage 2/15: μ=20.0
  Barrier stage 3/15: μ=20.0
  Barrier stage 4/15: μ=20.0
    → Recovered into the feasible set at iter 238 (min_slack=0.001351); feasible-only gate now armed
  Barrier stage 5/15: μ=7.0
  Barrier stage 6/15: μ=2.45
  Barrier stage 7/15: μ=0.8575
  Barrier stage 8/15: μ=0.3001
  Barrier stage 9/15: μ=0.105
  Barrier stage 10/15: μ=0.0368
  Barrier stage 11/15: μ=0.0129
  Barrier stage 12/15: μ=0.0045
  Barrier stage 13/15: μ=0.0016
  Barrier stage 14/15: μ=0.0006
  Barrier stage 15/15: μ=0.0002
  Final: prim_len=601.218, unc=5.0791, threshold=5.1238, status=optimized, min_slack=0.014903
  Obstacle re-verification: mean path clears all obstacles ✓
Fig combined (main) saved: Discrete Len=600.0 → Continuous Len=601.22
Fig uncertainty profile (main) saved: /home/tonyzhang/projects/landmark_planning/constraint_sweep/sweep_2026-08-11/greedy/s077_p075/greedy/figures/main_unc_profile.png

[greedy] produced 1 solution(s) -> /home/tonyzhang/projects/landmark_planning/constraint_sweep/sweep_2026-08-11/greedy/s077_p075/greedy
