Landmark scenario: random — 4 landmarks, 2 obstacles, start (0.0, 0.0) → goal (600.0, 0.0)
Hex graph: 299 nodes (294 heading-states + 4 sensors + goal), radius=86.60254037844388m, directed_edges=726, grid=9x11, start_cell=(2, 5), goal_cell=(6, 5), start_heading=0

── FORMATION PLANNING ──
  Primary: own A* (formation_primary_astar); a goal candidate is accepted on the primary's uncertainty WITH its supports attached (threshold 5.667379141).
  One support: both lateral slots (+1 = 60° left, -1 = 60° right) tried per candidate.

    ✓ escorted-feasible at iter 95: dist=1200.0, unc=5.0876 (slot [-1])
  → Chose slot [-1]
  Support 1 (slot -1): dist=1200.0m, goal_unc=5.0864m, arc drift vs primary=0.0m
  Primary : dist=1200.0m, goal_unc=5.0876m (threshold 5.667379141 ✓)

=== Continuous Spline Optimization (threshold=5.6674) ===
  Initial (discrete→spline): prim_len=1120.16, unc=5.0876
  Barrier stage 1/15: μ=20.0
  → Converged at iter 55 (Δlen=0.00079)
  Barrier stage 2/15: μ=7.0
  → Converged at iter 109 (Δlen=0.000962)
  Barrier stage 3/15: μ=2.45
  Barrier stage 4/15: μ=0.8575
  Barrier stage 5/15: μ=0.3001
  Barrier stage 6/15: μ=0.105
  Barrier stage 7/15: μ=0.0368
  Barrier stage 8/15: μ=0.0129
  Barrier stage 9/15: μ=0.0045
  Barrier stage 10/15: μ=0.0016
  Barrier stage 11/15: μ=0.0006
  Barrier stage 12/15: μ=0.0002
  Barrier stage 13/15: μ=0.0001
  Barrier stage 14/15: μ=0.0
  Barrier stage 15/15: μ=0.0
  Final: prim_len=1120.16, unc=5.0876, threshold=5.6674, status=seed_only, min_slack=0.016111
  Obstacle re-verification: mean path clears all obstacles ✓
Fig combined (main) saved: Discrete Len=1120.16 → Continuous Len=1120.16
Fig uncertainty profile (main) saved: /home/tonyzhang/projects/landmark_planning/constraint_sweep/baseline_2026-08-17/formation/s033_p100/formation/figures/main_unc_profile.png

[formation] produced 1 solution(s) -> /home/tonyzhang/projects/landmark_planning/constraint_sweep/baseline_2026-08-17/formation/s033_p100/formation
