Landmark scenario: random — 3 landmarks, 3 obstacles, start (0.0, 0.0) → goal (900.0, 0.0)
Hex graph: 436 nodes (432 heading-states + 3 sensors + goal), radius=86.60254037844388m, directed_edges=1104, grid=11x11, start_cell=(1, 5), goal_cell=(7, 5), start_heading=0
Conditional ε-bound: ε_sample=1.1925, w=1.0, ε_total=1.1925
  Bound form (conditional): L_returned ≤ (1+ε_total) L* with assumptions documented in comments.

── MULTI-AGENT PLANNING (Synchronized Kalman) ──

  Running joint discrete A* (threshold=5.0573)... (max_iters=1000000)
  Stops on the first feasible candidate under the threshold.
  ✓ Goal reachable from node 1 with distance 900.0

  [Constraint A*] Incumbent seed at iter 514: dist=975.0, unc=5.2057 > 5.0573
  [A*] iter 1000/1000000 (0.1%)  left=999000  elapsed=1.7s     [A*] iter 2000/1000000 (0.2%)  left=998000  elapsed=1.8s   
  ✓ FEASIBLE SOLUTION at iter 2005: dist=1029.904, unc=3.7446
  [Constraint A*] Complete: 2005 iterations, final_dist=1029.904

✓ Multi-agent solution with synchronized Kalman fusion:
  Support agent 1: node=361, dist=1029.9m, goal_unc=1.159m
  Primary agent: node=253, dist=1029.9m, goal_unc=3.7446m
  ├─ Communication: every 100.0m, sigmoid taper range=300.0m width=20.0m
  └─ All agents' uncertainties benefit from synchronized Kalman fusion at checkpoints

--- Final Results ---
Support agent 1 : [1, 278, 332, 337, 343, 349, 355, 361]  dist=1029.904  goal_unc=1.159  ✓  (Kalman-fused)
Primary agent : [1, 278, 283, 289, 240, 241, 247, 253]  dist=1029.904  goal_unc=3.7446  threshold=5.057340582 ✓ met  (Kalman-fused)

=== Kalman Filtering Summary ===
All 2 agents performing synchronized Kalman filtering:
  • Dead-reckoning propagation: DIR=0.05/m, PERP=0.016666666666666666/m
  • Landmark fusion: Information filter (Joseph form) at every waypoint
  • SYNCHRONIZED inter-agent communication: every 100.0m of travel
  • Tapered sigmoid weighting: range=300.0m, width=20.0m (soft plateau + rolloff)
  • Bidirectional Kalman fusion: all agent pairs within range at each checkpoint
  • Measurement model: bearing-angle sensor with noise=0.038, ratio=2.2
  └─ Support agents: goal_unc=1.159m (improved by inter-agent fusion)
  └─ Primary agent: goal_unc=3.7446m (direct path with landmark updates)
Converged at iteration : 2005
Figure path-role mapping: supports = paths[1:1], primary = paths[2]
Discrete evaluation: prim_len=1029.904, unc=3.7446
Fig 1 saved.

=== Continuous Spline Optimization (threshold=5.0573) ===
  Initial (discrete→spline): prim_len=1023.258, unc=1.473
  Barrier stage 1/15: μ=20.0
  → Converged at iter 9 (Δlen=0.000975)
  Barrier stage 2/15: μ=7.0
  [Spline barrier] line search stalled; stopping at stage 2
  Barrier stage 3/15: μ=2.45
  [Spline barrier] line search stalled; stopping at stage 3
  Barrier stage 4/15: μ=0.8575
  [Spline barrier] line search stalled; stopping at stage 4
  Barrier stage 5/15: μ=0.3001
  [Spline barrier] line search stalled; stopping at stage 5
  Barrier stage 6/15: μ=0.105
  Barrier stage 7/15: μ=0.0368
  → Converged at iter 119 (Δlen=0.000384)
  Barrier stage 8/15: μ=0.0129
  → Converged at iter 139 (Δlen=0.000282)
  Barrier stage 9/15: μ=0.0045
  → Converged at iter 140 (Δlen=0.000355)
  Barrier stage 10/15: μ=0.0016
  → Converged at iter 141 (Δlen=0.00042)
  Barrier stage 11/15: μ=0.0006
  [Spline barrier] line search stalled; stopping at stage 11
  Barrier stage 12/15: μ=0.0002
  [Spline barrier] line search stalled; stopping at stage 12
  Barrier stage 13/15: μ=0.0001
  [Spline barrier] line search stalled; stopping at stage 13
  Barrier stage 14/15: μ=0.0
  [Spline barrier] line search stalled; stopping at stage 14
  Barrier stage 15/15: μ=0.0
  [Spline barrier] line search stalled; stopping at stage 15
  Final: prim_len=968.62, unc=3.9585, threshold=5.0573, status=optimized, min_slack=0.015624
  Obstacle re-verification: mean path clears all obstacles ✓
Fig combined (main) saved: Discrete Len=1023.26 → Continuous Len=968.62
Fig uncertainty profile (main) saved: /home/tony-zhang/Research/landmark_planning/constraint_sweep/smoke150/hexspline_cl/s008_p080/hexspline_cl/figures/main_unc_profile.png

[hexspline_cl] produced 1 solution(s) -> /home/tony-zhang/Research/landmark_planning/constraint_sweep/smoke150/hexspline_cl/s008_p080/hexspline_cl
