┌ Warning: Seed is infeasible (min_slack=-0.2391389300439597, ε=0.001); the barrier will try to recover it before shortening. Expected for the straight_cont ablation, and for a discrete seed that A* returned as its best incumbent after exhausting its budget.
└ @ Main ~/projects/landmark_planning/planners/hexspline_cl.jl:1215
Landmark scenario: random — 4 landmarks, 5 obstacles, start (0.0, 0.0) → goal (800.0, 0.0)
Hex graph: 797 nodes (792 heading-states + 4 sensors + goal), radius=57.73502691896258m, directed_edges=2112, grid=13x15, start_cell=(1, 7), goal_cell=(9, 7), start_heading=0

── SEQUENTIAL PLANNING (2 agent(s), one at a time) ──
  Leg 1 — primary, 1 helper(s) parked at start (bound 8.5287 = 2.0x the 4.264333109 threshold the shipped route is held to):

    ✓ feasible at iter 326: dist=1050.0, unc=5.6858
  Leg 2 — helper 1 vs the fixed primary trajectory (12 steps, beam 400):
    → helper 1 placed; primary goal_unc now 4.5421
  Leg 3 — primary re-planned against the committed helper paths:

    ✓ feasible at iter 431: dist=1086.603, unc=4.1127
    leg 1 route: len=1050.0, unc=4.5421 ✗  |  re-planned: len=1086.6, unc=4.1127 ✓  → TAKE re-plan
  Helper 1: dist=1050.0m, goal_unc=3.5218m
  Primary  : dist=1086.6m, goal_unc=4.1127m (threshold 4.264333109 ✓)

=== Continuous Spline Optimization (threshold=4.2643) ===
  Initial (discrete→spline): prim_len=1050.546, unc=4.5035
  Barrier stage 1/15: μ=20.0
    → Recovered into the feasible set at iter 15 (min_slack=0.000436); feasible-only gate now armed
  → Converged at iter 27 (Δlen=0.000358)
  Barrier stage 2/15: μ=7.0
  → Converged at iter 28 (Δlen=0.000441)
  Barrier stage 3/15: μ=2.45
  [Spline barrier] line search stalled; stopping at stage 3
  Barrier stage 4/15: μ=0.8575
  [Spline barrier] line search stalled; stopping at stage 4
  Barrier stage 5/15: μ=0.3001
  [Spline barrier] line search stalled; stopping at stage 5
  Barrier stage 6/15: μ=0.105
  [Spline barrier] line search stalled; stopping at stage 6
  Barrier stage 7/15: μ=0.0368
  [Spline barrier] line search stalled; stopping at stage 7
  Barrier stage 8/15: μ=0.0129
  [Spline barrier] line search stalled; stopping at stage 8
  Barrier stage 9/15: μ=0.0045
  [Spline barrier] line search stalled; stopping at stage 9
  Barrier stage 10/15: μ=0.0016
  [Spline barrier] line search stalled; stopping at stage 10
  Barrier stage 11/15: μ=0.0006
  [Spline barrier] line search stalled; stopping at stage 11
  Barrier stage 12/15: μ=0.0002
  [Spline barrier] line search stalled; stopping at stage 12
  Barrier stage 13/15: μ=0.0001
  [Spline barrier] line search stalled; stopping at stage 13
  Barrier stage 14/15: μ=0.0
  [Spline barrier] line search stalled; stopping at stage 14
  Barrier stage 15/15: μ=0.0
  [Spline barrier] line search stalled; stopping at stage 15
  Final: prim_len=1060.83, unc=4.2639, threshold=4.2643, status=optimized, min_slack=0.000436
  Obstacle re-verification: mean path clears all obstacles ✓
Fig combined (main) saved: Discrete Len=1050.55 → Continuous Len=1060.83
Fig uncertainty profile (main) saved: /home/tonyzhang/projects/landmark_planning/constraint_sweep/sweep_2026-08-11/sequential/s049_p075/sequential/figures/main_unc_profile.png

[sequential] produced 1 solution(s) -> /home/tonyzhang/projects/landmark_planning/constraint_sweep/sweep_2026-08-11/sequential/s049_p075/sequential
