Landmark scenario: random — 3 landmarks, 1 obstacles, start (0.0, 0.0) → goal (750.0, 0.0)
Hex graph: 340 nodes (336 heading-states + 3 sensors + goal), radius=86.60254037844388m, directed_edges=840, grid=10x11, start_cell=(2, 5), goal_cell=(7, 5), start_heading=0

── FORMATION PLANNING ──
  Primary: own A* (formation_primary_astar); a goal candidate is accepted on the primary's uncertainty WITH its supports attached (threshold 4.212523091).
  One support: both lateral slots (+1 = 60° left, -1 = 60° right) tried per candidate.

    ✓ escorted-feasible at iter 70: dist=1050.0, unc=4.0071 (slot [1])
  → Chose slot [1]
  Support 1 (slot 1): dist=1050.0m, goal_unc=1.1646m, arc drift vs primary=0.0m
  Primary : dist=1050.0m, goal_unc=4.0071m (threshold 4.212523091 ✓)

=== Continuous Spline Optimization (threshold=4.2125) ===
  Initial (discrete→spline): prim_len=985.862, unc=4.0071
  Barrier stage 1/15: μ=20.0
  [Spline barrier] line search stalled; stopping at stage 1
  Barrier stage 2/15: μ=7.0
  [Spline barrier] line search stalled; stopping at stage 2
  Barrier stage 3/15: μ=2.45
  Barrier stage 4/15: μ=0.8575
  Barrier stage 5/15: μ=0.3001
  Barrier stage 6/15: μ=0.105
  Barrier stage 7/15: μ=0.0368
  Barrier stage 8/15: μ=0.0129
  Barrier stage 9/15: μ=0.0045
  Barrier stage 10/15: μ=0.0016
  → Converged at iter 505 (Δlen=0.000999)
  Barrier stage 11/15: μ=0.0006
  → Converged at iter 507 (Δlen=0.000989)
  Barrier stage 12/15: μ=0.0002
  → Converged at iter 509 (Δlen=0.000979)
  Barrier stage 13/15: μ=0.0001
  → Converged at iter 511 (Δlen=0.000969)
  Barrier stage 14/15: μ=0.0
  → Converged at iter 513 (Δlen=0.00096)
  Barrier stage 15/15: μ=0.0
  → Converged at iter 515 (Δlen=0.000951)
  Final: prim_len=958.855, unc=3.8765, threshold=4.2125, status=optimized, min_slack=0.01609
  Obstacle re-verification: mean path clears all obstacles ✓
Fig combined (main) saved: Discrete Len=985.86 → Continuous Len=958.85
Fig uncertainty profile (main) saved: /home/tonyzhang/projects/landmark_planning/constraint_sweep/baseline_2026-08-17/formation/s081_p080/formation/figures/main_unc_profile.png

[formation] produced 1 solution(s) -> /home/tonyzhang/projects/landmark_planning/constraint_sweep/baseline_2026-08-17/formation/s081_p080/formation
