┌ Warning: Seed is infeasible (min_slack=-18.810445621040895, ε=0.001); the barrier will try to recover it before shortening. Expected for the straight_cont ablation, and for a discrete seed that A* returned as its best incumbent after exhausting its budget.
└ @ Main ~/projects/landmark_planning/planners/hexspline_cl.jl:1215
Landmark scenario: random — 4 landmarks, 5 obstacles, start (0.0, 0.0) → goal (600.0, 0.0)
Hex graph: 653 nodes (648 heading-states + 4 sensors + goal), radius=57.73502691896258m, directed_edges=1704, grid=11x15, start_cell=(1, 7), goal_cell=(7, 7), start_heading=0

── SEQUENTIAL PLANNING (2 agent(s), one at a time) ──
  Leg 1 — primary, 1 helper(s) parked at start (bound 9.8919 = 2.0x the 4.945960656 threshold the shipped route is held to):

    ✓ feasible at iter 35: dist=750.0, unc=6.1766
  Leg 2 — helper 1 vs the fixed primary trajectory (9 steps, beam 400):
    → helper 1 placed; primary goal_unc now 3.7493
  Leg 3 — primary re-planned against the committed helper paths:

    ✓ feasible at iter 274: dist=1050.0, unc=3.1177
    leg 1 route: len=750.0, unc=3.7493 ✓  |  re-planned: len=1050.0, unc=3.1177 ✓  → keep leg 1
  Helper 1: dist=750.0m, goal_unc=3.4575m
  Primary  : dist=750.0m, goal_unc=3.7493m (threshold 4.945960656 ✓)

=== Continuous Spline Optimization (threshold=4.946) ===
  Initial (discrete→spline): prim_len=743.295, unc=4.2917
  Barrier stage 1/15: μ=20.0
    → Recovered into the feasible set at iter 30 (min_slack=0.009808); feasible-only gate now armed
  Barrier stage 2/15: μ=7.0
  → Converged at iter 95 (Δlen=0.000161)
  Barrier stage 3/15: μ=2.45
  → Converged at iter 119 (Δlen=0.000914)
  Barrier stage 4/15: μ=0.8575
  Barrier stage 5/15: μ=0.3001
  → Converged at iter 222 (Δlen=0.000293)
  Barrier stage 6/15: μ=0.105
  → Converged at iter 223 (Δlen=0.00037)
  Barrier stage 7/15: μ=0.0368
  → Converged at iter 249 (Δlen=0.00065)
  Barrier stage 8/15: μ=0.0129
  → Converged at iter 250 (Δlen=0.000735)
  Barrier stage 9/15: μ=0.0045
  [Spline barrier] line search stalled; stopping at stage 9
  Barrier stage 10/15: μ=0.0016
  [Spline barrier] line search stalled; stopping at stage 10
  Barrier stage 11/15: μ=0.0006
  [Spline barrier] line search stalled; stopping at stage 11
  Barrier stage 12/15: μ=0.0002
  [Spline barrier] line search stalled; stopping at stage 12
  Barrier stage 13/15: μ=0.0001
  [Spline barrier] line search stalled; stopping at stage 13
  Barrier stage 14/15: μ=0.0
  [Spline barrier] line search stalled; stopping at stage 14
  Barrier stage 15/15: μ=0.0
  [Spline barrier] line search stalled; stopping at stage 15
  Final: prim_len=740.269, unc=4.8903, threshold=4.946, status=optimized, min_slack=0.0
  Obstacle re-verification: mean path clears all obstacles ✓
Fig combined (main) saved: Discrete Len=743.3 → Continuous Len=740.27
Fig uncertainty profile (main) saved: /home/tonyzhang/projects/landmark_planning/constraint_sweep/sweep_2026-08-11/sequential/s075_p080/sequential/figures/main_unc_profile.png

[sequential] produced 1 solution(s) -> /home/tonyzhang/projects/landmark_planning/constraint_sweep/sweep_2026-08-11/sequential/s075_p080/sequential
