┌ Warning: Seed is infeasible (min_slack=-19.079007972146623, ε=0.001); the barrier will try to recover it before shortening. Expected for the straight_cont ablation, and for a discrete seed that A* returned as its best incumbent after exhausting its budget.
└ @ Main ~/projects/landmark_planning/planners/hexspline_cl.jl:1215
Landmark scenario: random — 3 landmarks, 3 obstacles, start (0.0, 0.0) → goal (600.0, 0.0)
Hex graph: 652 nodes (648 heading-states + 3 sensors + goal), radius=57.73502691896258m, directed_edges=1704, grid=11x15, start_cell=(1, 7), goal_cell=(7, 7), start_heading=0

── GREEDY PLANNING ──
  Primary: shortest obstacle-clear route (single-agent A*, no uncertainty bound)

  [Constraint A*] Goal popped, unc OK, but its B-spline breaches an obstacle; discarded.

  [Constraint A*] Goal popped, unc OK, but its B-spline breaches an obstacle; discarded.

  [Constraint A*] Goal popped, unc OK, but its B-spline breaches an obstacle; discarded.

  [Constraint A*] Goal popped, unc OK, but its B-spline breaches an obstacle; discarded.

  [Constraint A*] Goal popped, unc OK, but its B-spline breaches an obstacle; discarded.

  [Constraint A*] Goal popped, unc OK, but its B-spline breaches an obstacle; discarded.

  ✓ FEASIBLE SOLUTION at iter 79: dist=786.603, unc=7.6967
  [Constraint A*] Single-agent complete: 79 iterations, final_dist=786.603
  Helpers: greedy placement, minimising the primary's uncertainty per step
  Support 1: dist=750.0m, goal_unc=0.9511m
  Primary  : dist=786.6m, goal_unc=7.1733m (threshold 5.772523832 ✗)

=== Continuous Spline Optimization (threshold=5.7725) ===
  Initial (discrete→spline): prim_len=783.106, unc=7.3096
  Barrier stage 1/15: μ=20.0
    → Recovered into the feasible set at iter 30 (min_slack=0.009605); feasible-only gate now armed
  → Converged at iter 40 (Δlen=0.000781)
  Barrier stage 2/15: μ=7.0
  → Converged at iter 42 (Δlen=0.000165)
  Barrier stage 3/15: μ=2.45
  → Converged at iter 79 (Δlen=0.000903)
  Barrier stage 4/15: μ=0.8575
  → Converged at iter 80 (Δlen=0.000317)
  Barrier stage 5/15: μ=0.3001
  Barrier stage 6/15: μ=0.105
  Barrier stage 7/15: μ=0.0368
  Barrier stage 8/15: μ=0.0129
  Barrier stage 9/15: μ=0.0045
  Barrier stage 10/15: μ=0.0016
  Barrier stage 11/15: μ=0.0006
  Barrier stage 12/15: μ=0.0002
  Barrier stage 13/15: μ=0.0001
  → Converged at iter 619 (Δlen=0.000333)
  Barrier stage 14/15: μ=0.0
  → Converged at iter 620 (Δlen=0.000499)
  Barrier stage 15/15: μ=0.0
  → Converged at iter 621 (Δlen=0.000583)
  Final: prim_len=779.871, unc=5.4356, threshold=5.7725, status=optimized, min_slack=4.8e-5
  Obstacle re-verification: mean path clears all obstacles ✓
Fig combined (main) saved: Discrete Len=783.11 → Continuous Len=779.87
Fig uncertainty profile (main) saved: /home/tonyzhang/projects/landmark_planning/constraint_sweep/sweep_2026-08-11/greedy/s090_p075/greedy/figures/main_unc_profile.png

[greedy] produced 1 solution(s) -> /home/tonyzhang/projects/landmark_planning/constraint_sweep/sweep_2026-08-11/greedy/s090_p075/greedy
