┌ Warning: Seed is infeasible (min_slack=-15.503270781716067, ε=0.001); the barrier will try to recover it before shortening. Expected for the straight_cont ablation, and for a discrete seed that A* returned as its best incumbent after exhausting its budget.
└ @ Main ~/projects/landmark_planning/planners/hexspline_cl.jl:1215
Landmark scenario: random — 3 landmarks, 5 obstacles, start (0.0, 0.0) → goal (600.0, 0.0)
Hex graph: 652 nodes (648 heading-states + 3 sensors + goal), radius=57.73502691896258m, directed_edges=1704, grid=11x15, start_cell=(1, 7), goal_cell=(7, 7), start_heading=0

── GREEDY PLANNING ──
  Primary: shortest obstacle-clear route (single-agent A*, no uncertainty bound)

  [Constraint A*] Goal popped, unc OK, but its B-spline breaches an obstacle; discarded.

  [Constraint A*] Goal popped, unc OK, but its B-spline breaches an obstacle; discarded.

  ✓ FEASIBLE SOLUTION at iter 37: dist=750.0, unc=4.2255
  [Constraint A*] Single-agent complete: 37 iterations, final_dist=750.0
  Helpers: greedy placement, minimising the primary's uncertainty per step
  Support 1: dist=750.0m, goal_unc=2.8973m
  Primary  : dist=750.0m, goal_unc=4.1433m (threshold 4.225521817 ✓)

=== Continuous Spline Optimization (threshold=4.2255) ===
  Initial (discrete→spline): prim_len=717.528, unc=4.4217
  Barrier stage 1/15: μ=20.0
    → Recovered into the feasible set at iter 41 (min_slack=0.007156); feasible-only gate now armed
  Barrier stage 2/15: μ=7.0
  → Converged at iter 68 (Δlen=0.000949)
  Barrier stage 3/15: μ=2.45
  Barrier stage 4/15: μ=0.8575
  Barrier stage 5/15: μ=0.3001
  Barrier stage 6/15: μ=0.105
  Barrier stage 7/15: μ=0.0368
  Barrier stage 8/15: μ=0.0129
  → Converged at iter 414 (Δlen=0.000564)
  Barrier stage 9/15: μ=0.0045
  → Converged at iter 415 (Δlen=0.000708)
  Barrier stage 10/15: μ=0.0016
  → Converged at iter 416 (Δlen=0.000781)
  Barrier stage 11/15: μ=0.0006
  [Spline barrier] line search stalled; stopping at stage 11
  Barrier stage 12/15: μ=0.0002
  [Spline barrier] line search stalled; stopping at stage 12
  Barrier stage 13/15: μ=0.0001
  [Spline barrier] line search stalled; stopping at stage 13
  Barrier stage 14/15: μ=0.0
  [Spline barrier] line search stalled; stopping at stage 14
  Barrier stage 15/15: μ=0.0
  [Spline barrier] line search stalled; stopping at stage 15
  Final: prim_len=702.457, unc=4.2255, threshold=4.2255, status=optimized, min_slack=0.0
  Obstacle re-verification: mean path clears all obstacles ✓
Fig combined (main) saved: Discrete Len=717.53 → Continuous Len=702.46
Fig uncertainty profile (main) saved: /home/tonyzhang/projects/landmark_planning/constraint_sweep/sweep_2026-08-11/greedy/s023_p100/greedy/figures/main_unc_profile.png

[greedy] produced 1 solution(s) -> /home/tonyzhang/projects/landmark_planning/constraint_sweep/sweep_2026-08-11/greedy/s023_p100/greedy
