Landmark scenario: random — 4 landmarks, 5 obstacles, start (0.0, 0.0) → goal (600.0, 0.0)
Hex graph: 653 nodes (648 heading-states + 4 sensors + goal), radius=57.73502691896258m, directed_edges=1704, grid=11x15, start_cell=(1, 7), goal_cell=(7, 7), start_heading=0

── GREEDY PLANNING ──
  Primary: shortest obstacle-clear route (single-agent A*, no uncertainty bound)

  ✓ FEASIBLE SOLUTION at iter 11: dist=650.0, unc=5.5807
  [Constraint A*] Single-agent complete: 11 iterations, final_dist=650.0
  Helpers: greedy placement, minimising the primary's uncertainty per step
  Support 1: dist=650.0m, goal_unc=2.0265m
  Primary  : dist=650.0m, goal_unc=3.7101m (threshold 4.185547254 ✓)

=== Continuous Spline Optimization (threshold=4.1855) ===
  Initial (discrete→spline): prim_len=647.836, unc=3.9243
  Barrier stage 1/15: μ=20.0
  → Converged at iter 8 (Δlen=0.000862)
  Barrier stage 2/15: μ=7.0
  Barrier stage 3/15: μ=2.45
  Barrier stage 4/15: μ=0.8575
  Barrier stage 5/15: μ=0.3001
  Barrier stage 6/15: μ=0.105
  Barrier stage 7/15: μ=0.0368
  → Converged at iter 358 (Δlen=6.0e-5)
  Barrier stage 8/15: μ=0.0129
  [Spline barrier] line search stalled; stopping at stage 8
  Barrier stage 9/15: μ=0.0045
  [Spline barrier] line search stalled; stopping at stage 9
  Barrier stage 10/15: μ=0.0016
  → Converged at iter 391 (Δlen=0.000401)
  Barrier stage 11/15: μ=0.0006
  → Converged at iter 393 (Δlen=0.00056)
  Barrier stage 12/15: μ=0.0002
  → Converged at iter 395 (Δlen=0.000168)
  Barrier stage 13/15: μ=0.0001
  → Converged at iter 396 (Δlen=0.00026)
  Barrier stage 14/15: μ=0.0
  → Converged at iter 397 (Δlen=0.000285)
  Barrier stage 15/15: μ=0.0
  [Spline barrier] line search stalled; stopping at stage 15
  Final: prim_len=606.549, unc=1.8515, threshold=4.1855, status=optimized, min_slack=2.3e-5
  Obstacle re-verification: mean path clears all obstacles ✓
Fig combined (main) saved: Discrete Len=647.84 → Continuous Len=606.55
Fig uncertainty profile (main) saved: /home/tonyzhang/projects/landmark_planning/constraint_sweep/sweep_2026-08-11/greedy/s027_p075/greedy/figures/main_unc_profile.png

[greedy] produced 1 solution(s) -> /home/tonyzhang/projects/landmark_planning/constraint_sweep/sweep_2026-08-11/greedy/s027_p075/greedy
