Landmark scenario: random — 3 landmarks, 3 obstacles, start (0.0, 0.0) → goal (600.0, 0.0)
Hex graph: 652 nodes (648 heading-states + 3 sensors + goal), radius=57.73502691896258m, directed_edges=1704, grid=11x15, start_cell=(1, 7), goal_cell=(7, 7), start_heading=0

── SEQUENTIAL PLANNING (2 agent(s), one at a time) ──
  Leg 1 — primary, 1 helper(s) parked at start (bound 8.6423 = 2.0x the 4.321159945 threshold the shipped route is held to):

    ✓ feasible at iter 39: dist=750.0, unc=5.4005
  Leg 2 — helper 1 vs the fixed primary trajectory (9 steps, beam 400):
    → helper 1 placed; primary goal_unc now 3.4565
  Leg 3 — primary re-planned against the committed helper paths:

    ✓ feasible at iter 145: dist=850.0, unc=3.9986
    leg 1 route: len=750.0, unc=3.4565 ✓  |  re-planned: len=850.0, unc=3.9986 ✓  → keep leg 1
  Helper 1: dist=750.0m, goal_unc=2.8025m
  Primary  : dist=750.0m, goal_unc=3.4565m (threshold 4.321159945 ✓)

=== Continuous Spline Optimization (threshold=4.3212) ===
  Initial (discrete→spline): prim_len=743.295, unc=3.8468
  Barrier stage 1/15: μ=20.0
  Barrier stage 2/15: μ=7.0
  Barrier stage 3/15: μ=2.45
  → Converged at iter 159 (Δlen=0.000506)
  Barrier stage 4/15: μ=0.8575
  → Converged at iter 160 (Δlen=0.000774)
  Barrier stage 5/15: μ=0.3001
  Barrier stage 6/15: μ=0.105
  Barrier stage 7/15: μ=0.0368
  → Converged at iter 300 (Δlen=0.000705)
  Barrier stage 8/15: μ=0.0129
  → Converged at iter 307 (Δlen=0.000375)
  Barrier stage 9/15: μ=0.0045
  [Spline barrier] line search stalled; stopping at stage 9
  Barrier stage 10/15: μ=0.0016
  [Spline barrier] line search stalled; stopping at stage 10
  Barrier stage 11/15: μ=0.0006
  [Spline barrier] line search stalled; stopping at stage 11
  Barrier stage 12/15: μ=0.0002
  [Spline barrier] line search stalled; stopping at stage 12
  Barrier stage 13/15: μ=0.0001
  → Converged at iter 312 (Δlen=0.000477)
  Barrier stage 14/15: μ=0.0
  → Converged at iter 317 (Δlen=0.000433)
  Barrier stage 15/15: μ=0.0
  [Spline barrier] line search stalled; stopping at stage 15
  Final: prim_len=703.654, unc=4.3011, threshold=4.3212, status=optimized, min_slack=8.7e-5
  Obstacle re-verification: mean path clears all obstacles ✓
Fig combined (main) saved: Discrete Len=743.3 → Continuous Len=703.65
Fig uncertainty profile (main) saved: /home/tonyzhang/projects/landmark_planning/constraint_sweep/sweep_2026-08-11/sequential/s066_p080/sequential/figures/main_unc_profile.png

[sequential] produced 1 solution(s) -> /home/tonyzhang/projects/landmark_planning/constraint_sweep/sweep_2026-08-11/sequential/s066_p080/sequential
