Landmark scenario: random — 4 landmarks, 3 obstacles, start (0.0, 0.0) → goal (900.0, 0.0)
Hex graph: 383 nodes (378 heading-states + 4 sensors + goal), radius=86.60254037844388m, directed_edges=954, grid=11x11, start_cell=(2, 5), goal_cell=(8, 5), start_heading=0

── SEQUENTIAL PLANNING (2 agent(s), one at a time) ──
  Leg 1 — primary, 1 helper(s) parked at start (bound 16.6303 = 2.0x the 8.315167384 threshold the shipped route is held to):

    ✓ feasible at iter 110: dist=1200.0, unc=8.3141
  Leg 2 — helper 1 vs the fixed primary trajectory (9 steps, beam 400):
    (took rank #9 of 400; 8 better-ranked route(s) breach as splines)
    → helper 1 placed; primary goal_unc now 4.7918
  Leg 3 — primary re-planned against the committed helper paths:

    ✓ feasible at iter 148: dist=1350.0, unc=6.0473
    leg 1 route: len=1200.0, unc=4.7918 ✓  |  re-planned: len=1350.0, unc=6.0473 ✓  → keep leg 1
  Helper 1: dist=1200.0m, goal_unc=4.4994m
  Primary  : dist=1200.0m, goal_unc=4.7918m (threshold 8.315167384 ✓)

=== Continuous Spline Optimization (threshold=8.3152) ===
  Initial (discrete→spline): prim_len=1154.736, unc=4.7918
  Barrier stage 1/15: μ=20.0
  → Converged at iter 42 (Δlen=0.000216)
  Barrier stage 2/15: μ=7.0
  → Converged at iter 43 (Δlen=0.000236)
  Barrier stage 3/15: μ=2.45
  → Converged at iter 44 (Δlen=0.000376)
  Barrier stage 4/15: μ=0.8575
  [Spline barrier] line search stalled; stopping at stage 4
  Barrier stage 5/15: μ=0.3001
  [Spline barrier] line search stalled; stopping at stage 5
  Barrier stage 6/15: μ=0.105
  Barrier stage 7/15: μ=0.0368
  [Spline barrier] line search stalled; stopping at stage 7
  Barrier stage 8/15: μ=0.0129
  [Spline barrier] line search stalled; stopping at stage 8
  Barrier stage 9/15: μ=0.0045
  [Spline barrier] line search stalled; stopping at stage 9
  Barrier stage 10/15: μ=0.0016
  [Spline barrier] line search stalled; stopping at stage 10
  Barrier stage 11/15: μ=0.0006
  [Spline barrier] line search stalled; stopping at stage 11
  Barrier stage 12/15: μ=0.0002
  → Converged at iter 130 (Δlen=0.000241)
  Barrier stage 13/15: μ=0.0001
  [Spline barrier] line search stalled; stopping at stage 13
  Barrier stage 14/15: μ=0.0
  [Spline barrier] line search stalled; stopping at stage 14
  Barrier stage 15/15: μ=0.0
  [Spline barrier] line search stalled; stopping at stage 15
  Final: prim_len=1121.512, unc=6.1032, threshold=8.3152, status=optimized, min_slack=2.5e-5
  Obstacle re-verification: mean path clears all obstacles ✓
Fig combined (main) saved: Discrete Len=1154.74 → Continuous Len=1121.51
Fig uncertainty profile (main) saved: /home/tonyzhang/projects/landmark_planning/constraint_sweep/baseline_2026-08-17/sequential/s079_p100/sequential/figures/main_unc_profile.png

[sequential] produced 1 solution(s) -> /home/tonyzhang/projects/landmark_planning/constraint_sweep/baseline_2026-08-17/sequential/s079_p100/sequential
