Landmark scenario: random — 4 landmarks, 3 obstacles, start (0.0, 0.0) → goal (600.0, 0.0)
Hex graph: 653 nodes (648 heading-states + 4 sensors + goal), radius=57.73502691896258m, directed_edges=1704, grid=11x15, start_cell=(1, 7), goal_cell=(7, 7), start_heading=0

── SEQUENTIAL PLANNING (2 agent(s), one at a time) ──
  Leg 1 — primary, 1 helper(s) parked at start (bound 7.829 = 2.0x the 3.914488017 threshold the shipped route is held to):

    ✓ feasible at iter 25: dist=650.0, unc=5.3257
  Leg 2 — helper 1 vs the fixed primary trajectory (8 steps, beam 400):
    → helper 1 placed; primary goal_unc now 3.2234
  Leg 3 — primary re-planned against the committed helper paths:

    ✓ feasible at iter 9: dist=650.0, unc=3.2237
    leg 1 route: len=650.0, unc=3.2234 ✓  |  re-planned: len=650.0, unc=3.2237 ✓  → keep leg 1
  Helper 1: dist=650.0m, goal_unc=2.5552m
  Primary  : dist=650.0m, goal_unc=3.2234m (threshold 3.914488017 ✓)

=== Continuous Spline Optimization (threshold=3.9145) ===
  Initial (discrete→spline): prim_len=650.13, unc=3.6887
  Barrier stage 1/15: μ=20.0
  Barrier stage 2/15: μ=7.0
  → Converged at iter 75 (Δlen=3.4e-5)
  Barrier stage 3/15: μ=2.45
  → Converged at iter 76 (Δlen=1.9e-5)
  Barrier stage 4/15: μ=0.8575
  Barrier stage 5/15: μ=0.3001
  Barrier stage 6/15: μ=0.105
  Barrier stage 7/15: μ=0.0368
  Barrier stage 8/15: μ=0.0129
  Barrier stage 9/15: μ=0.0045
  Barrier stage 10/15: μ=0.0016
  → Converged at iter 524 (Δlen=4.9e-5)
  Barrier stage 11/15: μ=0.0006
  → Converged at iter 525 (Δlen=0.000852)
  Barrier stage 12/15: μ=0.0002
  → Converged at iter 527 (Δlen=2.7e-5)
  Barrier stage 13/15: μ=0.0001
  → Converged at iter 528 (Δlen=3.4e-5)
  Barrier stage 14/15: μ=0.0
  [Spline barrier] line search stalled; stopping at stage 14
  Barrier stage 15/15: μ=0.0
  [Spline barrier] line search stalled; stopping at stage 15
  Final: prim_len=610.02, unc=2.2866, threshold=3.9145, status=optimized, min_slack=5.0e-6
  Obstacle re-verification: mean path clears all obstacles ✓
Fig combined (main) saved: Discrete Len=650.13 → Continuous Len=610.02
Fig uncertainty profile (main) saved: /home/tonyzhang/projects/landmark_planning/constraint_sweep/sweep_2026-08-11/sequential/s084_p100/sequential/figures/main_unc_profile.png

[sequential] produced 1 solution(s) -> /home/tonyzhang/projects/landmark_planning/constraint_sweep/sweep_2026-08-11/sequential/s084_p100/sequential
