Landmark scenario: random — 4 landmarks, 4 obstacles, start (0.0, 0.0) → goal (800.0, 0.0)
Hex graph: 797 nodes (792 heading-states + 4 sensors + goal), radius=57.73502691896258m, directed_edges=2112, grid=13x15, start_cell=(1, 7), goal_cell=(9, 7), start_heading=0

── SEQUENTIAL PLANNING (2 agent(s), one at a time) ──
  Leg 1 — primary, 1 helper(s) parked at start (bound 12.2467 = 2.0x the 6.12333032 threshold the shipped route is held to):

    ✓ feasible at iter 57: dist=850.0, unc=8.0836
  Leg 2 — helper 1 vs the fixed primary trajectory (10 steps, beam 400):
    → helper 1 placed; primary goal_unc now 3.5934
  Leg 3 — primary re-planned against the committed helper paths:

    ✓ feasible at iter 29: dist=850.0, unc=3.5934
    leg 1 route: len=850.0, unc=3.5934 ✓  |  re-planned: len=850.0, unc=3.5934 ✓  → keep leg 1
  Helper 1: dist=850.0m, goal_unc=3.5543m
  Primary  : dist=850.0m, goal_unc=3.5934m (threshold 6.12333032 ✓)

=== Continuous Spline Optimization (threshold=6.1233) ===
  Initial (discrete→spline): prim_len=850.13, unc=3.9859
  Barrier stage 1/15: μ=20.0
  Barrier stage 2/15: μ=7.0
  → Converged at iter 112 (Δlen=0.000528)
  Barrier stage 3/15: μ=2.45
  Barrier stage 4/15: μ=0.8575
  Barrier stage 5/15: μ=0.3001
  Barrier stage 6/15: μ=0.105
  Barrier stage 7/15: μ=0.0368
  Barrier stage 8/15: μ=0.0129
  Barrier stage 9/15: μ=0.0045
  Barrier stage 10/15: μ=0.0016
  Barrier stage 11/15: μ=0.0006
  Barrier stage 12/15: μ=0.0002
  → Converged at iter 762 (Δlen=0.000577)
  Barrier stage 13/15: μ=0.0001
  → Converged at iter 763 (Δlen=0.000861)
  Barrier stage 14/15: μ=0.0
  → Converged at iter 764 (Δlen=0.000932)
  Barrier stage 15/15: μ=0.0
  → Converged at iter 765 (Δlen=0.00095)
  Final: prim_len=809.029, unc=2.9693, threshold=6.1233, status=optimized, min_slack=1.2e-5
  Obstacle re-verification: mean path clears all obstacles ✓
Fig combined (main) saved: Discrete Len=850.13 → Continuous Len=809.03
Fig uncertainty profile (main) saved: /home/tonyzhang/projects/landmark_planning/constraint_sweep/sweep_2026-08-11/sequential/s018_p065/sequential/figures/main_unc_profile.png

[sequential] produced 1 solution(s) -> /home/tonyzhang/projects/landmark_planning/constraint_sweep/sweep_2026-08-11/sequential/s018_p065/sequential
