Landmark scenario: random — 4 landmarks, 4 obstacles, start (0.0, 0.0) → goal (700.0, 0.0)
Hex graph: 725 nodes (720 heading-states + 4 sensors + goal), radius=57.73502691896258m, directed_edges=1908, grid=12x15, start_cell=(1, 7), goal_cell=(8, 7), start_heading=0
Conditional ε-bound: ε_sample=1.165, w=1.0, ε_total=1.165
  Bound form (conditional): L_returned ≤ (1+ε_total) L* with assumptions documented in comments.

── MULTI-AGENT PLANNING (Synchronized Kalman) ──

  Running joint discrete A* (threshold=6.8568)... (max_iters=1000000)
  Stops on the first feasible candidate under the threshold.
  ✓ Goal reachable from node 1 with distance 700.0
  [A*] iter 1000/1000000 (0.1%)  left=999000  elapsed=1.7s     [A*] iter 2000/1000000 (0.2%)  left=998000  elapsed=1.8s     [A*] iter 3000/1000000 (0.3%)  left=997000  elapsed=1.9s     [A*] iter 4000/1000000 (0.4%)  left=996000  elapsed=2.0s     [A*] iter 5000/1000000 (0.5%)  left=995000  elapsed=2.2s     [A*] iter 6000/1000000 (0.6%)  left=994000  elapsed=2.2s     [A*] iter 7000/1000000 (0.7%)  left=993000  elapsed=2.3s     [A*] iter 8000/1000000 (0.8%)  left=992000  elapsed=2.4s     [A*] iter 9000/1000000 (0.9%)  left=991000  elapsed=2.5s     [A*] iter 10000/1000000 (1.0%)  left=990000  elapsed=2.6s     [A*] iter 11000/1000000 (1.1%)  left=989000  elapsed=2.8s     [A*] iter 12000/1000000 (1.2%)  left=988000  elapsed=2.9s     [A*] iter 13000/1000000 (1.3%)  left=987000  elapsed=2.9s     [A*] iter 14000/1000000 (1.4%)  left=986000  elapsed=3.0s     [A*] iter 15000/1000000 (1.5%)  left=985000  elapsed=3.4s     [A*] iter 16000/1000000 (1.6%)  left=984000  elapsed=3.5s     [A*] iter 17000/1000000 (1.7%)  left=983000  elapsed=3.5s     [A*] iter 18000/1000000 (1.8%)  left=982000  elapsed=3.6s     [A*] iter 19000/1000000 (1.9%)  left=981000  elapsed=3.6s   
  ✓ FEASIBLE SOLUTION at iter 19130: dist=850.0, unc=6.6908
  [Constraint A*] Complete: 19130 iterations, final_dist=850.0

✓ Multi-agent solution with synchronized Kalman fusion:
  Support agent 1: node=103, dist=850.0m, goal_unc=6.4512m
  Primary agent: node=404, dist=850.0m, goal_unc=6.6908m
  ├─ Communication: every 100.0m, sigmoid taper range=200.0m width=20.0m
  └─ All agents' uncertainties benefit from synchronized Kalman fusion at checkpoints

--- Final Results ---
Support agent 1 : [1, 367, 319, 252, 199, 200, 206, 212, 157, 103]  dist=850.0  goal_unc=6.4512  ✓  (Kalman-fused)
Primary agent : [1, 367, 319, 259, 260, 266, 272, 278, 345, 404]  dist=850.0  goal_unc=6.6908  threshold=6.856809345 ✓ met  (Kalman-fused)

=== Kalman Filtering Summary ===
All 2 agents performing synchronized Kalman filtering:
  • Dead-reckoning propagation: DIR=0.05/m, PERP=0.016666666666666666/m
  • Landmark fusion: Information filter (Joseph form) at every waypoint
  • SYNCHRONIZED inter-agent communication: every 100.0m of travel
  • Tapered sigmoid weighting: range=200.0m, width=20.0m (soft plateau + rolloff)
  • Bidirectional Kalman fusion: all agent pairs within range at each checkpoint
  • Measurement model: bearing-angle sensor with noise=0.038, ratio=2.2
  └─ Support agents: goal_unc=6.4512m (improved by inter-agent fusion)
  └─ Primary agent: goal_unc=6.6908m (direct path with landmark updates)
Converged at iteration : 19130
Figure path-role mapping: supports = paths[1:1], primary = paths[2]
Discrete evaluation: prim_len=850.0, unc=6.6908
Fig 1 saved.

=== Continuous Spline Optimization (threshold=6.8568) ===
  Initial (discrete→spline): prim_len=843.295, unc=6.7852
  Barrier stage 1/15: μ=20.0
  Barrier stage 2/15: μ=7.0
  → Converged at iter 99 (Δlen=0.00014)
  Barrier stage 3/15: μ=2.45
  → Converged at iter 100 (Δlen=0.000261)
  Barrier stage 4/15: μ=0.8575
  Barrier stage 5/15: μ=0.3001
  Barrier stage 6/15: μ=0.105
  Barrier stage 7/15: μ=0.0368
  → Converged at iter 312 (Δlen=0.000862)
  Barrier stage 8/15: μ=0.0129
  [Spline barrier] line search stalled; stopping at stage 8
  Barrier stage 9/15: μ=0.0045
  → Converged at iter 322 (Δlen=6.8e-5)
  Barrier stage 10/15: μ=0.0016
  → Converged at iter 323 (Δlen=0.000104)
  Barrier stage 11/15: μ=0.0006
  [Spline barrier] line search stalled; stopping at stage 11
  Barrier stage 12/15: μ=0.0002
  [Spline barrier] line search stalled; stopping at stage 12
  Barrier stage 13/15: μ=0.0001
  [Spline barrier] line search stalled; stopping at stage 13
  Barrier stage 14/15: μ=0.0
  [Spline barrier] line search stalled; stopping at stage 14
  Barrier stage 15/15: μ=0.0
  [Spline barrier] line search stalled; stopping at stage 15
  Final: prim_len=825.415, unc=6.8568, threshold=6.8568, status=optimized, min_slack=7.0e-6
  Obstacle re-verification: mean path clears all obstacles ✓
Fig combined (main) saved: Discrete Len=843.3 → Continuous Len=825.42
Fig uncertainty profile (main) saved: /home/tony-zhang/Research/landmark_planning/constraint_sweep/smoke/hexspline_cl/s002_p080/hexspline_cl/figures/main_unc_profile.png

[hexspline_cl] produced 1 solution(s) -> /home/tony-zhang/Research/landmark_planning/constraint_sweep/smoke/hexspline_cl/s002_p080/hexspline_cl
