Landmark scenario: random — 4 landmarks, 3 obstacles, start (0.0, 0.0) → goal (900.0, 0.0)
Hex graph: 383 nodes (378 heading-states + 4 sensors + goal), radius=86.60254037844388m, directed_edges=954, grid=11x11, start_cell=(2, 5), goal_cell=(8, 5), start_heading=0

── SEQUENTIAL PLANNING (2 agent(s), one at a time) ──
  Leg 1 — primary, 1 helper(s) parked at start (bound 21.77 = 2.0x the 10.88498626 threshold the shipped route is held to):

    ✓ feasible at iter 22: dist=1050.0, unc=9.1234
  Leg 2 — helper 1 vs the fixed primary trajectory (8 steps, beam 400):
    (took rank #3 of 215; 2 better-ranked route(s) breach as splines)
    → helper 1 placed; primary goal_unc now 4.8847
  Leg 3 — primary re-planned against the committed helper paths:

    ✓ feasible at iter 25: dist=1050.0, unc=4.7853
    leg 1 route: len=1050.0, unc=4.8847 ✓  |  re-planned: len=1050.0, unc=4.7853 ✓  → TAKE re-plan
  Helper 1: dist=1050.0m, goal_unc=4.6412m
  Primary  : dist=1050.0m, goal_unc=4.7853m (threshold 10.88498626 ✓)

=== Continuous Spline Optimization (threshold=10.885) ===
  Initial (discrete→spline): prim_len=1004.202, unc=4.7853
  Barrier stage 1/15: μ=20.0
  Barrier stage 2/15: μ=7.0
  Barrier stage 3/15: μ=2.45
  Barrier stage 4/15: μ=0.8575
  Barrier stage 5/15: μ=0.3001
  Barrier stage 6/15: μ=0.105
  Barrier stage 7/15: μ=0.0368
  Barrier stage 8/15: μ=0.0129
  Barrier stage 9/15: μ=0.0045
  → Converged at iter 542 (Δlen=0.000621)
  Barrier stage 10/15: μ=0.0016
  → Converged at iter 545 (Δlen=0.000431)
  Barrier stage 11/15: μ=0.0006
  → Converged at iter 547 (Δlen=0.000354)
  Barrier stage 12/15: μ=0.0002
  → Converged at iter 548 (Δlen=0.000446)
  Barrier stage 13/15: μ=0.0001
  → Converged at iter 549 (Δlen=0.000471)
  Barrier stage 14/15: μ=0.0
  [Spline barrier] line search stalled; stopping at stage 14
  Barrier stage 15/15: μ=0.0
  [Spline barrier] line search stalled; stopping at stage 15
  Final: prim_len=923.62, unc=7.8927, threshold=10.885, status=optimized, min_slack=2.0e-6
  Obstacle re-verification: mean path clears all obstacles ✓
Fig combined (main) saved: Discrete Len=1004.2 → Continuous Len=923.62
Fig uncertainty profile (main) saved: /home/tonyzhang/projects/landmark_planning/constraint_sweep/baseline_2026-08-17/sequential/s024_p100/sequential/figures/main_unc_profile.png

[sequential] produced 1 solution(s) -> /home/tonyzhang/projects/landmark_planning/constraint_sweep/baseline_2026-08-17/sequential/s024_p100/sequential
