Landmark scenario: random — 4 landmarks, 1 obstacles, start (0.0, 0.0) → goal (750.0, 0.0)
Hex graph: 341 nodes (336 heading-states + 4 sensors + goal), radius=86.60254037844388m, directed_edges=840, grid=10x11, start_cell=(2, 5), goal_cell=(7, 5), start_heading=0
Conditional ε-bound: ε_sample=1.2309, w=1.0, ε_total=1.2309
  Bound form (conditional): L_returned ≤ (1+ε_total) L* with assumptions documented in comments.

── MULTI-AGENT PLANNING (Synchronized Kalman) ──

  Running joint discrete A* (threshold=2.6711)... (max_iters=1000000)
  Stops on the first feasible candidate under the threshold.
  ✓ Goal reachable from node 1 with distance 750.0
  [A*] iter 1000/1000000 (0.1%)  left=999000  elapsed=1.3s   
  [Constraint A*] Incumbent seed at iter 1290: dist=1050.0, unc=4.0591 > 2.6711

  [Constraint A*] Incumbent seed at iter 1821: dist=1050.0, unc=3.8193 > 2.6711

  [Constraint A*] Incumbent seed at iter 1827: dist=1050.0, unc=3.7518 > 2.6711

  [Constraint A*] Incumbent seed at iter 1839: dist=1050.0, unc=3.7514 > 2.6711

  [Constraint A*] Incumbent seed at iter 1912: dist=1050.0, unc=3.689 > 2.6711
  [A*] iter 2000/1000000 (0.2%)  left=998000  elapsed=1.6s   
  [Constraint A*] Incumbent seed at iter 2247: dist=1050.0, unc=3.6862 > 2.6711
  [A*] iter 3000/1000000 (0.3%)  left=997000  elapsed=1.6s     [A*] iter 4000/1000000 (0.4%)  left=996000  elapsed=1.6s     [A*] iter 5000/1000000 (0.5%)  left=995000  elapsed=1.7s     [A*] iter 6000/1000000 (0.6%)  left=994000  elapsed=2.0s     [A*] iter 7000/1000000 (0.7%)  left=993000  elapsed=2.0s     [A*] iter 8000/1000000 (0.8%)  left=992000  elapsed=2.0s     [A*] iter 9000/1000000 (0.9%)  left=991000  elapsed=2.1s     [A*] iter 10000/1000000 (1.0%)  left=990000  elapsed=2.1s     [A*] iter 11000/1000000 (1.1%)  left=989000  elapsed=2.1s     [A*] iter 12000/1000000 (1.2%)  left=988000  elapsed=2.1s     [A*] iter 13000/1000000 (1.3%)  left=987000  elapsed=2.3s     [A*] iter 14000/1000000 (1.4%)  left=986000  elapsed=2.3s     [A*] iter 15000/1000000 (1.5%)  left=985000  elapsed=2.3s     [A*] iter 16000/1000000 (1.6%)  left=984000  elapsed=2.3s     [A*] iter 17000/1000000 (1.7%)  left=983000  elapsed=2.3s     [A*] iter 18000/1000000 (1.8%)  left=982000  elapsed=2.5s   
  [Constraint A*] Incumbent seed at iter 18415: dist=1200.0, unc=3.4185 > 2.6711

  ✓ FEASIBLE SOLUTION at iter 18754: dist=1200.0, unc=2.2268
  [Constraint A*] Complete: 18754 iterations, final_dist=1200.0

✓ Multi-agent solution with synchronized Kalman fusion:
  Support agent 1: node=85, dist=1200.0m, goal_unc=1.5741m
  Primary agent: node=182, dist=1200.0m, goal_unc=2.2268m
  ├─ Communication: every 100.0m, sigmoid taper range=300.0m width=20.0m
  └─ All agents' uncertainties benefit from synchronized Kalman fusion at checkpoints

--- Final Results ---
Support agent 1 : [1, 115, 60, 19, 20, 69, 123, 128, 85]  dist=1200.0  goal_unc=1.5741  ✓  (Kalman-fused)
Primary agent : [1, 115, 67, 25, 26, 75, 80, 135, 182]  dist=1200.0  goal_unc=2.2268  threshold=2.671126001 ✓ met  (Kalman-fused)

=== Kalman Filtering Summary ===
All 2 agents performing synchronized Kalman filtering:
  • Dead-reckoning propagation: DIR=0.05/m, PERP=0.016666666666666666/m
  • Landmark fusion: Information filter (Joseph form) at every waypoint
  • SYNCHRONIZED inter-agent communication: every 100.0m of travel
  • Tapered sigmoid weighting: range=300.0m, width=20.0m (soft plateau + rolloff)
  • Bidirectional Kalman fusion: all agent pairs within range at each checkpoint
  • Measurement model: bearing-angle sensor with noise=0.038, ratio=2.2
  └─ Support agents: goal_unc=1.5741m (improved by inter-agent fusion)
  └─ Primary agent: goal_unc=2.2268m (direct path with landmark updates)
Converged at iteration : 18754
Figure path-role mapping: supports = paths[1:1], primary = paths[2]
Discrete evaluation: prim_len=1200.0, unc=2.2268
Fig 1 saved.
Discrete-only spline: prim_len=1123.507, unc=2.2268

[discrete_only] produced 1 solution(s) -> /home/tonyzhang/projects/landmark_planning/constraint_sweep/ablation_2026-08-17/discrete_only/s004_p050/discrete_only
