┌ Warning: Seed is infeasible (min_slack=-0.13406653796379464, ε=0.001); the barrier will try to recover it before shortening. Expected for the straight_cont ablation, and for a discrete seed that A* returned as its best incumbent after exhausting its budget.
└ @ Main ~/projects/landmark_planning/planners/hexspline_cl.jl:1215
Landmark scenario: random — 2 landmarks, 5 obstacles, start (0.0, 0.0) → goal (600.0, 0.0)
Hex graph: 651 nodes (648 heading-states + 2 sensors + goal), radius=57.73502691896258m, directed_edges=1704, grid=11x15, start_cell=(1, 7), goal_cell=(7, 7), start_heading=0

── SEQUENTIAL PLANNING (2 agent(s), one at a time) ──
  Leg 1 — primary, 1 helper(s) parked at start (bound 7.9851 = 2.0x the 3.992528026 threshold the shipped route is held to):

    ✓ feasible at iter 88: dist=850.0, unc=4.9905
  Leg 2 — helper 1 vs the fixed primary trajectory (10 steps, beam 400):
    → helper 1 placed; primary goal_unc now 3.7759
  Leg 3 — primary re-planned against the committed helper paths:

    ✓ feasible at iter 81: dist=850.0, unc=3.7759
    leg 1 route: len=850.0, unc=3.7759 ✓  |  re-planned: len=850.0, unc=3.7759 ✓  → keep leg 1
  Helper 1: dist=850.0m, goal_unc=3.4753m
  Primary  : dist=850.0m, goal_unc=3.7759m (threshold 3.992528026 ✓)

=== Continuous Spline Optimization (threshold=3.9925) ===
  Initial (discrete→spline): prim_len=844.955, unc=4.1266
  Barrier stage 1/15: μ=20.0
    → Recovered into the feasible set at iter 5 (min_slack=0.003742); feasible-only gate now armed
  Barrier stage 2/15: μ=7.0
  → Converged at iter 125 (Δlen=0.000628)
  Barrier stage 3/15: μ=2.45
  → Converged at iter 126 (Δlen=0.000718)
  Barrier stage 4/15: μ=0.8575
  → Converged at iter 127 (Δlen=0.00072)
  Barrier stage 5/15: μ=0.3001
  Barrier stage 6/15: μ=0.105
  Barrier stage 7/15: μ=0.0368
  Barrier stage 8/15: μ=0.0129
  Barrier stage 9/15: μ=0.0045
  Barrier stage 10/15: μ=0.0016
  Barrier stage 11/15: μ=0.0006
  → Converged at iter 540 (Δlen=0.000537)
  Barrier stage 12/15: μ=0.0002
  → Converged at iter 541 (Δlen=0.00081)
  Barrier stage 13/15: μ=0.0001
  → Converged at iter 542 (Δlen=0.00088)
  Barrier stage 14/15: μ=0.0
  → Converged at iter 543 (Δlen=0.000915)
  Barrier stage 15/15: μ=0.0
  [Spline barrier] line search stalled; stopping at stage 15
  Final: prim_len=807.59, unc=3.981, threshold=3.9925, status=optimized, min_slack=0.0
  Obstacle re-verification: mean path clears all obstacles ✓
Fig combined (main) saved: Discrete Len=844.96 → Continuous Len=807.59
Fig uncertainty profile (main) saved: /home/tonyzhang/projects/landmark_planning/constraint_sweep/sweep_2026-08-11/sequential/s053_p080/sequential/figures/main_unc_profile.png

[sequential] produced 1 solution(s) -> /home/tonyzhang/projects/landmark_planning/constraint_sweep/sweep_2026-08-11/sequential/s053_p080/sequential
