Landmark scenario: random — 3 landmarks, 3 obstacles, start (0.0, 0.0) → goal (800.0, 0.0)
Hex graph: 796 nodes (792 heading-states + 3 sensors + goal), radius=57.73502691896258m, directed_edges=2112, grid=13x15, start_cell=(1, 7), goal_cell=(9, 7), start_heading=0

── SEQUENTIAL PLANNING (2 agent(s), one at a time) ──
  Leg 1 — primary, 1 helper(s) parked at start (bound 13.8224 = 2.0x the 6.911212815 threshold the shipped route is held to):

    ✓ feasible at iter 92: dist=950.0, unc=8.6172
  Leg 2 — helper 1 vs the fixed primary trajectory (11 steps, beam 400):
    → helper 1 placed; primary goal_unc now 7.0091
  Leg 3 — primary re-planned against the committed helper paths:

    ✓ feasible at iter 80: dist=950.0, unc=6.6155
    leg 1 route: len=950.0, unc=7.0091 ✗  |  re-planned: len=950.0, unc=6.6155 ✓  → TAKE re-plan
  Helper 1: dist=950.0m, goal_unc=6.5855m
  Primary  : dist=950.0m, goal_unc=6.6155m (threshold 6.911212815 ✓)

=== Continuous Spline Optimization (threshold=6.9112) ===
  Initial (discrete→spline): prim_len=943.295, unc=6.8487
  Barrier stage 1/15: μ=20.0
  Barrier stage 2/15: μ=7.0
  → Converged at iter 123 (Δlen=0.000217)
  Barrier stage 3/15: μ=2.45
  Barrier stage 4/15: μ=0.8575
  Barrier stage 5/15: μ=0.3001
  Barrier stage 6/15: μ=0.105
  Barrier stage 7/15: μ=0.0368
  Barrier stage 8/15: μ=0.0129
  → Converged at iter 473 (Δlen=0.0003)
  Barrier stage 9/15: μ=0.0045
  → Converged at iter 474 (Δlen=0.000255)
  Barrier stage 10/15: μ=0.0016
  → Converged at iter 475 (Δlen=0.000246)
  Barrier stage 11/15: μ=0.0006
  [Spline barrier] line search stalled; stopping at stage 11
  Barrier stage 12/15: μ=0.0002
  [Spline barrier] line search stalled; stopping at stage 12
  Barrier stage 13/15: μ=0.0001
  [Spline barrier] line search stalled; stopping at stage 13
  Barrier stage 14/15: μ=0.0
  [Spline barrier] line search stalled; stopping at stage 14
  Barrier stage 15/15: μ=0.0
  [Spline barrier] line search stalled; stopping at stage 15
  Final: prim_len=876.196, unc=6.9092, threshold=6.9112, status=optimized, min_slack=4.2e-5
  Obstacle re-verification: mean path clears all obstacles ✓
Fig combined (main) saved: Discrete Len=943.3 → Continuous Len=876.2
Fig uncertainty profile (main) saved: /home/tonyzhang/projects/landmark_planning/constraint_sweep/sweep_2026-08-11/sequential/s078_p080/sequential/figures/main_unc_profile.png

[sequential] produced 1 solution(s) -> /home/tonyzhang/projects/landmark_planning/constraint_sweep/sweep_2026-08-11/sequential/s078_p080/sequential
