┌ Warning: Seed is infeasible (min_slack=-45.16801135536514, ε=0.001); the barrier will try to recover it before shortening. Expected for the straight_cont ablation, and for a discrete seed that A* returned as its best incumbent after exhausting its budget.
└ @ Main ~/projects/landmark_planning/planners/hexspline_cl.jl:1215
Landmark scenario: random — 2 landmarks, 3 obstacles, start (0.0, 0.0) → goal (600.0, 0.0)
Hex graph: 651 nodes (648 heading-states + 2 sensors + goal), radius=57.73502691896258m, directed_edges=1704, grid=11x15, start_cell=(1, 7), goal_cell=(7, 7), start_heading=0

── FORMATION PLANNING ──
  Primary: single-agent hexspline A* (threshold 5.864173026); supports added afterwards.

  [Constraint A*] Goal popped, unc OK, but its B-spline breaches an obstacle; discarded.

  [Constraint A*] Goal popped, unc OK, but its B-spline breaches an obstacle; discarded.

  [Constraint A*] Incumbent seed at iter 53: dist=750.0, unc=6.5157 > 5.8642

  [Constraint A*] Goal popped, unc OK, but its B-spline breaches an obstacle; discarded.

  [Constraint A*] Goal popped, unc OK, but its B-spline breaches an obstacle; discarded.

  [Constraint A*] Goal popped, unc OK, but its B-spline breaches an obstacle; discarded.

  [Constraint A*] Goal popped, unc OK, but its B-spline breaches an obstacle; discarded.

  [Constraint A*] Goal popped, unc OK, but its B-spline breaches an obstacle; discarded.

  [Constraint A*] Goal popped, unc OK, but its B-spline breaches an obstacle; discarded.

  [Constraint A*] Incumbent seed at iter 133: dist=850.0, unc=6.1289 > 5.8642

  [Constraint A*] Goal popped, unc OK, but its B-spline breaches an obstacle; discarded.

  [Constraint A*] Goal popped, unc OK, but its B-spline breaches an obstacle; discarded.

  [Constraint A*] Incumbent seed at iter 157: dist=886.603, unc=6.1289 > 5.8642

  [Constraint A*] Goal popped, unc OK, but its B-spline breaches an obstacle; discarded.

  [Constraint A*] Goal popped, unc OK, but its B-spline breaches an obstacle; discarded.

  [Constraint A*] Goal popped, unc OK, but its B-spline breaches an obstacle; discarded.

  [Constraint A*] Goal popped, unc OK, but its B-spline breaches an obstacle; discarded.

  [Constraint A*] Goal popped, unc OK, but its B-spline breaches an obstacle; discarded.

  [Constraint A*] Goal popped, unc OK, but its B-spline breaches an obstacle; discarded.

  [Constraint A*] Goal popped, unc OK, but its B-spline breaches an obstacle; discarded.

  [Constraint A*] Goal popped, unc OK, but its B-spline breaches an obstacle; discarded.

  [Constraint A*] Goal popped, unc OK, but its B-spline breaches an obstacle; discarded.

  ✓ FEASIBLE SOLUTION at iter 249: dist=950.0, unc=5.491
  [Constraint A*] Single-agent complete: 249 iterations, final_dist=950.0
  One support: trying both lateral slots (+1 = 60° left, -1 = 60° right).
  Slot [1]: unc=5.4907 ✓
  Slot [-1]: unc=5.491 ✓
  → Chose slot [1]
  Support 1 (slot 1): dist=1032.3m, goal_unc=6.5159m, arc drift vs primary=82.3m
  Primary : dist=950.0m, goal_unc=5.4907m (threshold 5.864173026 ✓)
  ! A support drifted more than half a comm interval from the primary's arc; checkpoints no longer pair them where the formation puts them.

=== Continuous Spline Optimization (threshold=5.8642) ===
  Initial (discrete→spline): prim_len=897.45, unc=5.6184
  Barrier stage 1/15: μ=20.0
    → Recovered into the feasible set at iter 66 (min_slack=0.008965); feasible-only gate now armed
  Barrier stage 2/15: μ=7.0
  [Spline barrier] line search stalled; stopping at stage 2
  Barrier stage 3/15: μ=2.45
  [Spline barrier] line search stalled; stopping at stage 3
  Barrier stage 4/15: μ=0.8575
  [Spline barrier] line search stalled; stopping at stage 4
  Barrier stage 5/15: μ=0.3001
  → Converged at iter 125 (Δlen=0.000947)
  Barrier stage 6/15: μ=0.105
  → Converged at iter 127 (Δlen=0.000838)
  Barrier stage 7/15: μ=0.0368
  → Converged at iter 129 (Δlen=0.000751)
  Barrier stage 8/15: μ=0.0129
  → Converged at iter 131 (Δlen=0.000681)
  Barrier stage 9/15: μ=0.0045
  → Converged at iter 133 (Δlen=0.000625)
  Barrier stage 10/15: μ=0.0016
  → Converged at iter 135 (Δlen=0.00058)
  Barrier stage 11/15: μ=0.0006
  → Converged at iter 137 (Δlen=0.000544)
  Barrier stage 12/15: μ=0.0002
  → Converged at iter 139 (Δlen=0.000514)
  Barrier stage 13/15: μ=0.0001
  → Converged at iter 141 (Δlen=0.000491)
  Barrier stage 14/15: μ=0.0
  → Converged at iter 142 (Δlen=0.000972)
  Barrier stage 15/15: μ=0.0
  → Converged at iter 144 (Δlen=0.000465)
  Final: prim_len=933.148, unc=5.8254, threshold=5.8642, status=optimized, min_slack=0.008697
  Obstacle re-verification: mean path clears all obstacles ✓
Fig combined (main) saved: Discrete Len=897.45 → Continuous Len=933.15
Fig uncertainty profile (main) saved: /home/tonyzhang/projects/landmark_planning/constraint_sweep/sweep_2026-08-11/formation/s003_p090/formation/figures/main_unc_profile.png

[formation] produced 1 solution(s) -> /home/tonyzhang/projects/landmark_planning/constraint_sweep/sweep_2026-08-11/formation/s003_p090/formation
