┌ Warning: Seed is infeasible (min_slack=-19.21879781277917, ε=0.001); the barrier will try to recover it before shortening. Expected for the straight_cont ablation, and for a discrete seed that A* returned as its best incumbent after exhausting its budget.
└ @ Main ~/projects/landmark_planning/planners/hexspline_cl.jl:1215
Landmark scenario: random — 4 landmarks, 5 obstacles, start (0.0, 0.0) → goal (600.0, 0.0)
Hex graph: 653 nodes (648 heading-states + 4 sensors + goal), radius=57.73502691896258m, directed_edges=1704, grid=11x15, start_cell=(1, 7), goal_cell=(7, 7), start_heading=0

── GREEDY PLANNING ──
  Primary: shortest obstacle-clear route (single-agent A*, no uncertainty bound)

  [Constraint A*] Goal popped, unc OK, but its B-spline breaches an obstacle; discarded.

  [Constraint A*] Goal popped, unc OK, but its B-spline breaches an obstacle; discarded.

  ✓ FEASIBLE SOLUTION at iter 36: dist=750.0, unc=6.1825
  [Constraint A*] Single-agent complete: 36 iterations, final_dist=750.0
  Helpers: greedy placement, minimising the primary's uncertainty per step
  Support 1: dist=750.0m, goal_unc=5.3183m
  Primary  : dist=750.0m, goal_unc=6.0988m (threshold 3.709470492 ✗)

=== Continuous Spline Optimization (threshold=3.7095) ===
  Initial (discrete→spline): prim_len=743.295, unc=6.1723
  Barrier stage 1/15: μ=20.0
  Barrier stage 2/15: μ=20.0
  [Spline barrier] line search stalled; stopping at stage 2
  Barrier stage 3/15: μ=20.0
  [Spline barrier] line search stalled; stopping at stage 3
  Barrier stage 4/15: μ=20.0
  [Spline barrier] line search stalled; stopping at stage 4
  Barrier stage 5/15: μ=20.0
    → Recovered into the feasible set at iter 235 (min_slack=0.001982); feasible-only gate now armed
  Barrier stage 6/15: μ=7.0
  → Converged at iter 273 (Δlen=0.000477)
  Barrier stage 7/15: μ=2.45
  → Converged at iter 274 (Δlen=0.000691)
  Barrier stage 8/15: μ=0.8575
  → Converged at iter 275 (Δlen=0.000875)
  Barrier stage 9/15: μ=0.3001
  → Converged at iter 276 (Δlen=0.000885)
  Barrier stage 10/15: μ=0.105
  [Spline barrier] line search stalled; stopping at stage 10
  Barrier stage 11/15: μ=0.0368
  [Spline barrier] line search stalled; stopping at stage 11
  Barrier stage 12/15: μ=0.0129
  [Spline barrier] line search stalled; stopping at stage 12
  Barrier stage 13/15: μ=0.0045
  [Spline barrier] line search stalled; stopping at stage 13
  Barrier stage 14/15: μ=0.0016
  [Spline barrier] line search stalled; stopping at stage 14
  Barrier stage 15/15: μ=0.0006
  [Spline barrier] line search stalled; stopping at stage 15
  Final: prim_len=712.337, unc=3.698, threshold=3.7095, status=optimized, min_slack=0.007689
  Obstacle re-verification: mean path clears all obstacles ✓
Fig combined (main) saved: Discrete Len=743.3 → Continuous Len=712.34
Fig uncertainty profile (main) saved: /home/tonyzhang/projects/landmark_planning/constraint_sweep/sweep_2026-08-11/greedy/s075_p060/greedy/figures/main_unc_profile.png

[greedy] produced 1 solution(s) -> /home/tonyzhang/projects/landmark_planning/constraint_sweep/sweep_2026-08-11/greedy/s075_p060/greedy
