Landmark scenario: random — 2 landmarks, 3 obstacles, start (0.0, 0.0) → goal (600.0, 0.0)
Hex graph: 651 nodes (648 heading-states + 2 sensors + goal), radius=57.73502691896258m, directed_edges=1704, grid=11x15, start_cell=(1, 7), goal_cell=(7, 7), start_heading=0
Conditional ε-bound: ε_sample=1.1925, w=1.0, ε_total=1.1925
  Bound form (conditional): L_returned ≤ (1+ε_total) L* with assumptions documented in comments.

── MULTI-AGENT PLANNING (Synchronized Kalman) ──

  Running joint discrete A* (threshold=6.5461)... (max_iters=500000)
  Stops on the first feasible candidate under the threshold.
  ✓ Goal reachable from node 1 with distance 600.0
  [A*] iter 1000/500000 (0.2%)  left=499000  elapsed=2.1s     [A*] iter 2000/500000 (0.4%)  left=498000  elapsed=2.2s     [A*] iter 3000/500000 (0.6%)  left=497000  elapsed=2.2s     [A*] iter 4000/500000 (0.8%)  left=496000  elapsed=2.5s     [A*] iter 5000/500000 (1.0%)  left=495000  elapsed=2.6s     [A*] iter 6000/500000 (1.2%)  left=494000  elapsed=2.9s     [A*] iter 7000/500000 (1.4%)  left=493000  elapsed=3.0s     [A*] iter 8000/500000 (1.6%)  left=492000  elapsed=3.1s     [A*] iter 9000/500000 (1.8%)  left=491000  elapsed=3.1s     [A*] iter 10000/500000 (2.0%)  left=490000  elapsed=3.2s     [A*] iter 11000/500000 (2.2%)  left=489000  elapsed=3.4s     [A*] iter 12000/500000 (2.4%)  left=488000  elapsed=3.5s   
  ✓ FEASIBLE SOLUTION at iter 12774: dist=750.0, unc=5.3559
  [Constraint A*] Complete: 12774 iterations, final_dist=750.0

✓ Multi-agent solution with synchronized Kalman fusion:
  Support agent 1: node=578, dist=750.0m, goal_unc=4.5094m
  Primary agent: node=366, dist=750.0m, goal_unc=5.3559m
  ├─ Communication: every 100.0m, sigmoid taper range=200.0m width=20.0m
  └─ All agents' uncertainties benefit from synchronized Kalman fusion at checkpoints

--- Final Results ---
Support agent 1 : [1, 331, 392, 446, 451, 457, 518, 523, 578]  dist=750.0  goal_unc=4.5094  ✓  (Kalman-fused)
Primary agent : [1, 331, 392, 446, 451, 457, 414, 415, 366]  dist=750.0  goal_unc=5.3559  threshold=6.546127917 ✓ met  (Kalman-fused)

=== Kalman Filtering Summary ===
All 2 agents performing synchronized Kalman filtering:
  • Dead-reckoning propagation: DIR=0.05/m, PERP=0.016666666666666666/m
  • Landmark fusion: Information filter (Joseph form) at every waypoint
  • SYNCHRONIZED inter-agent communication: every 100.0m of travel
  • Tapered sigmoid weighting: range=200.0m, width=20.0m (soft plateau + rolloff)
  • Bidirectional Kalman fusion: all agent pairs within range at each checkpoint
  • Measurement model: bearing-angle sensor with noise=0.038, ratio=2.2
  └─ Support agents: goal_unc=4.5094m (improved by inter-agent fusion)
  └─ Primary agent: goal_unc=5.3559m (direct path with landmark updates)
Converged at iteration : 12774
Figure path-role mapping: supports = paths[1:1], primary = paths[2]
Discrete evaluation: prim_len=750.0, unc=5.3559
Fig 1 saved.
Discrete-only spline: prim_len=726.961, unc=5.3717

[discrete_only] produced 1 solution(s) -> /home/tonyzhang/projects/landmark_planning/constraint_sweep/sweep_2026-08-11/discrete_only/s020_p095/discrete_only
