Landmark scenario: random — 2 landmarks, 3 obstacles, start (0.0, 0.0) → goal (700.0, 0.0)
Hex graph: 723 nodes (720 heading-states + 2 sensors + goal), radius=57.73502691896258m, directed_edges=1908, grid=12x15, start_cell=(1, 7), goal_cell=(8, 7), start_heading=0

── SEQUENTIAL PLANNING (2 agent(s), one at a time) ──
  Leg 1 — primary, 1 helper(s) parked at start (bound 10.1534 = 2.0x the 5.076718572 threshold the shipped route is held to):

    ✓ feasible at iter 204: dist=986.603, unc=7.7037
  Leg 2 — helper 1 vs the fixed primary trajectory (11 steps, beam 400):
    → helper 1 placed; primary goal_unc now 3.8478
  Leg 3 — primary re-planned against the committed helper paths:
  [A*] iter 1000/500000 (0.2%)  left=499000  elapsed=0.0s   ┌ Warning: Seed is infeasible (min_slack=-7.195108769019271, ε=0.001); the barrier will try to recover it before shortening. Expected for the straight_cont ablation, and for a discrete seed that A* returned as its best incumbent after exhausting its budget.
└ @ Main ~/projects/landmark_planning/planners/hexspline_cl.jl:1215

    ✓ feasible at iter 1528: dist=1350.0, unc=3.5517
    leg 1 route: len=986.6, unc=3.8478 ✓  |  re-planned: len=1350.0, unc=3.5517 ✓  → keep leg 1
  Helper 1: dist=986.6m, goal_unc=2.9991m
  Primary  : dist=986.6m, goal_unc=3.8478m (threshold 5.076718572 ✓)

=== Continuous Spline Optimization (threshold=5.0767) ===
  Initial (discrete→spline): prim_len=933.342, unc=3.6021
  Barrier stage 1/15: μ=20.0
    → Recovered into the feasible set at iter 5 (min_slack=0.011672); feasible-only gate now armed
  Barrier stage 2/15: μ=7.0
  → Converged at iter 80 (Δlen=0.000893)
  Barrier stage 3/15: μ=2.45
  → Converged at iter 82 (Δlen=0.000634)
  Barrier stage 4/15: μ=0.8575
  → Converged at iter 84 (Δlen=0.000398)
  Barrier stage 5/15: μ=0.3001
  → Converged at iter 85 (Δlen=0.00069)
  Barrier stage 6/15: μ=0.105
  → Converged at iter 86 (Δlen=0.000885)
  Barrier stage 7/15: μ=0.0368
  → Converged at iter 87 (Δlen=0.00099)
  Barrier stage 8/15: μ=0.0129
  → Converged at iter 89 (Δlen=5.0e-5)
  Barrier stage 9/15: μ=0.0045
  → Converged at iter 90 (Δlen=0.000168)
  Barrier stage 10/15: μ=0.0016
  → Converged at iter 91 (Δlen=0.000347)
  Barrier stage 11/15: μ=0.0006
  → Converged at iter 92 (Δlen=0.000581)
  Barrier stage 12/15: μ=0.0002
  → Converged at iter 93 (Δlen=0.000866)
  Barrier stage 13/15: μ=0.0001
  → Converged at iter 95 (Δlen=0.000373)
  Barrier stage 14/15: μ=0.0
  → Converged at iter 96 (Δlen=0.000784)
  Barrier stage 15/15: μ=0.0
  → Converged at iter 98 (Δlen=0.000477)
  Final: prim_len=940.774, unc=3.6832, threshold=5.0767, status=optimized, min_slack=0.011672
  Obstacle re-verification: mean path clears all obstacles ✓
Fig combined (main) saved: Discrete Len=933.34 → Continuous Len=940.77
Fig uncertainty profile (main) saved: /home/tonyzhang/projects/landmark_planning/constraint_sweep/sweep_2026-08-11/sequential/s051_p085/sequential/figures/main_unc_profile.png

[sequential] produced 1 solution(s) -> /home/tonyzhang/projects/landmark_planning/constraint_sweep/sweep_2026-08-11/sequential/s051_p085/sequential
