Landmark scenario: random — 3 landmarks, 3 obstacles, start (0.0, 0.0) → goal (600.0, 0.0)
Hex graph: 298 nodes (294 heading-states + 3 sensors + goal), radius=86.60254037844388m, directed_edges=726, grid=9x11, start_cell=(2, 5), goal_cell=(6, 5), start_heading=0

── FORMATION PLANNING ──
  Primary: own A* (formation_primary_astar); a goal candidate is accepted on the primary's uncertainty WITH its supports attached (threshold 4.451288502).
  One support: both lateral slots (+1 = 60° left, -1 = 60° right) tried per candidate.

    ✓ escorted-feasible at iter 31: dist=900.0, unc=4.3844 (slot [-1])
  → Chose slot [-1]
  Support 1 (slot -1): dist=900.0m, goal_unc=3.6562m, arc drift vs primary=0.0m
  Primary : dist=900.0m, goal_unc=4.3844m (threshold 4.451288502 ✓)

=== Continuous Spline Optimization (threshold=4.4513) ===
  Initial (discrete→spline): prim_len=834.341, unc=4.3844
  Barrier stage 1/15: μ=20.0
  → Converged at iter 66 (Δlen=0.000487)
  Barrier stage 2/15: μ=7.0
  → Converged at iter 67 (Δlen=0.000726)
  Barrier stage 3/15: μ=2.45
  → Converged at iter 68 (Δlen=0.000843)
  Barrier stage 4/15: μ=0.8575
  → Converged at iter 69 (Δlen=0.000872)
  Barrier stage 5/15: μ=0.3001
  Barrier stage 6/15: μ=0.105
  Barrier stage 7/15: μ=0.0368
  → Converged at iter 225 (Δlen=0.000719)
  Barrier stage 8/15: μ=0.0129
  Barrier stage 9/15: μ=0.0045
  → Converged at iter 296 (Δlen=0.000878)
  Barrier stage 10/15: μ=0.0016
  Barrier stage 11/15: μ=0.0006
  Barrier stage 12/15: μ=0.0002
  Barrier stage 13/15: μ=0.0001
  Barrier stage 14/15: μ=0.0
  Barrier stage 15/15: μ=0.0
  Final: prim_len=812.521, unc=3.8463, threshold=4.4513, status=optimized, min_slack=0.005245
  Obstacle re-verification: mean path clears all obstacles ✓
Fig combined (main) saved: Discrete Len=834.34 → Continuous Len=812.52
Fig uncertainty profile (main) saved: /home/tonyzhang/projects/landmark_planning/constraint_sweep/baseline_2026-08-17/formation/s060_p060/formation/figures/main_unc_profile.png

[formation] produced 1 solution(s) -> /home/tonyzhang/projects/landmark_planning/constraint_sweep/baseline_2026-08-17/formation/s060_p060/formation
