┌ Warning: Seed is infeasible (min_slack=-16.985032332138072, ε=0.001); the barrier will try to recover it before shortening. Expected for the straight_cont ablation, and for a discrete seed that A* returned as its best incumbent after exhausting its budget.
└ @ Main ~/projects/landmark_planning/planners/hexspline_cl.jl:1215
Landmark scenario: random — 2 landmarks, 3 obstacles, start (0.0, 0.0) → goal (700.0, 0.0)
Hex graph: 723 nodes (720 heading-states + 2 sensors + goal), radius=57.73502691896258m, directed_edges=1908, grid=12x15, start_cell=(1, 7), goal_cell=(8, 7), start_heading=0
Conditional ε-bound: ε_sample=1.165, w=1.0, ε_total=1.165
  Bound form (conditional): L_returned ≤ (1+ε_total) L* with assumptions documented in comments.

── MULTI-AGENT PLANNING (Synchronized Kalman) ──

  seed_mode=:straight — skipping discrete search and using direct start→goal seed

✓ Multi-agent solution with synchronized Kalman fusion:
  Support agent 1: node=723, dist=700.0m, goal_unc=7.7393m
  Primary agent: node=723, dist=700.0m, goal_unc=7.7393m
  ├─ Communication: every 100.0m, sigmoid taper range=200.0m width=20.0m
  └─ All agents' uncertainties benefit from synchronized Kalman fusion at checkpoints

--- Final Results ---
Support agent 1 : [1, 723]  dist=700.0  goal_unc=7.7393  ✓  (Kalman-fused)
Primary agent : [1, 723]  dist=700.0  goal_unc=7.7393  threshold=7.829620105 ✓ met  (Kalman-fused)

=== Kalman Filtering Summary ===
All 2 agents performing synchronized Kalman filtering:
  • Dead-reckoning propagation: DIR=0.05/m, PERP=0.016666666666666666/m
  • Landmark fusion: Information filter (Joseph form) at every waypoint
  • SYNCHRONIZED inter-agent communication: every 100.0m of travel
  • Tapered sigmoid weighting: range=200.0m, width=20.0m (soft plateau + rolloff)
  • Bidirectional Kalman fusion: all agent pairs within range at each checkpoint
  • Measurement model: bearing-angle sensor with noise=0.038, ratio=2.2
  └─ Support agents: goal_unc=7.7393m (improved by inter-agent fusion)
  └─ Primary agent: goal_unc=7.7393m (direct path with landmark updates)
Converged at iteration : 0
Figure path-role mapping: supports = paths[1:1], primary = paths[2]
Discrete evaluation: prim_len=700.0, unc=7.7393
Fig 1 saved.

=== Continuous Spline Optimization (threshold=7.8296) ===
  Initial (discrete→spline): prim_len=700.0, unc=7.7392
  Barrier stage 1/15: μ=20.0
  [Spline barrier] line search stalled; stopping at stage 1
  Barrier stage 2/15: μ=20.0
  [Spline barrier] line search stalled; stopping at stage 2
  Barrier stage 3/15: μ=20.0
  [Spline barrier] line search stalled; stopping at stage 3
  Barrier stage 4/15: μ=20.0
  [Spline barrier] line search stalled; stopping at stage 4
  Barrier stage 5/15: μ=20.0
  [Spline barrier] line search stalled; stopping at stage 5
  Barrier stage 6/15: μ=20.0
  [Spline barrier] line search stalled; stopping at stage 6
  Barrier stage 7/15: μ=20.0
  [Spline barrier] line search stalled; stopping at stage 7
  Barrier stage 8/15: μ=20.0
    → Recovered into the feasible set at iter 83 (min_slack=0.000409); feasible-only gate now armed
  → Converged at iter 96 (Δlen=0.000997)
  Barrier stage 9/15: μ=7.0
  → Converged at iter 98 (Δlen=0.00079)
  Barrier stage 10/15: μ=2.45
  → Converged at iter 100 (Δlen=0.00059)
  Barrier stage 11/15: μ=0.8575
  → Converged at iter 102 (Δlen=0.000463)
  Barrier stage 12/15: μ=0.3001
  → Converged at iter 103 (Δlen=0.000881)
  Barrier stage 13/15: μ=0.105
  → Converged at iter 105 (Δlen=0.000354)
  Barrier stage 14/15: μ=0.0368
  → Converged at iter 106 (Δlen=0.000688)
  Barrier stage 15/15: μ=0.0129
  → Converged at iter 108 (Δlen=0.000309)
  Final: prim_len=702.071, unc=7.82, threshold=7.8296, status=optimized, min_slack=0.009623
  Obstacle re-verification: mean path clears all obstacles ✓
Fig combined (main) saved: Discrete Len=700.0 → Continuous Len=702.07
Fig uncertainty profile (main) saved: /home/tonyzhang/projects/landmark_planning/constraint_sweep/sweep_2026-08-11/straight_cont/s059_p095/straight_cont/figures/main_unc_profile.png

[straight_cont] produced 1 solution(s) -> /home/tonyzhang/projects/landmark_planning/constraint_sweep/sweep_2026-08-11/straight_cont/s059_p095/straight_cont
