┌ Warning: Seed is infeasible (min_slack=-0.3079185302357984, ε=0.001); the barrier will try to recover it before shortening. Expected for the straight_cont ablation, and for a discrete seed that A* returned as its best incumbent after exhausting its budget.
└ @ Main ~/projects/landmark_planning/planners/hexspline_cl.jl:1207
Landmark scenario: random — 2 landmarks, 3 obstacles, start (0.0, 0.0) → goal (750.0, 0.0)
Hex graph: 339 nodes (336 heading-states + 2 sensors + goal), radius=86.60254037844388m, directed_edges=840, grid=10x11, start_cell=(2, 5), goal_cell=(7, 5), start_heading=0

── CL-GBT PLANNING (sampling-based joint tree, continuous R²) ──

  Support 1: dist=1350.0m, goal_unc=8.1599m
  Primary  : dist=1395.7m, goal_unc=8.4934m (threshold 9.196621171) — 193 iterations, tree size 153

=== Continuous Spline Optimization (threshold=9.1966) ===
  Initial (discrete→spline): prim_len=1173.067, unc=8.4934
  Barrier stage 1/15: μ=20.0
  [Spline barrier] line search stalled; stopping at stage 1
  Barrier stage 2/15: μ=20.0
  [Spline barrier] line search stalled; stopping at stage 2
  Barrier stage 3/15: μ=20.0
  [Spline barrier] line search stalled; stopping at stage 3
  Barrier stage 4/15: μ=20.0
  [Spline barrier] line search stalled; stopping at stage 4
  Barrier stage 5/15: μ=20.0
  [Spline barrier] line search stalled; stopping at stage 5
  Barrier stage 6/15: μ=20.0
  [Spline barrier] line search stalled; stopping at stage 6
  Barrier stage 7/15: μ=20.0
  [Spline barrier] line search stalled; stopping at stage 7
  Barrier stage 8/15: μ=20.0
  [Spline barrier] line search stalled; stopping at stage 8
  Barrier stage 9/15: μ=20.0
    → Recovered into the feasible set at iter 24 (min_slack=4.0e-5); feasible-only gate now armed
  → Converged at iter 38 (Δlen=0.000467)
  Barrier stage 10/15: μ=7.0
  → Converged at iter 39 (Δlen=0.000692)
  Barrier stage 11/15: μ=2.45
  → Converged at iter 40 (Δlen=0.0008)
  Barrier stage 12/15: μ=0.8575
  → Converged at iter 41 (Δlen=0.000853)
  Barrier stage 13/15: μ=0.3001
  [Spline barrier] line search stalled; stopping at stage 13
  Barrier stage 14/15: μ=0.105
  [Spline barrier] line search stalled; stopping at stage 14
  Barrier stage 15/15: μ=0.0368
  [Spline barrier] line search stalled; stopping at stage 15
  Final: prim_len=1172.518, unc=8.3075, threshold=9.1966, status=optimized, min_slack=0.001733
  Obstacle re-verification: mean path clears all obstacles ✓
Fig combined (main) saved: Discrete Len=1173.07 → Continuous Len=1172.52
Fig uncertainty profile (main) saved: /home/tonyzhang/projects/landmark_planning/constraint_sweep/baseline_2026-08-17/clgbt/s067_p100/clgbt/figures/main_unc_profile.png

[clgbt] produced 1 solution(s) -> /home/tonyzhang/projects/landmark_planning/constraint_sweep/baseline_2026-08-17/clgbt/s067_p100/clgbt
