Landmark scenario: random — 3 landmarks, 4 obstacles, start (0.0, 0.0) → goal (800.0, 0.0)
Hex graph: 796 nodes (792 heading-states + 3 sensors + goal), radius=57.73502691896258m, directed_edges=2112, grid=13x15, start_cell=(1, 7), goal_cell=(9, 7), start_heading=0

── SEQUENTIAL PLANNING (2 agent(s), one at a time) ──
  Leg 1 — primary, 1 helper(s) parked at start (bound 9.5816 = 2.0x the 4.790776329 threshold the shipped route is held to):

    ✓ feasible at iter 116: dist=950.0, unc=5.636
  Leg 2 — helper 1 vs the fixed primary trajectory (11 steps, beam 400):
    → helper 1 placed; primary goal_unc now 3.4058
  Leg 3 — primary re-planned against the committed helper paths:

    ✓ feasible at iter 84: dist=950.0, unc=3.4058
    leg 1 route: len=950.0, unc=3.4058 ✓  |  re-planned: len=950.0, unc=3.4058 ✓  → keep leg 1
  Helper 1: dist=950.0m, goal_unc=3.087m
  Primary  : dist=950.0m, goal_unc=3.4058m (threshold 4.790776329 ✓)

=== Continuous Spline Optimization (threshold=4.7908) ===
  Initial (discrete→spline): prim_len=943.295, unc=3.9826
  Barrier stage 1/15: μ=20.0
  Barrier stage 2/15: μ=7.0
  Barrier stage 3/15: μ=2.45
  Barrier stage 4/15: μ=0.8575
  Barrier stage 5/15: μ=0.3001
  → Converged at iter 292 (Δlen=0.000583)
  Barrier stage 6/15: μ=0.105
  → Converged at iter 293 (Δlen=0.000878)
  Barrier stage 7/15: μ=0.0368
  → Converged at iter 295 (Δlen=7.6e-5)
  Barrier stage 8/15: μ=0.0129
  [Spline barrier] line search stalled; stopping at stage 8
  Barrier stage 9/15: μ=0.0045
  [Spline barrier] line search stalled; stopping at stage 9
  Barrier stage 10/15: μ=0.0016
  [Spline barrier] line search stalled; stopping at stage 10
  Barrier stage 11/15: μ=0.0006
  [Spline barrier] line search stalled; stopping at stage 11
  Barrier stage 12/15: μ=0.0002
  [Spline barrier] line search stalled; stopping at stage 12
  Barrier stage 13/15: μ=0.0001
  [Spline barrier] line search stalled; stopping at stage 13
  Barrier stage 14/15: μ=0.0
  [Spline barrier] line search stalled; stopping at stage 14
  Barrier stage 15/15: μ=0.0
  [Spline barrier] line search stalled; stopping at stage 15
  Final: prim_len=894.306, unc=4.456, threshold=4.7908, status=optimized, min_slack=0.014842
  Obstacle re-verification: mean path clears all obstacles ✓
Fig combined (main) saved: Discrete Len=943.3 → Continuous Len=894.31
Fig uncertainty profile (main) saved: /home/tonyzhang/projects/landmark_planning/constraint_sweep/sweep_2026-08-11/sequential/s015_p085/sequential/figures/main_unc_profile.png

[sequential] produced 1 solution(s) -> /home/tonyzhang/projects/landmark_planning/constraint_sweep/sweep_2026-08-11/sequential/s015_p085/sequential
