Landmark scenario: random — 3 landmarks, 2 obstacles, start (0.0, 0.0) → goal (900.0, 0.0)
Hex graph: 382 nodes (378 heading-states + 3 sensors + goal), radius=86.60254037844388m, directed_edges=954, grid=11x11, start_cell=(2, 5), goal_cell=(8, 5), start_heading=0

── SEQUENTIAL PLANNING (2 agent(s), one at a time) ──
  Leg 1 — primary, 1 helper(s) parked at start (bound 8.2235 = 2.0x the 4.111773631 threshold the shipped route is held to):

    ✓ feasible at iter 25: dist=1050.0, unc=7.4631
  Leg 2 — helper 1 vs the fixed primary trajectory (8 steps, beam 400):
    (took rank #3 of 258; 2 better-ranked route(s) breach as splines)
    → helper 1 placed; primary goal_unc now 3.6654
  Leg 3 — primary re-planned against the committed helper paths:

    ✓ feasible at iter 123: dist=1350.0, unc=3.7385
    leg 1 route: len=1050.0, unc=3.6654 ✓  |  re-planned: len=1350.0, unc=3.7385 ✓  → keep leg 1
  Helper 1: dist=1050.0m, goal_unc=0.9083m
  Primary  : dist=1050.0m, goal_unc=3.6654m (threshold 4.111773631 ✓)

=== Continuous Spline Optimization (threshold=4.1118) ===
  Initial (discrete→spline): prim_len=984.229, unc=3.6654
  Barrier stage 1/15: μ=20.0
  [Spline barrier] line search stalled; stopping at stage 1
  Barrier stage 2/15: μ=7.0
  → Converged at iter 66 (Δlen=0.000737)
  Barrier stage 3/15: μ=2.45
  [Spline barrier] line search stalled; stopping at stage 3
  Barrier stage 4/15: μ=0.8575
  → Converged at iter 68 (Δlen=0.000832)
  Barrier stage 5/15: μ=0.3001
  [Spline barrier] line search stalled; stopping at stage 5
  Barrier stage 6/15: μ=0.105
  → Converged at iter 71 (Δlen=0.000794)
  Barrier stage 7/15: μ=0.0368
  → Converged at iter 73 (Δlen=0.000203)
  Barrier stage 8/15: μ=0.0129
  → Converged at iter 74 (Δlen=0.000306)
  Barrier stage 9/15: μ=0.0045
  [Spline barrier] line search stalled; stopping at stage 9
  Barrier stage 10/15: μ=0.0016
  [Spline barrier] line search stalled; stopping at stage 10
  Barrier stage 11/15: μ=0.0006
  [Spline barrier] line search stalled; stopping at stage 11
  Barrier stage 12/15: μ=0.0002
  [Spline barrier] line search stalled; stopping at stage 12
  Barrier stage 13/15: μ=0.0001
  [Spline barrier] line search stalled; stopping at stage 13
  Barrier stage 14/15: μ=0.0
  [Spline barrier] line search stalled; stopping at stage 14
  Barrier stage 15/15: μ=0.0
  [Spline barrier] line search stalled; stopping at stage 15
  Final: prim_len=955.046, unc=3.0942, threshold=4.1118, status=optimized, min_slack=0.016501
  Obstacle re-verification: mean path clears all obstacles ✓
Fig combined (main) saved: Discrete Len=984.23 → Continuous Len=955.05
Fig uncertainty profile (main) saved: /home/tonyzhang/projects/landmark_planning/constraint_sweep/baseline_2026-08-17/sequential/s057_p080/sequential/figures/main_unc_profile.png

[sequential] produced 1 solution(s) -> /home/tonyzhang/projects/landmark_planning/constraint_sweep/baseline_2026-08-17/sequential/s057_p080/sequential
