Landmark scenario: random — 4 landmarks, 4 obstacles, start (0.0, 0.0) → goal (700.0, 0.0)
Hex graph: 725 nodes (720 heading-states + 4 sensors + goal), radius=57.73502691896258m, directed_edges=1908, grid=12x15, start_cell=(1, 7), goal_cell=(8, 7), start_heading=0
Conditional ε-bound: ε_sample=1.165, w=1.0, ε_total=1.165
  Bound form (conditional): L_returned ≤ (1+ε_total) L* with assumptions documented in comments.

── MULTI-AGENT PLANNING (Synchronized Kalman) ──

  Running joint discrete A* (threshold=4.921)... (max_iters=500000)
  Stops on the first feasible candidate under the threshold.
  ✓ Goal reachable from node 1 with distance 700.0

  ✓ FEASIBLE SOLUTION at iter 84: dist=750.0, unc=4.8991
  [Constraint A*] Complete: 84 iterations, final_dist=750.0

✓ Multi-agent solution with synchronized Kalman fusion:
  Support agent 1: node=66, dist=750.0m, goal_unc=8.8705m
  Primary agent: node=408, dist=750.0m, goal_unc=4.8991m
  ├─ Communication: every 100.0m, sigmoid taper range=200.0m width=20.0m
  └─ All agents' uncertainties benefit from synchronized Kalman fusion at checkpoints

--- Final Results ---
Support agent 1 : [1, 367, 373, 325, 258, 251, 192, 126, 66]  dist=750.0  goal_unc=8.8705  ✗  (Kalman-fused)
Primary agent : [1, 367, 434, 439, 445, 451, 457, 463, 408]  dist=750.0  goal_unc=4.8991  threshold=4.921041533 ✓ met  (Kalman-fused)

=== Kalman Filtering Summary ===
All 2 agents performing synchronized Kalman filtering:
  • Dead-reckoning propagation: DIR=0.05/m, PERP=0.016666666666666666/m
  • Landmark fusion: Information filter (Joseph form) at every waypoint
  • SYNCHRONIZED inter-agent communication: every 100.0m of travel
  • Tapered sigmoid weighting: range=200.0m, width=20.0m (soft plateau + rolloff)
  • Bidirectional Kalman fusion: all agent pairs within range at each checkpoint
  • Measurement model: bearing-angle sensor with noise=0.038, ratio=2.2
  └─ Support agents: goal_unc=8.8705m (improved by inter-agent fusion)
  └─ Primary agent: goal_unc=4.8991m (direct path with landmark updates)
Converged at iteration : 84
Figure path-role mapping: supports = paths[1:1], primary = paths[2]
Discrete evaluation: prim_len=750.0, unc=4.8991
Fig 1 saved.
Discrete-only spline: prim_len=750.13, unc=5.0748

[discrete_only] produced 1 solution(s) -> /home/tonyzhang/projects/landmark_planning/constraint_sweep/sweep_2026-08-11/discrete_only/s091_p100/discrete_only
