Landmark scenario: random — 4 landmarks, 3 obstacles, start (0.0, 0.0) → goal (750.0, 0.0)
Hex graph: 341 nodes (336 heading-states + 4 sensors + goal), radius=86.60254037844388m, directed_edges=840, grid=10x11, start_cell=(2, 5), goal_cell=(7, 5), start_heading=0
Conditional ε-bound: ε_sample=1.2309, w=1.0, ε_total=1.2309
  Bound form (conditional): L_returned ≤ (1+ε_total) L* with assumptions documented in comments.

── MULTI-AGENT PLANNING (Synchronized Kalman) ──

  Running joint discrete A* (threshold=4.2921)... (max_iters=1000000)
  Stops on the first feasible candidate under the threshold.
  ✓ Goal reachable from node 1 with distance 750.0

  [Constraint A*] Incumbent seed at iter 250: dist=900.0, unc=6.121 > 4.2921
  [A*] iter 1000/1000000 (0.1%)  left=999000  elapsed=1.3s   
  ✓ FEASIBLE SOLUTION at iter 1342: dist=900.0, unc=1.6089
  [Constraint A*] Complete: 1342 iterations, final_dist=900.0

✓ Multi-agent solution with synchronized Kalman fusion:
  Support agent 1: node=276, dist=900.0m, goal_unc=1.137m
  Primary agent: node=182, dist=900.0m, goal_unc=1.6089m
  ├─ Communication: every 100.0m, sigmoid taper range=300.0m width=20.0m
  └─ All agents' uncertainties benefit from synchronized Kalman fusion at checkpoints

--- Final Results ---
Support agent 1 : [1, 206, 254, 259, 314, 319, 276]  dist=900.0  goal_unc=1.137  ✓  (Kalman-fused)
Primary agent : [1, 115, 116, 122, 128, 134, 182]  dist=900.0  goal_unc=1.6089  threshold=4.292092731 ✓ met  (Kalman-fused)

=== Kalman Filtering Summary ===
All 2 agents performing synchronized Kalman filtering:
  • Dead-reckoning propagation: DIR=0.05/m, PERP=0.016666666666666666/m
  • Landmark fusion: Information filter (Joseph form) at every waypoint
  • SYNCHRONIZED inter-agent communication: every 100.0m of travel
  • Tapered sigmoid weighting: range=300.0m, width=20.0m (soft plateau + rolloff)
  • Bidirectional Kalman fusion: all agent pairs within range at each checkpoint
  • Measurement model: bearing-angle sensor with noise=0.038, ratio=2.2
  └─ Support agents: goal_unc=1.137m (improved by inter-agent fusion)
  └─ Primary agent: goal_unc=1.6089m (direct path with landmark updates)
Converged at iteration : 1342
Figure path-role mapping: supports = paths[1:1], primary = paths[2]
Discrete evaluation: prim_len=900.0, unc=1.6089
Fig 1 saved.
Discrete-only spline: prim_len=854.202, unc=1.6089

[discrete_only] produced 1 solution(s) -> /home/tonyzhang/projects/landmark_planning/constraint_sweep/ablation_2026-08-17/discrete_only/s001_p040/discrete_only
