Landmark scenario: random — 4 landmarks, 4 obstacles, start (0.0, 0.0) → goal (600.0, 0.0)
Hex graph: 653 nodes (648 heading-states + 4 sensors + goal), radius=57.73502691896258m, directed_edges=1704, grid=11x15, start_cell=(1, 7), goal_cell=(7, 7), start_heading=0
Conditional ε-bound: ε_sample=1.1925, w=1.0, ε_total=1.1925
  Bound form (conditional): L_returned ≤ (1+ε_total) L* with assumptions documented in comments.

── MULTI-AGENT PLANNING (Synchronized Kalman) ──

  Running joint discrete A* (threshold=7.4389)... (max_iters=500000)
  Stops on the first feasible candidate under the threshold.
  ✓ Goal reachable from node 1 with distance 600.0
  [A*] iter 1000/500000 (0.2%)  left=499000  elapsed=2.2s     [A*] iter 2000/500000 (0.4%)  left=498000  elapsed=2.4s     [A*] iter 3000/500000 (0.6%)  left=497000  elapsed=2.7s     [A*] iter 4000/500000 (0.8%)  left=496000  elapsed=2.8s     [A*] iter 5000/500000 (1.0%)  left=495000  elapsed=2.9s     [A*] iter 6000/500000 (1.2%)  left=494000  elapsed=2.9s   
  ✓ FEASIBLE SOLUTION at iter 6337: dist=786.603, unc=3.2793
  [Constraint A*] Complete: 6337 iterations, final_dist=786.603

✓ Multi-agent solution with synchronized Kalman fusion:
  Support agent 1: node=474, dist=786.6m, goal_unc=3.0981m
  Primary agent: node=366, dist=786.6m, goal_unc=3.2793m
  ├─ Communication: every 100.0m, sigmoid taper range=200.0m width=20.0m
  └─ All agents' uncertainties benefit from synchronized Kalman fusion at checkpoints

--- Final Results ---
Support agent 1 : [1, 386, 391, 446, 506, 511, 517, 523, 474]  dist=786.603  goal_unc=3.0981  ✓  (Kalman-fused)
Primary agent : [1, 386, 440, 445, 402, 403, 409, 415, 366]  dist=786.603  goal_unc=3.2793  threshold=7.438919944 ✓ met  (Kalman-fused)

=== Kalman Filtering Summary ===
All 2 agents performing synchronized Kalman filtering:
  • Dead-reckoning propagation: DIR=0.05/m, PERP=0.016666666666666666/m
  • Landmark fusion: Information filter (Joseph form) at every waypoint
  • SYNCHRONIZED inter-agent communication: every 100.0m of travel
  • Tapered sigmoid weighting: range=200.0m, width=20.0m (soft plateau + rolloff)
  • Bidirectional Kalman fusion: all agent pairs within range at each checkpoint
  • Measurement model: bearing-angle sensor with noise=0.038, ratio=2.2
  └─ Support agents: goal_unc=3.0981m (improved by inter-agent fusion)
  └─ Primary agent: goal_unc=3.2793m (direct path with landmark updates)
Converged at iteration : 6337
Figure path-role mapping: supports = paths[1:1], primary = paths[2]
Discrete evaluation: prim_len=786.603, unc=3.2793
Fig 1 saved.

=== Continuous Spline Optimization (threshold=7.4389) ===
  Initial (discrete→spline): prim_len=765.803, unc=3.5794
  Barrier stage 1/15: μ=20.0
  Barrier stage 2/15: μ=7.0
  → Converged at iter 109 (Δlen=0.000916)
  Barrier stage 3/15: μ=2.45
  [Spline barrier] line search stalled; stopping at stage 3
  Barrier stage 4/15: μ=0.8575
  [Spline barrier] line search stalled; stopping at stage 4
  Barrier stage 5/15: μ=0.3001
  Barrier stage 6/15: μ=0.105
  Barrier stage 7/15: μ=0.0368
  → Converged at iter 279 (Δlen=0.000728)
  Barrier stage 8/15: μ=0.0129
  → Converged at iter 280 (Δlen=0.000913)
  Barrier stage 9/15: μ=0.0045
  [Spline barrier] line search stalled; stopping at stage 9
  Barrier stage 10/15: μ=0.0016
  → Converged at iter 283 (Δlen=4.2e-5)
  Barrier stage 11/15: μ=0.0006
  → Converged at iter 303 (Δlen=0.000277)
  Barrier stage 12/15: μ=0.0002
  → Converged at iter 304 (Δlen=0.00042)
  Barrier stage 13/15: μ=0.0001
  → Converged at iter 305 (Δlen=0.000492)
  Barrier stage 14/15: μ=0.0
  [Spline barrier] line search stalled; stopping at stage 14
  Barrier stage 15/15: μ=0.0
  [Spline barrier] line search stalled; stopping at stage 15
  Final: prim_len=679.337, unc=4.624, threshold=7.4389, status=optimized, min_slack=0.0
  Obstacle re-verification: mean path clears all obstacles ✓
Fig combined (main) saved: Discrete Len=765.8 → Continuous Len=679.34
Fig uncertainty profile (main) saved: /home/tonyzhang/projects/landmark_planning/constraint_sweep/sweep_2026-08-11/hexspline_cl/s041_p100/hexspline_cl/figures/main_unc_profile.png

[hexspline_cl] produced 1 solution(s) -> /home/tonyzhang/projects/landmark_planning/constraint_sweep/sweep_2026-08-11/hexspline_cl/s041_p100/hexspline_cl
