Landmark scenario: random — 4 landmarks, 3 obstacles, start (0.0, 0.0) → goal (700.0, 0.0)
Hex graph: 725 nodes (720 heading-states + 4 sensors + goal), radius=57.73502691896258m, directed_edges=1908, grid=12x15, start_cell=(1, 7), goal_cell=(8, 7), start_heading=0
Conditional ε-bound: ε_sample=1.165, w=1.0, ε_total=1.165
  Bound form (conditional): L_returned ≤ (1+ε_total) L* with assumptions documented in comments.

── MULTI-AGENT PLANNING (Synchronized Kalman) ──

  Running joint discrete A* (threshold=3.5441)... (max_iters=500000)
  Stops on the first feasible candidate under the threshold.
  ✓ Goal reachable from node 1 with distance 700.0
  [A*] iter 1000/500000 (0.2%)  left=499000  elapsed=2.2s     [A*] iter 2000/500000 (0.4%)  left=498000  elapsed=2.3s     [A*] iter 3000/500000 (0.6%)  left=497000  elapsed=2.6s     [A*] iter 4000/500000 (0.8%)  left=496000  elapsed=2.7s     [A*] iter 5000/500000 (1.0%)  left=495000  elapsed=2.8s     [A*] iter 6000/500000 (1.2%)  left=494000  elapsed=2.8s     [A*] iter 7000/500000 (1.4%)  left=493000  elapsed=2.9s     [A*] iter 8000/500000 (1.6%)  left=492000  elapsed=3.0s     [A*] iter 9000/500000 (1.8%)  left=491000  elapsed=3.0s     [A*] iter 10000/500000 (2.0%)  left=490000  elapsed=3.2s     [A*] iter 11000/500000 (2.2%)  left=489000  elapsed=3.3s     [A*] iter 12000/500000 (2.4%)  left=488000  elapsed=3.3s     [A*] iter 13000/500000 (2.6%)  left=487000  elapsed=3.7s     [A*] iter 14000/500000 (2.8%)  left=486000  elapsed=3.7s     [A*] iter 15000/500000 (3.0%)  left=485000  elapsed=4.0s     [A*] iter 16000/500000 (3.2%)  left=484000  elapsed=4.1s     [A*] iter 17000/500000 (3.4%)  left=483000  elapsed=4.2s     [A*] iter 18000/500000 (3.6%)  left=482000  elapsed=4.2s   
  [Constraint A*] Incumbent seed at iter 18002: dist=850.0, unc=3.8138 > 3.5441
  [A*] iter 19000/500000 (3.8%)  left=481000  elapsed=4.3s   ┌ Warning: Seed is infeasible (min_slack=-0.42153038475458793, ε=0.001); the barrier will try to recover it before shortening. Expected for the straight_cont ablation, and for a discrete seed that A* returned as its best incumbent after exhausting its budget.
└ @ Main ~/projects/landmark_planning/planners/hexspline_cl.jl:1215

  ✓ FEASIBLE SOLUTION at iter 19953: dist=850.0, unc=3.4148
  [Constraint A*] Complete: 19953 iterations, final_dist=850.0

✓ Multi-agent solution with synchronized Kalman fusion:
  Support agent 1: node=462, dist=850.0m, goal_unc=3.1242m
  Primary agent: node=408, dist=850.0m, goal_unc=3.4148m
  ├─ Communication: every 100.0m, sigmoid taper range=200.0m width=20.0m
  └─ All agents' uncertainties benefit from synchronized Kalman fusion at checkpoints

--- Final Results ---
Support agent 1 : [1, 367, 373, 379, 446, 501, 566, 571, 516, 462]  dist=850.0  goal_unc=3.1242  ✓  (Kalman-fused)
Primary agent : [1, 367, 434, 494, 499, 505, 511, 462, 463, 408]  dist=850.0  goal_unc=3.4148  threshold=3.544076978 ✓ met  (Kalman-fused)

=== Kalman Filtering Summary ===
All 2 agents performing synchronized Kalman filtering:
  • Dead-reckoning propagation: DIR=0.05/m, PERP=0.016666666666666666/m
  • Landmark fusion: Information filter (Joseph form) at every waypoint
  • SYNCHRONIZED inter-agent communication: every 100.0m of travel
  • Tapered sigmoid weighting: range=200.0m, width=20.0m (soft plateau + rolloff)
  • Bidirectional Kalman fusion: all agent pairs within range at each checkpoint
  • Measurement model: bearing-angle sensor with noise=0.038, ratio=2.2
  └─ Support agents: goal_unc=3.1242m (improved by inter-agent fusion)
  └─ Primary agent: goal_unc=3.4148m (direct path with landmark updates)
Converged at iteration : 19953
Figure path-role mapping: supports = paths[1:1], primary = paths[2]
Discrete evaluation: prim_len=850.0, unc=3.4148
Fig 1 saved.

=== Continuous Spline Optimization (threshold=3.5441) ===
  Initial (discrete→spline): prim_len=826.961, unc=3.9656
  Barrier stage 1/15: μ=20.0
    → Recovered into the feasible set at iter 12 (min_slack=0.005356); feasible-only gate now armed
  → Converged at iter 19 (Δlen=0.000127)
  Barrier stage 2/15: μ=7.0
  Barrier stage 3/15: μ=2.45
  Barrier stage 4/15: μ=0.8575
  Barrier stage 5/15: μ=0.3001
  → Converged at iter 284 (Δlen=0.000881)
  Barrier stage 6/15: μ=0.105
  → Converged at iter 323 (Δlen=0.000427)
  Barrier stage 7/15: μ=0.0368
  → Converged at iter 329 (Δlen=0.000449)
  Barrier stage 8/15: μ=0.0129
  → Converged at iter 330 (Δlen=0.00051)
  Barrier stage 9/15: μ=0.0045
  [Spline barrier] line search stalled; stopping at stage 9
  Barrier stage 10/15: μ=0.0016
  [Spline barrier] line search stalled; stopping at stage 10
  Barrier stage 11/15: μ=0.0006
  [Spline barrier] line search stalled; stopping at stage 11
  Barrier stage 12/15: μ=0.0002
  [Spline barrier] line search stalled; stopping at stage 12
  Barrier stage 13/15: μ=0.0001
  [Spline barrier] line search stalled; stopping at stage 13
  Barrier stage 14/15: μ=0.0
  [Spline barrier] line search stalled; stopping at stage 14
  Barrier stage 15/15: μ=0.0
  [Spline barrier] line search stalled; stopping at stage 15
  Final: prim_len=826.303, unc=3.5441, threshold=3.5441, status=optimized, min_slack=0.0
  Obstacle re-verification: mean path clears all obstacles ✓
Fig combined (main) saved: Discrete Len=826.96 → Continuous Len=826.3
Fig uncertainty profile (main) saved: /home/tonyzhang/projects/landmark_planning/constraint_sweep/sweep_2026-08-11/hexspline_cl/s007_p060/hexspline_cl/figures/main_unc_profile.png

[hexspline_cl] produced 1 solution(s) -> /home/tonyzhang/projects/landmark_planning/constraint_sweep/sweep_2026-08-11/hexspline_cl/s007_p060/hexspline_cl
