Landmark scenario: random — 3 landmarks, 5 obstacles, start (0.0, 0.0) → goal (600.0, 0.0)
Hex graph: 652 nodes (648 heading-states + 3 sensors + goal), radius=57.73502691896258m, directed_edges=1704, grid=11x15, start_cell=(1, 7), goal_cell=(7, 7), start_heading=0

── SEQUENTIAL PLANNING (2 agent(s), one at a time) ──
  Leg 1 — primary, 1 helper(s) parked at start (bound 6.3383 = 2.0x the 3.169141363 threshold the shipped route is held to):

    ✓ feasible at iter 59: dist=750.0, unc=4.2254
  Leg 2 — helper 1 vs the fixed primary trajectory (9 steps, beam 400):
    → helper 1 placed; primary goal_unc now 3.1379
  Leg 3 — primary re-planned against the committed helper paths:
  [A*] iter 1000/500000 (0.2%)  left=499000  elapsed=0.1s   ┌ Warning: Seed is infeasible (min_slack=-0.4715682717270555, ε=0.001); the barrier will try to recover it before shortening. Expected for the straight_cont ablation, and for a discrete seed that A* returned as its best incumbent after exhausting its budget.
└ @ Main ~/projects/landmark_planning/planners/hexspline_cl.jl:1215

    ✓ feasible at iter 1297: dist=1250.0, unc=3.0928
    leg 1 route: len=750.0, unc=3.1379 ✓  |  re-planned: len=1250.0, unc=3.0928 ✓  → keep leg 1
  Helper 1: dist=750.0m, goal_unc=3.0189m
  Primary  : dist=750.0m, goal_unc=3.1379m (threshold 3.169141363 ✓)

=== Continuous Spline Optimization (threshold=3.1691) ===
  Initial (discrete→spline): prim_len=743.295, unc=3.6407
  Barrier stage 1/15: μ=20.0
    → Recovered into the feasible set at iter 8 (min_slack=0.009597); feasible-only gate now armed
  → Converged at iter 52 (Δlen=0.000704)
  Barrier stage 2/15: μ=7.0
  Barrier stage 3/15: μ=2.45
  → Converged at iter 127 (Δlen=0.000229)
  Barrier stage 4/15: μ=0.8575
  → Converged at iter 128 (Δlen=0.000298)
  Barrier stage 5/15: μ=0.3001
  → Converged at iter 129 (Δlen=0.000309)
  Barrier stage 6/15: μ=0.105
  Barrier stage 7/15: μ=0.0368
  Barrier stage 8/15: μ=0.0129
  Barrier stage 9/15: μ=0.0045
  Barrier stage 10/15: μ=0.0016
  Barrier stage 11/15: μ=0.0006
  Barrier stage 12/15: μ=0.0002
  Barrier stage 13/15: μ=0.0001
  → Converged at iter 600 (Δlen=5.4e-5)
  Barrier stage 14/15: μ=0.0
  → Converged at iter 601 (Δlen=6.8e-5)
  Barrier stage 15/15: μ=0.0
  [Spline barrier] line search stalled; stopping at stage 15
  Final: prim_len=714.948, unc=2.6241, threshold=3.1691, status=optimized, min_slack=0.0
  Obstacle re-verification: mean path clears all obstacles ✓
Fig combined (main) saved: Discrete Len=743.3 → Continuous Len=714.95
Fig uncertainty profile (main) saved: /home/tonyzhang/projects/landmark_planning/constraint_sweep/sweep_2026-08-11/sequential/s023_p075/sequential/figures/main_unc_profile.png

[sequential] produced 1 solution(s) -> /home/tonyzhang/projects/landmark_planning/constraint_sweep/sweep_2026-08-11/sequential/s023_p075/sequential
