Landmark scenario: random — 3 landmarks, 2 obstacles, start (0.0, 0.0) → goal (900.0, 0.0)
Hex graph: 382 nodes (378 heading-states + 3 sensors + goal), radius=86.60254037844388m, directed_edges=954, grid=11x11, start_cell=(2, 5), goal_cell=(8, 5), start_heading=0

── CL-GBT PLANNING (sampling-based joint tree, continuous R²) ──
  [CL-GBT] iter 200/200000  tree=160  elapsed=0.1s     [CL-GBT] iter 400/200000  tree=328  elapsed=0.1s     [CL-GBT] iter 600/200000  tree=489  elapsed=0.1s     [CL-GBT] iter 800/200000  tree=643  elapsed=0.1s     [CL-GBT] iter 1000/200000  tree=806  elapsed=0.1s     [CL-GBT] iter 1200/200000  tree=969  elapsed=0.1s   ┌ Warning: Seed is infeasible (min_slack=-0.3054736758833697, ε=0.001); the barrier will try to recover it before shortening. Expected for the straight_cont ablation, and for a discrete seed that A* returned as its best incumbent after exhausting its budget.
└ @ Main ~/projects/landmark_planning/planners/hexspline_cl.jl:1207

  Support 1: dist=1200.0m, goal_unc=9.7971m
  Primary  : dist=1223.4m, goal_unc=7.0306m (threshold 7.487680024) — 1254 iterations, tree size 1015

=== Continuous Spline Optimization (threshold=7.4877) ===
  Initial (discrete→spline): prim_len=1134.26, unc=7.0306
  Barrier stage 1/15: μ=20.0
  Barrier stage 2/15: μ=20.0
  Barrier stage 3/15: μ=20.0
    → Recovered into the feasible set at iter 182 (min_slack=8.5e-5); feasible-only gate now armed
  Barrier stage 4/15: μ=7.0
  Barrier stage 5/15: μ=2.45
  Barrier stage 6/15: μ=0.8575
  Barrier stage 7/15: μ=0.3001
  Barrier stage 8/15: μ=0.105
  Barrier stage 9/15: μ=0.0368
  [Spline barrier] line search stalled; stopping at stage 9
  Barrier stage 10/15: μ=0.0129
  [Spline barrier] line search stalled; stopping at stage 10
  Barrier stage 11/15: μ=0.0045
  → Converged at iter 580 (Δlen=0.000327)
  Barrier stage 12/15: μ=0.0016
  → Converged at iter 581 (Δlen=0.000434)
  Barrier stage 13/15: μ=0.0006
  [Spline barrier] line search stalled; stopping at stage 13
  Barrier stage 14/15: μ=0.0002
  [Spline barrier] line search stalled; stopping at stage 14
  Barrier stage 15/15: μ=0.0001
  [Spline barrier] line search stalled; stopping at stage 15
  Final: prim_len=980.68, unc=7.4877, threshold=7.4877, status=optimized, min_slack=2.0e-6
  Obstacle re-verification: mean path clears all obstacles ✓
Fig combined (main) saved: Discrete Len=1134.26 → Continuous Len=980.68
Fig uncertainty profile (main) saved: /home/tonyzhang/projects/landmark_planning/constraint_sweep/baseline_2026-08-17/clgbt/s032_p100/clgbt/figures/main_unc_profile.png

[clgbt] produced 1 solution(s) -> /home/tonyzhang/projects/landmark_planning/constraint_sweep/baseline_2026-08-17/clgbt/s032_p100/clgbt
