┌ Warning: Seed is infeasible (min_slack=-22.72435652333385, ε=0.001); the barrier will try to recover it before shortening. Expected for the straight_cont ablation, and for a discrete seed that A* returned as its best incumbent after exhausting its budget.
└ @ Main ~/projects/landmark_planning/planners/hexspline_cl.jl:1215
Landmark scenario: random — 2 landmarks, 4 obstacles, start (0.0, 0.0) → goal (800.0, 0.0)
Hex graph: 795 nodes (792 heading-states + 2 sensors + goal), radius=57.73502691896258m, directed_edges=2112, grid=13x15, start_cell=(1, 7), goal_cell=(9, 7), start_heading=0

── GREEDY PLANNING ──
  Primary: shortest obstacle-clear route (single-agent A*, no uncertainty bound)

  [Constraint A*] Goal popped, unc OK, but its B-spline breaches an obstacle; discarded.

  [Constraint A*] Goal popped, unc OK, but its B-spline breaches an obstacle; discarded.

  [Constraint A*] Goal popped, unc OK, but its B-spline breaches an obstacle; discarded.

  [Constraint A*] Goal popped, unc OK, but its B-spline breaches an obstacle; discarded.

  [Constraint A*] Goal popped, unc OK, but its B-spline breaches an obstacle; discarded.

  [Constraint A*] Goal popped, unc OK, but its B-spline breaches an obstacle; discarded.

  [Constraint A*] Goal popped, unc OK, but its B-spline breaches an obstacle; discarded.

  [Constraint A*] Goal popped, unc OK, but its B-spline breaches an obstacle; discarded.

  [Constraint A*] Goal popped, unc OK, but its B-spline breaches an obstacle; discarded.

  [Constraint A*] Goal popped, unc OK, but its B-spline breaches an obstacle; discarded.

  [Constraint A*] Goal popped, unc OK, but its B-spline breaches an obstacle; discarded.

  [Constraint A*] Goal popped, unc OK, but its B-spline breaches an obstacle; discarded.

  [Constraint A*] Goal popped, unc OK, but its B-spline breaches an obstacle; discarded.

  [Constraint A*] Goal popped, unc OK, but its B-spline breaches an obstacle; discarded.

  ✓ FEASIBLE SOLUTION at iter 197: dist=986.603, unc=8.6716
  [Constraint A*] Single-agent complete: 197 iterations, final_dist=986.603
  Helpers: greedy placement, minimising the primary's uncertainty per step
  Support 1: dist=950.0m, goal_unc=6.6664m
  Primary  : dist=986.6m, goal_unc=8.5286m (threshold 7.804482883 ✗)

=== Continuous Spline Optimization (threshold=7.8045) ===
  Initial (discrete→spline): prim_len=991.891, unc=8.8487
  Barrier stage 1/15: μ=20.0
  Barrier stage 2/15: μ=20.0
  Barrier stage 3/15: μ=20.0
    → Recovered into the feasible set at iter 138 (min_slack=7.2e-5); feasible-only gate now armed
  → Converged at iter 193 (Δlen=0.000573)
  Barrier stage 4/15: μ=7.0
  → Converged at iter 202 (Δlen=9.6e-5)
  Barrier stage 5/15: μ=2.45
  Barrier stage 6/15: μ=0.8575
  Barrier stage 7/15: μ=0.3001
  Barrier stage 8/15: μ=0.105
  Barrier stage 9/15: μ=0.0368
  Barrier stage 10/15: μ=0.0129
  Barrier stage 11/15: μ=0.0045
  Barrier stage 12/15: μ=0.0016
  Barrier stage 13/15: μ=0.0006
  Barrier stage 14/15: μ=0.0002
  → Converged at iter 813 (Δlen=0.00074)
  Barrier stage 15/15: μ=0.0001
  → Converged at iter 815 (Δlen=0.000185)
  Final: prim_len=956.379, unc=7.8045, threshold=7.8045, status=optimized, min_slack=0.0
  Obstacle re-verification: mean path clears all obstacles ✓
Fig combined (main) saved: Discrete Len=991.89 → Continuous Len=956.38
Fig uncertainty profile (main) saved: /home/tonyzhang/projects/landmark_planning/constraint_sweep/sweep_2026-08-11/greedy/s038_p090/greedy/figures/main_unc_profile.png

[greedy] produced 1 solution(s) -> /home/tonyzhang/projects/landmark_planning/constraint_sweep/sweep_2026-08-11/greedy/s038_p090/greedy
