Landmark scenario: random — 2 landmarks, 2 obstacles, start (0.0, 0.0) → goal (600.0, 0.0)
Hex graph: 297 nodes (294 heading-states + 2 sensors + goal), radius=86.60254037844388m, directed_edges=726, grid=9x11, start_cell=(2, 5), goal_cell=(6, 5), start_heading=0

── SEQUENTIAL PLANNING (2 agent(s), one at a time) ──
  Leg 1 — primary, 1 helper(s) parked at start (bound 12.4511 = 2.0x the 6.225554018 threshold the shipped route is held to):

    ✓ feasible at iter 33: dist=900.0, unc=6.9157
  Leg 2 — helper 1 vs the fixed primary trajectory (7 steps, beam 400):
    (took rank #5 of 131; 4 better-ranked route(s) breach as splines)
    → helper 1 placed; primary goal_unc now 5.0501
  Leg 3 — primary re-planned against the committed helper paths:

    ✓ feasible at iter 29: dist=900.0, unc=5.05
    leg 1 route: len=900.0, unc=5.0501 ✓  |  re-planned: len=900.0, unc=5.05 ✓  → TAKE re-plan
  Helper 1: dist=900.0m, goal_unc=3.3522m
  Primary  : dist=900.0m, goal_unc=5.05m (threshold 6.225554018 ✓)

=== Continuous Spline Optimization (threshold=6.2256) ===
  Initial (discrete→spline): prim_len=854.736, unc=5.05
  Barrier stage 1/15: μ=20.0
  [Spline barrier] line search stalled; stopping at stage 1
  Barrier stage 2/15: μ=7.0
  [Spline barrier] line search stalled; stopping at stage 2
  Barrier stage 3/15: μ=2.45
  [Spline barrier] line search stalled; stopping at stage 3
  Barrier stage 4/15: μ=0.8575
  [Spline barrier] line search stalled; stopping at stage 4
  Barrier stage 5/15: μ=0.3001
  [Spline barrier] line search stalled; stopping at stage 5
  Barrier stage 6/15: μ=0.105
  [Spline barrier] line search stalled; stopping at stage 6
  Barrier stage 7/15: μ=0.0368
  Barrier stage 8/15: μ=0.0129
  Barrier stage 9/15: μ=0.0045
  → Converged at iter 160 (Δlen=0.000855)
  Barrier stage 10/15: μ=0.0016
  → Converged at iter 163 (Δlen=0.000275)
  Barrier stage 11/15: μ=0.0006
  → Converged at iter 175 (Δlen=0.000354)
  Barrier stage 12/15: μ=0.0002
  → Converged at iter 176 (Δlen=0.000675)
  Barrier stage 13/15: μ=0.0001
  → Converged at iter 177 (Δlen=0.000983)
  Barrier stage 14/15: μ=0.0
  → Converged at iter 178 (Δlen=0.000988)
  Barrier stage 15/15: μ=0.0
  [Spline barrier] line search stalled; stopping at stage 15
  Final: prim_len=848.531, unc=4.4182, threshold=6.2256, status=optimized, min_slack=5.0e-6
  Obstacle re-verification: mean path clears all obstacles ✓
Fig combined (main) saved: Discrete Len=854.74 → Continuous Len=848.53
Fig uncertainty profile (main) saved: /home/tonyzhang/projects/landmark_planning/constraint_sweep/baseline_2026-08-17/sequential/s058_p090/sequential/figures/main_unc_profile.png

[sequential] produced 1 solution(s) -> /home/tonyzhang/projects/landmark_planning/constraint_sweep/baseline_2026-08-17/sequential/s058_p090/sequential
