┌ Warning: Seed is infeasible (min_slack=-1.583685928680767, ε=0.001); the barrier will try to recover it before shortening. Expected for the straight_cont ablation, and for a discrete seed that A* returned as its best incumbent after exhausting its budget.
└ @ Main ~/projects/landmark_planning/planners/hexspline_cl.jl:1215
Landmark scenario: random — 3 landmarks, 4 obstacles, start (0.0, 0.0) → goal (800.0, 0.0)
Hex graph: 796 nodes (792 heading-states + 3 sensors + goal), radius=57.73502691896258m, directed_edges=2112, grid=13x15, start_cell=(1, 7), goal_cell=(9, 7), start_heading=0

── GREEDY PLANNING ──
  Primary: shortest obstacle-clear route (single-agent A*, no uncertainty bound)

  [Constraint A*] Goal popped, unc OK, but its B-spline breaches an obstacle; discarded.

  [Constraint A*] Goal popped, unc OK, but its B-spline breaches an obstacle; discarded.

  [Constraint A*] Goal popped, unc OK, but its B-spline breaches an obstacle; discarded.

  [Constraint A*] Goal popped, unc OK, but its B-spline breaches an obstacle; discarded.

  [Constraint A*] Goal popped, unc OK, but its B-spline breaches an obstacle; discarded.

  [Constraint A*] Goal popped, unc OK, but its B-spline breaches an obstacle; discarded.

  [Constraint A*] Goal popped, unc OK, but its B-spline breaches an obstacle; discarded.

  ✓ FEASIBLE SOLUTION at iter 68: dist=950.0, unc=5.6362
  [Constraint A*] Single-agent complete: 68 iterations, final_dist=950.0
  Helpers: greedy placement, minimising the primary's uncertainty per step
  Support 1: dist=950.0m, goal_unc=4.9199m
  Primary  : dist=950.0m, goal_unc=5.6658m (threshold 4.227155585 ✗)

=== Continuous Spline Optimization (threshold=4.2272) ===
  Initial (discrete→spline): prim_len=917.06, unc=5.8108
  Barrier stage 1/15: μ=20.0
    → Recovered into the feasible set at iter 29 (min_slack=0.008562); feasible-only gate now armed
  [Spline barrier] line search stalled; stopping at stage 1
  Barrier stage 2/15: μ=7.0
  → Converged at iter 35 (Δlen=0.000545)
  Barrier stage 3/15: μ=2.45
  → Converged at iter 36 (Δlen=0.000735)
  Barrier stage 4/15: μ=0.8575
  → Converged at iter 37 (Δlen=0.000773)
  Barrier stage 5/15: μ=0.3001
  → Converged at iter 38 (Δlen=0.000782)
  Barrier stage 6/15: μ=0.105
  → Converged at iter 63 (Δlen=0.00068)
  Barrier stage 7/15: μ=0.0368
  → Converged at iter 70 (Δlen=9.3e-5)
  Barrier stage 8/15: μ=0.0129
  → Converged at iter 71 (Δlen=0.000116)
  Barrier stage 9/15: μ=0.0045
  → Converged at iter 72 (Δlen=0.000127)
  Barrier stage 10/15: μ=0.0016
  → Converged at iter 73 (Δlen=0.000133)
  Barrier stage 11/15: μ=0.0006
  → Converged at iter 74 (Δlen=0.000139)
  Barrier stage 12/15: μ=0.0002
  [Spline barrier] line search stalled; stopping at stage 12
  Barrier stage 13/15: μ=0.0001
  [Spline barrier] line search stalled; stopping at stage 13
  Barrier stage 14/15: μ=0.0
  [Spline barrier] line search stalled; stopping at stage 14
  Barrier stage 15/15: μ=0.0
  [Spline barrier] line search stalled; stopping at stage 15
  Final: prim_len=893.178, unc=4.2272, threshold=4.2272, status=optimized, min_slack=0.0
  Obstacle re-verification: mean path clears all obstacles ✓
Fig combined (main) saved: Discrete Len=917.06 → Continuous Len=893.18
Fig uncertainty profile (main) saved: /home/tonyzhang/projects/landmark_planning/constraint_sweep/sweep_2026-08-11/greedy/s015_p075/greedy/figures/main_unc_profile.png

[greedy] produced 1 solution(s) -> /home/tonyzhang/projects/landmark_planning/constraint_sweep/sweep_2026-08-11/greedy/s015_p075/greedy
