Landmark scenario: random — 4 landmarks, 3 obstacles, start (0.0, 0.0) → goal (600.0, 0.0)
Hex graph: 653 nodes (648 heading-states + 4 sensors + goal), radius=57.73502691896258m, directed_edges=1704, grid=11x15, start_cell=(1, 7), goal_cell=(7, 7), start_heading=0

── SEQUENTIAL PLANNING (2 agent(s), one at a time) ──
  Leg 1 — primary, 1 helper(s) parked at start (bound 7.4375 = 2.0x the 3.718763616 threshold the shipped route is held to):

    ✓ feasible at iter 25: dist=650.0, unc=5.3257
  Leg 2 — helper 1 vs the fixed primary trajectory (8 steps, beam 400):
    → helper 1 placed; primary goal_unc now 3.2234
  Leg 3 — primary re-planned against the committed helper paths:

    ✓ feasible at iter 9: dist=650.0, unc=3.2237
    leg 1 route: len=650.0, unc=3.2234 ✓  |  re-planned: len=650.0, unc=3.2237 ✓  → keep leg 1
  Helper 1: dist=650.0m, goal_unc=2.5552m
  Primary  : dist=650.0m, goal_unc=3.2234m (threshold 3.718763616 ✓)

=== Continuous Spline Optimization (threshold=3.7188) ===
  Initial (discrete→spline): prim_len=650.13, unc=3.6887
  Barrier stage 1/15: μ=20.0
  Barrier stage 2/15: μ=7.0
  → Converged at iter 90 (Δlen=8.8e-5)
  Barrier stage 3/15: μ=2.45
  Barrier stage 4/15: μ=0.8575
  → Converged at iter 158 (Δlen=0.000543)
  Barrier stage 5/15: μ=0.3001
  → Converged at iter 159 (Δlen=0.00069)
  Barrier stage 6/15: μ=0.105
  → Converged at iter 160 (Δlen=0.00077)
  Barrier stage 7/15: μ=0.0368
  Barrier stage 8/15: μ=0.0129
  Barrier stage 9/15: μ=0.0045
  Barrier stage 10/15: μ=0.0016
  Barrier stage 11/15: μ=0.0006
  Barrier stage 12/15: μ=0.0002
  → Converged at iter 500 (Δlen=0.000253)
  Barrier stage 13/15: μ=0.0001
  → Converged at iter 501 (Δlen=0.000317)
  Barrier stage 14/15: μ=0.0
  → Converged at iter 502 (Δlen=0.00035)
  Barrier stage 15/15: μ=0.0
  [Spline barrier] line search stalled; stopping at stage 15
  Final: prim_len=613.725, unc=2.3062, threshold=3.7188, status=optimized, min_slack=3.0e-6
  Obstacle re-verification: mean path clears all obstacles ✓
Fig combined (main) saved: Discrete Len=650.13 → Continuous Len=613.73
Fig uncertainty profile (main) saved: /home/tonyzhang/projects/landmark_planning/constraint_sweep/sweep_2026-08-11/sequential/s084_p095/sequential/figures/main_unc_profile.png

[sequential] produced 1 solution(s) -> /home/tonyzhang/projects/landmark_planning/constraint_sweep/sweep_2026-08-11/sequential/s084_p095/sequential
