Landmark scenario: random — 2 landmarks, 3 obstacles, start (0.0, 0.0) → goal (600.0, 0.0)
Hex graph: 651 nodes (648 heading-states + 2 sensors + goal), radius=57.73502691896258m, directed_edges=1704, grid=11x15, start_cell=(1, 7), goal_cell=(7, 7), start_heading=0
Conditional ε-bound: ε_sample=1.1925, w=1.0, ε_total=1.1925
  Bound form (conditional): L_returned ≤ (1+ε_total) L* with assumptions documented in comments.

── MULTI-AGENT PLANNING (Synchronized Kalman) ──

  Running joint discrete A* (threshold=3.2579)... (max_iters=500000)
  Stops on the first feasible candidate under the threshold.
  ✓ Goal reachable from node 1 with distance 600.0
  [A*] iter 1000/500000 (0.2%)  left=499000  elapsed=2.1s     [A*] iter 2000/500000 (0.4%)  left=498000  elapsed=2.2s   
  [Constraint A*] Incumbent seed at iter 2671: dist=750.0, unc=3.9529 > 3.2579

  [Constraint A*] Incumbent seed at iter 2860: dist=750.0, unc=3.7403 > 3.2579
  [A*] iter 3000/500000 (0.6%)  left=497000  elapsed=2.5s   
  [Constraint A*] Incumbent seed at iter 3048: dist=750.0, unc=3.7403 > 3.2579
  [A*] iter 4000/500000 (0.8%)  left=496000  elapsed=2.8s     [A*] iter 5000/500000 (1.0%)  left=495000  elapsed=2.8s     [A*] iter 6000/500000 (1.2%)  left=494000  elapsed=2.9s     [A*] iter 7000/500000 (1.4%)  left=493000  elapsed=2.9s     [A*] iter 8000/500000 (1.6%)  left=492000  elapsed=2.9s     [A*] iter 9000/500000 (1.8%)  left=491000  elapsed=2.9s     [A*] iter 10000/500000 (2.0%)  left=490000  elapsed=3.1s     [A*] iter 11000/500000 (2.2%)  left=489000  elapsed=3.1s   
  [Constraint A*] Incumbent seed at iter 11582: dist=786.603, unc=3.7332 > 3.2579
  [A*] iter 12000/500000 (2.4%)  left=488000  elapsed=3.1s     [A*] iter 13000/500000 (2.6%)  left=487000  elapsed=3.1s     [A*] iter 14000/500000 (2.8%)  left=486000  elapsed=3.1s     [A*] iter 15000/500000 (3.0%)  left=485000  elapsed=3.2s   
  [Constraint A*] Incumbent seed at iter 15715: dist=786.603, unc=3.2701 > 3.2579

  ✓ FEASIBLE SOLUTION at iter 15832: dist=786.603, unc=3.1314
  [Constraint A*] Complete: 15832 iterations, final_dist=786.603

✓ Multi-agent solution with synchronized Kalman fusion:
  Support agent 1: node=309, dist=786.6m, goal_unc=2.8445m
  Primary agent: node=362, dist=786.6m, goal_unc=3.1314m
  ├─ Communication: every 100.0m, sigmoid taper range=200.0m width=20.0m
  └─ All agents' uncertainties benefit from synchronized Kalman fusion at checkpoints

--- Final Results ---
Support agent 1 : [1, 283, 229, 230, 187, 188, 194, 249, 309]  dist=786.603  goal_unc=2.8445  ✓  (Kalman-fused)
Primary agent : [1, 386, 391, 397, 403, 354, 307, 308, 362]  dist=786.603  goal_unc=3.1314  threshold=3.257873904 ✓ met  (Kalman-fused)

=== Kalman Filtering Summary ===
All 2 agents performing synchronized Kalman filtering:
  • Dead-reckoning propagation: DIR=0.05/m, PERP=0.016666666666666666/m
  • Landmark fusion: Information filter (Joseph form) at every waypoint
  • SYNCHRONIZED inter-agent communication: every 100.0m of travel
  • Tapered sigmoid weighting: range=200.0m, width=20.0m (soft plateau + rolloff)
  • Bidirectional Kalman fusion: all agent pairs within range at each checkpoint
  • Measurement model: bearing-angle sensor with noise=0.038, ratio=2.2
  └─ Support agents: goal_unc=2.8445m (improved by inter-agent fusion)
  └─ Primary agent: goal_unc=3.1314m (direct path with landmark updates)
Converged at iteration : 15832
Figure path-role mapping: supports = paths[1:1], primary = paths[2]
Discrete evaluation: prim_len=786.603, unc=3.1314
Fig 1 saved.

=== Continuous Spline Optimization (threshold=3.2579) ===
  Initial (discrete→spline): prim_len=750.767, unc=3.1811
  Barrier stage 1/15: μ=20.0
  → Converged at iter 15 (Δlen=0.000936)
  Barrier stage 2/15: μ=7.0
  → Converged at iter 17 (Δlen=0.000251)
  Barrier stage 3/15: μ=2.45
  [Spline barrier] line search stalled; stopping at stage 3
  Barrier stage 4/15: μ=0.8575
  [Spline barrier] line search stalled; stopping at stage 4
  Barrier stage 5/15: μ=0.3001
  [Spline barrier] line search stalled; stopping at stage 5
  Barrier stage 6/15: μ=0.105
  [Spline barrier] line search stalled; stopping at stage 6
  Barrier stage 7/15: μ=0.0368
  [Spline barrier] line search stalled; stopping at stage 7
  Barrier stage 8/15: μ=0.0129
  [Spline barrier] line search stalled; stopping at stage 8
  Barrier stage 9/15: μ=0.0045
  [Spline barrier] line search stalled; stopping at stage 9
  Barrier stage 10/15: μ=0.0016
  [Spline barrier] line search stalled; stopping at stage 10
  Barrier stage 11/15: μ=0.0006
  [Spline barrier] line search stalled; stopping at stage 11
  Barrier stage 12/15: μ=0.0002
  [Spline barrier] line search stalled; stopping at stage 12
  Barrier stage 13/15: μ=0.0001
  [Spline barrier] line search stalled; stopping at stage 13
  Barrier stage 14/15: μ=0.0
  [Spline barrier] line search stalled; stopping at stage 14
  Barrier stage 15/15: μ=0.0
  [Spline barrier] line search stalled; stopping at stage 15
  Final: prim_len=740.966, unc=2.7071, threshold=3.2579, status=optimized, min_slack=0.008985
  Obstacle re-verification: mean path clears all obstacles ✓
Fig combined (main) saved: Discrete Len=750.77 → Continuous Len=740.97
Fig uncertainty profile (main) saved: /home/tonyzhang/projects/landmark_planning/constraint_sweep/sweep_2026-08-11/hexspline_cl/s003_p050/hexspline_cl/figures/main_unc_profile.png

[hexspline_cl] produced 1 solution(s) -> /home/tonyzhang/projects/landmark_planning/constraint_sweep/sweep_2026-08-11/hexspline_cl/s003_p050/hexspline_cl
