Landmark scenario: random — 4 landmarks, 1 obstacles, start (0.0, 0.0) → goal (600.0, 0.0)
Hex graph: 299 nodes (294 heading-states + 4 sensors + goal), radius=86.60254037844388m, directed_edges=726, grid=9x11, start_cell=(2, 5), goal_cell=(6, 5), start_heading=0

── FORMATION PLANNING ──
  Primary: own A* (formation_primary_astar); a goal candidate is accepted on the primary's uncertainty WITH its supports attached (threshold 6.672212219).
  One support: both lateral slots (+1 = 60° left, -1 = 60° right) tried per candidate.

    ✓ escorted-feasible at iter 15: dist=750.0, unc=6.5665 (slot [1])
  → Chose slot [1]
  Support 1 (slot 1): dist=750.0m, goal_unc=1.3034m, arc drift vs primary=0.0m
  Primary : dist=750.0m, goal_unc=6.5665m (threshold 6.672212219 ✓)

=== Continuous Spline Optimization (threshold=6.6722) ===
  Initial (discrete→spline): prim_len=704.202, unc=6.5665
  Barrier stage 1/15: μ=20.0
  → Converged at iter 7 (Δlen=0.000777)
  Barrier stage 2/15: μ=7.0
  → Converged at iter 9 (Δlen=0.000187)
  Barrier stage 3/15: μ=2.45
  → Converged at iter 19 (Δlen=0.000907)
  Barrier stage 4/15: μ=0.8575
  Barrier stage 5/15: μ=0.3001
  Barrier stage 6/15: μ=0.105
  Barrier stage 7/15: μ=0.0368
  Barrier stage 8/15: μ=0.0129
  → Converged at iter 352 (Δlen=0.000396)
  Barrier stage 9/15: μ=0.0045
  → Converged at iter 353 (Δlen=0.000445)
  Barrier stage 10/15: μ=0.0016
  → Converged at iter 354 (Δlen=0.000458)
  Barrier stage 11/15: μ=0.0006
  [Spline barrier] line search stalled; stopping at stage 11
  Barrier stage 12/15: μ=0.0002
  [Spline barrier] line search stalled; stopping at stage 12
  Barrier stage 13/15: μ=0.0001
  [Spline barrier] line search stalled; stopping at stage 13
  Barrier stage 14/15: μ=0.0
  [Spline barrier] line search stalled; stopping at stage 14
  Barrier stage 15/15: μ=0.0
  [Spline barrier] line search stalled; stopping at stage 15
  Final: prim_len=688.813, unc=1.8097, threshold=6.6722, status=optimized, min_slack=0.0
  Obstacle re-verification: mean path clears all obstacles ✓
Fig combined (main) saved: Discrete Len=704.2 → Continuous Len=688.81
Fig uncertainty profile (main) saved: /home/tonyzhang/projects/landmark_planning/constraint_sweep/baseline_2026-08-17/formation/s084_p100/formation/figures/main_unc_profile.png

[formation] produced 1 solution(s) -> /home/tonyzhang/projects/landmark_planning/constraint_sweep/baseline_2026-08-17/formation/s084_p100/formation
