Landmark scenario: random — 4 landmarks, 4 obstacles, start (0.0, 0.0) → goal (700.0, 0.0)
Hex graph: 725 nodes (720 heading-states + 4 sensors + goal), radius=57.73502691896258m, directed_edges=1908, grid=12x15, start_cell=(1, 7), goal_cell=(8, 7), start_heading=0

── SEQUENTIAL PLANNING (2 agent(s), one at a time) ──
  Leg 1 — primary, 1 helper(s) parked at start (bound 5.9052 = 2.0x the 2.95262492 threshold the shipped route is held to):

    ✓ feasible at iter 22: dist=750.0, unc=4.8018
  Leg 2 — helper 1 vs the fixed primary trajectory (9 steps, beam 400):
    → helper 1 placed; primary goal_unc now 3.0334
  Leg 3 — primary re-planned against the committed helper paths:
  [A*] iter 1000/500000 (0.2%)  left=499000  elapsed=0.1s     [A*] iter 2000/500000 (0.4%)  left=498000  elapsed=0.1s     [A*] iter 3000/500000 (0.6%)  left=497000  elapsed=0.2s     [A*] iter 4000/500000 (0.8%)  left=496000  elapsed=0.3s     [A*] iter 5000/500000 (1.0%)  left=495000  elapsed=0.5s     [A*] iter 6000/500000 (1.2%)  left=494000  elapsed=0.6s     [A*] iter 7000/500000 (1.4%)  left=493000  elapsed=0.6s     [A*] iter 8000/500000 (1.6%)  left=492000  elapsed=0.7s     [A*] iter 9000/500000 (1.8%)  left=491000  elapsed=0.7s     [A*] iter 10000/500000 (2.0%)  left=490000  elapsed=0.8s   
    ✓ feasible at iter 10550: dist=1750.0, unc=2.9475
    leg 1 route: len=750.0, unc=3.0334 ✗  |  re-planned: len=1750.0, unc=2.9475 ✓  → TAKE re-plan
  Helper 1: dist=750.0m, goal_unc=1.8798m
  Primary  : dist=1750.0m, goal_unc=2.9475m (threshold 2.95262492 ✓)

=== Continuous Spline Optimization (threshold=2.9526) ===
  Initial (discrete→spline): prim_len=1615.243, unc=2.9298
  Barrier stage 1/15: μ=20.0
  → Converged at iter 3 (Δlen=0.000758)
  Barrier stage 2/15: μ=7.0
  [Spline barrier] line search stalled; stopping at stage 2
  Barrier stage 3/15: μ=2.45
  [Spline barrier] line search stalled; stopping at stage 3
  Barrier stage 4/15: μ=0.8575
  [Spline barrier] line search stalled; stopping at stage 4
  Barrier stage 5/15: μ=0.3001
  [Spline barrier] line search stalled; stopping at stage 5
  Barrier stage 6/15: μ=0.105
  [Spline barrier] line search stalled; stopping at stage 6
  Barrier stage 7/15: μ=0.0368
  [Spline barrier] line search stalled; stopping at stage 7
  Barrier stage 8/15: μ=0.0129
  [Spline barrier] line search stalled; stopping at stage 8
  Barrier stage 9/15: μ=0.0045
  [Spline barrier] line search stalled; stopping at stage 9
  Barrier stage 10/15: μ=0.0016
  [Spline barrier] line search stalled; stopping at stage 10
  Barrier stage 11/15: μ=0.0006
  [Spline barrier] line search stalled; stopping at stage 11
  Barrier stage 12/15: μ=0.0002
  [Spline barrier] line search stalled; stopping at stage 12
  Barrier stage 13/15: μ=0.0001
  [Spline barrier] line search stalled; stopping at stage 13
  Barrier stage 14/15: μ=0.0
  [Spline barrier] line search stalled; stopping at stage 14
  Barrier stage 15/15: μ=0.0
  [Spline barrier] line search stalled; stopping at stage 15
  Final: prim_len=1609.991, unc=2.7831, threshold=2.9526, status=optimized, min_slack=0.011481
  Obstacle re-verification: mean path clears all obstacles ✓
Fig combined (main) saved: Discrete Len=1615.24 → Continuous Len=1609.99
Fig uncertainty profile (main) saved: /home/tonyzhang/projects/landmark_planning/constraint_sweep/sweep_2026-08-11/sequential/s091_p060/sequential/figures/main_unc_profile.png

[sequential] produced 1 solution(s) -> /home/tonyzhang/projects/landmark_planning/constraint_sweep/sweep_2026-08-11/sequential/s091_p060/sequential
