Landmark scenario: random — 2 landmarks, 5 obstacles, start (0.0, 0.0) → goal (800.0, 0.0)
Hex graph: 795 nodes (792 heading-states + 2 sensors + goal), radius=57.73502691896258m, directed_edges=2112, grid=13x15, start_cell=(1, 7), goal_cell=(9, 7), start_heading=0

── GREEDY PLANNING ──
  Primary: shortest obstacle-clear route (single-agent A*, no uncertainty bound)

  [Constraint A*] Goal popped, unc OK, but its B-spline breaches an obstacle; discarded.

  [Constraint A*] Goal popped, unc OK, but its B-spline breaches an obstacle; discarded.

  ✓ FEASIBLE SOLUTION at iter 54: dist=950.0, unc=10.9602
  [Constraint A*] Single-agent complete: 54 iterations, final_dist=950.0
  Helpers: greedy placement, minimising the primary's uncertainty per step
  Support 1: dist=950.0m, goal_unc=6.3958m
  Primary  : dist=950.0m, goal_unc=6.6564m (threshold 9.864196888 ✓)

=== Continuous Spline Optimization (threshold=9.8642) ===
  Initial (discrete→spline): prim_len=949.335, unc=7.0612
  Barrier stage 1/15: μ=20.0
  Barrier stage 2/15: μ=7.0
  Barrier stage 3/15: μ=2.45
  Barrier stage 4/15: μ=0.8575
  Barrier stage 5/15: μ=0.3001
  → Converged at iter 308 (Δlen=6.6e-5)
  Barrier stage 6/15: μ=0.105
  → Converged at iter 352 (Δlen=0.000109)
  Barrier stage 7/15: μ=0.0368
  → Converged at iter 353 (Δlen=0.000168)
  Barrier stage 8/15: μ=0.0129
  → Converged at iter 366 (Δlen=0.000935)
  Barrier stage 9/15: μ=0.0045
  → Converged at iter 395 (Δlen=0.000623)
  Barrier stage 10/15: μ=0.0016
  → Converged at iter 396 (Δlen=0.000955)
  Barrier stage 11/15: μ=0.0006
  [Spline barrier] line search stalled; stopping at stage 11
  Barrier stage 12/15: μ=0.0002
  [Spline barrier] line search stalled; stopping at stage 12
  Barrier stage 13/15: μ=0.0001
  [Spline barrier] line search stalled; stopping at stage 13
  Barrier stage 14/15: μ=0.0
  [Spline barrier] line search stalled; stopping at stage 14
  Barrier stage 15/15: μ=0.0
  [Spline barrier] line search stalled; stopping at stage 15
  Final: prim_len=921.073, unc=6.3649, threshold=9.8642, status=optimized, min_slack=0.01225
  Obstacle re-verification: mean path clears all obstacles ✓
Fig combined (main) saved: Discrete Len=949.34 → Continuous Len=921.07
Fig uncertainty profile (main) saved: /home/tonyzhang/projects/landmark_planning/constraint_sweep/sweep_2026-08-11/greedy/s094_p090/greedy/figures/main_unc_profile.png

[greedy] produced 1 solution(s) -> /home/tonyzhang/projects/landmark_planning/constraint_sweep/sweep_2026-08-11/greedy/s094_p090/greedy
