Landmark scenario: random — 2 landmarks, 3 obstacles, start (0.0, 0.0) → goal (800.0, 0.0)
Hex graph: 795 nodes (792 heading-states + 2 sensors + goal), radius=57.73502691896258m, directed_edges=2112, grid=13x15, start_cell=(1, 7), goal_cell=(9, 7), start_heading=0

── SEQUENTIAL PLANNING (2 agent(s), one at a time) ──
  Leg 1 — primary, 1 helper(s) parked at start (bound 13.5006 = 2.0x the 6.7502844 threshold the shipped route is held to):

    ✓ feasible at iter 768: dist=1150.0, unc=8.4771
  Leg 2 — helper 1 vs the fixed primary trajectory (13 steps, beam 400):
    → helper 1 placed; primary goal_unc now 6.992
  Leg 3 — primary re-planned against the committed helper paths:

    ✓ feasible at iter 522: dist=1186.603, unc=4.9188
    leg 1 route: len=1150.0, unc=6.992 ✗  |  re-planned: len=1186.6, unc=4.9188 ✓  → TAKE re-plan
  Helper 1: dist=1150.0m, goal_unc=6.7377m
  Primary  : dist=1186.6m, goal_unc=4.9188m (threshold 6.7502844 ✓)

=== Continuous Spline Optimization (threshold=6.7503) ===
  Initial (discrete→spline): prim_len=1162.234, unc=5.2285
  Barrier stage 1/15: μ=20.0
  Barrier stage 2/15: μ=7.0
  Barrier stage 3/15: μ=2.45
  Barrier stage 4/15: μ=0.8575
  Barrier stage 5/15: μ=0.3001
  Barrier stage 6/15: μ=0.105
  [Spline barrier] line search stalled; stopping at stage 6
  Barrier stage 7/15: μ=0.0368
  [Spline barrier] line search stalled; stopping at stage 7
  Barrier stage 8/15: μ=0.0129
  [Spline barrier] line search stalled; stopping at stage 8
  Barrier stage 9/15: μ=0.0045
  Barrier stage 10/15: μ=0.0016
  → Converged at iter 452 (Δlen=0.000754)
  Barrier stage 11/15: μ=0.0006
  → Converged at iter 454 (Δlen=0.000209)
  Barrier stage 12/15: μ=0.0002
  → Converged at iter 455 (Δlen=0.000321)
  Barrier stage 13/15: μ=0.0001
  [Spline barrier] line search stalled; stopping at stage 13
  Barrier stage 14/15: μ=0.0
  [Spline barrier] line search stalled; stopping at stage 14
  Barrier stage 15/15: μ=0.0
  [Spline barrier] line search stalled; stopping at stage 15
  Final: prim_len=1030.884, unc=4.9505, threshold=6.7503, status=optimized, min_slack=2.0e-6
  Obstacle re-verification: mean path clears all obstacles ✓
Fig combined (main) saved: Discrete Len=1162.23 → Continuous Len=1030.88
Fig uncertainty profile (main) saved: /home/tonyzhang/projects/landmark_planning/constraint_sweep/sweep_2026-08-11/sequential/s054_p080/sequential/figures/main_unc_profile.png

[sequential] produced 1 solution(s) -> /home/tonyzhang/projects/landmark_planning/constraint_sweep/sweep_2026-08-11/sequential/s054_p080/sequential
