Landmark scenario: random — 3 landmarks, 5 obstacles, start (0.0, 0.0) → goal (700.0, 0.0)
Hex graph: 724 nodes (720 heading-states + 3 sensors + goal), radius=57.73502691896258m, directed_edges=1908, grid=12x15, start_cell=(1, 7), goal_cell=(8, 7), start_heading=0

── SEQUENTIAL PLANNING (2 agent(s), one at a time) ──
  Leg 1 — primary, 1 helper(s) parked at start (bound 8.501 = 2.0x the 4.250484333 threshold the shipped route is held to):

    ✓ feasible at iter 192: dist=950.0, unc=5.0009
  Leg 2 — helper 1 vs the fixed primary trajectory (11 steps, beam 400):
    → helper 1 placed; primary goal_unc now 3.9396
  Leg 3 — primary re-planned against the committed helper paths:
  [A*] iter 1000/500000 (0.2%)  left=499000  elapsed=0.1s   ┌ Warning: Seed is infeasible (min_slack=-0.062345236008694904, ε=0.001); the barrier will try to recover it before shortening. Expected for the straight_cont ablation, and for a discrete seed that A* returned as its best incumbent after exhausting its budget.
└ @ Main ~/projects/landmark_planning/planners/hexspline_cl.jl:1215

    ✓ feasible at iter 1936: dist=1350.0, unc=3.6535
    leg 1 route: len=950.0, unc=3.9396 ✓  |  re-planned: len=1350.0, unc=3.6535 ✓  → keep leg 1
  Helper 1: dist=950.0m, goal_unc=2.7574m
  Primary  : dist=950.0m, goal_unc=3.9396m (threshold 4.250484333 ✓)

=== Continuous Spline Optimization (threshold=4.2505) ===
  Initial (discrete→spline): prim_len=944.955, unc=4.3128
  Barrier stage 1/15: μ=20.0
    → Recovered into the feasible set at iter 1 (min_slack=0.010266); feasible-only gate now armed
  Barrier stage 2/15: μ=7.0
  Barrier stage 3/15: μ=2.45
  → Converged at iter 167 (Δlen=0.000545)
  Barrier stage 4/15: μ=0.8575
  → Converged at iter 168 (Δlen=0.000838)
  Barrier stage 5/15: μ=0.3001
  [Spline barrier] line search stalled; stopping at stage 5
  Barrier stage 6/15: μ=0.105
  [Spline barrier] line search stalled; stopping at stage 6
  Barrier stage 7/15: μ=0.0368
  [Spline barrier] line search stalled; stopping at stage 7
  Barrier stage 8/15: μ=0.0129
  [Spline barrier] line search stalled; stopping at stage 8
  Barrier stage 9/15: μ=0.0045
  [Spline barrier] line search stalled; stopping at stage 9
  Barrier stage 10/15: μ=0.0016
  [Spline barrier] line search stalled; stopping at stage 10
  Barrier stage 11/15: μ=0.0006
  [Spline barrier] line search stalled; stopping at stage 11
  Barrier stage 12/15: μ=0.0002
  [Spline barrier] line search stalled; stopping at stage 12
  Barrier stage 13/15: μ=0.0001
  [Spline barrier] line search stalled; stopping at stage 13
  Barrier stage 14/15: μ=0.0
  [Spline barrier] line search stalled; stopping at stage 14
  Barrier stage 15/15: μ=0.0
  [Spline barrier] line search stalled; stopping at stage 15
  Final: prim_len=946.257, unc=4.2402, threshold=4.2505, status=optimized, min_slack=0.010266
  Obstacle re-verification: mean path clears all obstacles ✓
Fig combined (main) saved: Discrete Len=944.96 → Continuous Len=946.26
Fig uncertainty profile (main) saved: /home/tonyzhang/projects/landmark_planning/constraint_sweep/sweep_2026-08-11/sequential/s063_p085/sequential/figures/main_unc_profile.png

[sequential] produced 1 solution(s) -> /home/tonyzhang/projects/landmark_planning/constraint_sweep/sweep_2026-08-11/sequential/s063_p085/sequential
