Landmark scenario: random — 4 landmarks, 2 obstacles, start (0.0, 0.0) → goal (900.0, 0.0)
Hex graph: 383 nodes (378 heading-states + 4 sensors + goal), radius=86.60254037844388m, directed_edges=954, grid=11x11, start_cell=(2, 5), goal_cell=(8, 5), start_heading=0
Conditional ε-bound: ε_sample=1.1925, w=1.0, ε_total=1.1925
  Bound form (conditional): L_returned ≤ (1+ε_total) L* with assumptions documented in comments.

── MULTI-AGENT PLANNING (Synchronized Kalman) ──

  Running joint discrete A* (threshold=8.845)... (max_iters=1000000)
  Stops on the first feasible candidate under the threshold.
  ✓ Goal reachable from node 1 with distance 900.0

  ✓ FEASIBLE SOLUTION at iter 679: dist=1050.0, unc=7.2201
  [Constraint A*] Complete: 679 iterations, final_dist=1050.0

✓ Multi-agent solution with synchronized Kalman fusion:
  Support agent 1: node=307, dist=1050.0m, goal_unc=1.1213m
  Primary agent: node=210, dist=1050.0m, goal_unc=7.2201m
  ├─ Communication: every 100.0m, sigmoid taper range=300.0m width=20.0m
  └─ All agents' uncertainties benefit from synchronized Kalman fusion at checkpoints

--- Final Results ---
Support agent 1 : [1, 230, 284, 344, 349, 300, 301, 307]  dist=1050.0  goal_unc=1.1213  ✓  (Kalman-fused)
Primary agent : [1, 230, 235, 241, 247, 253, 259, 210]  dist=1050.0  goal_unc=7.2201  threshold=8.844967779 ✓ met  (Kalman-fused)

=== Kalman Filtering Summary ===
All 2 agents performing synchronized Kalman filtering:
  • Dead-reckoning propagation: DIR=0.05/m, PERP=0.016666666666666666/m
  • Landmark fusion: Information filter (Joseph form) at every waypoint
  • SYNCHRONIZED inter-agent communication: every 100.0m of travel
  • Tapered sigmoid weighting: range=300.0m, width=20.0m (soft plateau + rolloff)
  • Bidirectional Kalman fusion: all agent pairs within range at each checkpoint
  • Measurement model: bearing-angle sensor with noise=0.038, ratio=2.2
  └─ Support agents: goal_unc=1.1213m (improved by inter-agent fusion)
  └─ Primary agent: goal_unc=7.2201m (direct path with landmark updates)
Converged at iteration : 679
Figure path-role mapping: supports = paths[1:1], primary = paths[2]
Discrete evaluation: prim_len=1050.0, unc=7.2201
Fig 1 saved.

=== Continuous Spline Optimization (threshold=8.845) ===
  Initial (discrete→spline): prim_len=1004.202, unc=7.2201
  Barrier stage 1/15: μ=20.0
  Barrier stage 2/15: μ=7.0
  Barrier stage 3/15: μ=2.45
  Barrier stage 4/15: μ=0.8575
  Barrier stage 5/15: μ=0.3001
  Barrier stage 6/15: μ=0.105
  Barrier stage 7/15: μ=0.0368
  Barrier stage 8/15: μ=0.0129
  Barrier stage 9/15: μ=0.0045
  Barrier stage 10/15: μ=0.0016
  → Converged at iter 611 (Δlen=0.000346)
  Barrier stage 11/15: μ=0.0006
  → Converged at iter 612 (Δlen=0.00093)
  Barrier stage 12/15: μ=0.0002
  → Converged at iter 614 (Δlen=0.000949)
  Barrier stage 13/15: μ=0.0001
  → Converged at iter 616 (Δlen=9.1e-5)
  Barrier stage 14/15: μ=0.0
  → Converged at iter 617 (Δlen=0.000118)
  Barrier stage 15/15: μ=0.0
  → Converged at iter 618 (Δlen=0.000133)
  Final: prim_len=988.311, unc=2.7902, threshold=8.845, status=optimized, min_slack=0.008911
  Obstacle re-verification: mean path clears all obstacles ✓
Fig combined (main) saved: Discrete Len=1004.2 → Continuous Len=988.31
Fig uncertainty profile (main) saved: /home/tonyzhang/projects/landmark_planning/constraint_sweep/ablation_2026-08-17/hexspline_cl/s018_p080/hexspline_cl/figures/main_unc_profile.png

[hexspline_cl] produced 1 solution(s) -> /home/tonyzhang/projects/landmark_planning/constraint_sweep/ablation_2026-08-17/hexspline_cl/s018_p080/hexspline_cl
