Landmark scenario: ladder_r4 — 3 landmarks, 20 obstacles, start (0.0, 0.0) → goal (1700.0, 173.205)
  → Saved 3 landmarks to /home/tony-zhang/Research/landmark_planning/fig2_ladder/rect_r4/reference/s001/scenario_landmarks.csv
  → Saved 20 obstacles to /home/tony-zhang/Research/landmark_planning/fig2_ladder/rect_r4/reference/s001/scenario_obstacles.csv
Hex graph: 844 nodes (840 heading-states + 3 sensors + goal), radius=57.73502691896258m, directed_edges=2208, grid=22x15, start_cell=(2, 7), goal_cell=(19, 9), start_heading=0
Conditional ε-bound: ε_sample=1.0676, w=1.0, ε_total=1.0676
  Bound form (conditional): L_returned ≤ (1+ε_total) L* with assumptions documented in comments.

── MULTI-AGENT PLANNING (Synchronized Kalman) ──

  Running joint discrete A* (threshold=1.0e9)... (max_iters=1000000)
  Stops on the first feasible candidate under the threshold.

  ✓ FEASIBLE SOLUTION at iter 47: dist=1900.0, unc=14.9683
  [Constraint A*] Single-agent complete: 47 iterations, final_dist=1900.0

✓ Multi-agent solution with synchronized Kalman fusion:
  Primary agent: node=709, dist=1900.0m, goal_unc=14.9683m
  ├─ Communication: every 100.0m, sigmoid taper range=300.0m width=20.0m
  └─ All agents' uncertainties benefit from synchronized Kalman fusion at checkpoints

--- Final Results ---
Primary agent : [1, 494, 614, 619, 625, 631, 637, 528, 529, 535, 541, 547, 553, 674, 679, 685, 691, 697, 703, 709]  dist=1900.0  goal_unc=14.9683  threshold=1.0e9 ✓ met  (Kalman-fused)

=== Kalman Filtering Summary ===
All 1 agents performing synchronized Kalman filtering:
  • Dead-reckoning propagation: DIR=0.05/m, PERP=0.016666666666666666/m
  • Landmark fusion: Information filter (Joseph form) at every waypoint
  • SYNCHRONIZED inter-agent communication: every 100.0m of travel
  • Tapered sigmoid weighting: range=300.0m, width=20.0m (soft plateau + rolloff)
  • Bidirectional Kalman fusion: all agent pairs within range at each checkpoint
  • Measurement model: bearing-angle sensor with noise=0.038, ratio=2.2
  └─ Support agents: goal_unc=14.9683m (improved by inter-agent fusion)
  └─ Primary agent: goal_unc=14.9683m (direct path with landmark updates)
Converged at iteration : 47
Figure path-role mapping: supports = paths[1:0], primary = paths[1]
Discrete evaluation: prim_len=1900.0, unc=14.9683
Fig 1 saved.

=== Continuous Spline Optimization (threshold=1.0e9) ===
  Initial (discrete→spline): prim_len=1837.035, unc=14.9683
  Barrier stage 1/15: μ=20.0
  Barrier stage 2/15: μ=7.0
  → Converged at iter 119 (Δlen=8.1e-5)
  Barrier stage 3/15: μ=2.45
  Barrier stage 4/15: μ=0.8575
  Barrier stage 5/15: μ=0.3001
  Barrier stage 6/15: μ=0.105
  Barrier stage 7/15: μ=0.0368
  Barrier stage 8/15: μ=0.0129
  [Spline barrier] line search stalled; stopping at stage 8
  Barrier stage 9/15: μ=0.0045
  [Spline barrier] line search stalled; stopping at stage 9
  Barrier stage 10/15: μ=0.0016
  → Converged at iter 476 (Δlen=0.000819)
  Barrier stage 11/15: μ=0.0006
  → Converged at iter 478 (Δlen=0.000392)
  Barrier stage 12/15: μ=0.0002
  → Converged at iter 479 (Δlen=0.000601)
  Barrier stage 13/15: μ=0.0001
  [Spline barrier] line search stalled; stopping at stage 13
  Barrier stage 14/15: μ=0.0
  [Spline barrier] line search stalled; stopping at stage 14
  Barrier stage 15/15: μ=0.0
  [Spline barrier] line search stalled; stopping at stage 15
  Final: prim_len=1761.019, unc=13.427, threshold=1.0e9, status=optimized, min_slack=9.0e-6
  Obstacle re-verification: mean path clears all obstacles ✓
Fig combined (main) saved: Discrete Len=1837.04 → Continuous Len=1761.02
Fig uncertainty profile (main) saved: /home/tony-zhang/Research/landmark_planning/fig2_ladder/rect_r4/reference/s001/hexspline_cl/figures/main_unc_profile.png
  → Saved control points to /home/tony-zhang/Research/landmark_planning/fig2_ladder/rect_r4/reference/s001/hexspline_cl/csv/main_ctrls.csv (20 points)

[hexspline_cl] produced 1 solution(s) -> /home/tony-zhang/Research/landmark_planning/fig2_ladder/rect_r4/reference/s001/hexspline_cl
