┌ Warning: Seed is infeasible (min_slack=-1.4349415197319688, ε=0.001); the barrier will try to recover it before shortening. Expected for the straight_cont ablation, and for a discrete seed that A* returned as its best incumbent after exhausting its budget.
└ @ Main ~/projects/landmark_planning/planners/hexspline_cl.jl:1207
Landmark scenario: random — 3 landmarks, 1 obstacles, start (0.0, 0.0) → goal (750.0, 0.0)
Hex graph: 340 nodes (336 heading-states + 3 sensors + goal), radius=86.60254037844388m, directed_edges=840, grid=10x11, start_cell=(2, 5), goal_cell=(7, 5), start_heading=0

── GREEDY PLANNING ──
  Primary: shortest obstacle-clear route (single-agent A*, no uncertainty bound)

  [Constraint A*] Goal popped, unc OK, but its B-spline breaches an obstacle; discarded.

  [Constraint A*] Goal popped, unc OK, but its B-spline breaches an obstacle; discarded.

  [Constraint A*] Goal popped, unc OK, but its B-spline breaches an obstacle; discarded.

  [Constraint A*] Goal popped, unc OK, but its B-spline breaches an obstacle; discarded.

  [Constraint A*] Goal popped, unc OK, but its B-spline breaches an obstacle; discarded.

  [Constraint A*] Goal popped, unc OK, but its B-spline breaches an obstacle; discarded.

  [Constraint A*] Goal popped, unc OK, but its B-spline breaches an obstacle; discarded.

  [Constraint A*] Goal popped, unc OK, but its B-spline breaches an obstacle; discarded.

  [Constraint A*] Goal popped, unc OK, but its B-spline breaches an obstacle; discarded.

  ✓ FEASIBLE SOLUTION at iter 92: dist=1200.0, unc=8.7092
  [Constraint A*] Single-agent complete: 92 iterations, final_dist=1200.0
  Helpers: greedy placement, minimising the primary's uncertainty per step
  Support 1: dist=1200.0m, goal_unc=5.7209m
  Primary  : dist=1200.0m, goal_unc=8.4023m (threshold 6.967369194 ✗)

=== Continuous Spline Optimization (threshold=6.9674) ===
  Initial (discrete→spline): prim_len=1123.507, unc=8.4023
  Barrier stage 1/15: μ=20.0
  Barrier stage 2/15: μ=20.0
    → Recovered into the feasible set at iter 91 (min_slack=6.3e-5); feasible-only gate now armed
  → Converged at iter 92 (Δlen=0.000371)
  Barrier stage 3/15: μ=7.0
  → Converged at iter 93 (Δlen=0.000542)
  Barrier stage 4/15: μ=2.45
  → Converged at iter 94 (Δlen=0.000581)
  Barrier stage 5/15: μ=0.8575
  → Converged at iter 95 (Δlen=0.000599)
  Barrier stage 6/15: μ=0.3001
  [Spline barrier] line search stalled; stopping at stage 6
  Barrier stage 7/15: μ=0.105
  [Spline barrier] line search stalled; stopping at stage 7
  Barrier stage 8/15: μ=0.0368
  [Spline barrier] line search stalled; stopping at stage 8
  Barrier stage 9/15: μ=0.0129
  [Spline barrier] line search stalled; stopping at stage 9
  Barrier stage 10/15: μ=0.0045
  [Spline barrier] line search stalled; stopping at stage 10
  Barrier stage 11/15: μ=0.0016
  [Spline barrier] line search stalled; stopping at stage 11
  Barrier stage 12/15: μ=0.0006
  [Spline barrier] line search stalled; stopping at stage 12
  Barrier stage 13/15: μ=0.0002
  [Spline barrier] line search stalled; stopping at stage 13
  Barrier stage 14/15: μ=0.0001
  [Spline barrier] line search stalled; stopping at stage 14
  Barrier stage 15/15: μ=0.0
  [Spline barrier] line search stalled; stopping at stage 15
  Final: prim_len=1111.168, unc=6.9672, threshold=6.9674, status=optimized, min_slack=0.000198
  Obstacle re-verification: mean path clears all obstacles ✓
Fig combined (main) saved: Discrete Len=1123.51 → Continuous Len=1111.17
Fig uncertainty profile (main) saved: /home/tonyzhang/projects/landmark_planning/constraint_sweep/baseline_2026-08-17/greedy/s035_p080/greedy/figures/main_unc_profile.png

[greedy] produced 1 solution(s) -> /home/tonyzhang/projects/landmark_planning/constraint_sweep/baseline_2026-08-17/greedy/s035_p080/greedy
