┌ Warning: Seed is infeasible (min_slack=-24.684341573444097, ε=0.001); the barrier will try to recover it before shortening. Expected for the straight_cont ablation, and for a discrete seed that A* returned as its best incumbent after exhausting its budget.
└ @ Main ~/projects/landmark_planning/planners/hexspline_cl.jl:1215
Landmark scenario: random — 2 landmarks, 3 obstacles, start (0.0, 0.0) → goal (700.0, 0.0)
Hex graph: 723 nodes (720 heading-states + 2 sensors + goal), radius=57.73502691896258m, directed_edges=1908, grid=12x15, start_cell=(1, 7), goal_cell=(8, 7), start_heading=0

── GREEDY PLANNING ──
  Primary: shortest obstacle-clear route (single-agent A*, no uncertainty bound)

  [Constraint A*] Goal popped, unc OK, but its B-spline breaches an obstacle; discarded.

  ✓ FEASIBLE SOLUTION at iter 35: dist=750.0, unc=9.586
  [Constraint A*] Single-agent complete: 35 iterations, final_dist=750.0
  Helpers: greedy placement, minimising the primary's uncertainty per step
  Support 1: dist=750.0m, goal_unc=7.961m
  Primary  : dist=750.0m, goal_unc=7.9862m (threshold 9.106689653 ✓)

=== Continuous Spline Optimization (threshold=9.1067) ===
  Initial (discrete→spline): prim_len=746.455, unc=7.9634
  Barrier stage 1/15: μ=20.0
    → Recovered into the feasible set at iter 39 (min_slack=0.010051); feasible-only gate now armed
  Barrier stage 2/15: μ=7.0
  → Converged at iter 82 (Δlen=0.000883)
  Barrier stage 3/15: μ=2.45
  → Converged at iter 84 (Δlen=0.000672)
  Barrier stage 4/15: μ=0.8575
  → Converged at iter 86 (Δlen=0.000495)
  Barrier stage 5/15: μ=0.3001
  → Converged at iter 87 (Δlen=0.000914)
  Barrier stage 6/15: μ=0.105
  → Converged at iter 89 (Δlen=0.000285)
  Barrier stage 7/15: μ=0.0368
  → Converged at iter 90 (Δlen=0.000513)
  Barrier stage 8/15: μ=0.0129
  [Spline barrier] line search stalled; stopping at stage 8
  Barrier stage 9/15: μ=0.0045
  [Spline barrier] line search stalled; stopping at stage 9
  Barrier stage 10/15: μ=0.0016
  [Spline barrier] line search stalled; stopping at stage 10
  Barrier stage 11/15: μ=0.0006
  [Spline barrier] line search stalled; stopping at stage 11
  Barrier stage 12/15: μ=0.0002
  [Spline barrier] line search stalled; stopping at stage 12
  Barrier stage 13/15: μ=0.0001
  → Converged at iter 96 (Δlen=0.000488)
  Barrier stage 14/15: μ=0.0
  → Converged at iter 97 (Δlen=0.000434)
  Barrier stage 15/15: μ=0.0
  → Converged at iter 98 (Δlen=0.000353)
  Final: prim_len=757.126, unc=8.3536, threshold=9.1067, status=optimized, min_slack=0.010051
  Obstacle re-verification: mean path clears all obstacles ✓
Fig combined (main) saved: Discrete Len=746.45 → Continuous Len=757.13
Fig uncertainty profile (main) saved: /home/tonyzhang/projects/landmark_planning/constraint_sweep/sweep_2026-08-11/greedy/s021_p095/greedy/figures/main_unc_profile.png

[greedy] produced 1 solution(s) -> /home/tonyzhang/projects/landmark_planning/constraint_sweep/sweep_2026-08-11/greedy/s021_p095/greedy
