┌ Warning: Seed is infeasible (min_slack=-0.018543996060672856, ε=0.001); the barrier will try to recover it before shortening. Expected for the straight_cont ablation, and for a discrete seed that A* returned as its best incumbent after exhausting its budget.
└ @ Main ~/projects/landmark_planning/planners/hexspline_cl.jl:1207
Landmark scenario: random — 4 landmarks, 2 obstacles, start (0.0, 0.0) → goal (900.0, 0.0)
Hex graph: 383 nodes (378 heading-states + 4 sensors + goal), radius=86.60254037844388m, directed_edges=954, grid=11x11, start_cell=(2, 5), goal_cell=(8, 5), start_heading=0

── CL-GBT PLANNING (sampling-based joint tree, continuous R²) ──

  Support 1: dist=1200.0m, goal_unc=3.6155m
  Primary  : dist=1239.7m, goal_unc=6.6709m (threshold 7.172182269) — 83 iterations, tree size 73

=== Continuous Spline Optimization (threshold=7.1722) ===
  Initial (discrete→spline): prim_len=1043.549, unc=6.6709
  Barrier stage 1/15: μ=20.0
    → Recovered into the feasible set at iter 18 (min_slack=0.000157); feasible-only gate now armed
  → Converged at iter 23 (Δlen=0.000628)
  Barrier stage 2/15: μ=7.0
  → Converged at iter 24 (Δlen=0.000695)
  Barrier stage 3/15: μ=2.45
  [Spline barrier] line search stalled; stopping at stage 3
  Barrier stage 4/15: μ=0.8575
  [Spline barrier] line search stalled; stopping at stage 4
  Barrier stage 5/15: μ=0.3001
  [Spline barrier] line search stalled; stopping at stage 5
  Barrier stage 6/15: μ=0.105
  [Spline barrier] line search stalled; stopping at stage 6
  Barrier stage 7/15: μ=0.0368
  [Spline barrier] line search stalled; stopping at stage 7
  Barrier stage 8/15: μ=0.0129
  [Spline barrier] line search stalled; stopping at stage 8
  Barrier stage 9/15: μ=0.0045
  Barrier stage 10/15: μ=0.0016
  Barrier stage 11/15: μ=0.0006
  → Converged at iter 228 (Δlen=0.000373)
  Barrier stage 12/15: μ=0.0002
  → Converged at iter 229 (Δlen=0.00056)
  Barrier stage 13/15: μ=0.0001
  → Converged at iter 230 (Δlen=0.000654)
  Barrier stage 14/15: μ=0.0
  → Converged at iter 231 (Δlen=0.0007)
  Barrier stage 15/15: μ=0.0
  [Spline barrier] line search stalled; stopping at stage 15
  Final: prim_len=1022.325, unc=7.1122, threshold=7.1722, status=optimized, min_slack=0.0
  Obstacle re-verification: mean path clears all obstacles ✓
Fig combined (main) saved: Discrete Len=1043.55 → Continuous Len=1022.33
Fig uncertainty profile (main) saved: /home/tonyzhang/projects/landmark_planning/constraint_sweep/baseline_2026-08-17/clgbt/s008_p090/clgbt/figures/main_unc_profile.png

[clgbt] produced 1 solution(s) -> /home/tonyzhang/projects/landmark_planning/constraint_sweep/baseline_2026-08-17/clgbt/s008_p090/clgbt
