┌ Warning: Seed is infeasible (min_slack=-16.145141528202085, ε=0.001); the barrier will try to recover it before shortening. Expected for the straight_cont ablation, and for a discrete seed that A* returned as its best incumbent after exhausting its budget.
└ @ Main ~/projects/landmark_planning/planners/hexspline_cl.jl:1215
Landmark scenario: random — 2 landmarks, 5 obstacles, start (0.0, 0.0) → goal (600.0, 0.0)
Hex graph: 651 nodes (648 heading-states + 2 sensors + goal), radius=57.73502691896258m, directed_edges=1704, grid=11x15, start_cell=(1, 7), goal_cell=(7, 7), start_heading=0

── GREEDY PLANNING ──
  Primary: shortest obstacle-clear route (single-agent A*, no uncertainty bound)

  [Constraint A*] Goal popped, unc OK, but its B-spline breaches an obstacle; discarded.

  [Constraint A*] Goal popped, unc OK, but its B-spline breaches an obstacle; discarded.

  [Constraint A*] Goal popped, unc OK, but its B-spline breaches an obstacle; discarded.

  [Constraint A*] Goal popped, unc OK, but its B-spline breaches an obstacle; discarded.

  [Constraint A*] Goal popped, unc OK, but its B-spline breaches an obstacle; discarded.

  [Constraint A*] Goal popped, unc OK, but its B-spline breaches an obstacle; discarded.

  [Constraint A*] Goal popped, unc OK, but its B-spline breaches an obstacle; discarded.

  [Constraint A*] Goal popped, unc OK, but its B-spline breaches an obstacle; discarded.

  [Constraint A*] Goal popped, unc OK, but its B-spline breaches an obstacle; discarded.

  [Constraint A*] Goal popped, unc OK, but its B-spline breaches an obstacle; discarded.

  [Constraint A*] Goal popped, unc OK, but its B-spline breaches an obstacle; discarded.

  [Constraint A*] Goal popped, unc OK, but its B-spline breaches an obstacle; discarded.

  [Constraint A*] Goal popped, unc OK, but its B-spline breaches an obstacle; discarded.

  ✓ FEASIBLE SOLUTION at iter 80: dist=850.0, unc=4.9907
  [Constraint A*] Single-agent complete: 80 iterations, final_dist=850.0
  Helpers: greedy placement, minimising the primary's uncertainty per step
  Support 1: dist=850.0m, goal_unc=4.0275m
  Primary  : dist=850.0m, goal_unc=4.0392m (threshold 3.742995024 ✗)

=== Continuous Spline Optimization (threshold=3.743) ===
  Initial (discrete→spline): prim_len=821.099, unc=4.4974
  Barrier stage 1/15: μ=20.0
  [Spline barrier] line search stalled; stopping at stage 1
  Barrier stage 2/15: μ=20.0
  [Spline barrier] line search stalled; stopping at stage 2
  Barrier stage 3/15: μ=20.0
  [Spline barrier] line search stalled; stopping at stage 3
  Barrier stage 4/15: μ=20.0
  [Spline barrier] line search stalled; stopping at stage 4
  Barrier stage 5/15: μ=20.0
  [Spline barrier] line search stalled; stopping at stage 5
  Barrier stage 6/15: μ=20.0
  [Spline barrier] line search stalled; stopping at stage 6
  Barrier stage 7/15: μ=20.0
  Barrier stage 8/15: μ=20.0
    → Recovered into the feasible set at iter 140 (min_slack=0.003949); feasible-only gate now armed
  Barrier stage 9/15: μ=7.0
  Barrier stage 10/15: μ=2.45
  → Converged at iter 274 (Δlen=0.00095)
  Barrier stage 11/15: μ=0.8575
  → Converged at iter 276 (Δlen=0.000673)
  Barrier stage 12/15: μ=0.3001
  → Converged at iter 278 (Δlen=0.000391)
  Barrier stage 13/15: μ=0.105
  [Spline barrier] line search stalled; stopping at stage 13
  Barrier stage 14/15: μ=0.0368
  [Spline barrier] line search stalled; stopping at stage 14
  Barrier stage 15/15: μ=0.0129
  [Spline barrier] line search stalled; stopping at stage 15
  Final: prim_len=821.458, unc=3.739, threshold=3.743, status=optimized, min_slack=0.003949
  Obstacle re-verification: mean path clears all obstacles ✓
Fig combined (main) saved: Discrete Len=821.1 → Continuous Len=821.46
Fig uncertainty profile (main) saved: /home/tonyzhang/projects/landmark_planning/constraint_sweep/sweep_2026-08-11/greedy/s053_p075/greedy/figures/main_unc_profile.png

[greedy] produced 1 solution(s) -> /home/tonyzhang/projects/landmark_planning/constraint_sweep/sweep_2026-08-11/greedy/s053_p075/greedy
