Landmark scenario: random — 2 landmarks, 4 obstacles, start (0.0, 0.0) → goal (900.0, 0.0)
Hex graph: 435 nodes (432 heading-states + 2 sensors + goal), radius=86.60254037844388m, directed_edges=1104, grid=11x11, start_cell=(1, 5), goal_cell=(7, 5), start_heading=0
Conditional ε-bound: ε_sample=1.1925, w=1.0, ε_total=1.1925
  Bound form (conditional): L_returned ≤ (1+ε_total) L* with assumptions documented in comments.

── MULTI-AGENT PLANNING (Synchronized Kalman) ──

  Running joint discrete A* (threshold=8.7009)... (max_iters=1000000)
  Stops on the first feasible candidate under the threshold.
  ✓ Goal reachable from node 1 with distance 900.0

  ✓ FEASIBLE SOLUTION at iter 819: dist=1125.0, unc=7.5054
  [Constraint A*] Complete: 819 iterations, final_dist=1125.0

✓ Multi-agent solution with synchronized Kalman fusion:
  Support agent 1: node=140, dist=1125.0m, goal_unc=6.9771m
  Primary agent: node=254, dist=1125.0m, goal_unc=7.5054m
  ├─ Communication: every 100.0m, sigmoid taper range=300.0m width=20.0m
  └─ All agents' uncertainties benefit from synchronized Kalman fusion at checkpoints

--- Final Results ---
Support agent 1 : [1, 223, 181, 120, 73, 74, 129, 134, 140]  dist=1125.0  goal_unc=6.9771  ✓  (Kalman-fused)
Primary agent : [1, 223, 181, 127, 128, 189, 194, 200, 254]  dist=1125.0  goal_unc=7.5054  threshold=8.700912575 ✓ met  (Kalman-fused)

=== Kalman Filtering Summary ===
All 2 agents performing synchronized Kalman filtering:
  • Dead-reckoning propagation: DIR=0.05/m, PERP=0.016666666666666666/m
  • Landmark fusion: Information filter (Joseph form) at every waypoint
  • SYNCHRONIZED inter-agent communication: every 100.0m of travel
  • Tapered sigmoid weighting: range=300.0m, width=20.0m (soft plateau + rolloff)
  • Bidirectional Kalman fusion: all agent pairs within range at each checkpoint
  • Measurement model: bearing-angle sensor with noise=0.038, ratio=2.2
  └─ Support agents: goal_unc=6.9771m (improved by inter-agent fusion)
  └─ Primary agent: goal_unc=7.5054m (direct path with landmark updates)
Converged at iteration : 819
Figure path-role mapping: supports = paths[1:1], primary = paths[2]
Discrete evaluation: prim_len=1125.0, unc=7.5054
Fig 1 saved.

=== Continuous Spline Optimization (threshold=8.7009) ===
  Initial (discrete→spline): prim_len=1089.414, unc=7.6277
  Barrier stage 1/15: μ=20.0
  Barrier stage 2/15: μ=7.0
  Barrier stage 3/15: μ=2.45
  Barrier stage 4/15: μ=0.8575
  Barrier stage 5/15: μ=0.3001
  → Converged at iter 332 (Δlen=0.000735)
  Barrier stage 6/15: μ=0.105
  Barrier stage 7/15: μ=0.0368
  Barrier stage 8/15: μ=0.0129
  → Converged at iter 467 (Δlen=0.000391)
  Barrier stage 9/15: μ=0.0045
  → Converged at iter 468 (Δlen=0.000596)
  Barrier stage 10/15: μ=0.0016
  → Converged at iter 469 (Δlen=0.000703)
  Barrier stage 11/15: μ=0.0006
  → Converged at iter 476 (Δlen=0.000908)
  Barrier stage 12/15: μ=0.0002
  → Converged at iter 478 (Δlen=0.000114)
  Barrier stage 13/15: μ=0.0001
  [Spline barrier] line search stalled; stopping at stage 13
  Barrier stage 14/15: μ=0.0
  [Spline barrier] line search stalled; stopping at stage 14
  Barrier stage 15/15: μ=0.0
  [Spline barrier] line search stalled; stopping at stage 15
  Final: prim_len=988.157, unc=8.6141, threshold=8.7009, status=optimized, min_slack=3.2e-5
  Obstacle re-verification: mean path clears all obstacles ✓
Fig combined (main) saved: Discrete Len=1089.41 → Continuous Len=988.16
Fig uncertainty profile (main) saved: /home/tony-zhang/Research/landmark_planning/constraint_sweep/2026-08-12_18-33-34/hexspline_cl/s004_p090/hexspline_cl/figures/main_unc_profile.png

[hexspline_cl] produced 1 solution(s) -> /home/tony-zhang/Research/landmark_planning/constraint_sweep/2026-08-12_18-33-34/hexspline_cl/s004_p090/hexspline_cl
