Landmark scenario: random — 4 landmarks, 1 obstacles, start (0.0, 0.0) → goal (900.0, 0.0)
Hex graph: 383 nodes (378 heading-states + 4 sensors + goal), radius=86.60254037844388m, directed_edges=954, grid=11x11, start_cell=(2, 5), goal_cell=(8, 5), start_heading=0

── SEQUENTIAL PLANNING (2 agent(s), one at a time) ──
  Leg 1 — primary, 1 helper(s) parked at start (bound 16.3989 = 2.0x the 8.199437438 threshold the shipped route is held to):

    ✓ feasible at iter 379: dist=1350.0, unc=9.1105
  Leg 2 — helper 1 vs the fixed primary trajectory (10 steps, beam 400):
    → helper 1 placed; primary goal_unc now 5.9174
  Leg 3 — primary re-planned against the committed helper paths:

    ✓ feasible at iter 278: dist=1350.0, unc=5.9174
    leg 1 route: len=1350.0, unc=5.9174 ✓  |  re-planned: len=1350.0, unc=5.9174 ✓  → TAKE re-plan
  Helper 1: dist=1350.0m, goal_unc=5.2333m
  Primary  : dist=1350.0m, goal_unc=5.9174m (threshold 8.199437438 ✓)

=== Continuous Spline Optimization (threshold=8.1994) ===
  Initial (discrete→spline): prim_len=1259.891, unc=5.9174
  Barrier stage 1/15: μ=20.0
  Barrier stage 2/15: μ=7.0
  → Converged at iter 93 (Δlen=0.000562)
  Barrier stage 3/15: μ=2.45
  Barrier stage 4/15: μ=0.8575
  Barrier stage 5/15: μ=0.3001
  Barrier stage 6/15: μ=0.105
  Barrier stage 7/15: μ=0.0368
  Barrier stage 8/15: μ=0.0129
  Barrier stage 9/15: μ=0.0045
  → Converged at iter 535 (Δlen=0.00096)
  Barrier stage 10/15: μ=0.0016
  → Converged at iter 537 (Δlen=6.1e-5)
  Barrier stage 11/15: μ=0.0006
  → Converged at iter 538 (Δlen=7.6e-5)
  Barrier stage 12/15: μ=0.0002
  [Spline barrier] line search stalled; stopping at stage 12
  Barrier stage 13/15: μ=0.0001
  [Spline barrier] line search stalled; stopping at stage 13
  Barrier stage 14/15: μ=0.0
  [Spline barrier] line search stalled; stopping at stage 14
  Barrier stage 15/15: μ=0.0
  [Spline barrier] line search stalled; stopping at stage 15
  Final: prim_len=1033.081, unc=4.4458, threshold=8.1994, status=optimized, min_slack=0.0
  Obstacle re-verification: mean path clears all obstacles ✓
Fig combined (main) saved: Discrete Len=1259.89 → Continuous Len=1033.08
Fig uncertainty profile (main) saved: /home/tonyzhang/projects/landmark_planning/constraint_sweep/baseline_2026-08-17/sequential/s080_p090/sequential/figures/main_unc_profile.png

[sequential] produced 1 solution(s) -> /home/tonyzhang/projects/landmark_planning/constraint_sweep/baseline_2026-08-17/sequential/s080_p090/sequential
