Landmark scenario: random — 4 landmarks, 3 obstacles, start (0.0, 0.0) → goal (900.0, 0.0)
Hex graph: 383 nodes (378 heading-states + 4 sensors + goal), radius=86.60254037844388m, directed_edges=954, grid=11x11, start_cell=(2, 5), goal_cell=(8, 5), start_heading=0

── FORMATION PLANNING ──
  Primary: own A* (formation_primary_astar); a goal candidate is accepted on the primary's uncertainty WITH its supports attached (threshold 7.874066868).
  One support: both lateral slots (+1 = 60° left, -1 = 60° right) tried per candidate.

    ✓ escorted-feasible at iter 85: dist=1200.0, unc=6.2874 (slot [-1])
  → Chose slot [-1]
  Support 1 (slot -1): dist=1200.0m, goal_unc=6.1174m, arc drift vs primary=0.0m
  Primary : dist=1200.0m, goal_unc=6.2874m (threshold 7.874066868 ✓)

=== Continuous Spline Optimization (threshold=7.8741) ===
  Initial (discrete→spline): prim_len=1119.361, unc=6.2874
  Barrier stage 1/15: μ=20.0
  Barrier stage 2/15: μ=7.0
  → Converged at iter 125 (Δlen=6.0e-5)
  Barrier stage 3/15: μ=2.45
  → Converged at iter 126 (Δlen=0.000138)
  Barrier stage 4/15: μ=0.8575
  → Converged at iter 131 (Δlen=0.00067)
  Barrier stage 5/15: μ=0.3001
  → Converged at iter 132 (Δlen=0.000716)
  Barrier stage 6/15: μ=0.105
  Barrier stage 7/15: μ=0.0368
  Barrier stage 8/15: μ=0.0129
  → Converged at iter 321 (Δlen=0.000322)
  Barrier stage 9/15: μ=0.0045
  → Converged at iter 322 (Δlen=0.000484)
  Barrier stage 10/15: μ=0.0016
  → Converged at iter 323 (Δlen=0.000504)
  Barrier stage 11/15: μ=0.0006
  [Spline barrier] line search stalled; stopping at stage 11
  Barrier stage 12/15: μ=0.0002
  [Spline barrier] line search stalled; stopping at stage 12
  Barrier stage 13/15: μ=0.0001
  [Spline barrier] line search stalled; stopping at stage 13
  Barrier stage 14/15: μ=0.0
  [Spline barrier] line search stalled; stopping at stage 14
  Barrier stage 15/15: μ=0.0
  [Spline barrier] line search stalled; stopping at stage 15
  Final: prim_len=1095.264, unc=5.4733, threshold=7.8741, status=optimized, min_slack=0.0
  Obstacle re-verification: mean path clears all obstacles ✓
Fig combined (main) saved: Discrete Len=1119.36 → Continuous Len=1095.26
Fig uncertainty profile (main) saved: /home/tonyzhang/projects/landmark_planning/constraint_sweep/baseline_2026-08-17/formation/s031_p090/formation/figures/main_unc_profile.png

[formation] produced 1 solution(s) -> /home/tonyzhang/projects/landmark_planning/constraint_sweep/baseline_2026-08-17/formation/s031_p090/formation
