┌ Warning: Seed is infeasible (min_slack=-12.44125752221751, ε=0.001); the barrier will try to recover it before shortening. Expected for the straight_cont ablation, and for a discrete seed that A* returned as its best incumbent after exhausting its budget.
└ @ Main ~/projects/landmark_planning/planners/hexspline_cl.jl:1215
Landmark scenario: random — 3 landmarks, 3 obstacles, start (0.0, 0.0) → goal (800.0, 0.0)
Hex graph: 796 nodes (792 heading-states + 3 sensors + goal), radius=57.73502691896258m, directed_edges=2112, grid=13x15, start_cell=(1, 7), goal_cell=(9, 7), start_heading=0

── GREEDY PLANNING ──
  Primary: shortest obstacle-clear route (single-agent A*, no uncertainty bound)

  [Constraint A*] Goal popped, unc OK, but its B-spline breaches an obstacle; discarded.

  [Constraint A*] Goal popped, unc OK, but its B-spline breaches an obstacle; discarded.

  [Constraint A*] Goal popped, unc OK, but its B-spline breaches an obstacle; discarded.

  ✓ FEASIBLE SOLUTION at iter 45: dist=850.0, unc=9.8868
  [Constraint A*] Single-agent complete: 45 iterations, final_dist=850.0
  Helpers: greedy placement, minimising the primary's uncertainty per step
  Support 1: dist=850.0m, goal_unc=8.3633m
  Primary  : dist=850.0m, goal_unc=8.3899m (threshold 7.909442789 ✗)

=== Continuous Spline Optimization (threshold=7.9094) ===
  Initial (discrete→spline): prim_len=844.173, unc=8.3658
  Barrier stage 1/15: μ=20.0
  Barrier stage 2/15: μ=20.0
    → Recovered into the feasible set at iter 86 (min_slack=0.012264); feasible-only gate now armed
  Barrier stage 3/15: μ=7.0
  → Converged at iter 142 (Δlen=0.000954)
  Barrier stage 4/15: μ=2.45
  → Converged at iter 144 (Δlen=0.000733)
  Barrier stage 5/15: μ=0.8575
  → Converged at iter 146 (Δlen=0.000539)
  Barrier stage 6/15: μ=0.3001
  → Converged at iter 147 (Δlen=0.000993)
  Barrier stage 7/15: μ=0.105
  → Converged at iter 149 (Δlen=0.000304)
  Barrier stage 8/15: μ=0.0368
  → Converged at iter 150 (Δlen=0.000544)
  Barrier stage 9/15: μ=0.0129
  [Spline barrier] line search stalled; stopping at stage 9
  Barrier stage 10/15: μ=0.0045
  [Spline barrier] line search stalled; stopping at stage 10
  Barrier stage 11/15: μ=0.0016
  [Spline barrier] line search stalled; stopping at stage 11
  Barrier stage 12/15: μ=0.0006
  [Spline barrier] line search stalled; stopping at stage 12
  Barrier stage 13/15: μ=0.0002
  → Converged at iter 155 (Δlen=0.000542)
  Barrier stage 14/15: μ=0.0001
  → Converged at iter 156 (Δlen=0.000503)
  Barrier stage 15/15: μ=0.0
  → Converged at iter 157 (Δlen=0.000432)
  Final: prim_len=857.71, unc=7.8876, threshold=7.9094, status=optimized, min_slack=0.012264
  Obstacle re-verification: mean path clears all obstacles ✓
Fig combined (main) saved: Discrete Len=844.17 → Continuous Len=857.71
Fig uncertainty profile (main) saved: /home/tonyzhang/projects/landmark_planning/constraint_sweep/sweep_2026-08-11/greedy/s095_p080/greedy/figures/main_unc_profile.png

[greedy] produced 1 solution(s) -> /home/tonyzhang/projects/landmark_planning/constraint_sweep/sweep_2026-08-11/greedy/s095_p080/greedy
