Landmark scenario: random — 3 landmarks, 3 obstacles, start (0.0, 0.0) → goal (600.0, 0.0)
Hex graph: 652 nodes (648 heading-states + 3 sensors + goal), radius=57.73502691896258m, directed_edges=1704, grid=11x15, start_cell=(1, 7), goal_cell=(7, 7), start_heading=0
Conditional ε-bound: ε_sample=1.1925, w=1.0, ε_total=1.1925
  Bound form (conditional): L_returned ≤ (1+ε_total) L* with assumptions documented in comments.

── MULTI-AGENT PLANNING (Synchronized Kalman) ──

  Running joint discrete A* (threshold=4.618)... (max_iters=500000)
  Stops on the first feasible candidate under the threshold.
  ✓ Goal reachable from node 1 with distance 600.0

  [Constraint A*] Incumbent seed at iter 388: dist=650.0, unc=8.4816 > 4.618

  [Constraint A*] Incumbent seed at iter 999: dist=650.0, unc=8.4816 > 4.618
  [A*] iter 1000/500000 (0.2%)  left=499000  elapsed=2.1s   
  [Constraint A*] Incumbent seed at iter 1296: dist=686.603, unc=6.229 > 4.618

  [Constraint A*] Incumbent seed at iter 1436: dist=686.603, unc=5.5247 > 4.618
  [A*] iter 2000/500000 (0.4%)  left=498000  elapsed=2.2s     [A*] iter 3000/500000 (0.6%)  left=497000  elapsed=2.2s     [A*] iter 4000/500000 (0.8%)  left=496000  elapsed=2.2s     [A*] iter 5000/500000 (1.0%)  left=495000  elapsed=2.3s     [A*] iter 6000/500000 (1.2%)  left=494000  elapsed=2.5s     [A*] iter 7000/500000 (1.4%)  left=493000  elapsed=2.8s     [A*] iter 8000/500000 (1.6%)  left=492000  elapsed=2.8s     [A*] iter 9000/500000 (1.8%)  left=491000  elapsed=2.8s     [A*] iter 10000/500000 (2.0%)  left=490000  elapsed=2.9s     [A*] iter 11000/500000 (2.2%)  left=489000  elapsed=2.9s     [A*] iter 12000/500000 (2.4%)  left=488000  elapsed=2.9s     [A*] iter 13000/500000 (2.6%)  left=487000  elapsed=3.1s     [A*] iter 14000/500000 (2.8%)  left=486000  elapsed=3.1s     [A*] iter 15000/500000 (3.0%)  left=485000  elapsed=3.2s     [A*] iter 16000/500000 (3.2%)  left=484000  elapsed=3.2s     [A*] iter 17000/500000 (3.4%)  left=483000  elapsed=3.2s     [A*] iter 18000/500000 (3.6%)  left=482000  elapsed=3.2s     [A*] iter 19000/500000 (3.8%)  left=481000  elapsed=3.4s   
  [Constraint A*] Incumbent seed at iter 19487: dist=786.603, unc=4.6248 > 4.618

  ✓ FEASIBLE SOLUTION at iter 19502: dist=786.603, unc=4.4103
  [Constraint A*] Complete: 19502 iterations, final_dist=786.603

✓ Multi-agent solution with synchronized Kalman fusion:
  Support agent 1: node=303, dist=786.6m, goal_unc=4.1042m
  Primary agent: node=362, dist=786.6m, goal_unc=4.4103m
  ├─ Communication: every 100.0m, sigmoid taper range=200.0m width=20.0m
  └─ All agents' uncertainties benefit from synchronized Kalman fusion at checkpoints

--- Final Results ---
Support agent 1 : [1, 283, 222, 175, 176, 182, 188, 243, 303]  dist=786.603  goal_unc=4.1042  ✓  (Kalman-fused)
Primary agent : [1, 386, 391, 397, 348, 301, 302, 308, 362]  dist=786.603  goal_unc=4.4103  threshold=4.618019065 ✓ met  (Kalman-fused)

=== Kalman Filtering Summary ===
All 2 agents performing synchronized Kalman filtering:
  • Dead-reckoning propagation: DIR=0.05/m, PERP=0.016666666666666666/m
  • Landmark fusion: Information filter (Joseph form) at every waypoint
  • SYNCHRONIZED inter-agent communication: every 100.0m of travel
  • Tapered sigmoid weighting: range=200.0m, width=20.0m (soft plateau + rolloff)
  • Bidirectional Kalman fusion: all agent pairs within range at each checkpoint
  • Measurement model: bearing-angle sensor with noise=0.038, ratio=2.2
  └─ Support agents: goal_unc=4.1042m (improved by inter-agent fusion)
  └─ Primary agent: goal_unc=4.4103m (direct path with landmark updates)
Converged at iteration : 19502
Figure path-role mapping: supports = paths[1:1], primary = paths[2]
Discrete evaluation: prim_len=786.603, unc=4.4103
Fig 1 saved.
Discrete-only spline: prim_len=755.444, unc=4.77

[discrete_only] produced 1 solution(s) -> /home/tonyzhang/projects/landmark_planning/constraint_sweep/sweep_2026-08-11/discrete_only/s090_p060/discrete_only
