┌ Warning: Seed is infeasible (min_slack=-19.979999505849175, ε=0.001); the barrier will try to recover it before shortening. Expected for the straight_cont ablation, and for a discrete seed that A* returned as its best incumbent after exhausting its budget.
└ @ Main ~/projects/landmark_planning/planners/hexspline_cl.jl:1215
Landmark scenario: random — 4 landmarks, 4 obstacles, start (0.0, 0.0) → goal (800.0, 0.0)
Hex graph: 797 nodes (792 heading-states + 4 sensors + goal), radius=57.73502691896258m, directed_edges=2112, grid=13x15, start_cell=(1, 7), goal_cell=(9, 7), start_heading=0

── GREEDY PLANNING ──
  Primary: shortest obstacle-clear route (single-agent A*, no uncertainty bound)

  [Constraint A*] Goal popped, unc OK, but its B-spline breaches an obstacle; discarded.

  ✓ FEASIBLE SOLUTION at iter 57: dist=850.0, unc=9.4205
  [Constraint A*] Single-agent complete: 57 iterations, final_dist=850.0
  Helpers: greedy placement, minimising the primary's uncertainty per step
  Support 1: dist=850.0m, goal_unc=8.3027m
  Primary  : dist=850.0m, goal_unc=8.8544m (threshold 8.949482776 ✓)

=== Continuous Spline Optimization (threshold=8.9495) ===
  Initial (discrete→spline): prim_len=850.13, unc=8.8319
  Barrier stage 1/15: μ=20.0
    → Recovered into the feasible set at iter 32 (min_slack=0.014446); feasible-only gate now armed
  → Converged at iter 42 (Δlen=0.00085)
  Barrier stage 2/15: μ=7.0
  → Converged at iter 43 (Δlen=0.000367)
  Barrier stage 3/15: μ=2.45
  → Converged at iter 75 (Δlen=0.000958)
  Barrier stage 4/15: μ=0.8575
  → Converged at iter 77 (Δlen=0.00017)
  Barrier stage 5/15: μ=0.3001
  → Converged at iter 78 (Δlen=0.000132)
  Barrier stage 6/15: μ=0.105
  → Converged at iter 79 (Δlen=0.000909)
  Barrier stage 7/15: μ=0.0368
  Barrier stage 8/15: μ=0.0129
  Barrier stage 9/15: μ=0.0045
  Barrier stage 10/15: μ=0.0016
  Barrier stage 11/15: μ=0.0006
  Barrier stage 12/15: μ=0.0002
  Barrier stage 13/15: μ=0.0001
  Barrier stage 14/15: μ=0.0
  Barrier stage 15/15: μ=0.0
  → Converged at iter 654 (Δlen=0.00073)
  Final: prim_len=846.968, unc=8.5822, threshold=8.9495, status=optimized, min_slack=0.000687
  Obstacle re-verification: mean path clears all obstacles ✓
Fig combined (main) saved: Discrete Len=850.13 → Continuous Len=846.97
Fig uncertainty profile (main) saved: /home/tonyzhang/projects/landmark_planning/constraint_sweep/sweep_2026-08-11/greedy/s018_p095/greedy/figures/main_unc_profile.png

[greedy] produced 1 solution(s) -> /home/tonyzhang/projects/landmark_planning/constraint_sweep/sweep_2026-08-11/greedy/s018_p095/greedy
