Landmark scenario: random — 4 landmarks, 5 obstacles, start (0.0, 0.0) → goal (600.0, 0.0)
Hex graph: 653 nodes (648 heading-states + 4 sensors + goal), radius=57.73502691896258m, directed_edges=1704, grid=11x15, start_cell=(1, 7), goal_cell=(7, 7), start_heading=0
Conditional ε-bound: ε_sample=1.1925, w=1.0, ε_total=1.1925
  Bound form (conditional): L_returned ≤ (1+ε_total) L* with assumptions documented in comments.

── MULTI-AGENT PLANNING (Synchronized Kalman) ──

  Running joint discrete A* (threshold=5.0227)... (max_iters=500000)
  Stops on the first feasible candidate under the threshold.
  ✓ Goal reachable from node 1 with distance 600.0

  ✓ FEASIBLE SOLUTION at iter 32: dist=650.0, unc=4.063
  [Constraint A*] Complete: 32 iterations, final_dist=650.0

✓ Multi-agent solution with synchronized Kalman fusion:
  Support agent 1: node=205, dist=650.0m, goal_unc=0.8342m
  Primary agent: node=362, dist=650.0m, goal_unc=4.063m
  ├─ Communication: every 100.0m, sigmoid taper range=200.0m width=20.0m
  └─ All agents' uncertainties benefit from synchronized Kalman fusion at checkpoints

--- Final Results ---
Support agent 1 : [1, 331, 337, 295, 241, 242, 248, 205]  dist=650.0  goal_unc=0.8342  ✓  (Kalman-fused)
Primary agent : [1, 331, 337, 295, 296, 302, 308, 362]  dist=650.0  goal_unc=4.063  threshold=5.022656705 ✓ met  (Kalman-fused)

=== Kalman Filtering Summary ===
All 2 agents performing synchronized Kalman filtering:
  • Dead-reckoning propagation: DIR=0.05/m, PERP=0.016666666666666666/m
  • Landmark fusion: Information filter (Joseph form) at every waypoint
  • SYNCHRONIZED inter-agent communication: every 100.0m of travel
  • Tapered sigmoid weighting: range=200.0m, width=20.0m (soft plateau + rolloff)
  • Bidirectional Kalman fusion: all agent pairs within range at each checkpoint
  • Measurement model: bearing-angle sensor with noise=0.038, ratio=2.2
  └─ Support agents: goal_unc=0.8342m (improved by inter-agent fusion)
  └─ Primary agent: goal_unc=4.063m (direct path with landmark updates)
Converged at iteration : 32
Figure path-role mapping: supports = paths[1:1], primary = paths[2]
Discrete evaluation: prim_len=650.0, unc=4.063
Fig 1 saved.

=== Continuous Spline Optimization (threshold=5.0227) ===
  Initial (discrete→spline): prim_len=647.836, unc=4.4896
  Barrier stage 1/15: μ=20.0
  Barrier stage 2/15: μ=7.0
  Barrier stage 3/15: μ=2.45
  Barrier stage 4/15: μ=0.8575
  Barrier stage 5/15: μ=0.3001
  Barrier stage 6/15: μ=0.105
  Barrier stage 7/15: μ=0.0368
  Barrier stage 8/15: μ=0.0129
  → Converged at iter 483 (Δlen=0.000477)
  Barrier stage 9/15: μ=0.0045
  [Spline barrier] line search stalled; stopping at stage 9
  Barrier stage 10/15: μ=0.0016
  → Converged at iter 498 (Δlen=0.000698)
  Barrier stage 11/15: μ=0.0006
  → Converged at iter 500 (Δlen=9.1e-5)
  Barrier stage 12/15: μ=0.0002
  → Converged at iter 501 (Δlen=0.000187)
  Barrier stage 13/15: μ=0.0001
  → Converged at iter 502 (Δlen=0.000241)
  Barrier stage 14/15: μ=0.0
  → Converged at iter 503 (Δlen=0.00027)
  Barrier stage 15/15: μ=0.0
  [Spline barrier] line search stalled; stopping at stage 15
  Final: prim_len=607.115, unc=3.9469, threshold=5.0227, status=optimized, min_slack=1.0e-6
  Obstacle re-verification: mean path clears all obstacles ✓
Fig combined (main) saved: Discrete Len=647.84 → Continuous Len=607.12
Fig uncertainty profile (main) saved: /home/tonyzhang/projects/landmark_planning/constraint_sweep/sweep_2026-08-11/hexspline_cl/s027_p090/hexspline_cl/figures/main_unc_profile.png

[hexspline_cl] produced 1 solution(s) -> /home/tonyzhang/projects/landmark_planning/constraint_sweep/sweep_2026-08-11/hexspline_cl/s027_p090/hexspline_cl
