┌ Warning: Seed is infeasible (min_slack=-30.689768288809315, ε=0.001); the barrier will try to recover it before shortening. Expected for the straight_cont ablation, and for a discrete seed that A* returned as its best incumbent after exhausting its budget.
└ @ Main ~/projects/landmark_planning/planners/hexspline_cl.jl:1215
Landmark scenario: random — 3 landmarks, 4 obstacles, start (0.0, 0.0) → goal (600.0, 0.0)
Hex graph: 652 nodes (648 heading-states + 3 sensors + goal), radius=57.73502691896258m, directed_edges=1704, grid=11x15, start_cell=(1, 7), goal_cell=(7, 7), start_heading=0

── FORMATION PLANNING ──
  Primary: single-agent hexspline A* (threshold 7.429190491); supports added afterwards.

  [Constraint A*] Goal popped, unc OK, but its B-spline breaches an obstacle; discarded.

  [Constraint A*] Goal popped, unc OK, but its B-spline breaches an obstacle; discarded.

  [Constraint A*] Incumbent seed at iter 227: dist=850.0, unc=7.8202 > 7.4292

  [Constraint A*] Goal popped, unc OK, but its B-spline breaches an obstacle; discarded.

  [Constraint A*] Goal popped, unc OK, but its B-spline breaches an obstacle; discarded.

  [Constraint A*] Goal popped, unc OK, but its B-spline breaches an obstacle; discarded.

  [Constraint A*] Goal popped, unc OK, but its B-spline breaches an obstacle; discarded.

  [Constraint A*] Goal popped, unc OK, but its B-spline breaches an obstacle; discarded.

  [Constraint A*] Goal popped, unc OK, but its B-spline breaches an obstacle; discarded.

  [Constraint A*] Goal popped, unc OK, but its B-spline breaches an obstacle; discarded.

  [Constraint A*] Goal popped, unc OK, but its B-spline breaches an obstacle; discarded.

  [Constraint A*] Goal popped, unc OK, but its B-spline breaches an obstacle; discarded.

  [Constraint A*] Goal popped, unc OK, but its B-spline breaches an obstacle; discarded.

  [Constraint A*] Goal popped, unc OK, but its B-spline breaches an obstacle; discarded.

  ✓ FEASIBLE SOLUTION at iter 466: dist=986.603, unc=5.3621
  [Constraint A*] Single-agent complete: 466 iterations, final_dist=986.603
  One support: trying both lateral slots (+1 = 60° left, -1 = 60° right).
  Slot [1]: unc=5.3621 ✓
  Slot [-1]: unc=4.7285 ✓
  → Chose slot [-1]
  Support 1 (slot -1): dist=950.0m, goal_unc=4.3898m, arc drift vs primary=-36.6m
  Primary : dist=986.6m, goal_unc=4.7285m (threshold 7.429190491 ✓)

=== Continuous Spline Optimization (threshold=7.4292) ===
  Initial (discrete→spline): prim_len=973.869, unc=4.641
  Barrier stage 1/15: μ=20.0
  Barrier stage 2/15: μ=20.0
  Barrier stage 3/15: μ=20.0
  Barrier stage 4/15: μ=20.0
  Barrier stage 5/15: μ=20.0
  Barrier stage 6/15: μ=20.0
    → Recovered into the feasible set at iter 337 (min_slack=6.0e-6); feasible-only gate now armed
  → Converged at iter 384 (Δlen=0.000796)
  Barrier stage 7/15: μ=7.0
  → Converged at iter 386 (Δlen=0.000119)
  Barrier stage 8/15: μ=2.45
  → Converged at iter 413 (Δlen=0.000872)
  Barrier stage 9/15: μ=0.8575
  Barrier stage 10/15: μ=0.3001
  Barrier stage 11/15: μ=0.105
  Barrier stage 12/15: μ=0.0368
  Barrier stage 13/15: μ=0.0129
  [Spline barrier] line search stalled; stopping at stage 13
  Barrier stage 14/15: μ=0.0045
  [Spline barrier] line search stalled; stopping at stage 14
  Barrier stage 15/15: μ=0.0016
  [Spline barrier] line search stalled; stopping at stage 15
  Final: prim_len=1024.825, unc=5.0919, threshold=7.4292, status=optimized, min_slack=0.0
  Obstacle re-verification: mean path clears all obstacles ✓
Fig combined (main) saved: Discrete Len=973.87 → Continuous Len=1024.83
Fig uncertainty profile (main) saved: /home/tonyzhang/projects/landmark_planning/constraint_sweep/sweep_2026-08-11/formation/s100_p095/formation/figures/main_unc_profile.png

[formation] produced 1 solution(s) -> /home/tonyzhang/projects/landmark_planning/constraint_sweep/sweep_2026-08-11/formation/s100_p095/formation
