Landmark scenario: random — 4 landmarks, 3 obstacles, start (0.0, 0.0) → goal (900.0, 0.0)
Hex graph: 383 nodes (378 heading-states + 4 sensors + goal), radius=86.60254037844388m, directed_edges=954, grid=11x11, start_cell=(2, 5), goal_cell=(8, 5), start_heading=0

── SEQUENTIAL PLANNING (2 agent(s), one at a time) ──
  Leg 1 — primary, 1 helper(s) parked at start (bound 7.5978 = 2.0x the 3.798909982 threshold the shipped route is held to):

    ✓ feasible at iter 255: dist=1500.0, unc=6.2091
  Leg 2 — helper 1 vs the fixed primary trajectory (11 steps, beam 400):
    (took rank #3 of 400; 2 better-ranked route(s) breach as splines)
    → helper 1 placed; primary goal_unc now 4.9933
  Leg 3 — primary re-planned against the committed helper paths:
  [A*] iter 1000/1000000 (0.1%)  left=999000  elapsed=0.1s     [A*] iter 2000/1000000 (0.2%)  left=998000  elapsed=0.1s     [A*] iter 3000/1000000 (0.3%)  left=997000  elapsed=0.2s     [A*] iter 4000/1000000 (0.4%)  left=996000  elapsed=0.5s     [A*] iter 5000/1000000 (0.5%)  left=995000  elapsed=0.6s   ┌ Warning: Seed is infeasible (min_slack=-1.19438053596518, ε=0.001); the barrier will try to recover it before shortening. Expected for the straight_cont ablation, and for a discrete seed that A* returned as its best incumbent after exhausting its budget.
└ @ Main ~/projects/landmark_planning/planners/hexspline_cl.jl:1207

    re-plan found nothing; keeping the leg 1 route.
  Helper 1: dist=1500.0m, goal_unc=4.993m
  Primary  : dist=1500.0m, goal_unc=4.9933m (threshold 3.798909982 ✗)

=== Continuous Spline Optimization (threshold=3.7989) ===
  Initial (discrete→spline): prim_len=1420.16, unc=4.9933
  Barrier stage 1/15: μ=20.0
  Barrier stage 2/15: μ=20.0
  Barrier stage 3/15: μ=20.0
  Barrier stage 4/15: μ=20.0
    → Recovered into the feasible set at iter 254 (min_slack=0.000127); feasible-only gate now armed
  Barrier stage 5/15: μ=7.0
  Barrier stage 6/15: μ=2.45
  Barrier stage 7/15: μ=0.8575
  Barrier stage 8/15: μ=0.3001
  Barrier stage 9/15: μ=0.105
  Barrier stage 10/15: μ=0.0368
  Barrier stage 11/15: μ=0.0129
  Barrier stage 12/15: μ=0.0045
  Barrier stage 13/15: μ=0.0016
  Barrier stage 14/15: μ=0.0006
  Barrier stage 15/15: μ=0.0002
  Final: prim_len=1404.313, unc=3.7958, threshold=3.7989, status=optimized, min_slack=0.002719
  Obstacle re-verification: mean path clears all obstacles ✓
Fig combined (main) saved: Discrete Len=1420.16 → Continuous Len=1404.31
Fig uncertainty profile (main) saved: /home/tonyzhang/projects/landmark_planning/constraint_sweep/baseline_2026-08-17/sequential/s012_p050/sequential/figures/main_unc_profile.png

[sequential] produced 1 solution(s) -> /home/tonyzhang/projects/landmark_planning/constraint_sweep/baseline_2026-08-17/sequential/s012_p050/sequential
