┌ Warning: Seed is infeasible (min_slack=-31.344384920023654, ε=0.001); the barrier will try to recover it before shortening. Expected for the straight_cont ablation, and for a discrete seed that A* returned as its best incumbent after exhausting its budget.
└ @ Main ~/projects/landmark_planning/planners/hexspline_cl.jl:1215
Landmark scenario: random — 4 landmarks, 4 obstacles, start (0.0, 0.0) → goal (600.0, 0.0)
Hex graph: 653 nodes (648 heading-states + 4 sensors + goal), radius=57.73502691896258m, directed_edges=1704, grid=11x15, start_cell=(1, 7), goal_cell=(7, 7), start_heading=0

── FORMATION PLANNING ──
  Primary: single-agent hexspline A* (threshold 7.631637486); supports added afterwards.

  [Constraint A*] Goal popped, unc OK, but its B-spline breaches an obstacle; discarded.

  [Constraint A*] Goal popped, unc OK, but its B-spline breaches an obstacle; discarded.

  [Constraint A*] Goal popped, unc OK, but its B-spline breaches an obstacle; discarded.

  ✓ FEASIBLE SOLUTION at iter 361: dist=986.603, unc=7.6316
  [Constraint A*] Single-agent complete: 361 iterations, final_dist=986.603
  One support: trying both lateral slots (+1 = 60° left, -1 = 60° right).
  Slot [1]: unc=7.6317 ✗
  Slot [-1]: unc=6.9298 ✓
  → Chose slot [-1]
  Support 1 (slot -1): dist=950.0m, goal_unc=6.4462m, arc drift vs primary=-36.6m
  Primary : dist=986.6m, goal_unc=6.9298m (threshold 7.631637486 ✓)

=== Continuous Spline Optimization (threshold=7.6316) ===
  Initial (discrete→spline): prim_len=975.239, unc=6.968
  Barrier stage 1/15: μ=20.0
  Barrier stage 2/15: μ=20.0
    → Recovered into the feasible set at iter 71 (min_slack=0.006064); feasible-only gate now armed
  Barrier stage 3/15: μ=7.0
  Barrier stage 4/15: μ=2.45
  → Converged at iter 202 (Δlen=0.001)
  Barrier stage 5/15: μ=0.8575
  → Converged at iter 203 (Δlen=0.000665)
  Barrier stage 6/15: μ=0.3001
  Barrier stage 7/15: μ=0.105
  Barrier stage 8/15: μ=0.0368
  Barrier stage 9/15: μ=0.0129
  Barrier stage 10/15: μ=0.0045
  Barrier stage 11/15: μ=0.0016
  Barrier stage 12/15: μ=0.0006
  Barrier stage 13/15: μ=0.0002
  Barrier stage 14/15: μ=0.0001
  Barrier stage 15/15: μ=0.0
  Final: prim_len=965.435, unc=6.8136, threshold=7.6316, status=optimized, min_slack=0.005759
  Obstacle re-verification: mean path clears all obstacles ✓
Fig combined (main) saved: Discrete Len=975.24 → Continuous Len=965.44
Fig uncertainty profile (main) saved: /home/tonyzhang/projects/landmark_planning/constraint_sweep/sweep_2026-08-11/formation/s026_p100/formation/figures/main_unc_profile.png

[formation] produced 1 solution(s) -> /home/tonyzhang/projects/landmark_planning/constraint_sweep/sweep_2026-08-11/formation/s026_p100/formation
