┌ Warning: Seed is infeasible (min_slack=-31.314260607311947, ε=0.001); the barrier will try to recover it before shortening. Expected for the straight_cont ablation, and for a discrete seed that A* returned as its best incumbent after exhausting its budget.
└ @ Main ~/projects/landmark_planning/planners/hexspline_cl.jl:1215
Landmark scenario: random — 2 landmarks, 3 obstacles, start (0.0, 0.0) → goal (600.0, 0.0)
Hex graph: 651 nodes (648 heading-states + 2 sensors + goal), radius=57.73502691896258m, directed_edges=1704, grid=11x15, start_cell=(1, 7), goal_cell=(7, 7), start_heading=0

── GREEDY PLANNING ──
  Primary: shortest obstacle-clear route (single-agent A*, no uncertainty bound)

  [Constraint A*] Goal popped, unc OK, but its B-spline breaches an obstacle; discarded.

  [Constraint A*] Goal popped, unc OK, but its B-spline breaches an obstacle; discarded.

  [Constraint A*] Goal popped, unc OK, but its B-spline breaches an obstacle; discarded.

  [Constraint A*] Goal popped, unc OK, but its B-spline breaches an obstacle; discarded.

  [Constraint A*] Goal popped, unc OK, but its B-spline breaches an obstacle; discarded.

  ✓ FEASIBLE SOLUTION at iter 53: dist=750.0, unc=6.5157
  [Constraint A*] Single-agent complete: 53 iterations, final_dist=750.0
  Helpers: greedy placement, minimising the primary's uncertainty per step
  Support 1: dist=750.0m, goal_unc=2.6855m
  Primary  : dist=750.0m, goal_unc=6.4021m (threshold 3.909448684 ✗)

=== Continuous Spline Optimization (threshold=3.9094) ===
  Initial (discrete→spline): prim_len=720.645, unc=6.4889
  Barrier stage 1/15: μ=20.0
  Barrier stage 2/15: μ=20.0
  Barrier stage 3/15: μ=20.0
  Barrier stage 4/15: μ=20.0
  Barrier stage 5/15: μ=20.0
    → Recovered into the feasible set at iter 290 (min_slack=1.5e-5); feasible-only gate now armed
  Barrier stage 6/15: μ=7.0
  → Converged at iter 346 (Δlen=0.000743)
  Barrier stage 7/15: μ=2.45
  → Converged at iter 347 (Δlen=0.000971)
  Barrier stage 8/15: μ=0.8575
  → Converged at iter 348 (Δlen=0.000639)
  Barrier stage 9/15: μ=0.3001
  → Converged at iter 349 (Δlen=0.000231)
  Barrier stage 10/15: μ=0.105
  Barrier stage 11/15: μ=0.0368
  Barrier stage 12/15: μ=0.0129
  Barrier stage 13/15: μ=0.0045
  Barrier stage 14/15: μ=0.0016
  Barrier stage 15/15: μ=0.0006
  Final: prim_len=761.453, unc=3.5897, threshold=3.9094, status=optimized, min_slack=0.001392
  Obstacle re-verification: mean path clears all obstacles ✓
Fig combined (main) saved: Discrete Len=720.64 → Continuous Len=761.45
Fig uncertainty profile (main) saved: /home/tonyzhang/projects/landmark_planning/constraint_sweep/sweep_2026-08-11/greedy/s003_p060/greedy/figures/main_unc_profile.png

[greedy] produced 1 solution(s) -> /home/tonyzhang/projects/landmark_planning/constraint_sweep/sweep_2026-08-11/greedy/s003_p060/greedy
