Landmark scenario: random — 2 landmarks, 4 obstacles, start (0.0, 0.0) → goal (900.0, 0.0)
Hex graph: 435 nodes (432 heading-states + 2 sensors + goal), radius=86.60254037844388m, directed_edges=1104, grid=11x11, start_cell=(1, 5), goal_cell=(7, 5), start_heading=0

── FORMATION PLANNING ──
  Primary: single-agent hexspline A* (threshold 8.700912575); supports added afterwards.

  [Constraint A*] Incumbent seed at iter 30: dist=1125.0, unc=9.6677 > 8.7009

  [Constraint A*] Incumbent seed at iter 55: dist=1179.904, unc=9.6673 > 8.7009

  [Constraint A*] Goal popped, unc OK, but its B-spline breaches an obstacle; discarded.

  [Constraint A*] Incumbent seed at iter 123: dist=1329.904, unc=9.5666 > 8.7009

  [Constraint A*] Goal popped, unc OK, but its B-spline breaches an obstacle; discarded.

  [Constraint A*] Goal popped, unc OK, but its B-spline breaches an obstacle; discarded.

  [Constraint A*] Goal popped, unc OK, but its B-spline breaches an obstacle; discarded.

  [Constraint A*] Goal popped, unc OK, but its B-spline breaches an obstacle; discarded.

  [Constraint A*] Goal popped, unc OK, but its B-spline breaches an obstacle; discarded.

  [Constraint A*] Goal popped, unc OK, but its B-spline breaches an obstacle; discarded.

  [Constraint A*] Goal popped, unc OK, but its B-spline breaches an obstacle; discarded.

  [Constraint A*] Goal popped, unc OK, but its B-spline breaches an obstacle; discarded.

  [Constraint A*] Goal popped, unc OK, but its B-spline breaches an obstacle; discarded.

  [Constraint A*] Goal popped, unc OK, but its B-spline breaches an obstacle; discarded.

  [Constraint A*] Goal popped, unc OK, but its B-spline breaches an obstacle; discarded.

  [Constraint A*] Goal popped, unc OK, but its B-spline breaches an obstacle; discarded.

  [Constraint A*] Goal popped, unc OK, but its B-spline breaches an obstacle; discarded.

  [Constraint A*] Goal popped, unc OK, but its B-spline breaches an obstacle; discarded.

  [Constraint A*] Goal popped, unc OK, but its B-spline breaches an obstacle; discarded.

  [Constraint A*] Goal popped, unc OK, but its B-spline breaches an obstacle; discarded.
  [A*] iter 1000/1000000 (0.1%)  left=999000  elapsed=0.1s   ┌ Warning: Seed is infeasible (min_slack=-28.430136247252904, ε=0.001); the barrier will try to recover it before shortening. Expected for the straight_cont ablation, and for a discrete seed that A* returned as its best incumbent after exhausting its budget.
└ @ Main ~/Research/landmark_planning/planners/hexspline_cl.jl:1215

  [Constraint A*] Goal popped, unc OK, but its B-spline breaches an obstacle; discarded.

  ✓ FEASIBLE SOLUTION at iter 1267: dist=2175.0, unc=8.0047
  [Constraint A*] Single-agent complete: 1267 iterations, final_dist=2175.0
  One support: trying both lateral slots (+1 = 60° left, -1 = 60° right).
  Slot [1]: unc=7.5075 ✓
  Slot [-1]: unc=4.4073 ✓
  → Chose slot [-1]
  Support 1 (slot -1): dist=2298.4m, goal_unc=5.892m, arc drift vs primary=123.4m
  Primary : dist=2175.0m, goal_unc=4.4073m (threshold 8.700912575 ✓)
  ! A support drifted more than half a comm interval from the primary's arc; checkpoints no longer pair them where the formation puts them.

=== Continuous Spline Optimization (threshold=8.7009) ===
  Initial (discrete→spline): prim_len=2084.232, unc=5.1998
  Barrier stage 1/15: μ=20.0
    → Recovered into the feasible set at iter 12 (min_slack=0.014023); feasible-only gate now armed
  → Converged at iter 18 (Δlen=0.000833)
  Barrier stage 2/15: μ=7.0
  → Converged at iter 20 (Δlen=0.000261)
  Barrier stage 3/15: μ=2.45
  → Converged at iter 59 (Δlen=0.000964)
  Barrier stage 4/15: μ=0.8575
  → Converged at iter 61 (Δlen=0.000657)
  Barrier stage 5/15: μ=0.3001
  → Converged at iter 63 (Δlen=0.000397)
  Barrier stage 6/15: μ=0.105
  → Converged at iter 64 (Δlen=0.000681)
  Barrier stage 7/15: μ=0.0368
  [Spline barrier] line search stalled; stopping at stage 7
  Barrier stage 8/15: μ=0.0129
  [Spline barrier] line search stalled; stopping at stage 8
  Barrier stage 9/15: μ=0.0045
  → Converged at iter 67 (Δlen=0.000676)
  Barrier stage 10/15: μ=0.0016
  → Converged at iter 68 (Δlen=0.000591)
  Barrier stage 11/15: μ=0.0006
  → Converged at iter 69 (Δlen=0.000432)
  Barrier stage 12/15: μ=0.0002
  → Converged at iter 70 (Δlen=0.000207)
  Barrier stage 13/15: μ=0.0001
  → Converged at iter 71 (Δlen=7.9e-5)
  Barrier stage 14/15: μ=0.0
  → Converged at iter 72 (Δlen=0.000421)
  Barrier stage 15/15: μ=0.0
  → Converged at iter 73 (Δlen=0.000815)
  Final: prim_len=2120.185, unc=6.4461, threshold=8.7009, status=optimized, min_slack=0.014023
  Obstacle re-verification: mean path clears all obstacles ✓
Fig combined (main) saved: Discrete Len=2084.23 → Continuous Len=2120.19
Fig uncertainty profile (main) saved: /home/tony-zhang/Research/landmark_planning/constraint_sweep/smoke150/formation/s004_p090/formation/figures/main_unc_profile.png

[formation] produced 1 solution(s) -> /home/tony-zhang/Research/landmark_planning/constraint_sweep/smoke150/formation/s004_p090/formation
