Landmark scenario: random — 4 landmarks, 1 obstacles, start (0.0, 0.0) → goal (600.0, 0.0)
Hex graph: 299 nodes (294 heading-states + 4 sensors + goal), radius=86.60254037844388m, directed_edges=726, grid=9x11, start_cell=(2, 5), goal_cell=(6, 5), start_heading=0
Conditional ε-bound: ε_sample=1.2887, w=1.0, ε_total=1.2887
  Bound form (conditional): L_returned ≤ (1+ε_total) L* with assumptions documented in comments.

── MULTI-AGENT PLANNING (Synchronized Kalman) ──

  Running joint discrete A* (threshold=3.3361)... (max_iters=1000000)
  Stops on the first feasible candidate under the threshold.
  ✓ Goal reachable from node 1 with distance 600.0

  [Constraint A*] Incumbent seed at iter 109: dist=750.0, unc=5.8426 > 3.3361

  [Constraint A*] Incumbent seed at iter 115: dist=750.0, unc=5.7244 > 3.3361

  [Constraint A*] Incumbent seed at iter 116: dist=750.0, unc=5.7226 > 3.3361

  [Constraint A*] Incumbent seed at iter 155: dist=750.0, unc=3.5306 > 3.3361

  [Constraint A*] Incumbent seed at iter 173: dist=750.0, unc=3.5306 > 3.3361

  [Constraint A*] Incumbent seed at iter 201: dist=750.0, unc=3.4603 > 3.3361
  [A*] iter 1000/1000000 (0.1%)  left=999000  elapsed=1.3s     [A*] iter 2000/1000000 (0.2%)  left=998000  elapsed=1.3s   
  ✓ FEASIBLE SOLUTION at iter 2168: dist=900.0, unc=1.3052
  [Constraint A*] Complete: 2168 iterations, final_dist=900.0

✓ Multi-agent solution with synchronized Kalman fusion:
  Support agent 1: node=241, dist=900.0m, goal_unc=1.225m
  Primary agent: node=162, dist=900.0m, goal_unc=1.3052m
  ├─ Communication: every 100.0m, sigmoid taper range=300.0m width=20.0m
  └─ All agents' uncertainties benefit from synchronized Kalman fusion at checkpoints

--- Final Results ---
Support agent 1 : [1, 182, 224, 272, 277, 240, 241]  dist=900.0  goal_unc=1.225  ✓  (Kalman-fused)
Primary agent : [1, 182, 224, 229, 235, 204, 162]  dist=900.0  goal_unc=1.3052  threshold=3.336106109 ✓ met  (Kalman-fused)

=== Kalman Filtering Summary ===
All 2 agents performing synchronized Kalman filtering:
  • Dead-reckoning propagation: DIR=0.05/m, PERP=0.016666666666666666/m
  • Landmark fusion: Information filter (Joseph form) at every waypoint
  • SYNCHRONIZED inter-agent communication: every 100.0m of travel
  • Tapered sigmoid weighting: range=300.0m, width=20.0m (soft plateau + rolloff)
  • Bidirectional Kalman fusion: all agent pairs within range at each checkpoint
  • Measurement model: bearing-angle sensor with noise=0.038, ratio=2.2
  └─ Support agents: goal_unc=1.225m (improved by inter-agent fusion)
  └─ Primary agent: goal_unc=1.3052m (direct path with landmark updates)
Converged at iteration : 2168
Figure path-role mapping: supports = paths[1:1], primary = paths[2]
Discrete evaluation: prim_len=900.0, unc=1.3052
Fig 1 saved.

=== Continuous Spline Optimization (threshold=3.3361) ===
  Initial (discrete→spline): prim_len=854.736, unc=1.3052
  Barrier stage 1/15: μ=20.0
  [Spline barrier] line search stalled; stopping at stage 1
  Barrier stage 2/15: μ=7.0
  [Spline barrier] line search stalled; stopping at stage 2
  Barrier stage 3/15: μ=2.45
  [Spline barrier] line search stalled; stopping at stage 3
  Barrier stage 4/15: μ=0.8575
  [Spline barrier] line search stalled; stopping at stage 4
  Barrier stage 5/15: μ=0.3001
  [Spline barrier] line search stalled; stopping at stage 5
  Barrier stage 6/15: μ=0.105
  [Spline barrier] line search stalled; stopping at stage 6
  Barrier stage 7/15: μ=0.0368
  [Spline barrier] line search stalled; stopping at stage 7
  Barrier stage 8/15: μ=0.0129
  [Spline barrier] line search stalled; stopping at stage 8
  Barrier stage 9/15: μ=0.0045
  [Spline barrier] line search stalled; stopping at stage 9
  Barrier stage 10/15: μ=0.0016
  [Spline barrier] line search stalled; stopping at stage 10
  Barrier stage 11/15: μ=0.0006
  [Spline barrier] line search stalled; stopping at stage 11
  Barrier stage 12/15: μ=0.0002
  [Spline barrier] line search stalled; stopping at stage 12
  Barrier stage 13/15: μ=0.0001
  [Spline barrier] line search stalled; stopping at stage 13
  Barrier stage 14/15: μ=0.0
  [Spline barrier] line search stalled; stopping at stage 14
  Barrier stage 15/15: μ=0.0
  [Spline barrier] line search stalled; stopping at stage 15
  Final: prim_len=854.736, unc=1.3052, threshold=3.3361, status=seed_only, min_slack=0.016111
  Obstacle re-verification: mean path clears all obstacles ✓
Fig combined (main) saved: Discrete Len=854.74 → Continuous Len=854.74
Fig uncertainty profile (main) saved: /home/tonyzhang/projects/landmark_planning/constraint_sweep/baseline_2026-08-17/hexspline_cl/s084_p050/hexspline_cl/figures/main_unc_profile.png

[hexspline_cl] produced 1 solution(s) -> /home/tonyzhang/projects/landmark_planning/constraint_sweep/baseline_2026-08-17/hexspline_cl/s084_p050/hexspline_cl
