Landmark scenario: random — 2 landmarks, 4 obstacles, start (0.0, 0.0) → goal (900.0, 0.0)
Hex graph: 435 nodes (432 heading-states + 2 sensors + goal), radius=86.60254037844388m, directed_edges=1104, grid=11x11, start_cell=(1, 5), goal_cell=(7, 5), start_heading=0

── FORMATION PLANNING ──
  Primary: single-agent hexspline A* (threshold 7.734144511); supports added afterwards.

  [Constraint A*] Incumbent seed at iter 30: dist=1125.0, unc=9.6677 > 7.7341

  [Constraint A*] Incumbent seed at iter 55: dist=1179.904, unc=9.6673 > 7.7341

  [Constraint A*] Goal popped, unc OK, but its B-spline breaches an obstacle; discarded.

  [Constraint A*] Incumbent seed at iter 123: dist=1329.904, unc=9.5666 > 7.7341

  [Constraint A*] Goal popped, unc OK, but its B-spline breaches an obstacle; discarded.

  [Constraint A*] Goal popped, unc OK, but its B-spline breaches an obstacle; discarded.

  [Constraint A*] Goal popped, unc OK, but its B-spline breaches an obstacle; discarded.

  [Constraint A*] Goal popped, unc OK, but its B-spline breaches an obstacle; discarded.

  [Constraint A*] Goal popped, unc OK, but its B-spline breaches an obstacle; discarded.

  [Constraint A*] Goal popped, unc OK, but its B-spline breaches an obstacle; discarded.

  [Constraint A*] Goal popped, unc OK, but its B-spline breaches an obstacle; discarded.

  [Constraint A*] Goal popped, unc OK, but its B-spline breaches an obstacle; discarded.

  [Constraint A*] Goal popped, unc OK, but its B-spline breaches an obstacle; discarded.

  [Constraint A*] Goal popped, unc OK, but its B-spline breaches an obstacle; discarded.

  [Constraint A*] Goal popped, unc OK, but its B-spline breaches an obstacle; discarded.
  [A*] iter 1000/1000000 (0.1%)  left=999000  elapsed=0.1s   
  [Constraint A*] Goal popped, unc OK, but its B-spline breaches an obstacle; discarded.

  [Constraint A*] Incumbent seed at iter 1267: dist=2175.0, unc=8.0047 > 7.7341

  [Constraint A*] Goal popped, unc OK, but its B-spline breaches an obstacle; discarded.

  [Constraint A*] Goal popped, unc OK, but its B-spline breaches an obstacle; discarded.

  [Constraint A*] Goal popped, unc OK, but its B-spline breaches an obstacle; discarded.

  [Constraint A*] Goal popped, unc OK, but its B-spline breaches an obstacle; discarded.

  [Constraint A*] Incumbent seed at iter 1530: dist=2229.904, unc=8.0047 > 7.7341

  [Constraint A*] Incumbent seed at iter 1625: dist=2325.0, unc=8.0047 > 7.7341

  [Constraint A*] Incumbent seed at iter 1745: dist=2325.0, unc=8.0047 > 7.7341

  [Constraint A*] Goal popped, unc OK, but its B-spline breaches an obstacle; discarded.

  [Constraint A*] Incumbent seed at iter 1975: dist=2379.904, unc=8.0047 > 7.7341
  [A*] iter 2000/1000000 (0.2%)  left=998000  elapsed=0.1s   
  [Constraint A*] Goal popped, unc OK, but its B-spline breaches an obstacle; discarded.

  [Constraint A*] Goal popped, unc OK, but its B-spline breaches an obstacle; discarded.

  [Constraint A*] Goal popped, unc OK, but its B-spline breaches an obstacle; discarded.

  [Constraint A*] Goal popped, unc OK, but its B-spline breaches an obstacle; discarded.

  [Constraint A*] Goal popped, unc OK, but its B-spline breaches an obstacle; discarded.
  [A*] iter 3000/1000000 (0.3%)  left=997000  elapsed=0.1s   
  [Constraint A*] Goal popped, unc OK, but its B-spline breaches an obstacle; discarded.

  [Constraint A*] Goal popped, unc OK, but its B-spline breaches an obstacle; discarded.

  [Constraint A*] Goal popped, unc OK, but its B-spline breaches an obstacle; discarded.

  [Constraint A*] Goal popped, unc OK, but its B-spline breaches an obstacle; discarded.
  [A*] iter 4000/1000000 (0.4%)  left=996000  elapsed=0.1s   
  [Constraint A*] Goal popped, unc OK, but its B-spline breaches an obstacle; discarded.

  [Constraint A*] Goal popped, unc OK, but its B-spline breaches an obstacle; discarded.

  [Constraint A*] Goal popped, unc OK, but its B-spline breaches an obstacle; discarded.

  [Constraint A*] Goal popped, unc OK, but its B-spline breaches an obstacle; discarded.

  [Constraint A*] Goal popped, unc OK, but its B-spline breaches an obstacle; discarded.

  [Constraint A*] Goal popped, unc OK, but its B-spline breaches an obstacle; discarded.

  [Constraint A*] Goal popped, unc OK, but its B-spline breaches an obstacle; discarded.

  [Constraint A*] Goal popped, unc OK, but its B-spline breaches an obstacle; discarded.

  [Constraint A*] Goal popped, unc OK, but its B-spline breaches an obstacle; discarded.

  [Constraint A*] Goal popped, unc OK, but its B-spline breaches an obstacle; discarded.

  [Constraint A*] Goal popped, unc OK, but its B-spline breaches an obstacle; discarded.

  [Constraint A*] Goal popped, unc OK, but its B-spline breaches an obstacle; discarded.
  [A*] iter 5000/1000000 (0.5%)  left=995000  elapsed=0.1s     [A*] iter 6000/1000000 (0.6%)  left=994000  elapsed=0.1s     [A*] iter 7000/1000000 (0.7%)  left=993000  elapsed=0.1s     [A*] iter 8000/1000000 (0.8%)  left=992000  elapsed=0.1s     [A*] iter 9000/1000000 (0.9%)  left=991000  elapsed=0.1s     [A*] iter 10000/1000000 (1.0%)  left=990000  elapsed=0.1s   ┌ Warning: Seed is infeasible (min_slack=-9.521827246138626, ε=0.001); the barrier will try to recover it before shortening. Expected for the straight_cont ablation, and for a discrete seed that A* returned as its best incumbent after exhausting its budget.
└ @ Main ~/Research/landmark_planning/planners/hexspline_cl.jl:1215

  [Constraint A*] Budget exhausted with no seed under threshold; handing best incumbent to the optimizer: dist=2379.904, unc=8.0047 > 7.7341
  One support: trying both lateral slots (+1 = 60° left, -1 = 60° right).
  Slot [1]: unc=7.7235 ✓
  Slot [-1]: unc=6.9926 ✓
  → Chose slot [-1]
  Support 1 (slot -1): dist=2325.0m, goal_unc=6.231m, arc drift vs primary=-54.9m
  Primary : dist=2379.9m, goal_unc=6.9926m (threshold 7.734144511 ✓)
  ! A support drifted more than half a comm interval from the primary's arc; checkpoints no longer pair them where the formation puts them.

=== Continuous Spline Optimization (threshold=7.7341) ===
  Initial (discrete→spline): prim_len=2262.764, unc=6.9558
  Barrier stage 1/15: μ=20.0
    → Recovered into the feasible set at iter 10 (min_slack=0.01337); feasible-only gate now armed
  → Converged at iter 21 (Δlen=0.000292)
  Barrier stage 2/15: μ=7.0
  [Spline barrier] line search stalled; stopping at stage 2
  Barrier stage 3/15: μ=2.45
  [Spline barrier] line search stalled; stopping at stage 3
  Barrier stage 4/15: μ=0.8575
  [Spline barrier] line search stalled; stopping at stage 4
  Barrier stage 5/15: μ=0.3001
  [Spline barrier] line search stalled; stopping at stage 5
  Barrier stage 6/15: μ=0.105
  [Spline barrier] line search stalled; stopping at stage 6
  Barrier stage 7/15: μ=0.0368
  [Spline barrier] line search stalled; stopping at stage 7
  Barrier stage 8/15: μ=0.0129
  [Spline barrier] line search stalled; stopping at stage 8
  Barrier stage 9/15: μ=0.0045
  [Spline barrier] line search stalled; stopping at stage 9
  Barrier stage 10/15: μ=0.0016
  Barrier stage 11/15: μ=0.0006
  Barrier stage 12/15: μ=0.0002
  Barrier stage 13/15: μ=0.0001
  → Converged at iter 292 (Δlen=0.000762)
  Barrier stage 14/15: μ=0.0
  [Spline barrier] line search stalled; stopping at stage 14
  Barrier stage 15/15: μ=0.0
  [Spline barrier] line search stalled; stopping at stage 15
  Final: prim_len=2197.744, unc=6.9806, threshold=7.7341, status=optimized, min_slack=2.0e-5
  Obstacle re-verification: mean path clears all obstacles ✓
Fig combined (main) saved: Discrete Len=2262.76 → Continuous Len=2197.74
Fig uncertainty profile (main) saved: /home/tony-zhang/Research/landmark_planning/constraint_sweep/2026-08-12_18-33-34/formation/s004_p080/formation/figures/main_unc_profile.png

[formation] produced 1 solution(s) -> /home/tony-zhang/Research/landmark_planning/constraint_sweep/2026-08-12_18-33-34/formation/s004_p080/formation
