Landmark scenario: random — 4 landmarks, 4 obstacles, start (0.0, 0.0) → goal (750.0, 0.0)
Hex graph: 389 nodes (384 heading-states + 4 sensors + goal), radius=86.60254037844388m, directed_edges=972, grid=10x11, start_cell=(1, 5), goal_cell=(6, 5), start_heading=0

── SEQUENTIAL PLANNING (2 agent(s), one at a time) ──
  Leg 1 — primary, 1 helper(s) parked at start (bound 20.0311 = 2.0x the 10.01555712 threshold the shipped route is held to):

    ✓ feasible at iter 171: dist=1125.0, unc=9.9917
  Leg 2 — helper 1 vs the fixed primary trajectory (9 steps, beam 400):
    → helper 1 placed; primary goal_unc now 6.644
  Leg 3 — primary re-planned against the committed helper paths:
  [A*] iter 1000/1000000 (0.1%)  left=999000  elapsed=0.1s     [A*] iter 2000/1000000 (0.2%)  left=998000  elapsed=0.2s     [A*] iter 3000/1000000 (0.3%)  left=997000  elapsed=0.2s     [A*] iter 4000/1000000 (0.4%)  left=996000  elapsed=0.4s     [A*] iter 5000/1000000 (0.5%)  left=995000  elapsed=0.5s   ┌ Warning: Seed is infeasible (min_slack=-66.33593562464227, ε=0.001); the barrier will try to recover it before shortening. Expected for the straight_cont ablation, and for a discrete seed that A* returned as its best incumbent after exhausting its budget.
└ @ Main ~/Research/landmark_planning/planners/hexspline_cl.jl:1215

    re-plan found nothing; keeping the leg 1 route.
  Helper 1: dist=1125.0m, goal_unc=6.6697m
  Primary  : dist=1125.0m, goal_unc=6.644m (threshold 10.01555712 ✓)

=== Continuous Spline Optimization (threshold=10.0156) ===
  Initial (discrete→spline): prim_len=1040.298, unc=6.5347
  Barrier stage 1/15: μ=20.0
  Barrier stage 2/15: μ=20.0
  Barrier stage 3/15: μ=20.0
  [Spline barrier] line search stalled; stopping at stage 3
  Barrier stage 4/15: μ=20.0
  Barrier stage 5/15: μ=20.0
  [Spline barrier] line search stalled; stopping at stage 5
  Barrier stage 6/15: μ=20.0
  [Spline barrier] line search stalled; stopping at stage 6
  Barrier stage 7/15: μ=20.0
  [Spline barrier] line search stalled; stopping at stage 7
  Barrier stage 8/15: μ=20.0
  [Spline barrier] line search stalled; stopping at stage 8
  Barrier stage 9/15: μ=20.0
  Barrier stage 10/15: μ=20.0
  [Spline barrier] line search stalled; stopping at stage 10
  Barrier stage 11/15: μ=20.0
  [Spline barrier] line search stalled; stopping at stage 11
  Barrier stage 12/15: μ=20.0
  [Spline barrier] line search stalled; stopping at stage 12
  Barrier stage 13/15: μ=20.0
  [Spline barrier] line search stalled; stopping at stage 13
  Barrier stage 14/15: μ=20.0
  [Spline barrier] line search stalled; stopping at stage 14
  Barrier stage 15/15: μ=20.0
  [Spline barrier] line search stalled; stopping at stage 15
  Final: prim_len=1158.232, unc=8.2406, threshold=10.0156, status=recovery_failed, min_slack=-27.58481
  Obstacle re-verification: mean path clears all obstacles ✓  (1 hull row(s) conservatively flagged; mean curve rounds them)
Fig combined (main) saved: Discrete Len=1040.3 → Continuous Len=1158.23
Fig uncertainty profile (main) saved: /home/tony-zhang/Research/landmark_planning/constraint_sweep/smoke150/sequential/s002_p100/sequential/figures/main_unc_profile.png

[sequential] produced 1 solution(s) -> /home/tony-zhang/Research/landmark_planning/constraint_sweep/smoke150/sequential/s002_p100/sequential
