Landmark scenario: random — 4 landmarks, 4 obstacles, start (0.0, 0.0) → goal (800.0, 0.0)
Hex graph: 797 nodes (792 heading-states + 4 sensors + goal), radius=57.73502691896258m, directed_edges=2112, grid=13x15, start_cell=(1, 7), goal_cell=(9, 7), start_heading=0

── SEQUENTIAL PLANNING (2 agent(s), one at a time) ──
  Leg 1 — primary, 1 helper(s) parked at start (bound 6.5944 = 2.0x the 3.297177865 threshold the shipped route is held to):

    ✓ feasible at iter 83: dist=950.0, unc=4.6076
  Leg 2 — helper 1 vs the fixed primary trajectory (11 steps, beam 400):
    → helper 1 placed; primary goal_unc now 3.3749
  Leg 3 — primary re-planned against the committed helper paths:
  [A*] iter 1000/500000 (0.2%)  left=499000  elapsed=0.0s     [A*] iter 2000/500000 (0.4%)  left=498000  elapsed=0.2s     [A*] iter 3000/500000 (0.6%)  left=497000  elapsed=0.4s     [A*] iter 4000/500000 (0.8%)  left=496000  elapsed=0.5s   
    ✓ feasible at iter 4505: dist=1486.603, unc=3.2752
    leg 1 route: len=950.0, unc=3.3749 ✗  |  re-planned: len=1486.6, unc=3.2752 ✓  → TAKE re-plan
  Helper 1: dist=950.0m, goal_unc=1.7046m
  Primary  : dist=1486.6m, goal_unc=3.2752m (threshold 3.297177865 ✓)

=== Continuous Spline Optimization (threshold=3.2972) ===
  Initial (discrete→spline): prim_len=1294.329, unc=2.5511
  Barrier stage 1/15: μ=20.0
  [Spline barrier] line search stalled; stopping at stage 1
  Barrier stage 2/15: μ=7.0
  [Spline barrier] line search stalled; stopping at stage 2
  Barrier stage 3/15: μ=2.45
  [Spline barrier] line search stalled; stopping at stage 3
  Barrier stage 4/15: μ=0.8575
  [Spline barrier] line search stalled; stopping at stage 4
  Barrier stage 5/15: μ=0.3001
  [Spline barrier] line search stalled; stopping at stage 5
  Barrier stage 6/15: μ=0.105
  [Spline barrier] line search stalled; stopping at stage 6
  Barrier stage 7/15: μ=0.0368
  [Spline barrier] line search stalled; stopping at stage 7
  Barrier stage 8/15: μ=0.0129
  [Spline barrier] line search stalled; stopping at stage 8
  Barrier stage 9/15: μ=0.0045
  [Spline barrier] line search stalled; stopping at stage 9
  Barrier stage 10/15: μ=0.0016
  [Spline barrier] line search stalled; stopping at stage 10
  Barrier stage 11/15: μ=0.0006
  [Spline barrier] line search stalled; stopping at stage 11
  Barrier stage 12/15: μ=0.0002
  [Spline barrier] line search stalled; stopping at stage 12
  Barrier stage 13/15: μ=0.0001
  [Spline barrier] line search stalled; stopping at stage 13
  Barrier stage 14/15: μ=0.0
  [Spline barrier] line search stalled; stopping at stage 14
  Barrier stage 15/15: μ=0.0
  [Spline barrier] line search stalled; stopping at stage 15
  Final: prim_len=1292.066, unc=2.5203, threshold=3.2972, status=optimized, min_slack=0.009367
  Obstacle re-verification: mean path clears all obstacles ✓
Fig combined (main) saved: Discrete Len=1294.33 → Continuous Len=1292.07
Fig uncertainty profile (main) saved: /home/tonyzhang/projects/landmark_planning/constraint_sweep/sweep_2026-08-11/sequential/s018_p035/sequential/figures/main_unc_profile.png

[sequential] produced 1 solution(s) -> /home/tonyzhang/projects/landmark_planning/constraint_sweep/sweep_2026-08-11/sequential/s018_p035/sequential
