Landmark scenario: random — 3 landmarks, 3 obstacles, start (0.0, 0.0) → goal (750.0, 0.0)
Hex graph: 340 nodes (336 heading-states + 3 sensors + goal), radius=86.60254037844388m, directed_edges=840, grid=10x11, start_cell=(2, 5), goal_cell=(7, 5), start_heading=0

── GREEDY PLANNING ──
  Primary: shortest obstacle-clear route (single-agent A*, no uncertainty bound)

  [Constraint A*] Goal popped, unc OK, but its B-spline breaches an obstacle; discarded.

  [Constraint A*] Goal popped, unc OK, but its B-spline breaches an obstacle; discarded.

  [Constraint A*] Goal popped, unc OK, but its B-spline breaches an obstacle; discarded.

  [Constraint A*] Goal popped, unc OK, but its B-spline breaches an obstacle; discarded.

  [Constraint A*] Goal popped, unc OK, but its B-spline breaches an obstacle; discarded.

  [Constraint A*] Goal popped, unc OK, but its B-spline breaches an obstacle; discarded.

  [Constraint A*] Goal popped, unc OK, but its B-spline breaches an obstacle; discarded.

  [Constraint A*] Goal popped, unc OK, but its B-spline breaches an obstacle; discarded.

  ✓ FEASIBLE SOLUTION at iter 78: dist=1200.0, unc=5.2198
  [Constraint A*] Single-agent complete: 78 iterations, final_dist=1200.0
  Helpers: greedy placement, minimising the primary's uncertainty per step
  Support 1: dist=1200.0m, goal_unc=3.8246m
  Primary  : dist=1200.0m, goal_unc=3.98m (threshold 4.175840168 ✓)

=== Continuous Spline Optimization (threshold=4.1758) ===
  Initial (discrete→spline): prim_len=1162.788, unc=3.98
  Barrier stage 1/15: μ=20.0
  → Converged at iter 4 (Δlen=0.000887)
  Barrier stage 2/15: μ=7.0
  → Converged at iter 20 (Δlen=0.000782)
  Barrier stage 3/15: μ=2.45
  Barrier stage 4/15: μ=0.8575
  Barrier stage 5/15: μ=0.3001
  Barrier stage 6/15: μ=0.105
  → Converged at iter 236 (Δlen=0.000938)
  Barrier stage 7/15: μ=0.0368
  → Converged at iter 247 (Δlen=0.000273)
  Barrier stage 8/15: μ=0.0129
  Barrier stage 9/15: μ=0.0045
  → Converged at iter 346 (Δlen=0.000189)
  Barrier stage 10/15: μ=0.0016
  → Converged at iter 350 (Δlen=0.000249)
  Barrier stage 11/15: μ=0.0006
  → Converged at iter 358 (Δlen=0.000679)
  Barrier stage 12/15: μ=0.0002
  → Converged at iter 359 (Δlen=0.000926)
  Barrier stage 13/15: μ=0.0001
  → Converged at iter 360 (Δlen=0.000973)
  Barrier stage 14/15: μ=0.0
  → Converged at iter 361 (Δlen=0.000989)
  Barrier stage 15/15: μ=0.0
  [Spline barrier] line search stalled; stopping at stage 15
  Final: prim_len=1150.979, unc=3.4284, threshold=4.1758, status=optimized, min_slack=2.0e-5
  Obstacle re-verification: mean path clears all obstacles ✓
Fig combined (main) saved: Discrete Len=1162.79 → Continuous Len=1150.98
Fig uncertainty profile (main) saved: /home/tonyzhang/projects/landmark_planning/constraint_sweep/baseline_2026-08-17/greedy/s063_p080/greedy/figures/main_unc_profile.png

[greedy] produced 1 solution(s) -> /home/tonyzhang/projects/landmark_planning/constraint_sweep/baseline_2026-08-17/greedy/s063_p080/greedy
