Landmark scenario: random — 2 landmarks, 5 obstacles, start (0.0, 0.0) → goal (800.0, 0.0)
Hex graph: 795 nodes (792 heading-states + 2 sensors + goal), radius=57.73502691896258m, directed_edges=2112, grid=13x15, start_cell=(1, 7), goal_cell=(9, 7), start_heading=0

── GREEDY PLANNING ──
  Primary: shortest obstacle-clear route (single-agent A*, no uncertainty bound)

  [Constraint A*] Goal popped, unc OK, but its B-spline breaches an obstacle; discarded.

  [Constraint A*] Goal popped, unc OK, but its B-spline breaches an obstacle; discarded.

  ✓ FEASIBLE SOLUTION at iter 54: dist=950.0, unc=10.9602
  [Constraint A*] Single-agent complete: 54 iterations, final_dist=950.0
  Helpers: greedy placement, minimising the primary's uncertainty per step
  Support 1: dist=950.0m, goal_unc=6.3958m
  Primary  : dist=950.0m, goal_unc=6.6564m (threshold 7.124142197 ✓)

=== Continuous Spline Optimization (threshold=7.1241) ===
  Initial (discrete→spline): prim_len=949.335, unc=7.0612
  Barrier stage 1/15: μ=20.0
  Barrier stage 2/15: μ=7.0
  Barrier stage 3/15: μ=2.45
  Barrier stage 4/15: μ=0.8575
  → Converged at iter 213 (Δlen=0.000349)
  Barrier stage 5/15: μ=0.3001
  Barrier stage 6/15: μ=0.105
  → Converged at iter 304 (Δlen=0.000561)
  Barrier stage 7/15: μ=0.0368
  → Converged at iter 305 (Δlen=0.000855)
  Barrier stage 8/15: μ=0.0129
  → Converged at iter 356 (Δlen=0.000198)
  Barrier stage 9/15: μ=0.0045
  → Converged at iter 357 (Δlen=0.000304)
  Barrier stage 10/15: μ=0.0016
  → Converged at iter 358 (Δlen=0.000361)
  Barrier stage 11/15: μ=0.0006
  [Spline barrier] line search stalled; stopping at stage 11
  Barrier stage 12/15: μ=0.0002
  [Spline barrier] line search stalled; stopping at stage 12
  Barrier stage 13/15: μ=0.0001
  [Spline barrier] line search stalled; stopping at stage 13
  Barrier stage 14/15: μ=0.0
  [Spline barrier] line search stalled; stopping at stage 14
  Barrier stage 15/15: μ=0.0
  [Spline barrier] line search stalled; stopping at stage 15
  Final: prim_len=923.613, unc=6.8548, threshold=7.1241, status=optimized, min_slack=0.012777
  Obstacle re-verification: mean path clears all obstacles ✓
Fig combined (main) saved: Discrete Len=949.34 → Continuous Len=923.61
Fig uncertainty profile (main) saved: /home/tonyzhang/projects/landmark_planning/constraint_sweep/sweep_2026-08-11/greedy/s094_p065/greedy/figures/main_unc_profile.png

[greedy] produced 1 solution(s) -> /home/tonyzhang/projects/landmark_planning/constraint_sweep/sweep_2026-08-11/greedy/s094_p065/greedy
