┌ Warning: Seed is infeasible (min_slack=-3.088210602826507, ε=0.001); the barrier will try to recover it before shortening. Expected for the straight_cont ablation, and for a discrete seed that A* returned as its best incumbent after exhausting its budget.
└ @ Main ~/projects/landmark_planning/planners/hexspline_cl.jl:1215
Landmark scenario: random — 2 landmarks, 4 obstacles, start (0.0, 0.0) → goal (600.0, 0.0)
Hex graph: 651 nodes (648 heading-states + 2 sensors + goal), radius=57.73502691896258m, directed_edges=1704, grid=11x15, start_cell=(1, 7), goal_cell=(7, 7), start_heading=0

── FORMATION PLANNING ──
  Primary: single-agent hexspline A* (threshold 6.301677497); supports added afterwards.

  [Constraint A*] Goal popped, unc OK, but its B-spline breaches an obstacle; discarded.

  [Constraint A*] Goal popped, unc OK, but its B-spline breaches an obstacle; discarded.

  [Constraint A*] Goal popped, unc OK, but its B-spline breaches an obstacle; discarded.

  [Constraint A*] Goal popped, unc OK, but its B-spline breaches an obstacle; discarded.

  ✓ FEASIBLE SOLUTION at iter 231: dist=986.603, unc=6.3017
  [Constraint A*] Single-agent complete: 231 iterations, final_dist=986.603
  One support: trying both lateral slots (+1 = 60° left, -1 = 60° right).
  Slot [1]: unc=4.5379 ✓
  Slot [-1]: unc=5.7085 ✓
  → Chose slot [1]
  Support 1 (slot 1): dist=950.0m, goal_unc=3.2856m, arc drift vs primary=-36.6m
  Primary : dist=986.6m, goal_unc=4.5379m (threshold 6.301677497 ✓)

=== Continuous Spline Optimization (threshold=6.3017) ===
  Initial (discrete→spline): prim_len=881.013, unc=3.9876
  Barrier stage 1/15: μ=20.0
    → Recovered into the feasible set at iter 1 (min_slack=0.008963); feasible-only gate now armed
  → Converged at iter 15 (Δlen=0.000817)
  Barrier stage 2/15: μ=7.0
  → Converged at iter 17 (Δlen=0.000336)
  Barrier stage 3/15: μ=2.45
  → Converged at iter 45 (Δlen=0.00092)
  Barrier stage 4/15: μ=0.8575
  → Converged at iter 47 (Δlen=0.000663)
  Barrier stage 5/15: μ=0.3001
  → Converged at iter 49 (Δlen=0.000437)
  Barrier stage 6/15: μ=0.105
  → Converged at iter 50 (Δlen=0.000772)
  Barrier stage 7/15: μ=0.0368
  [Spline barrier] line search stalled; stopping at stage 7
  Barrier stage 8/15: μ=0.0129
  [Spline barrier] line search stalled; stopping at stage 8
  Barrier stage 9/15: μ=0.0045
  [Spline barrier] line search stalled; stopping at stage 9
  Barrier stage 10/15: μ=0.0016
  → Converged at iter 54 (Δlen=0.000771)
  Barrier stage 11/15: μ=0.0006
  → Converged at iter 55 (Δlen=0.000704)
  Barrier stage 12/15: μ=0.0002
  → Converged at iter 56 (Δlen=0.000575)
  Barrier stage 13/15: μ=0.0001
  → Converged at iter 57 (Δlen=0.00039)
  Barrier stage 14/15: μ=0.0
  → Converged at iter 58 (Δlen=0.000153)
  Barrier stage 15/15: μ=0.0
  → Converged at iter 59 (Δlen=0.000132)
  Final: prim_len=882.806, unc=4.0498, threshold=6.3017, status=optimized, min_slack=0.008963
  Obstacle re-verification: mean path clears all obstacles ✓
Fig combined (main) saved: Discrete Len=881.01 → Continuous Len=882.81
Fig uncertainty profile (main) saved: /home/tonyzhang/projects/landmark_planning/constraint_sweep/sweep_2026-08-11/formation/s076_p100/formation/figures/main_unc_profile.png

[formation] produced 1 solution(s) -> /home/tonyzhang/projects/landmark_planning/constraint_sweep/sweep_2026-08-11/formation/s076_p100/formation
