┌ Warning: Seed is infeasible (min_slack=-0.2968563225462306, ε=0.001); the barrier will try to recover it before shortening. Expected for the straight_cont ablation, and for a discrete seed that A* returned as its best incumbent after exhausting its budget.
└ @ Main ~/projects/landmark_planning/planners/hexspline_cl.jl:1215
Landmark scenario: random — 4 landmarks, 5 obstacles, start (0.0, 0.0) → goal (600.0, 0.0)
Hex graph: 653 nodes (648 heading-states + 4 sensors + goal), radius=57.73502691896258m, directed_edges=1704, grid=11x15, start_cell=(1, 7), goal_cell=(7, 7), start_heading=0

── GREEDY PLANNING ──
  Primary: shortest obstacle-clear route (single-agent A*, no uncertainty bound)

  ✓ FEASIBLE SOLUTION at iter 11: dist=650.0, unc=5.5807
  [Constraint A*] Single-agent complete: 11 iterations, final_dist=650.0
  Helpers: greedy placement, minimising the primary's uncertainty per step
  Support 1: dist=650.0m, goal_unc=2.0265m
  Primary  : dist=650.0m, goal_unc=3.7101m (threshold 3.627474287 ✗)

=== Continuous Spline Optimization (threshold=3.6275) ===
  Initial (discrete→spline): prim_len=647.836, unc=3.9243
  Barrier stage 1/15: μ=20.0
    → Recovered into the feasible set at iter 4 (min_slack=0.010975); feasible-only gate now armed
  → Converged at iter 18 (Δlen=0.000633)
  Barrier stage 2/15: μ=7.0
  Barrier stage 3/15: μ=2.45
  Barrier stage 4/15: μ=0.8575
  Barrier stage 5/15: μ=0.3001
  Barrier stage 6/15: μ=0.105
  Barrier stage 7/15: μ=0.0368
  Barrier stage 8/15: μ=0.0129
  Barrier stage 9/15: μ=0.0045
  Barrier stage 10/15: μ=0.0016
  → Converged at iter 570 (Δlen=0.000306)
  Barrier stage 11/15: μ=0.0006
  → Converged at iter 571 (Δlen=0.000344)
  Barrier stage 12/15: μ=0.0002
  → Converged at iter 572 (Δlen=0.000354)
  Barrier stage 13/15: μ=0.0001
  → Converged at iter 573 (Δlen=0.000359)
  Barrier stage 14/15: μ=0.0
  [Spline barrier] line search stalled; stopping at stage 14
  Barrier stage 15/15: μ=0.0
  [Spline barrier] line search stalled; stopping at stage 15
  Final: prim_len=626.936, unc=2.9137, threshold=3.6275, status=optimized, min_slack=0.0
  Obstacle re-verification: mean path clears all obstacles ✓
Fig combined (main) saved: Discrete Len=647.84 → Continuous Len=626.94
Fig uncertainty profile (main) saved: /home/tonyzhang/projects/landmark_planning/constraint_sweep/sweep_2026-08-11/greedy/s027_p065/greedy/figures/main_unc_profile.png

[greedy] produced 1 solution(s) -> /home/tonyzhang/projects/landmark_planning/constraint_sweep/sweep_2026-08-11/greedy/s027_p065/greedy
