Landmark scenario: random — 4 landmarks, 5 obstacles, start (0.0, 0.0) → goal (700.0, 0.0)
Hex graph: 725 nodes (720 heading-states + 4 sensors + goal), radius=57.73502691896258m, directed_edges=1908, grid=12x15, start_cell=(1, 7), goal_cell=(8, 7), start_heading=0
Conditional ε-bound: ε_sample=1.165, w=1.0, ε_total=1.165
  Bound form (conditional): L_returned ≤ (1+ε_total) L* with assumptions documented in comments.

── MULTI-AGENT PLANNING (Synchronized Kalman) ──

  Running joint discrete A* (threshold=4.9704)... (max_iters=500000)
  Stops on the first feasible candidate under the threshold.
  ✓ Goal reachable from node 1 with distance 700.0
  [A*] iter 1000/500000 (0.2%)  left=499000  elapsed=2.3s   
  ✓ FEASIBLE SOLUTION at iter 1841: dist=850.0, unc=3.7108
  [Constraint A*] Complete: 1841 iterations, final_dist=850.0

✓ Multi-agent solution with synchronized Kalman fusion:
  Support agent 1: node=278, dist=850.0m, goal_unc=0.8525m
  Primary agent: node=404, dist=850.0m, goal_unc=3.7108m
  ├─ Communication: every 100.0m, sigmoid taper range=200.0m width=20.0m
  └─ All agents' uncertainties benefit from synchronized Kalman fusion at checkpoints

--- Final Results ---
Support agent 1 : [1, 367, 373, 325, 258, 205, 206, 267, 272, 278]  dist=850.0  goal_unc=0.8525  ✓  (Kalman-fused)
Primary agent : [1, 367, 319, 320, 326, 332, 277, 278, 345, 404]  dist=850.0  goal_unc=3.7108  threshold=4.970431577 ✓ met  (Kalman-fused)

=== Kalman Filtering Summary ===
All 2 agents performing synchronized Kalman filtering:
  • Dead-reckoning propagation: DIR=0.05/m, PERP=0.016666666666666666/m
  • Landmark fusion: Information filter (Joseph form) at every waypoint
  • SYNCHRONIZED inter-agent communication: every 100.0m of travel
  • Tapered sigmoid weighting: range=200.0m, width=20.0m (soft plateau + rolloff)
  • Bidirectional Kalman fusion: all agent pairs within range at each checkpoint
  • Measurement model: bearing-angle sensor with noise=0.038, ratio=2.2
  └─ Support agents: goal_unc=0.8525m (improved by inter-agent fusion)
  └─ Primary agent: goal_unc=3.7108m (direct path with landmark updates)
Converged at iteration : 1841
Figure path-role mapping: supports = paths[1:1], primary = paths[2]
Discrete evaluation: prim_len=850.0, unc=3.7108
Fig 1 saved.
Discrete-only spline: prim_len=817.528, unc=4.1126

[discrete_only] produced 1 solution(s) -> /home/tonyzhang/projects/landmark_planning/constraint_sweep/sweep_2026-08-11/discrete_only/s016_p085/discrete_only
