Landmark scenario: random — 4 landmarks, 3 obstacles, start (0.0, 0.0) → goal (800.0, 0.0)
Hex graph: 797 nodes (792 heading-states + 4 sensors + goal), radius=57.73502691896258m, directed_edges=2112, grid=13x15, start_cell=(1, 7), goal_cell=(9, 7), start_heading=0

── SEQUENTIAL PLANNING (2 agent(s), one at a time) ──
  Leg 1 — primary, 1 helper(s) parked at start (bound 10.5837 = 2.0x the 5.291866472 threshold the shipped route is held to):

    ✓ feasible at iter 442: dist=1050.0, unc=7.5597
  Leg 2 — helper 1 vs the fixed primary trajectory (12 steps, beam 400):
    → helper 1 placed; primary goal_unc now 5.2647
  Leg 3 — primary re-planned against the committed helper paths:
  [A*] iter 1000/500000 (0.2%)  left=499000  elapsed=0.1s     [A*] iter 2000/500000 (0.4%)  left=498000  elapsed=0.1s     [A*] iter 3000/500000 (0.6%)  left=497000  elapsed=0.4s     [A*] iter 4000/500000 (0.8%)  left=496000  elapsed=0.5s   ┌ Warning: Seed is infeasible (min_slack=-7.876064802742121, ε=0.001); the barrier will try to recover it before shortening. Expected for the straight_cont ablation, and for a discrete seed that A* returned as its best incumbent after exhausting its budget.
└ @ Main ~/projects/landmark_planning/planners/hexspline_cl.jl:1215

    ✓ feasible at iter 4770: dist=1550.0, unc=5.0113
    leg 1 route: len=1050.0, unc=5.2647 ✓  |  re-planned: len=1550.0, unc=5.0113 ✓  → keep leg 1
  Helper 1: dist=1050.0m, goal_unc=4.4462m
  Primary  : dist=1050.0m, goal_unc=5.2647m (threshold 5.291866472 ✓)

=== Continuous Spline Optimization (threshold=5.2919) ===
  Initial (discrete→spline): prim_len=993.532, unc=5.3577
  Barrier stage 1/15: μ=20.0
  [Spline barrier] line search stalled; stopping at stage 1
  Barrier stage 2/15: μ=20.0
  [Spline barrier] line search stalled; stopping at stage 2
  Barrier stage 3/15: μ=20.0
  [Spline barrier] line search stalled; stopping at stage 3
  Barrier stage 4/15: μ=20.0
  [Spline barrier] line search stalled; stopping at stage 4
  Barrier stage 5/15: μ=20.0
  [Spline barrier] line search stalled; stopping at stage 5
  Barrier stage 6/15: μ=20.0
  [Spline barrier] line search stalled; stopping at stage 6
  Barrier stage 7/15: μ=20.0
  [Spline barrier] line search stalled; stopping at stage 7
  Barrier stage 8/15: μ=20.0
  [Spline barrier] line search stalled; stopping at stage 8
  Barrier stage 9/15: μ=20.0
  [Spline barrier] line search stalled; stopping at stage 9
  Barrier stage 10/15: μ=20.0
  [Spline barrier] line search stalled; stopping at stage 10
  Barrier stage 11/15: μ=20.0
  [Spline barrier] line search stalled; stopping at stage 11
  Barrier stage 12/15: μ=20.0
    → Recovered into the feasible set at iter 42 (min_slack=0.000616); feasible-only gate now armed
  → Converged at iter 78 (Δlen=0.00079)
  Barrier stage 13/15: μ=7.0
  → Converged at iter 80 (Δlen=0.000379)
  Barrier stage 14/15: μ=2.45
  → Converged at iter 81 (Δlen=0.000708)
  Barrier stage 15/15: μ=0.8575
  → Converged at iter 83 (Δlen=0.000329)
  Final: prim_len=994.872, unc=5.2048, threshold=5.2919, status=optimized, min_slack=0.011273
  Obstacle re-verification: mean path clears all obstacles ✓
Fig combined (main) saved: Discrete Len=993.53 → Continuous Len=994.87
Fig uncertainty profile (main) saved: /home/tonyzhang/projects/landmark_planning/constraint_sweep/sweep_2026-08-11/sequential/s080_p070/sequential/figures/main_unc_profile.png

[sequential] produced 1 solution(s) -> /home/tonyzhang/projects/landmark_planning/constraint_sweep/sweep_2026-08-11/sequential/s080_p070/sequential
