Landmark scenario: random — 4 landmarks, 3 obstacles, start (0.0, 0.0) → goal (600.0, 0.0)
Hex graph: 299 nodes (294 heading-states + 4 sensors + goal), radius=86.60254037844388m, directed_edges=726, grid=9x11, start_cell=(2, 5), goal_cell=(6, 5), start_heading=0

── SEQUENTIAL PLANNING (2 agent(s), one at a time) ──
  Leg 1 — primary, 1 helper(s) parked at start (bound 10.5918 = 2.0x the 5.295901371 threshold the shipped route is held to):

    ✓ feasible at iter 17: dist=900.0, unc=5.2955
  Leg 2 — helper 1 vs the fixed primary trajectory (7 steps, beam 400):
    → helper 1 placed; primary goal_unc now 1.4912
  Leg 3 — primary re-planned against the committed helper paths:

    ✓ feasible at iter 19: dist=900.0, unc=1.4912
    leg 1 route: len=900.0, unc=1.4912 ✓  |  re-planned: len=900.0, unc=1.4912 ✓  → keep leg 1
  Helper 1: dist=900.0m, goal_unc=1.0537m
  Primary  : dist=900.0m, goal_unc=1.4912m (threshold 5.295901371 ✓)

=== Continuous Spline Optimization (threshold=5.2959) ===
  Initial (discrete→spline): prim_len=854.736, unc=1.4912
  Barrier stage 1/15: μ=20.0
  [Spline barrier] line search stalled; stopping at stage 1
  Barrier stage 2/15: μ=7.0
  [Spline barrier] line search stalled; stopping at stage 2
  Barrier stage 3/15: μ=2.45
  → Converged at iter 3 (Δlen=8.4e-5)
  Barrier stage 4/15: μ=0.8575
  → Converged at iter 7 (Δlen=0.000495)
  Barrier stage 5/15: μ=0.3001
  → Converged at iter 8 (Δlen=0.000767)
  Barrier stage 6/15: μ=0.105
  Barrier stage 7/15: μ=0.0368
  Barrier stage 8/15: μ=0.0129
  Barrier stage 9/15: μ=0.0045
  [Spline barrier] line search stalled; stopping at stage 9
  Barrier stage 10/15: μ=0.0016
  → Converged at iter 220 (Δlen=0.000902)
  Barrier stage 11/15: μ=0.0006
  → Converged at iter 222 (Δlen=0.000202)
  Barrier stage 12/15: μ=0.0002
  → Converged at iter 223 (Δlen=0.000601)
  Barrier stage 13/15: μ=0.0001
  → Converged at iter 224 (Δlen=0.000703)
  Barrier stage 14/15: μ=0.0
  → Converged at iter 225 (Δlen=0.00073)
  Barrier stage 15/15: μ=0.0
  [Spline barrier] line search stalled; stopping at stage 15
  Final: prim_len=816.996, unc=4.4636, threshold=5.2959, status=optimized, min_slack=4.0e-6
  Obstacle re-verification: mean path clears all obstacles ✓
Fig combined (main) saved: Discrete Len=854.74 → Continuous Len=817.0
Fig uncertainty profile (main) saved: /home/tonyzhang/projects/landmark_planning/constraint_sweep/baseline_2026-08-17/sequential/s025_p100/sequential/figures/main_unc_profile.png

[sequential] produced 1 solution(s) -> /home/tonyzhang/projects/landmark_planning/constraint_sweep/baseline_2026-08-17/sequential/s025_p100/sequential
