┌ Warning: Seed is infeasible (min_slack=-0.001084337778151756, ε=0.001); the barrier will try to recover it before shortening. Expected for the straight_cont ablation, and for a discrete seed that A* returned as its best incumbent after exhausting its budget.
└ @ Main ~/projects/landmark_planning/planners/hexspline_cl.jl:1215
Landmark scenario: random — 3 landmarks, 3 obstacles, start (0.0, 0.0) → goal (600.0, 0.0)
Hex graph: 652 nodes (648 heading-states + 3 sensors + goal), radius=57.73502691896258m, directed_edges=1704, grid=11x15, start_cell=(1, 7), goal_cell=(7, 7), start_heading=0

── SEQUENTIAL PLANNING (2 agent(s), one at a time) ──
  Leg 1 — primary, 1 helper(s) parked at start (bound 7.5788 = 2.0x the 3.789390036 threshold the shipped route is held to):

    ✓ feasible at iter 43: dist=750.0, unc=5.4127
  Leg 2 — helper 1 vs the fixed primary trajectory (9 steps, beam 400):
    → helper 1 placed; primary goal_unc now 3.4108
  Leg 3 — primary re-planned against the committed helper paths:

    ✓ feasible at iter 60: dist=750.0, unc=3.4108
    leg 1 route: len=750.0, unc=3.4108 ✓  |  re-planned: len=750.0, unc=3.4108 ✓  → keep leg 1
  Helper 1: dist=750.0m, goal_unc=2.2584m
  Primary  : dist=750.0m, goal_unc=3.4108m (threshold 3.789390036 ✓)

=== Continuous Spline Optimization (threshold=3.7894) ===
  Initial (discrete→spline): prim_len=743.295, unc=3.7905
  Barrier stage 1/15: μ=20.0
    → Recovered into the feasible set at iter 1 (min_slack=0.011438); feasible-only gate now armed
  Barrier stage 2/15: μ=7.0
  → Converged at iter 132 (Δlen=0.000261)
  Barrier stage 3/15: μ=2.45
  → Converged at iter 133 (Δlen=0.00035)
  Barrier stage 4/15: μ=0.8575
  → Converged at iter 134 (Δlen=0.000368)
  Barrier stage 5/15: μ=0.3001
  → Converged at iter 135 (Δlen=0.000364)
  Barrier stage 6/15: μ=0.105
  Barrier stage 7/15: μ=0.0368
  Barrier stage 8/15: μ=0.0129
  [Spline barrier] line search stalled; stopping at stage 8
  Barrier stage 9/15: μ=0.0045
  → Converged at iter 281 (Δlen=0.000338)
  Barrier stage 10/15: μ=0.0016
  Barrier stage 11/15: μ=0.0006
  Barrier stage 12/15: μ=0.0002
  → Converged at iter 418 (Δlen=0.00011)
  Barrier stage 13/15: μ=0.0001
  [Spline barrier] line search stalled; stopping at stage 13
  Barrier stage 14/15: μ=0.0
  [Spline barrier] line search stalled; stopping at stage 14
  Barrier stage 15/15: μ=0.0
  [Spline barrier] line search stalled; stopping at stage 15
  Final: prim_len=723.857, unc=3.4949, threshold=3.7894, status=optimized, min_slack=2.0e-6
  Obstacle re-verification: mean path clears all obstacles ✓
Fig combined (main) saved: Discrete Len=743.3 → Continuous Len=723.86
Fig uncertainty profile (main) saved: /home/tonyzhang/projects/landmark_planning/constraint_sweep/sweep_2026-08-11/sequential/s039_p070/sequential/figures/main_unc_profile.png

[sequential] produced 1 solution(s) -> /home/tonyzhang/projects/landmark_planning/constraint_sweep/sweep_2026-08-11/sequential/s039_p070/sequential
