┌ Warning: Seed is infeasible (min_slack=-38.80724252057607, ε=0.001); the barrier will try to recover it before shortening. Expected for the straight_cont ablation, and for a discrete seed that A* returned as its best incumbent after exhausting its budget.
└ @ Main ~/projects/landmark_planning/planners/hexspline_cl.jl:1215
Landmark scenario: random — 4 landmarks, 4 obstacles, start (0.0, 0.0) → goal (600.0, 0.0)
Hex graph: 653 nodes (648 heading-states + 4 sensors + goal), radius=57.73502691896258m, directed_edges=1704, grid=11x15, start_cell=(1, 7), goal_cell=(7, 7), start_heading=0
Conditional ε-bound: ε_sample=1.1925, w=1.0, ε_total=1.1925
  Bound form (conditional): L_returned ≤ (1+ε_total) L* with assumptions documented in comments.

── MULTI-AGENT PLANNING (Synchronized Kalman) ──

  seed_mode=:straight — skipping discrete search and using direct start→goal seed

✓ Multi-agent solution with synchronized Kalman fusion:
  Support agent 1: node=653, dist=600.0m, goal_unc=7.1555m
  Primary agent: node=653, dist=600.0m, goal_unc=7.1555m
  ├─ Communication: every 100.0m, sigmoid taper range=200.0m width=20.0m
  └─ All agents' uncertainties benefit from synchronized Kalman fusion at checkpoints

--- Final Results ---
Support agent 1 : [1, 653]  dist=600.0  goal_unc=7.1555  ✓  (Kalman-fused)
Primary agent : [1, 653]  dist=600.0  goal_unc=7.1555  threshold=7.631637486 ✓ met  (Kalman-fused)

=== Kalman Filtering Summary ===
All 2 agents performing synchronized Kalman filtering:
  • Dead-reckoning propagation: DIR=0.05/m, PERP=0.016666666666666666/m
  • Landmark fusion: Information filter (Joseph form) at every waypoint
  • SYNCHRONIZED inter-agent communication: every 100.0m of travel
  • Tapered sigmoid weighting: range=200.0m, width=20.0m (soft plateau + rolloff)
  • Bidirectional Kalman fusion: all agent pairs within range at each checkpoint
  • Measurement model: bearing-angle sensor with noise=0.038, ratio=2.2
  └─ Support agents: goal_unc=7.1555m (improved by inter-agent fusion)
  └─ Primary agent: goal_unc=7.1555m (direct path with landmark updates)
Converged at iteration : 0
Figure path-role mapping: supports = paths[1:1], primary = paths[2]
Discrete evaluation: prim_len=600.0, unc=7.1555
Fig 1 saved.

=== Continuous Spline Optimization (threshold=7.6316) ===
  Initial (discrete→spline): prim_len=600.0, unc=7.1541
  Barrier stage 1/15: μ=20.0
  Barrier stage 2/15: μ=20.0
  Barrier stage 3/15: μ=20.0
    → Recovered into the feasible set at iter 139 (min_slack=0.000893); feasible-only gate now armed
  → Converged at iter 159 (Δlen=9.4e-5)
  Barrier stage 4/15: μ=7.0
  [Spline barrier] line search stalled; stopping at stage 4
  Barrier stage 5/15: μ=2.45
  [Spline barrier] line search stalled; stopping at stage 5
  Barrier stage 6/15: μ=0.8575
  [Spline barrier] line search stalled; stopping at stage 6
  Barrier stage 7/15: μ=0.3001
  [Spline barrier] line search stalled; stopping at stage 7
  Barrier stage 8/15: μ=0.105
  → Converged at iter 164 (Δlen=0.000501)
  Barrier stage 9/15: μ=0.0368
  → Converged at iter 166 (Δlen=0.000707)
  Barrier stage 10/15: μ=0.0129
  → Converged at iter 168 (Δlen=0.000657)
  Barrier stage 11/15: μ=0.0045
  → Converged at iter 170 (Δlen=0.000657)
  Barrier stage 12/15: μ=0.0016
  → Converged at iter 172 (Δlen=0.000686)
  Barrier stage 13/15: μ=0.0006
  → Converged at iter 174 (Δlen=0.000729)
  Barrier stage 14/15: μ=0.0002
  → Converged at iter 176 (Δlen=0.000777)
  Barrier stage 15/15: μ=0.0001
  → Converged at iter 178 (Δlen=0.000826)
  Final: prim_len=611.266, unc=7.6008, threshold=7.6316, status=optimized, min_slack=0.005714
  Obstacle re-verification: mean path clears all obstacles ✓
Fig combined (main) saved: Discrete Len=600.0 → Continuous Len=611.27
Fig uncertainty profile (main) saved: /home/tonyzhang/projects/landmark_planning/constraint_sweep/sweep_2026-08-11/straight_cont/s026_p100/straight_cont/figures/main_unc_profile.png

[straight_cont] produced 1 solution(s) -> /home/tonyzhang/projects/landmark_planning/constraint_sweep/sweep_2026-08-11/straight_cont/s026_p100/straight_cont
