Landmark scenario: random — 3 landmarks, 1 obstacles, start (0.0, 0.0) → goal (750.0, 0.0)
Hex graph: 340 nodes (336 heading-states + 3 sensors + goal), radius=86.60254037844388m, directed_edges=840, grid=10x11, start_cell=(2, 5), goal_cell=(7, 5), start_heading=0

── GREEDY PLANNING ──
  Primary: shortest obstacle-clear route (single-agent A*, no uncertainty bound)

  [Constraint A*] Goal popped, unc OK, but its B-spline breaches an obstacle; discarded.

  [Constraint A*] Goal popped, unc OK, but its B-spline breaches an obstacle; discarded.

  [Constraint A*] Goal popped, unc OK, but its B-spline breaches an obstacle; discarded.

  [Constraint A*] Goal popped, unc OK, but its B-spline breaches an obstacle; discarded.

  [Constraint A*] Goal popped, unc OK, but its B-spline breaches an obstacle; discarded.

  [Constraint A*] Goal popped, unc OK, but its B-spline breaches an obstacle; discarded.

  [Constraint A*] Goal popped, unc OK, but its B-spline breaches an obstacle; discarded.

  [Constraint A*] Goal popped, unc OK, but its B-spline breaches an obstacle; discarded.

  [Constraint A*] Goal popped, unc OK, but its B-spline breaches an obstacle; discarded.

  ✓ FEASIBLE SOLUTION at iter 92: dist=1200.0, unc=8.7092
  [Constraint A*] Single-agent complete: 92 iterations, final_dist=1200.0
  Helpers: greedy placement, minimising the primary's uncertainty per step
  Support 1: dist=1200.0m, goal_unc=5.7209m
  Primary  : dist=1200.0m, goal_unc=8.4023m (threshold 8.709211493 ✓)

=== Continuous Spline Optimization (threshold=8.7092) ===
  Initial (discrete→spline): prim_len=1123.507, unc=8.4023
  Barrier stage 1/15: μ=20.0
  → Converged at iter 24 (Δlen=0.000584)
  Barrier stage 2/15: μ=7.0
  → Converged at iter 25 (Δlen=0.000662)
  Barrier stage 3/15: μ=2.45
  [Spline barrier] line search stalled; stopping at stage 3
  Barrier stage 4/15: μ=0.8575
  [Spline barrier] line search stalled; stopping at stage 4
  Barrier stage 5/15: μ=0.3001
  Barrier stage 6/15: μ=0.105
  Barrier stage 7/15: μ=0.0368
  Barrier stage 8/15: μ=0.0129
  Barrier stage 9/15: μ=0.0045
  → Converged at iter 306 (Δlen=0.000531)
  Barrier stage 10/15: μ=0.0016
  → Converged at iter 307 (Δlen=0.000797)
  Barrier stage 11/15: μ=0.0006
  → Converged at iter 308 (Δlen=0.00093)
  Barrier stage 12/15: μ=0.0002
  → Converged at iter 309 (Δlen=0.000963)
  Barrier stage 13/15: μ=0.0001
  → Converged at iter 310 (Δlen=0.00098)
  Barrier stage 14/15: μ=0.0
  → Converged at iter 311 (Δlen=0.000988)
  Barrier stage 15/15: μ=0.0
  [Spline barrier] line search stalled; stopping at stage 15
  Final: prim_len=1095.014, unc=7.361, threshold=8.7092, status=optimized, min_slack=0.0
  Obstacle re-verification: mean path clears all obstacles ✓
Fig combined (main) saved: Discrete Len=1123.51 → Continuous Len=1095.01
Fig uncertainty profile (main) saved: /home/tonyzhang/projects/landmark_planning/constraint_sweep/baseline_2026-08-17/greedy/s035_p100/greedy/figures/main_unc_profile.png

[greedy] produced 1 solution(s) -> /home/tonyzhang/projects/landmark_planning/constraint_sweep/baseline_2026-08-17/greedy/s035_p100/greedy
