Landmark scenario: random — 3 landmarks, 2 obstacles, start (0.0, 0.0) → goal (900.0, 0.0)
Hex graph: 382 nodes (378 heading-states + 3 sensors + goal), radius=86.60254037844388m, directed_edges=954, grid=11x11, start_cell=(2, 5), goal_cell=(8, 5), start_heading=0
Conditional ε-bound: ε_sample=1.1925, w=1.0, ε_total=1.1925
  Bound form (conditional): L_returned ≤ (1+ε_total) L* with assumptions documented in comments.

── MULTI-AGENT PLANNING (Synchronized Kalman) ──

  Running joint discrete A* (threshold=4.8092)... (max_iters=1000000)
  Stops on the first feasible candidate under the threshold.
  ✓ Goal reachable from node 1 with distance 900.0
  [A*] iter 1000/1000000 (0.1%)  left=999000  elapsed=1.5s     [A*] iter 2000/1000000 (0.2%)  left=998000  elapsed=1.6s     [A*] iter 3000/1000000 (0.3%)  left=997000  elapsed=1.6s     [A*] iter 4000/1000000 (0.4%)  left=996000  elapsed=1.9s     [A*] iter 5000/1000000 (0.5%)  left=995000  elapsed=2.0s     [A*] iter 6000/1000000 (0.6%)  left=994000  elapsed=2.1s     [A*] iter 7000/1000000 (0.7%)  left=993000  elapsed=2.1s     [A*] iter 8000/1000000 (0.8%)  left=992000  elapsed=2.2s     [A*] iter 9000/1000000 (0.9%)  left=991000  elapsed=2.4s   
  ✓ FEASIBLE SOLUTION at iter 9626: dist=1200.0, unc=2.8896
  [Constraint A*] Complete: 9626 iterations, final_dist=1200.0

✓ Multi-agent solution with synchronized Kalman fusion:
  Support agent 1: node=93, dist=1200.0m, goal_unc=2.0429m
  Primary agent: node=206, dist=1200.0m, goal_unc=2.8896m
  ├─ Communication: every 100.0m, sigmoid taper range=300.0m width=20.0m
  └─ All agents' uncertainties benefit from synchronized Kalman fusion at checkpoints

--- Final Results ---
Support agent 1 : [1, 175, 133, 72, 25, 26, 32, 38, 93]  dist=1200.0  goal_unc=2.0429  ✓  (Kalman-fused)
Primary agent : [1, 127, 128, 79, 80, 86, 92, 153, 206]  dist=1200.0  goal_unc=2.8896  threshold=4.809226446 ✓ met  (Kalman-fused)

=== Kalman Filtering Summary ===
All 2 agents performing synchronized Kalman filtering:
  • Dead-reckoning propagation: DIR=0.05/m, PERP=0.016666666666666666/m
  • Landmark fusion: Information filter (Joseph form) at every waypoint
  • SYNCHRONIZED inter-agent communication: every 100.0m of travel
  • Tapered sigmoid weighting: range=300.0m, width=20.0m (soft plateau + rolloff)
  • Bidirectional Kalman fusion: all agent pairs within range at each checkpoint
  • Measurement model: bearing-angle sensor with noise=0.038, ratio=2.2
  └─ Support agents: goal_unc=2.0429m (improved by inter-agent fusion)
  └─ Primary agent: goal_unc=2.8896m (direct path with landmark updates)
Converged at iteration : 9626
Figure path-role mapping: supports = paths[1:1], primary = paths[2]
Discrete evaluation: prim_len=1200.0, unc=2.8896
Fig 1 saved.
Discrete-only spline: prim_len=1119.361, unc=2.8896

[discrete_only] produced 1 solution(s) -> /home/tonyzhang/projects/landmark_planning/constraint_sweep/ablation_2026-08-17/discrete_only/s015_p080/discrete_only
