Landmark scenario: random — 4 landmarks, 5 obstacles, start (0.0, 0.0) → goal (600.0, 0.0)
Hex graph: 653 nodes (648 heading-states + 4 sensors + goal), radius=57.73502691896258m, directed_edges=1704, grid=11x15, start_cell=(1, 7), goal_cell=(7, 7), start_heading=0

── SEQUENTIAL PLANNING (2 agent(s), one at a time) ──
  Leg 1 — primary, 1 helper(s) parked at start (bound 10.9061 = 2.0x the 5.453041015 threshold the shipped route is held to):

    ✓ feasible at iter 203: dist=986.603, unc=6.8163
  Leg 2 — helper 1 vs the fixed primary trajectory (11 steps, beam 400):
    → helper 1 placed; primary goal_unc now 3.3688
  Leg 3 — primary re-planned against the committed helper paths:

    ✓ feasible at iter 219: dist=986.603, unc=3.3688
    leg 1 route: len=986.6, unc=3.3688 ✓  |  re-planned: len=986.6, unc=3.3688 ✓  → keep leg 1
  Helper 1: dist=986.6m, goal_unc=2.4411m
  Primary  : dist=986.6m, goal_unc=3.3688m (threshold 5.453041015 ✓)

=== Continuous Spline Optimization (threshold=5.453) ===
  Initial (discrete→spline): prim_len=978.278, unc=3.9408
  Barrier stage 1/15: μ=20.0
  → Converged at iter 18 (Δlen=0.00031)
  Barrier stage 2/15: μ=7.0
  → Converged at iter 19 (Δlen=0.000436)
  Barrier stage 3/15: μ=2.45
  [Spline barrier] line search stalled; stopping at stage 3
  Barrier stage 4/15: μ=0.8575
  → Converged at iter 21 (Δlen=0.000493)
  Barrier stage 5/15: μ=0.3001
  Barrier stage 6/15: μ=0.105
  → Converged at iter 152 (Δlen=0.000971)
  Barrier stage 7/15: μ=0.0368
  → Converged at iter 154 (Δlen=0.000134)
  Barrier stage 8/15: μ=0.0129
  [Spline barrier] line search stalled; stopping at stage 8
  Barrier stage 9/15: μ=0.0045
  [Spline barrier] line search stalled; stopping at stage 9
  Barrier stage 10/15: μ=0.0016
  [Spline barrier] line search stalled; stopping at stage 10
  Barrier stage 11/15: μ=0.0006
  [Spline barrier] line search stalled; stopping at stage 11
  Barrier stage 12/15: μ=0.0002
  [Spline barrier] line search stalled; stopping at stage 12
  Barrier stage 13/15: μ=0.0001
  [Spline barrier] line search stalled; stopping at stage 13
  Barrier stage 14/15: μ=0.0
  [Spline barrier] line search stalled; stopping at stage 14
  Barrier stage 15/15: μ=0.0
  [Spline barrier] line search stalled; stopping at stage 15
  Final: prim_len=898.259, unc=5.4, threshold=5.453, status=optimized, min_slack=0.011187
  Obstacle re-verification: mean path clears all obstacles ✓
Fig combined (main) saved: Discrete Len=978.28 → Continuous Len=898.26
Fig uncertainty profile (main) saved: /home/tonyzhang/projects/landmark_planning/constraint_sweep/sweep_2026-08-11/sequential/s011_p080/sequential/figures/main_unc_profile.png

[sequential] produced 1 solution(s) -> /home/tonyzhang/projects/landmark_planning/constraint_sweep/sweep_2026-08-11/sequential/s011_p080/sequential
