Landmark scenario: random — 4 landmarks, 5 obstacles, start (0.0, 0.0) → goal (700.0, 0.0)
Hex graph: 725 nodes (720 heading-states + 4 sensors + goal), radius=57.73502691896258m, directed_edges=1908, grid=12x15, start_cell=(1, 7), goal_cell=(8, 7), start_heading=0

── SEQUENTIAL PLANNING (2 agent(s), one at a time) ──
  Leg 1 — primary, 1 helper(s) parked at start (bound 15.8124 = 2.0x the 7.90617545 threshold the shipped route is held to):

    ✓ feasible at iter 193: dist=950.0, unc=7.9036
  Leg 2 — helper 1 vs the fixed primary trajectory (11 steps, beam 400):
    → helper 1 placed; primary goal_unc now 5.6485
  Leg 3 — primary re-planned against the committed helper paths:

    ✓ feasible at iter 185: dist=950.0, unc=5.6485
    leg 1 route: len=950.0, unc=5.6485 ✓  |  re-planned: len=950.0, unc=5.6485 ✓  → TAKE re-plan
  Helper 1: dist=950.0m, goal_unc=3.927m
  Primary  : dist=950.0m, goal_unc=5.6485m (threshold 7.90617545 ✓)

=== Continuous Spline Optimization (threshold=7.9062) ===
  Initial (discrete→spline): prim_len=921.801, unc=6.0191
  Barrier stage 1/15: μ=20.0
  Barrier stage 2/15: μ=7.0
  Barrier stage 3/15: μ=2.45
  → Converged at iter 181 (Δlen=0.00016)
  Barrier stage 4/15: μ=0.8575
  [Spline barrier] line search stalled; stopping at stage 4
  Barrier stage 5/15: μ=0.3001
  Barrier stage 6/15: μ=0.105
  Barrier stage 7/15: μ=0.0368
  Barrier stage 8/15: μ=0.0129
  Barrier stage 9/15: μ=0.0045
  Barrier stage 10/15: μ=0.0016
  Barrier stage 11/15: μ=0.0006
  → Converged at iter 588 (Δlen=0.00071)
  Barrier stage 12/15: μ=0.0002
  → Converged at iter 589 (Δlen=0.000759)
  Barrier stage 13/15: μ=0.0001
  [Spline barrier] line search stalled; stopping at stage 13
  Barrier stage 14/15: μ=0.0
  [Spline barrier] line search stalled; stopping at stage 14
  Barrier stage 15/15: μ=0.0
  [Spline barrier] line search stalled; stopping at stage 15
  Final: prim_len=873.812, unc=7.7278, threshold=7.9062, status=optimized, min_slack=0.0
  Obstacle re-verification: mean path clears all obstacles ✓
Fig combined (main) saved: Discrete Len=921.8 → Continuous Len=873.81
Fig uncertainty profile (main) saved: /home/tonyzhang/projects/landmark_planning/constraint_sweep/sweep_2026-08-11/sequential/s001_p100/sequential/figures/main_unc_profile.png

[sequential] produced 1 solution(s) -> /home/tonyzhang/projects/landmark_planning/constraint_sweep/sweep_2026-08-11/sequential/s001_p100/sequential
