Landmark scenario: random — 2 landmarks, 5 obstacles, start (0.0, 0.0) → goal (600.0, 0.0)
Hex graph: 651 nodes (648 heading-states + 2 sensors + goal), radius=57.73502691896258m, directed_edges=1704, grid=11x15, start_cell=(1, 7), goal_cell=(7, 7), start_heading=0
Conditional ε-bound: ε_sample=1.1925, w=1.0, ε_total=1.1925
  Bound form (conditional): L_returned ≤ (1+ε_total) L* with assumptions documented in comments.

── MULTI-AGENT PLANNING (Synchronized Kalman) ──

  Running joint discrete A* (threshold=4.4916)... (max_iters=500000)
  Stops on the first feasible candidate under the threshold.
  ✓ Goal reachable from node 1 with distance 600.0
  [A*] iter 1000/500000 (0.2%)  left=499000  elapsed=2.1s     [A*] iter 2000/500000 (0.4%)  left=498000  elapsed=2.2s     [A*] iter 3000/500000 (0.6%)  left=497000  elapsed=2.7s     [A*] iter 4000/500000 (0.8%)  left=496000  elapsed=2.8s     [A*] iter 5000/500000 (1.0%)  left=495000  elapsed=2.8s     [A*] iter 6000/500000 (1.2%)  left=494000  elapsed=2.9s     [A*] iter 7000/500000 (1.4%)  left=493000  elapsed=3.1s     [A*] iter 8000/500000 (1.6%)  left=492000  elapsed=3.1s     [A*] iter 9000/500000 (1.8%)  left=491000  elapsed=3.2s     [A*] iter 10000/500000 (2.0%)  left=490000  elapsed=3.3s     [A*] iter 11000/500000 (2.2%)  left=489000  elapsed=3.3s     [A*] iter 12000/500000 (2.4%)  left=488000  elapsed=3.5s     [A*] iter 13000/500000 (2.6%)  left=487000  elapsed=3.5s     [A*] iter 14000/500000 (2.8%)  left=486000  elapsed=3.6s     [A*] iter 15000/500000 (3.0%)  left=485000  elapsed=4.0s     [A*] iter 16000/500000 (3.2%)  left=484000  elapsed=4.1s     [A*] iter 17000/500000 (3.4%)  left=483000  elapsed=4.1s     [A*] iter 18000/500000 (3.6%)  left=482000  elapsed=4.4s   
  ✓ FEASIBLE SOLUTION at iter 18443: dist=850.0, unc=3.9354
  [Constraint A*] Complete: 18443 iterations, final_dist=850.0

✓ Multi-agent solution with synchronized Kalman fusion:
  Support agent 1: node=249, dist=850.0m, goal_unc=2.7692m
  Primary agent: node=362, dist=850.0m, goal_unc=3.9354m
  ├─ Communication: every 100.0m, sigmoid taper range=200.0m width=20.0m
  └─ All agents' uncertainties benefit from synchronized Kalman fusion at checkpoints

--- Final Results ---
Support agent 1 : [1, 331, 289, 235, 180, 127, 128, 134, 195, 249]  dist=850.0  goal_unc=2.7692  ✓  (Kalman-fused)
Primary agent : [1, 331, 289, 235, 236, 193, 194, 249, 309, 362]  dist=850.0  goal_unc=3.9354  threshold=4.491594029 ✓ met  (Kalman-fused)

=== Kalman Filtering Summary ===
All 2 agents performing synchronized Kalman filtering:
  • Dead-reckoning propagation: DIR=0.05/m, PERP=0.016666666666666666/m
  • Landmark fusion: Information filter (Joseph form) at every waypoint
  • SYNCHRONIZED inter-agent communication: every 100.0m of travel
  • Tapered sigmoid weighting: range=200.0m, width=20.0m (soft plateau + rolloff)
  • Bidirectional Kalman fusion: all agent pairs within range at each checkpoint
  • Measurement model: bearing-angle sensor with noise=0.038, ratio=2.2
  └─ Support agents: goal_unc=2.7692m (improved by inter-agent fusion)
  └─ Primary agent: goal_unc=3.9354m (direct path with landmark updates)
Converged at iteration : 18443
Figure path-role mapping: supports = paths[1:1], primary = paths[2]
Discrete evaluation: prim_len=850.0, unc=3.9354
Fig 1 saved.
Discrete-only spline: prim_len=821.099, unc=4.3318

[discrete_only] produced 1 solution(s) -> /home/tonyzhang/projects/landmark_planning/constraint_sweep/sweep_2026-08-11/discrete_only/s053_p090/discrete_only
