Landmark scenario: random — 4 landmarks, 4 obstacles, start (0.0, 0.0) → goal (700.0, 0.0)
Hex graph: 725 nodes (720 heading-states + 4 sensors + goal), radius=57.73502691896258m, directed_edges=1908, grid=12x15, start_cell=(1, 7), goal_cell=(8, 7), start_heading=0

── SEQUENTIAL PLANNING (2 agent(s), one at a time) ──
  Leg 1 — primary, 1 helper(s) parked at start (bound 8.8579 = 2.0x the 4.42893738 threshold the shipped route is held to):

    ✓ feasible at iter 22: dist=750.0, unc=4.8018
  Leg 2 — helper 1 vs the fixed primary trajectory (9 steps, beam 400):
    → helper 1 placed; primary goal_unc now 3.0334
  Leg 3 — primary re-planned against the committed helper paths:

    ✓ feasible at iter 16: dist=750.0, unc=3.0334
    leg 1 route: len=750.0, unc=3.0334 ✓  |  re-planned: len=750.0, unc=3.0334 ✓  → keep leg 1
  Helper 1: dist=750.0m, goal_unc=2.2795m
  Primary  : dist=750.0m, goal_unc=3.0334m (threshold 4.42893738 ✓)

=== Continuous Spline Optimization (threshold=4.4289) ===
  Initial (discrete→spline): prim_len=750.13, unc=3.5661
  Barrier stage 1/15: μ=20.0
  Barrier stage 2/15: μ=7.0
  → Converged at iter 100 (Δlen=0.000503)
  Barrier stage 3/15: μ=2.45
  → Converged at iter 101 (Δlen=0.00086)
  Barrier stage 4/15: μ=0.8575
  → Converged at iter 103 (Δlen=0.000153)
  Barrier stage 5/15: μ=0.3001
  Barrier stage 6/15: μ=0.105
  Barrier stage 7/15: μ=0.0368
  Barrier stage 8/15: μ=0.0129
  Barrier stage 9/15: μ=0.0045
  [Spline barrier] line search stalled; stopping at stage 9
  Barrier stage 10/15: μ=0.0016
  → Converged at iter 400 (Δlen=0.000434)
  Barrier stage 11/15: μ=0.0006
  → Converged at iter 418 (Δlen=0.000293)
  Barrier stage 12/15: μ=0.0002
  → Converged at iter 419 (Δlen=0.000366)
  Barrier stage 13/15: μ=0.0001
  → Converged at iter 420 (Δlen=0.000405)
  Barrier stage 14/15: μ=0.0
  → Converged at iter 421 (Δlen=0.000425)
  Barrier stage 15/15: μ=0.0
  [Spline barrier] line search stalled; stopping at stage 15
  Final: prim_len=722.387, unc=3.0251, threshold=4.4289, status=optimized, min_slack=1.3e-5
  Obstacle re-verification: mean path clears all obstacles ✓
Fig combined (main) saved: Discrete Len=750.13 → Continuous Len=722.39
Fig uncertainty profile (main) saved: /home/tonyzhang/projects/landmark_planning/constraint_sweep/sweep_2026-08-11/sequential/s091_p090/sequential/figures/main_unc_profile.png

[sequential] produced 1 solution(s) -> /home/tonyzhang/projects/landmark_planning/constraint_sweep/sweep_2026-08-11/sequential/s091_p090/sequential
