Landmark scenario: random — 4 landmarks, 2 obstacles, start (0.0, 0.0) → goal (900.0, 0.0)
Hex graph: 383 nodes (378 heading-states + 4 sensors + goal), radius=86.60254037844388m, directed_edges=954, grid=11x11, start_cell=(2, 5), goal_cell=(8, 5), start_heading=0

── SEQUENTIAL PLANNING (2 agent(s), one at a time) ──
  Leg 1 — primary, 1 helper(s) parked at start (bound 4.0013 = 2.0x the 2.000640839 threshold the shipped route is held to):
  [A*] iter 1000/1000000 (0.1%)  left=999000  elapsed=0.1s     [A*] iter 2000/1000000 (0.2%)  left=998000  elapsed=0.2s     [A*] iter 3000/1000000 (0.3%)  left=997000  elapsed=0.2s     [A*] iter 4000/1000000 (0.4%)  left=996000  elapsed=0.3s     [A*] iter 5000/1000000 (0.5%)  left=995000  elapsed=0.4s     [A*] iter 6000/1000000 (0.6%)  left=994000  elapsed=0.7s     [A*] iter 7000/1000000 (0.7%)  left=993000  elapsed=0.7s   
    nothing under the threshold; handing the best incumbent to the barrier: dist=1350.0, unc=4.9944
  Leg 2 — helper 1 vs the fixed primary trajectory (10 steps, beam 400):
    (took rank #2 of 400; 1 better-ranked route(s) breach as splines)
    → helper 1 placed; primary goal_unc now 3.4635
  Leg 3 — primary re-planned against the committed helper paths:
  [A*] iter 1000/1000000 (0.1%)  left=999000  elapsed=0.1s     [A*] iter 2000/1000000 (0.2%)  left=998000  elapsed=0.1s     [A*] iter 3000/1000000 (0.3%)  left=997000  elapsed=0.2s     [A*] iter 4000/1000000 (0.4%)  left=996000  elapsed=0.2s     [A*] iter 5000/1000000 (0.5%)  left=995000  elapsed=0.3s     [A*] iter 6000/1000000 (0.6%)  left=994000  elapsed=0.4s     [A*] iter 7000/1000000 (0.7%)  left=993000  elapsed=0.4s     [A*] iter 8000/1000000 (0.8%)  left=992000  elapsed=0.5s     [A*] iter 9000/1000000 (0.9%)  left=991000  elapsed=0.6s   ┌ Warning: Seed is infeasible (min_slack=-1.4628903042068435, ε=0.001); the barrier will try to recover it before shortening. Expected for the straight_cont ablation, and for a discrete seed that A* returned as its best incumbent after exhausting its budget.
└ @ Main ~/projects/landmark_planning/planners/hexspline_cl.jl:1207

    nothing under the threshold; handing the best incumbent to the barrier: dist=1350.0, unc=3.5489
    leg 1 route: len=1350.0, unc=3.4635 ✗  |  re-planned: len=1350.0, unc=3.5489 ✗  → keep leg 1
  Helper 1: dist=1350.0m, goal_unc=3.1191m
  Primary  : dist=1350.0m, goal_unc=3.4635m (threshold 2.000640839 ✗)

=== Continuous Spline Optimization (threshold=2.0006) ===
  Initial (discrete→spline): prim_len=1289.931, unc=3.4635
  Barrier stage 1/15: μ=20.0
  [Spline barrier] line search stalled; stopping at stage 1
  Barrier stage 2/15: μ=20.0
  [Spline barrier] line search stalled; stopping at stage 2
  Barrier stage 3/15: μ=20.0
  [Spline barrier] line search stalled; stopping at stage 3
  Barrier stage 4/15: μ=20.0
  [Spline barrier] line search stalled; stopping at stage 4
  Barrier stage 5/15: μ=20.0
  [Spline barrier] line search stalled; stopping at stage 5
  Barrier stage 6/15: μ=20.0
  [Spline barrier] line search stalled; stopping at stage 6
  Barrier stage 7/15: μ=20.0
  [Spline barrier] line search stalled; stopping at stage 7
  Barrier stage 8/15: μ=20.0
  [Spline barrier] line search stalled; stopping at stage 8
  Barrier stage 9/15: μ=20.0
  [Spline barrier] line search stalled; stopping at stage 9
  Barrier stage 10/15: μ=20.0
  [Spline barrier] line search stalled; stopping at stage 10
  Barrier stage 11/15: μ=20.0
  [Spline barrier] line search stalled; stopping at stage 11
  Barrier stage 12/15: μ=20.0
  [Spline barrier] line search stalled; stopping at stage 12
  Barrier stage 13/15: μ=20.0
  [Spline barrier] line search stalled; stopping at stage 13
  Barrier stage 14/15: μ=20.0
  [Spline barrier] line search stalled; stopping at stage 14
  Barrier stage 15/15: μ=20.0
  [Spline barrier] line search stalled; stopping at stage 15
  Final: prim_len=1289.937, unc=3.4633, threshold=2.0006, status=recovery_failed, min_slack=-1.462659
  Obstacle re-verification: mean path clears all obstacles ✓
Fig combined (main) saved: Discrete Len=1289.93 → Continuous Len=1289.94
Fig uncertainty profile (main) saved: /home/tonyzhang/projects/landmark_planning/constraint_sweep/baseline_2026-08-17/sequential/s029_p040/sequential/figures/main_unc_profile.png

[sequential] produced 1 solution(s) -> /home/tonyzhang/projects/landmark_planning/constraint_sweep/baseline_2026-08-17/sequential/s029_p040/sequential
