Landmark scenario: random — 3 landmarks, 1 obstacles, start (0.0, 0.0) → goal (750.0, 0.0)
Hex graph: 340 nodes (336 heading-states + 3 sensors + goal), radius=86.60254037844388m, directed_edges=840, grid=10x11, start_cell=(2, 5), goal_cell=(7, 5), start_heading=0

── SEQUENTIAL PLANNING (2 agent(s), one at a time) ──
  Leg 1 — primary, 1 helper(s) parked at start (bound 12.1929 = 2.0x the 6.096448045 threshold the shipped route is held to):

    ✓ feasible at iter 103: dist=1050.0, unc=10.2013
  Leg 2 — helper 1 vs the fixed primary trajectory (8 steps, beam 400):
    → helper 1 placed; primary goal_unc now 5.88
  Leg 3 — primary re-planned against the committed helper paths:

    ✓ feasible at iter 63: dist=1050.0, unc=5.88
    leg 1 route: len=1050.0, unc=5.88 ✓  |  re-planned: len=1050.0, unc=5.88 ✓  → TAKE re-plan
  Helper 1: dist=1050.0m, goal_unc=5.7331m
  Primary  : dist=1050.0m, goal_unc=5.88m (threshold 6.096448045 ✓)

=== Continuous Spline Optimization (threshold=6.0964) ===
  Initial (discrete→spline): prim_len=1004.736, unc=5.88
  Barrier stage 1/15: μ=20.0
  Barrier stage 2/15: μ=7.0
  Barrier stage 3/15: μ=2.45
  Barrier stage 4/15: μ=0.8575
  Barrier stage 5/15: μ=0.3001
  Barrier stage 6/15: μ=0.105
  Barrier stage 7/15: μ=0.0368
  [Spline barrier] line search stalled; stopping at stage 7
  Barrier stage 8/15: μ=0.0129
  [Spline barrier] line search stalled; stopping at stage 8
  Barrier stage 9/15: μ=0.0045
  → Converged at iter 450 (Δlen=0.00093)
  Barrier stage 10/15: μ=0.0016
  [Spline barrier] line search stalled; stopping at stage 10
  Barrier stage 11/15: μ=0.0006
  → Converged at iter 456 (Δlen=0.000825)
  Barrier stage 12/15: μ=0.0002
  → Converged at iter 458 (Δlen=0.000162)
  Barrier stage 13/15: μ=0.0001
  [Spline barrier] line search stalled; stopping at stage 13
  Barrier stage 14/15: μ=0.0
  [Spline barrier] line search stalled; stopping at stage 14
  Barrier stage 15/15: μ=0.0
  [Spline barrier] line search stalled; stopping at stage 15
  Final: prim_len=902.775, unc=5.2811, threshold=6.0964, status=optimized, min_slack=6.0e-6
  Obstacle re-verification: mean path clears all obstacles ✓
Fig combined (main) saved: Discrete Len=1004.74 → Continuous Len=902.77
Fig uncertainty profile (main) saved: /home/tonyzhang/projects/landmark_planning/constraint_sweep/baseline_2026-08-17/sequential/s035_p070/sequential/figures/main_unc_profile.png

[sequential] produced 1 solution(s) -> /home/tonyzhang/projects/landmark_planning/constraint_sweep/baseline_2026-08-17/sequential/s035_p070/sequential
