Landmark scenario: random — 3 landmarks, 3 obstacles, start (0.0, 0.0) → goal (750.0, 0.0)
Hex graph: 340 nodes (336 heading-states + 3 sensors + goal), radius=86.60254037844388m, directed_edges=840, grid=10x11, start_cell=(2, 5), goal_cell=(7, 5), start_heading=0

── FORMATION PLANNING ──
  Primary: own A* (formation_primary_astar); a goal candidate is accepted on the primary's uncertainty WITH its supports attached (threshold 4.175840168).
  One support: both lateral slots (+1 = 60° left, -1 = 60° right) tried per candidate.

    ✓ escorted-feasible at iter 78: dist=1200.0, unc=3.835 (slot [1])
  → Chose slot [1]
  Support 1 (slot 1): dist=1200.0m, goal_unc=3.8337m, arc drift vs primary=0.0m
  Primary : dist=1200.0m, goal_unc=3.835m (threshold 4.175840168 ✓)

=== Continuous Spline Optimization (threshold=4.1758) ===
  Initial (discrete→spline): prim_len=1162.788, unc=3.835
  Barrier stage 1/15: μ=20.0
  → Converged at iter 33 (Δlen=0.000334)
  Barrier stage 2/15: μ=7.0
  → Converged at iter 41 (Δlen=0.000277)
  Barrier stage 3/15: μ=2.45
  Barrier stage 4/15: μ=0.8575
  Barrier stage 5/15: μ=0.3001
  Barrier stage 6/15: μ=0.105
  Barrier stage 7/15: μ=0.0368
  → Converged at iter 319 (Δlen=0.000348)
  Barrier stage 8/15: μ=0.0129
  Barrier stage 9/15: μ=0.0045
  → Converged at iter 407 (Δlen=0.000845)
  Barrier stage 10/15: μ=0.0016
  [Spline barrier] line search stalled; stopping at stage 10
  Barrier stage 11/15: μ=0.0006
  → Converged at iter 415 (Δlen=0.000614)
  Barrier stage 12/15: μ=0.0002
  → Converged at iter 416 (Δlen=0.000979)
  Barrier stage 13/15: μ=0.0001
  [Spline barrier] line search stalled; stopping at stage 13
  Barrier stage 14/15: μ=0.0
  [Spline barrier] line search stalled; stopping at stage 14
  Barrier stage 15/15: μ=0.0
  [Spline barrier] line search stalled; stopping at stage 15
  Final: prim_len=1150.19, unc=3.6565, threshold=4.1758, status=optimized, min_slack=3.0e-6
  Obstacle re-verification: mean path clears all obstacles ✓
Fig combined (main) saved: Discrete Len=1162.79 → Continuous Len=1150.19
Fig uncertainty profile (main) saved: /home/tonyzhang/projects/landmark_planning/constraint_sweep/baseline_2026-08-17/formation/s063_p080/formation/figures/main_unc_profile.png

[formation] produced 1 solution(s) -> /home/tonyzhang/projects/landmark_planning/constraint_sweep/baseline_2026-08-17/formation/s063_p080/formation
