Landmark scenario: random — 3 landmarks, 3 obstacles, start (0.0, 0.0) → goal (600.0, 0.0)
Hex graph: 652 nodes (648 heading-states + 3 sensors + goal), radius=57.73502691896258m, directed_edges=1704, grid=11x15, start_cell=(1, 7), goal_cell=(7, 7), start_heading=0

── SEQUENTIAL PLANNING (2 agent(s), one at a time) ──
  Leg 1 — primary, 1 helper(s) parked at start (bound 6.4961 = 2.0x the 3.248048602 threshold the shipped route is held to):

    ✓ feasible at iter 43: dist=750.0, unc=5.4127
  Leg 2 — helper 1 vs the fixed primary trajectory (9 steps, beam 400):
    → helper 1 placed; primary goal_unc now 3.4108
  Leg 3 — primary re-planned against the committed helper paths:

    ✓ feasible at iter 294: dist=950.0, unc=3.1635
    leg 1 route: len=750.0, unc=3.4108 ✗  |  re-planned: len=950.0, unc=3.1635 ✓  → TAKE re-plan
  Helper 1: dist=750.0m, goal_unc=2.2584m
  Primary  : dist=950.0m, goal_unc=3.1635m (threshold 3.248048602 ✓)

=== Continuous Spline Optimization (threshold=3.248) ===
  Initial (discrete→spline): prim_len=906.081, unc=3.2263
  Barrier stage 1/15: μ=20.0
  → Converged at iter 4 (Δlen=0.000542)
  Barrier stage 2/15: μ=7.0
  [Spline barrier] line search stalled; stopping at stage 2
  Barrier stage 3/15: μ=2.45
  [Spline barrier] line search stalled; stopping at stage 3
  Barrier stage 4/15: μ=0.8575
  [Spline barrier] line search stalled; stopping at stage 4
  Barrier stage 5/15: μ=0.3001
  [Spline barrier] line search stalled; stopping at stage 5
  Barrier stage 6/15: μ=0.105
  [Spline barrier] line search stalled; stopping at stage 6
  Barrier stage 7/15: μ=0.0368
  → Converged at iter 22 (Δlen=0.000638)
  Barrier stage 8/15: μ=0.0129
  → Converged at iter 23 (Δlen=0.000956)
  Barrier stage 9/15: μ=0.0045
  [Spline barrier] line search stalled; stopping at stage 9
  Barrier stage 10/15: μ=0.0016
  [Spline barrier] line search stalled; stopping at stage 10
  Barrier stage 11/15: μ=0.0006
  [Spline barrier] line search stalled; stopping at stage 11
  Barrier stage 12/15: μ=0.0002
  → Converged at iter 28 (Δlen=0.000159)
  Barrier stage 13/15: μ=0.0001
  [Spline barrier] line search stalled; stopping at stage 13
  Barrier stage 14/15: μ=0.0
  [Spline barrier] line search stalled; stopping at stage 14
  Barrier stage 15/15: μ=0.0
  [Spline barrier] line search stalled; stopping at stage 15
  Final: prim_len=902.274, unc=3.1331, threshold=3.248, status=optimized, min_slack=0.0
  Obstacle re-verification: mean path clears all obstacles ✓
Fig combined (main) saved: Discrete Len=906.08 → Continuous Len=902.27
Fig uncertainty profile (main) saved: /home/tonyzhang/projects/landmark_planning/constraint_sweep/sweep_2026-08-11/sequential/s039_p060/sequential/figures/main_unc_profile.png

[sequential] produced 1 solution(s) -> /home/tonyzhang/projects/landmark_planning/constraint_sweep/sweep_2026-08-11/sequential/s039_p060/sequential
