┌ Warning: Seed is infeasible (min_slack=-32.942497833606865, ε=0.001); the barrier will try to recover it before shortening. Expected for the straight_cont ablation, and for a discrete seed that A* returned as its best incumbent after exhausting its budget.
└ @ Main ~/projects/landmark_planning/planners/hexspline_cl.jl:1207
Landmark scenario: random — 2 landmarks, 3 obstacles, start (0.0, 0.0) → goal (900.0, 0.0)
Hex graph: 381 nodes (378 heading-states + 2 sensors + goal), radius=86.60254037844388m, directed_edges=954, grid=11x11, start_cell=(2, 5), goal_cell=(8, 5), start_heading=0
Conditional ε-bound: ε_sample=1.1925, w=1.0, ε_total=1.1925
  Bound form (conditional): L_returned ≤ (1+ε_total) L* with assumptions documented in comments.

── MULTI-AGENT PLANNING (Synchronized Kalman) ──

  seed_mode=:straight — skipping discrete search and using direct start→goal seed

✓ Multi-agent solution with synchronized Kalman fusion:
  Support agent 1: node=381, dist=900.0m, goal_unc=8.719m
  Primary agent: node=381, dist=900.0m, goal_unc=8.719m
  ├─ Communication: every 100.0m, sigmoid taper range=300.0m width=20.0m
  └─ All agents' uncertainties benefit from synchronized Kalman fusion at checkpoints

--- Final Results ---
Support agent 1 : [1, 381]  dist=900.0  goal_unc=8.719  ✓  (Kalman-fused)
Primary agent : [1, 381]  dist=900.0  goal_unc=8.719  threshold=9.111435249 ✓ met  (Kalman-fused)

=== Kalman Filtering Summary ===
All 2 agents performing synchronized Kalman filtering:
  • Dead-reckoning propagation: DIR=0.05/m, PERP=0.016666666666666666/m
  • Landmark fusion: Information filter (Joseph form) at every waypoint
  • SYNCHRONIZED inter-agent communication: every 100.0m of travel
  • Tapered sigmoid weighting: range=300.0m, width=20.0m (soft plateau + rolloff)
  • Bidirectional Kalman fusion: all agent pairs within range at each checkpoint
  • Measurement model: bearing-angle sensor with noise=0.038, ratio=2.2
  └─ Support agents: goal_unc=8.719m (improved by inter-agent fusion)
  └─ Primary agent: goal_unc=8.719m (direct path with landmark updates)
Converged at iteration : 0
Figure path-role mapping: supports = paths[1:1], primary = paths[2]
Discrete evaluation: prim_len=900.0, unc=8.719
Fig 1 saved.

=== Continuous Spline Optimization (threshold=9.1114) ===
  Initial (discrete→spline): prim_len=900.0, unc=8.719
  Barrier stage 1/15: μ=20.0
  Barrier stage 2/15: μ=20.0
    → Recovered into the feasible set at iter 117 (min_slack=0.003571); feasible-only gate now armed
  → Converged at iter 133 (Δlen=0.00055)
  Barrier stage 3/15: μ=7.0
  → Converged at iter 134 (Δlen=3.9e-5)
  Barrier stage 4/15: μ=2.45
  → Converged at iter 179 (Δlen=0.000536)
  Barrier stage 5/15: μ=0.8575
  → Converged at iter 225 (Δlen=0.000528)
  Barrier stage 6/15: μ=0.3001
  Barrier stage 7/15: μ=0.105
  Barrier stage 8/15: μ=0.0368
  Barrier stage 9/15: μ=0.0129
  Barrier stage 10/15: μ=0.0045
  Barrier stage 11/15: μ=0.0016
  → Converged at iter 570 (Δlen=0.000995)
  Barrier stage 12/15: μ=0.0006
  → Converged at iter 572 (Δlen=0.000989)
  Barrier stage 13/15: μ=0.0002
  → Converged at iter 574 (Δlen=0.000984)
  Barrier stage 14/15: μ=0.0001
  → Converged at iter 576 (Δlen=0.000978)
  Barrier stage 15/15: μ=0.0
  → Converged at iter 578 (Δlen=0.00097)
  Final: prim_len=905.193, unc=9.0616, threshold=9.1114, status=optimized, min_slack=0.01529
  Obstacle re-verification: mean path clears all obstacles ✓
Fig combined (main) saved: Discrete Len=900.0 → Continuous Len=905.19
Fig uncertainty profile (main) saved: /home/tonyzhang/projects/landmark_planning/constraint_sweep/ablation_2026-08-17/straight_cont/s009_p090/straight_cont/figures/main_unc_profile.png

[straight_cont] produced 1 solution(s) -> /home/tonyzhang/projects/landmark_planning/constraint_sweep/ablation_2026-08-17/straight_cont/s009_p090/straight_cont
