Landmark scenario: ladder_shapes — 3 landmarks, 13 obstacles, start (0.0, 0.0) → goal (1700.0, 173.20508075688772)
  → Saved 3 landmarks to /home/tony-zhang/Research/landmark_planning/fig2_ladder/shapes_v14/greedy/s001_p100/scenario_landmarks.csv
  → Saved 13 obstacles to /home/tony-zhang/Research/landmark_planning/fig2_ladder/shapes_v14/greedy/s001_p100/scenario_obstacles.csv
Hex graph: 844 nodes (840 heading-states + 3 sensors + goal), radius=57.73502691896258m, directed_edges=2208, grid=22x15, start_cell=(2, 7), goal_cell=(19, 9), start_heading=0

── GREEDY PLANNING ──
  Primary: shortest obstacle-clear route (single-agent A*, no uncertainty bound)

  ✓ FEASIBLE SOLUTION at iter 32: dist=1800.0, unc=13.7495
  [Constraint A*] Single-agent complete: 32 iterations, final_dist=1800.0
  Helpers: greedy placement, minimising the primary's uncertainty per step
  Greedy roster breaches the obstacle/support gate; falling back to parked helpers.
  Support 1: dist=0.0m, goal_unc=1.8915m
  Primary  : dist=1800.0m, goal_unc=12.2316m (threshold 13.74950308 ✓)

=== Continuous Spline Optimization (threshold=13.7495) ===
  Initial (discrete→spline): prim_len=1748.629, unc=12.2316
  Barrier stage 1/15: μ=20.0
  [Spline barrier] line search stalled; stopping at stage 1
  Barrier stage 2/15: μ=7.0
  [Spline barrier] line search stalled; stopping at stage 2
  Barrier stage 3/15: μ=2.45
  [Spline barrier] line search stalled; stopping at stage 3
  Barrier stage 4/15: μ=0.8575
  [Spline barrier] line search stalled; stopping at stage 4
  Barrier stage 5/15: μ=0.3001
  [Spline barrier] line search stalled; stopping at stage 5
  Barrier stage 6/15: μ=0.105
  [Spline barrier] line search stalled; stopping at stage 6
  Barrier stage 7/15: μ=0.0368
  [Spline barrier] line search stalled; stopping at stage 7
  Barrier stage 8/15: μ=0.0129
  [Spline barrier] line search stalled; stopping at stage 8
  Barrier stage 9/15: μ=0.0045
  [Spline barrier] line search stalled; stopping at stage 9
  Barrier stage 10/15: μ=0.0016
  [Spline barrier] line search stalled; stopping at stage 10
  Barrier stage 11/15: μ=0.0006
  [Spline barrier] line search stalled; stopping at stage 11
  Barrier stage 12/15: μ=0.0002
  [Spline barrier] line search stalled; stopping at stage 12
  Barrier stage 13/15: μ=0.0001
  [Spline barrier] line search stalled; stopping at stage 13
  Barrier stage 14/15: μ=0.0
  [Spline barrier] line search stalled; stopping at stage 14
  Barrier stage 15/15: μ=0.0
  [Spline barrier] line search stalled; stopping at stage 15
  Final: prim_len=1748.06, unc=12.2233, threshold=13.7495, status=optimized, min_slack=0.011749
  Obstacle re-verification: mean path clears all obstacles ✓
Fig combined (main) saved: Discrete Len=1748.63 → Continuous Len=1748.06
Fig uncertainty profile (main) saved: /home/tony-zhang/Research/landmark_planning/fig2_ladder/shapes_v14/greedy/s001_p100/greedy/figures/main_unc_profile.png
  → Saved control points to /home/tony-zhang/Research/landmark_planning/fig2_ladder/shapes_v14/greedy/s001_p100/greedy/csv/main_ctrls.csv (38 points)
  → Saved 6 comm events to /home/tony-zhang/Research/landmark_planning/fig2_ladder/shapes_v14/greedy/s001_p100/greedy/csv/comm_events.csv

[greedy] produced 1 solution(s) -> /home/tony-zhang/Research/landmark_planning/fig2_ladder/shapes_v14/greedy/s001_p100/greedy
