┌ Warning: Seed is infeasible (min_slack=-1.6527426413214314, ε=0.001); the barrier will try to recover it before shortening. Expected for the straight_cont ablation, and for a discrete seed that A* returned as its best incumbent after exhausting its budget.
└ @ Main ~/projects/landmark_planning/planners/hexspline_cl.jl:1215
Landmark scenario: random — 4 landmarks, 5 obstacles, start (0.0, 0.0) → goal (800.0, 0.0)
Hex graph: 797 nodes (792 heading-states + 4 sensors + goal), radius=57.73502691896258m, directed_edges=2112, grid=13x15, start_cell=(1, 7), goal_cell=(9, 7), start_heading=0

── GREEDY PLANNING ──
  Primary: shortest obstacle-clear route (single-agent A*, no uncertainty bound)

  [Constraint A*] Goal popped, unc OK, but its B-spline breaches an obstacle; discarded.

  [Constraint A*] Goal popped, unc OK, but its B-spline breaches an obstacle; discarded.

  [Constraint A*] Goal popped, unc OK, but its B-spline breaches an obstacle; discarded.

  [Constraint A*] Goal popped, unc OK, but its B-spline breaches an obstacle; discarded.

  [Constraint A*] Goal popped, unc OK, but its B-spline breaches an obstacle; discarded.

  [Constraint A*] Goal popped, unc OK, but its B-spline breaches an obstacle; discarded.

  ✓ FEASIBLE SOLUTION at iter 157: dist=1050.0, unc=8.845
  [Constraint A*] Single-agent complete: 157 iterations, final_dist=1050.0
  Helpers: greedy placement, minimising the primary's uncertainty per step
  Support 1: dist=1050.0m, goal_unc=1.5266m
  Primary  : dist=1050.0m, goal_unc=8.6008m (threshold 7.075988137 ✗)

=== Continuous Spline Optimization (threshold=7.076) ===
  Initial (discrete→spline): prim_len=1019.386, unc=8.7287
  Barrier stage 1/15: μ=20.0
    → Recovered into the feasible set at iter 60 (min_slack=0.002453); feasible-only gate now armed
  → Converged at iter 64 (Δlen=0.000425)
  Barrier stage 2/15: μ=7.0
  → Converged at iter 65 (Δlen=0.000618)
  Barrier stage 3/15: μ=2.45
  → Converged at iter 66 (Δlen=0.000706)
  Barrier stage 4/15: μ=0.8575
  [Spline barrier] line search stalled; stopping at stage 4
  Barrier stage 5/15: μ=0.3001
  [Spline barrier] line search stalled; stopping at stage 5
  Barrier stage 6/15: μ=0.105
  [Spline barrier] line search stalled; stopping at stage 6
  Barrier stage 7/15: μ=0.0368
  [Spline barrier] line search stalled; stopping at stage 7
  Barrier stage 8/15: μ=0.0129
  [Spline barrier] line search stalled; stopping at stage 8
  Barrier stage 9/15: μ=0.0045
  → Converged at iter 72 (Δlen=0.00073)
  Barrier stage 10/15: μ=0.0016
  → Converged at iter 86 (Δlen=0.000807)
  Barrier stage 11/15: μ=0.0006
  → Converged at iter 87 (Δlen=0.000991)
  Barrier stage 12/15: μ=0.0002
  → Converged at iter 89 (Δlen=1.0e-5)
  Barrier stage 13/15: μ=0.0001
  [Spline barrier] line search stalled; stopping at stage 13
  Barrier stage 14/15: μ=0.0
  [Spline barrier] line search stalled; stopping at stage 14
  Barrier stage 15/15: μ=0.0
  [Spline barrier] line search stalled; stopping at stage 15
  Final: prim_len=998.166, unc=7.076, threshold=7.076, status=optimized, min_slack=0.0
  Obstacle re-verification: mean path clears all obstacles ✓
Fig combined (main) saved: Discrete Len=1019.39 → Continuous Len=998.17
Fig uncertainty profile (main) saved: /home/tonyzhang/projects/landmark_planning/constraint_sweep/sweep_2026-08-11/greedy/s085_p080/greedy/figures/main_unc_profile.png

[greedy] produced 1 solution(s) -> /home/tonyzhang/projects/landmark_planning/constraint_sweep/sweep_2026-08-11/greedy/s085_p080/greedy
