Landmark scenario: random — 2 landmarks, 5 obstacles, start (0.0, 0.0) → goal (700.0, 0.0)
Hex graph: 723 nodes (720 heading-states + 2 sensors + goal), radius=57.73502691896258m, directed_edges=1908, grid=12x15, start_cell=(1, 7), goal_cell=(8, 7), start_heading=0

── SEQUENTIAL PLANNING (2 agent(s), one at a time) ──
  Leg 1 — primary, 1 helper(s) parked at start (bound 17.0735 = 2.0x the 8.536737282 threshold the shipped route is held to):

    ✓ feasible at iter 633: dist=1150.0, unc=9.4799
  Leg 2 — helper 1 vs the fixed primary trajectory (13 steps, beam 400):
    → helper 1 placed; primary goal_unc now 7.1091
  Leg 3 — primary re-planned against the committed helper paths:

    ✓ feasible at iter 523: dist=1150.0, unc=7.1091
    leg 1 route: len=1150.0, unc=7.1091 ✓  |  re-planned: len=1150.0, unc=7.1091 ✓  → keep leg 1
  Helper 1: dist=1150.0m, goal_unc=0.9468m
  Primary  : dist=1150.0m, goal_unc=7.1091m (threshold 8.536737282 ✓)

=== Continuous Spline Optimization (threshold=8.5367) ===
  Initial (discrete→spline): prim_len=1144.282, unc=7.4218
  Barrier stage 1/15: μ=20.0
  Barrier stage 2/15: μ=7.0
  → Converged at iter 110 (Δlen=0.000182)
  Barrier stage 3/15: μ=2.45
  → Converged at iter 111 (Δlen=0.000287)
  Barrier stage 4/15: μ=0.8575
  Barrier stage 5/15: μ=0.3001
  Barrier stage 6/15: μ=0.105
  Barrier stage 7/15: μ=0.0368
  → Converged at iter 354 (Δlen=0.000168)
  Barrier stage 8/15: μ=0.0129
  → Converged at iter 355 (Δlen=0.000272)
  Barrier stage 9/15: μ=0.0045
  [Spline barrier] line search stalled; stopping at stage 9
  Barrier stage 10/15: μ=0.0016
  [Spline barrier] line search stalled; stopping at stage 10
  Barrier stage 11/15: μ=0.0006
  [Spline barrier] line search stalled; stopping at stage 11
  Barrier stage 12/15: μ=0.0002
  [Spline barrier] line search stalled; stopping at stage 12
  Barrier stage 13/15: μ=0.0001
  → Converged at iter 360 (Δlen=0.000363)
  Barrier stage 14/15: μ=0.0
  [Spline barrier] line search stalled; stopping at stage 14
  Barrier stage 15/15: μ=0.0
  [Spline barrier] line search stalled; stopping at stage 15
  Final: prim_len=1025.098, unc=8.4558, threshold=8.5367, status=optimized, min_slack=0.0
  Obstacle re-verification: mean path clears all obstacles ✓
Fig combined (main) saved: Discrete Len=1144.28 → Continuous Len=1025.1
Fig uncertainty profile (main) saved: /home/tonyzhang/projects/landmark_planning/constraint_sweep/sweep_2026-08-11/sequential/s017_p090/sequential/figures/main_unc_profile.png

[sequential] produced 1 solution(s) -> /home/tonyzhang/projects/landmark_planning/constraint_sweep/sweep_2026-08-11/sequential/s017_p090/sequential
