Landmark scenario: showcase — 4 landmarks, 2 obstacles, start (0.0, 0.0) → goal (1800.0, 0.0)
  → Saved 4 landmarks to /home/tonyzhang/projects/landmark_planning/showcase/v1/hexspline_cl/s001_p070/scenario_landmarks.csv
  → Saved 2 obstacles to /home/tonyzhang/projects/landmark_planning/showcase/v1/hexspline_cl/s001_p070/scenario_obstacles.csv
Hex graph: 635 nodes (630 heading-states + 4 sensors + goal), radius=86.60254037844388m, directed_edges=1638, grid=17x11, start_cell=(2, 5), goal_cell=(14, 5), start_heading=0
Conditional ε-bound: ε_sample=1.0962, w=1.25, ε_total=1.6203
  Bound form (conditional): L_returned ≤ (1+ε_total) L* with assumptions documented in comments.

── MULTI-AGENT PLANNING (Synchronized Kalman) ──

  Running joint discrete A* (threshold=8.8918)... (max_iters=1000000)
  Stops on the first feasible candidate under the threshold.
  ✓ Goal reachable from node 1 with distance 1800.0

  [Constraint A*] Incumbent seed at iter 251: dist=1950.0, unc=12.5648 > 8.8918

  [Constraint A*] Incumbent seed at iter 293: dist=1950.0, unc=12.5648 > 8.8918

  [Constraint A*] Incumbent seed at iter 380: dist=1950.0, unc=12.5648 > 8.8918

  ✓ FEASIBLE SOLUTION at iter 719: dist=2100.0, unc=8.7496
  [Constraint A*] Complete: 719 iterations, final_dist=2100.0

✓ Multi-agent solution with synchronized Kalman fusion:
  Support agent 1: node=438, dist=2100.0m, goal_unc=8.5054m
  Primary agent: node=354, dist=2100.0m, goal_unc=8.7496m
  ├─ Communication: every 100.0m, sigmoid taper range=300.0m width=20.0m
  └─ All agents' uncertainties benefit from synchronized Kalman fusion at checkpoints

--- Final Results ---
Support agent 1 : [1, 374, 464, 469, 390, 391, 482, 578, 583, 589, 504, 505, 511, 517, 438]  dist=2100.0  goal_unc=8.5054  ✓  (Kalman-fused)
Primary agent : [1, 283, 289, 295, 301, 398, 403, 409, 415, 421, 336, 337, 434, 439, 354]  dist=2100.0  goal_unc=8.7496  threshold=8.891808263 ✓ met  (Kalman-fused)

=== Kalman Filtering Summary ===
All 2 agents performing synchronized Kalman filtering:
  • Dead-reckoning propagation: DIR=0.05/m, PERP=0.016666666666666666/m
  • Landmark fusion: Information filter (Joseph form) at every waypoint
  • SYNCHRONIZED inter-agent communication: every 100.0m of travel
  • Tapered sigmoid weighting: range=300.0m, width=20.0m (soft plateau + rolloff)
  • Bidirectional Kalman fusion: all agent pairs within range at each checkpoint
  • Measurement model: bearing-angle sensor with noise=0.038, ratio=2.2
  └─ Support agents: goal_unc=8.5054m (improved by inter-agent fusion)
  └─ Primary agent: goal_unc=8.7496m (direct path with landmark updates)
Converged at iteration : 719
Figure path-role mapping: supports = paths[1:1], primary = paths[2]
Discrete evaluation: prim_len=2100.0, unc=8.7496
Fig 1 saved.

=== Continuous Spline Optimization (threshold=8.8918) ===
  Initial (discrete→spline): prim_len=1961.361, unc=8.7496
  Barrier stage 1/15: μ=20.0
  Barrier stage 2/15: μ=7.0
  Barrier stage 3/15: μ=2.45
  Barrier stage 4/15: μ=0.8575
  Barrier stage 5/15: μ=0.3001
  Barrier stage 6/15: μ=0.105
  Barrier stage 7/15: μ=0.0368
  Barrier stage 8/15: μ=0.0129
  Barrier stage 9/15: μ=0.0045
  → Converged at iter 556 (Δlen=0.000552)
  Barrier stage 10/15: μ=0.0016
  → Converged at iter 558 (Δlen=0.000158)
  Barrier stage 11/15: μ=0.0006
  [Spline barrier] line search stalled; stopping at stage 11
  Barrier stage 12/15: μ=0.0002
  [Spline barrier] line search stalled; stopping at stage 12
  Barrier stage 13/15: μ=0.0001
  [Spline barrier] line search stalled; stopping at stage 13
  Barrier stage 14/15: μ=0.0
  [Spline barrier] line search stalled; stopping at stage 14
  Barrier stage 15/15: μ=0.0
  [Spline barrier] line search stalled; stopping at stage 15
  Final: prim_len=1836.177, unc=8.1796, threshold=8.8918, status=optimized, min_slack=0.0
  Obstacle re-verification: mean path clears all obstacles ✓
Fig combined (main) saved: Discrete Len=1961.36 → Continuous Len=1836.18
Fig uncertainty profile (main) saved: /home/tonyzhang/projects/landmark_planning/showcase/v1/hexspline_cl/s001_p070/hexspline_cl/figures/main_unc_profile.png
  → Saved control points to /home/tonyzhang/projects/landmark_planning/showcase/v1/hexspline_cl/s001_p070/hexspline_cl/csv/main_ctrls.csv (30 points)

[hexspline_cl] produced 1 solution(s) -> /home/tonyzhang/projects/landmark_planning/showcase/v1/hexspline_cl/s001_p070/hexspline_cl
