Landmark scenario: random — 3 landmarks, 3 obstacles, start (0.0, 0.0) → goal (600.0, 0.0)
Hex graph: 652 nodes (648 heading-states + 3 sensors + goal), radius=57.73502691896258m, directed_edges=1704, grid=11x15, start_cell=(1, 7), goal_cell=(7, 7), start_heading=0

── SEQUENTIAL PLANNING (2 agent(s), one at a time) ──
  Leg 1 — primary, 1 helper(s) parked at start (bound 16.809 = 2.0x the 8.404494224 threshold the shipped route is held to):

    ✓ feasible at iter 59: dist=750.0, unc=7.8213
  Leg 2 — helper 1 vs the fixed primary trajectory (9 steps, beam 400):
    → helper 1 placed; primary goal_unc now 4.0591
  Leg 3 — primary re-planned against the committed helper paths:

    ✓ feasible at iter 65: dist=750.0, unc=4.0591
    leg 1 route: len=750.0, unc=4.0591 ✓  |  re-planned: len=750.0, unc=4.0591 ✓  → TAKE re-plan
  Helper 1: dist=750.0m, goal_unc=3.1926m
  Primary  : dist=750.0m, goal_unc=4.0591m (threshold 8.404494224 ✓)

=== Continuous Spline Optimization (threshold=8.4045) ===
  Initial (discrete→spline): prim_len=717.528, unc=4.4119
  Barrier stage 1/15: μ=20.0
  Barrier stage 2/15: μ=7.0
  → Converged at iter 94 (Δlen=0.000408)
  Barrier stage 3/15: μ=2.45
  → Converged at iter 95 (Δlen=0.000542)
  Barrier stage 4/15: μ=0.8575
  → Converged at iter 96 (Δlen=0.000628)
  Barrier stage 5/15: μ=0.3001
  Barrier stage 6/15: μ=0.105
  Barrier stage 7/15: μ=0.0368
  Barrier stage 8/15: μ=0.0129
  Barrier stage 9/15: μ=0.0045
  Barrier stage 10/15: μ=0.0016
  → Converged at iter 438 (Δlen=9.4e-5)
  Barrier stage 11/15: μ=0.0006
  → Converged at iter 439 (Δlen=0.000182)
  Barrier stage 12/15: μ=0.0002
  → Converged at iter 440 (Δlen=0.000227)
  Barrier stage 13/15: μ=0.0001
  [Spline barrier] line search stalled; stopping at stage 13
  Barrier stage 14/15: μ=0.0
  [Spline barrier] line search stalled; stopping at stage 14
  Barrier stage 15/15: μ=0.0
  [Spline barrier] line search stalled; stopping at stage 15
  Final: prim_len=642.284, unc=7.4772, threshold=8.4045, status=optimized, min_slack=3.0e-6
  Obstacle re-verification: mean path clears all obstacles ✓
Fig combined (main) saved: Discrete Len=717.53 → Continuous Len=642.28
Fig uncertainty profile (main) saved: /home/tonyzhang/projects/landmark_planning/constraint_sweep/sweep_2026-08-11/sequential/s097_p100/sequential/figures/main_unc_profile.png

[sequential] produced 1 solution(s) -> /home/tonyzhang/projects/landmark_planning/constraint_sweep/sweep_2026-08-11/sequential/s097_p100/sequential
