Landmark scenario: random — 4 landmarks, 4 obstacles, start (0.0, 0.0) → goal (800.0, 0.0)
Hex graph: 797 nodes (792 heading-states + 4 sensors + goal), radius=57.73502691896258m, directed_edges=2112, grid=13x15, start_cell=(1, 7), goal_cell=(9, 7), start_heading=0

── SEQUENTIAL PLANNING (2 agent(s), one at a time) ──
  Leg 1 — primary, 1 helper(s) parked at start (bound 16.0731 = 2.0x the 8.036550017 threshold the shipped route is held to):

    ✓ feasible at iter 299: dist=1050.0, unc=8.0362
  Leg 2 — helper 1 vs the fixed primary trajectory (12 steps, beam 400):
    → helper 1 placed; primary goal_unc now 5.3462
  Leg 3 — primary re-planned against the committed helper paths:

    ✓ feasible at iter 784: dist=1186.603, unc=7.451
    leg 1 route: len=1050.0, unc=5.3462 ✓  |  re-planned: len=1186.6, unc=7.451 ✓  → keep leg 1
  Helper 1: dist=1050.0m, goal_unc=5.1525m
  Primary  : dist=1050.0m, goal_unc=5.3462m (threshold 8.036550017 ✓)

=== Continuous Spline Optimization (threshold=8.0366) ===
  Initial (discrete→spline): prim_len=1044.955, unc=5.7907
  Barrier stage 1/15: μ=20.0
  Barrier stage 2/15: μ=7.0
  Barrier stage 3/15: μ=2.45
  Barrier stage 4/15: μ=0.8575
  Barrier stage 5/15: μ=0.3001
  Barrier stage 6/15: μ=0.105
  Barrier stage 7/15: μ=0.0368
  Barrier stage 8/15: μ=0.0129
  → Converged at iter 472 (Δlen=0.000635)
  Barrier stage 9/15: μ=0.0045
  → Converged at iter 473 (Δlen=0.0008)
  Barrier stage 10/15: μ=0.0016
  [Spline barrier] line search stalled; stopping at stage 10
  Barrier stage 11/15: μ=0.0006
  [Spline barrier] line search stalled; stopping at stage 11
  Barrier stage 12/15: μ=0.0002
  [Spline barrier] line search stalled; stopping at stage 12
  Barrier stage 13/15: μ=0.0001
  [Spline barrier] line search stalled; stopping at stage 13
  Barrier stage 14/15: μ=0.0
  [Spline barrier] line search stalled; stopping at stage 14
  Barrier stage 15/15: μ=0.0
  [Spline barrier] line search stalled; stopping at stage 15
  Final: prim_len=955.862, unc=6.6648, threshold=8.0366, status=optimized, min_slack=0.0
  Obstacle re-verification: mean path clears all obstacles ✓
Fig combined (main) saved: Discrete Len=1044.96 → Continuous Len=955.86
Fig uncertainty profile (main) saved: /home/tonyzhang/projects/landmark_planning/constraint_sweep/sweep_2026-08-11/sequential/s083_p100/sequential/figures/main_unc_profile.png

[sequential] produced 1 solution(s) -> /home/tonyzhang/projects/landmark_planning/constraint_sweep/sweep_2026-08-11/sequential/s083_p100/sequential
