┌ Warning: Seed is infeasible (min_slack=-19.37952692088572, ε=0.001); the barrier will try to recover it before shortening. Expected for the straight_cont ablation, and for a discrete seed that A* returned as its best incumbent after exhausting its budget.
└ @ Main ~/projects/landmark_planning/planners/hexspline_cl.jl:1215
Landmark scenario: random — 4 landmarks, 4 obstacles, start (0.0, 0.0) → goal (600.0, 0.0)
Hex graph: 653 nodes (648 heading-states + 4 sensors + goal), radius=57.73502691896258m, directed_edges=1704, grid=11x15, start_cell=(1, 7), goal_cell=(7, 7), start_heading=0

── GREEDY PLANNING ──
  Primary: shortest obstacle-clear route (single-agent A*, no uncertainty bound)

  [Constraint A*] Goal popped, unc OK, but its B-spline breaches an obstacle; discarded.

  [Constraint A*] Goal popped, unc OK, but its B-spline breaches an obstacle; discarded.

  [Constraint A*] Goal popped, unc OK, but its B-spline breaches an obstacle; discarded.

  [Constraint A*] Goal popped, unc OK, but its B-spline breaches an obstacle; discarded.

  [Constraint A*] Goal popped, unc OK, but its B-spline breaches an obstacle; discarded.

  [Constraint A*] Goal popped, unc OK, but its B-spline breaches an obstacle; discarded.

  [Constraint A*] Goal popped, unc OK, but its B-spline breaches an obstacle; discarded.

  [Constraint A*] Goal popped, unc OK, but its B-spline breaches an obstacle; discarded.

  ✓ FEASIBLE SOLUTION at iter 50: dist=750.0, unc=8.7866
  [Constraint A*] Single-agent complete: 50 iterations, final_dist=750.0
  Helpers: greedy placement, minimising the primary's uncertainty per step
  Support 1: dist=750.0m, goal_unc=0.8449m
  Primary  : dist=750.0m, goal_unc=8.7147m (threshold 8.347229714 ✗)

=== Continuous Spline Optimization (threshold=8.3472) ===
  Initial (discrete→spline): prim_len=723.779, unc=9.0409
  Barrier stage 1/15: μ=20.0
  [Spline barrier] line search stalled; stopping at stage 1
  Barrier stage 2/15: μ=20.0
    → Recovered into the feasible set at iter 44 (min_slack=0.003789); feasible-only gate now armed
  Barrier stage 3/15: μ=7.0
  Barrier stage 4/15: μ=2.45
  [Spline barrier] line search stalled; stopping at stage 4
  Barrier stage 5/15: μ=0.8575
  [Spline barrier] line search stalled; stopping at stage 5
  Barrier stage 6/15: μ=0.3001
  Barrier stage 7/15: μ=0.105
  Barrier stage 8/15: μ=0.0368
  Barrier stage 9/15: μ=0.0129
  Barrier stage 10/15: μ=0.0045
  Barrier stage 11/15: μ=0.0016
  Barrier stage 12/15: μ=0.0006
  Barrier stage 13/15: μ=0.0002
  Barrier stage 14/15: μ=0.0001
  Barrier stage 15/15: μ=0.0
  Final: prim_len=716.113, unc=8.2693, threshold=8.3472, status=optimized, min_slack=0.004797
  Obstacle re-verification: mean path clears all obstacles ✓
Fig combined (main) saved: Discrete Len=723.78 → Continuous Len=716.11
Fig uncertainty profile (main) saved: /home/tonyzhang/projects/landmark_planning/constraint_sweep/sweep_2026-08-11/greedy/s002_p095/greedy/figures/main_unc_profile.png

[greedy] produced 1 solution(s) -> /home/tonyzhang/projects/landmark_planning/constraint_sweep/sweep_2026-08-11/greedy/s002_p095/greedy
