Landmark scenario: random — 2 landmarks, 3 obstacles, start (0.0, 0.0) → goal (600.0, 0.0)
Hex graph: 297 nodes (294 heading-states + 2 sensors + goal), radius=86.60254037844388m, directed_edges=726, grid=9x11, start_cell=(2, 5), goal_cell=(6, 5), start_heading=0

── FORMATION PLANNING ──
  Primary: own A* (formation_primary_astar); a goal candidate is accepted on the primary's uncertainty WITH its supports attached (threshold 7.174148632).
  One support: both lateral slots (+1 = 60° left, -1 = 60° right) tried per candidate.

    ✓ escorted-feasible at iter 18: dist=900.0, unc=1.368 (slot [1])
  → Chose slot [1]
  Support 1 (slot 1): dist=900.0m, goal_unc=0.9665m, arc drift vs primary=0.0m
  Primary : dist=900.0m, goal_unc=1.368m (threshold 7.174148632 ✓)

=== Continuous Spline Optimization (threshold=7.1741) ===
  Initial (discrete→spline): prim_len=834.341, unc=1.368
  Barrier stage 1/15: μ=20.0
  Barrier stage 2/15: μ=7.0
  [Spline barrier] line search stalled; stopping at stage 2
  Barrier stage 3/15: μ=2.45
  [Spline barrier] line search stalled; stopping at stage 3
  Barrier stage 4/15: μ=0.8575
  Barrier stage 5/15: μ=0.3001
  Barrier stage 6/15: μ=0.105
  → Converged at iter 239 (Δlen=0.000505)
  Barrier stage 7/15: μ=0.0368
  [Spline barrier] line search stalled; stopping at stage 7
  Barrier stage 8/15: μ=0.0129
  [Spline barrier] line search stalled; stopping at stage 8
  Barrier stage 9/15: μ=0.0045
  [Spline barrier] line search stalled; stopping at stage 9
  Barrier stage 10/15: μ=0.0016
  [Spline barrier] line search stalled; stopping at stage 10
  Barrier stage 11/15: μ=0.0006
  [Spline barrier] line search stalled; stopping at stage 11
  Barrier stage 12/15: μ=0.0002
  [Spline barrier] line search stalled; stopping at stage 12
  Barrier stage 13/15: μ=0.0001
  [Spline barrier] line search stalled; stopping at stage 13
  Barrier stage 14/15: μ=0.0
  [Spline barrier] line search stalled; stopping at stage 14
  Barrier stage 15/15: μ=0.0
  [Spline barrier] line search stalled; stopping at stage 15
  Final: prim_len=735.365, unc=5.3155, threshold=7.1741, status=optimized, min_slack=0.0
  Obstacle re-verification: mean path clears all obstacles ✓
Fig combined (main) saved: Discrete Len=834.34 → Continuous Len=735.36
Fig uncertainty profile (main) saved: /home/tonyzhang/projects/landmark_planning/constraint_sweep/baseline_2026-08-17/formation/s061_p080/formation/figures/main_unc_profile.png

[formation] produced 1 solution(s) -> /home/tonyzhang/projects/landmark_planning/constraint_sweep/baseline_2026-08-17/formation/s061_p080/formation
