┌ Warning: Seed is infeasible (min_slack=-74.8370942049716, ε=0.001); the barrier will try to recover it before shortening. Expected for the straight_cont ablation, and for a discrete seed that A* returned as its best incumbent after exhausting its budget.
└ @ Main ~/projects/landmark_planning/planners/hexspline_cl.jl:1215
Landmark scenario: random — 3 landmarks, 4 obstacles, start (0.0, 0.0) → goal (600.0, 0.0)
Hex graph: 652 nodes (648 heading-states + 3 sensors + goal), radius=57.73502691896258m, directed_edges=1704, grid=11x15, start_cell=(1, 7), goal_cell=(7, 7), start_heading=0

── GREEDY PLANNING ──
  Primary: shortest obstacle-clear route (single-agent A*, no uncertainty bound)

  [Constraint A*] Goal popped, unc OK, but its B-spline breaches an obstacle; discarded.

  [Constraint A*] Goal popped, unc OK, but its B-spline breaches an obstacle; discarded.

  [Constraint A*] Goal popped, unc OK, but its B-spline breaches an obstacle; discarded.

  [Constraint A*] Goal popped, unc OK, but its B-spline breaches an obstacle; discarded.

  [Constraint A*] Goal popped, unc OK, but its B-spline breaches an obstacle; discarded.

  [Constraint A*] Goal popped, unc OK, but its B-spline breaches an obstacle; discarded.

  ✓ FEASIBLE SOLUTION at iter 97: dist=850.0, unc=4.2956
  [Constraint A*] Single-agent complete: 97 iterations, final_dist=850.0
  Helpers: greedy placement, minimising the primary's uncertainty per step
  Support 1: dist=850.0m, goal_unc=4.9486m
  Primary  : dist=850.0m, goal_unc=4.2956m (threshold 4.295569616 ✓)

=== Continuous Spline Optimization (threshold=4.2956) ===
  Initial (discrete→spline): prim_len=844.955, unc=4.7377
  Barrier stage 1/15: μ=20.0
  Barrier stage 2/15: μ=20.0
  [Spline barrier] line search stalled; stopping at stage 2
  Barrier stage 3/15: μ=20.0
  [Spline barrier] line search stalled; stopping at stage 3
  Barrier stage 4/15: μ=20.0
  [Spline barrier] line search stalled; stopping at stage 4
  Barrier stage 5/15: μ=20.0
  Barrier stage 6/15: μ=20.0
  Barrier stage 7/15: μ=20.0
  Barrier stage 8/15: μ=20.0
  Barrier stage 9/15: μ=20.0
  Barrier stage 10/15: μ=20.0
  Barrier stage 11/15: μ=20.0
  Barrier stage 12/15: μ=20.0
  Barrier stage 13/15: μ=20.0
  Barrier stage 14/15: μ=20.0
  Barrier stage 15/15: μ=20.0
  Final: prim_len=1055.721, unc=4.3573, threshold=4.2956, status=recovery_failed, min_slack=-27.990384
  Obstacle re-verification: mean path clears all obstacles ✓  (2 hull row(s) conservatively flagged; mean curve rounds them)
Fig combined (main) saved: Discrete Len=844.96 → Continuous Len=1055.72
Fig uncertainty profile (main) saved: /home/tonyzhang/projects/landmark_planning/constraint_sweep/sweep_2026-08-11/greedy/s089_p100/greedy/figures/main_unc_profile.png

[greedy] produced 1 solution(s) -> /home/tonyzhang/projects/landmark_planning/constraint_sweep/sweep_2026-08-11/greedy/s089_p100/greedy
