Landmark scenario: random — 2 landmarks, 4 obstacles, start (0.0, 0.0) → goal (800.0, 0.0)
Hex graph: 795 nodes (792 heading-states + 2 sensors + goal), radius=57.73502691896258m, directed_edges=2112, grid=13x15, start_cell=(1, 7), goal_cell=(9, 7), start_heading=0
Conditional ε-bound: ε_sample=1.1443, w=1.0, ε_total=1.1443
  Bound form (conditional): L_returned ≤ (1+ε_total) L* with assumptions documented in comments.

── MULTI-AGENT PLANNING (Synchronized Kalman) ──

  Running joint discrete A* (threshold=8.848)... (max_iters=1000000)
  Stops on the first feasible candidate under the threshold.
  ✓ Goal reachable from node 1 with distance 800.0
  [A*] iter 1000/1000000 (0.1%)  left=999000  elapsed=2.1s   
  ✓ FEASIBLE SOLUTION at iter 1281: dist=950.0, unc=7.9964
  [Constraint A*] Complete: 1281 iterations, final_dist=950.0

✓ Multi-agent solution with synchronized Kalman fusion:
  Support agent 1: node=380, dist=950.0m, goal_unc=7.8393m
  Primary agent: node=446, dist=950.0m, goal_unc=7.9964m
  ├─ Communication: every 100.0m, sigmoid taper range=200.0m width=20.0m
  └─ All agents' uncertainties benefit from synchronized Kalman fusion at checkpoints

--- Final Results ---
Support agent 1 : [1, 403, 349, 283, 223, 224, 291, 296, 302, 375, 380]  dist=950.0  goal_unc=7.8393  ✓  (Kalman-fused)
Primary agent : [1, 403, 349, 283, 284, 290, 296, 302, 375, 380, 446]  dist=950.0  goal_unc=7.9964  threshold=8.847997671 ✓ met  (Kalman-fused)

=== Kalman Filtering Summary ===
All 2 agents performing synchronized Kalman filtering:
  • Dead-reckoning propagation: DIR=0.05/m, PERP=0.016666666666666666/m
  • Landmark fusion: Information filter (Joseph form) at every waypoint
  • SYNCHRONIZED inter-agent communication: every 100.0m of travel
  • Tapered sigmoid weighting: range=200.0m, width=20.0m (soft plateau + rolloff)
  • Bidirectional Kalman fusion: all agent pairs within range at each checkpoint
  • Measurement model: bearing-angle sensor with noise=0.038, ratio=2.2
  └─ Support agents: goal_unc=7.8393m (improved by inter-agent fusion)
  └─ Primary agent: goal_unc=7.9964m (direct path with landmark updates)
Converged at iteration : 1281
Figure path-role mapping: supports = paths[1:1], primary = paths[2]
Discrete evaluation: prim_len=950.0, unc=7.9964
Fig 1 saved.

=== Continuous Spline Optimization (threshold=8.848) ===
  Initial (discrete→spline): prim_len=926.961, unc=8.0147
  Barrier stage 1/15: μ=20.0
  Barrier stage 2/15: μ=7.0
  → Converged at iter 85 (Δlen=0.000603)
  Barrier stage 3/15: μ=2.45
  Barrier stage 4/15: μ=0.8575
  Barrier stage 5/15: μ=0.3001
  Barrier stage 6/15: μ=0.105
  Barrier stage 7/15: μ=0.0368
  Barrier stage 8/15: μ=0.0129
  Barrier stage 9/15: μ=0.0045
  Barrier stage 10/15: μ=0.0016
  Barrier stage 11/15: μ=0.0006
  → Converged at iter 630 (Δlen=0.000962)
  Barrier stage 12/15: μ=0.0002
  [Spline barrier] line search stalled; stopping at stage 12
  Barrier stage 13/15: μ=0.0001
  [Spline barrier] line search stalled; stopping at stage 13
  Barrier stage 14/15: μ=0.0
  [Spline barrier] line search stalled; stopping at stage 14
  Barrier stage 15/15: μ=0.0
  [Spline barrier] line search stalled; stopping at stage 15
  Final: prim_len=880.419, unc=6.9158, threshold=8.848, status=optimized, min_slack=8.0e-6
  Obstacle re-verification: mean path clears all obstacles ✓
Fig combined (main) saved: Discrete Len=926.96 → Continuous Len=880.42
Fig uncertainty profile (main) saved: /home/tony-zhang/Research/landmark_planning/constraint_sweep/smoke/hexspline_cl/s004_p100/hexspline_cl/figures/main_unc_profile.png

[hexspline_cl] produced 1 solution(s) -> /home/tony-zhang/Research/landmark_planning/constraint_sweep/smoke/hexspline_cl/s004_p100/hexspline_cl
