┌ Warning: Seed is feasible but not strictly interior (min_slack=9.999999974752427e-7, ε=0.001); the barrier is past its knee and steps will be small.
└ @ Main ~/projects/landmark_planning/planners/hexspline_cl.jl:1209
Landmark scenario: random — 4 landmarks, 3 obstacles, start (0.0, 0.0) → goal (600.0, 0.0)
Hex graph: 299 nodes (294 heading-states + 4 sensors + goal), radius=86.60254037844388m, directed_edges=726, grid=9x11, start_cell=(2, 5), goal_cell=(6, 5), start_heading=0
Conditional ε-bound: ε_sample=1.2887, w=1.0, ε_total=1.2887
  Bound form (conditional): L_returned ≤ (1+ε_total) L* with assumptions documented in comments.

── MULTI-AGENT PLANNING (Synchronized Kalman) ──

  seed_mode=:straight — skipping discrete search and using direct start→goal seed

✓ Multi-agent solution with synchronized Kalman fusion:
  Support agent 1: node=299, dist=600.0m, goal_unc=7.1424m
  Primary agent: node=299, dist=600.0m, goal_unc=7.1424m
  ├─ Communication: every 100.0m, sigmoid taper range=300.0m width=20.0m
  └─ All agents' uncertainties benefit from synchronized Kalman fusion at checkpoints

--- Final Results ---
Support agent 1 : [1, 299]  dist=600.0  goal_unc=7.1424  ✗  (Kalman-fused)
Primary agent : [1, 299]  dist=600.0  goal_unc=7.1424  threshold=7.142120845 ✗ not met  (Kalman-fused)

=== Kalman Filtering Summary ===
All 2 agents performing synchronized Kalman filtering:
  • Dead-reckoning propagation: DIR=0.05/m, PERP=0.016666666666666666/m
  • Landmark fusion: Information filter (Joseph form) at every waypoint
  • SYNCHRONIZED inter-agent communication: every 100.0m of travel
  • Tapered sigmoid weighting: range=300.0m, width=20.0m (soft plateau + rolloff)
  • Bidirectional Kalman fusion: all agent pairs within range at each checkpoint
  • Measurement model: bearing-angle sensor with noise=0.038, ratio=2.2
  └─ Support agents: goal_unc=7.1424m (improved by inter-agent fusion)
  └─ Primary agent: goal_unc=7.1424m (direct path with landmark updates)
Converged at iteration : 0
Figure path-role mapping: supports = paths[1:1], primary = paths[2]
Discrete evaluation: prim_len=600.0, unc=7.1424
Fig 1 saved.

=== Continuous Spline Optimization (threshold=7.1421) ===
  Initial (discrete→spline): prim_len=600.0, unc=7.1418
  Barrier stage 1/15: μ=20.0
  → Converged at iter 9 (Δlen=0.000315)
  Barrier stage 2/15: μ=7.0
  → Converged at iter 10 (Δlen=0.000769)
  Barrier stage 3/15: μ=2.45
  → Converged at iter 11 (Δlen=0.000908)
  Barrier stage 4/15: μ=0.8575
  → Converged at iter 12 (Δlen=0.000714)
  Barrier stage 5/15: μ=0.3001
  → Converged at iter 13 (Δlen=0.000255)
  Barrier stage 6/15: μ=0.105
  → Converged at iter 14 (Δlen=0.000401)
  Barrier stage 7/15: μ=0.0368
  → Converged at iter 16 (Δlen=0.000881)
  Barrier stage 8/15: μ=0.0129
  → Converged at iter 18 (Δlen=0.000955)
  Barrier stage 9/15: μ=0.0045
  [Spline barrier] line search stalled; stopping at stage 9
  Barrier stage 10/15: μ=0.0016
  [Spline barrier] line search stalled; stopping at stage 10
  Barrier stage 11/15: μ=0.0006
  [Spline barrier] line search stalled; stopping at stage 11
  Barrier stage 12/15: μ=0.0002
  [Spline barrier] line search stalled; stopping at stage 12
  Barrier stage 13/15: μ=0.0001
  [Spline barrier] line search stalled; stopping at stage 13
  Barrier stage 14/15: μ=0.0
  [Spline barrier] line search stalled; stopping at stage 14
  Barrier stage 15/15: μ=0.0
  [Spline barrier] line search stalled; stopping at stage 15
  Final: prim_len=600.0, unc=7.1418, threshold=7.1421, status=seed_only, min_slack=1.0e-6
  Obstacle re-verification: mean path clears all obstacles ✓
Fig combined (main) saved: Discrete Len=600.0 → Continuous Len=600.0
Fig uncertainty profile (main) saved: /home/tonyzhang/projects/landmark_planning/constraint_sweep/ablation_2026-08-17/straight_cont/s011_p100/straight_cont/figures/main_unc_profile.png

[straight_cont] produced 1 solution(s) -> /home/tonyzhang/projects/landmark_planning/constraint_sweep/ablation_2026-08-17/straight_cont/s011_p100/straight_cont
