Landmark scenario: random — 2 landmarks, 4 obstacles, start (0.0, 0.0) → goal (750.0, 0.0)
Hex graph: 387 nodes (384 heading-states + 2 sensors + goal), radius=86.60254037844388m, directed_edges=972, grid=10x11, start_cell=(1, 5), goal_cell=(6, 5), start_heading=0
Conditional ε-bound: ε_sample=1.2309, w=1.0, ε_total=1.2309
  Bound form (conditional): L_returned ≤ (1+ε_total) L* with assumptions documented in comments.

── MULTI-AGENT PLANNING (Synchronized Kalman) ──

  Running joint discrete A* (threshold=1.0e9)... (max_iters=1000000)
  Stops on the first feasible candidate under the threshold.

  [Constraint A*] Goal popped, unc OK, but its B-spline breaches an obstacle; discarded.

  [Constraint A*] Goal popped, unc OK, but its B-spline breaches an obstacle; discarded.

  [Constraint A*] Goal popped, unc OK, but its B-spline breaches an obstacle; discarded.

  ✓ FEASIBLE SOLUTION at iter 20: dist=825.0, unc=10.3827
  [Constraint A*] Single-agent complete: 20 iterations, final_dist=825.0

✓ Multi-agent solution with synchronized Kalman fusion:
  Primary agent: node=228, dist=825.0m, goal_unc=10.3827m
  ├─ Communication: every 100.0m, sigmoid taper range=300.0m width=20.0m
  └─ All agents' uncertainties benefit from synchronized Kalman fusion at checkpoints

--- Final Results ---
Primary agent : [1, 199, 205, 211, 266, 271, 228]  dist=825.0  goal_unc=10.3827  threshold=1.0e9 ✓ met  (Kalman-fused)

=== Kalman Filtering Summary ===
All 1 agents performing synchronized Kalman filtering:
  • Dead-reckoning propagation: DIR=0.05/m, PERP=0.016666666666666666/m
  • Landmark fusion: Information filter (Joseph form) at every waypoint
  • SYNCHRONIZED inter-agent communication: every 100.0m of travel
  • Tapered sigmoid weighting: range=300.0m, width=20.0m (soft plateau + rolloff)
  • Bidirectional Kalman fusion: all agent pairs within range at each checkpoint
  • Measurement model: bearing-angle sensor with noise=0.038, ratio=2.2
  └─ Support agents: goal_unc=10.3827m (improved by inter-agent fusion)
  └─ Primary agent: goal_unc=10.3827m (direct path with landmark updates)
Converged at iteration : 20
Figure path-role mapping: supports = paths[1:0], primary = paths[1]
Discrete evaluation: prim_len=825.0, unc=10.3827
Fig 1 saved.

=== Continuous Spline Optimization (threshold=1.0e9) ===
  Initial (discrete→spline): prim_len=818.562, unc=10.4821
  Barrier stage 1/15: μ=20.0
  Barrier stage 2/15: μ=7.0
  Barrier stage 3/15: μ=2.45
  Barrier stage 4/15: μ=0.8575
  Barrier stage 5/15: μ=0.3001
  Barrier stage 6/15: μ=0.105
  Barrier stage 7/15: μ=0.0368
  Barrier stage 8/15: μ=0.0129
  Barrier stage 9/15: μ=0.0045
  Barrier stage 10/15: μ=0.0016
  → Converged at iter 643 (Δlen=0.000992)
  Barrier stage 11/15: μ=0.0006
  → Converged at iter 645 (Δlen=0.00097)
  Barrier stage 12/15: μ=0.0002
  → Converged at iter 647 (Δlen=0.00095)
  Barrier stage 13/15: μ=0.0001
  → Converged at iter 649 (Δlen=0.000929)
  Barrier stage 14/15: μ=0.0
  → Converged at iter 651 (Δlen=0.000909)
  Barrier stage 15/15: μ=0.0
  → Converged at iter 653 (Δlen=0.000889)
  Final: prim_len=750.073, unc=7.9997, threshold=1.0e9, status=optimized, min_slack=0.02448
  Obstacle re-verification: mean path clears all obstacles ✓
Fig combined (main) saved: Discrete Len=818.56 → Continuous Len=750.07
Fig uncertainty profile (main) saved: /home/tony-zhang/Research/landmark_planning/constraint_sweep/2026-08-12_18-33-34/reference/s006/hexspline_cl/figures/main_unc_profile.png

[hexspline_cl] produced 1 solution(s) -> /home/tony-zhang/Research/landmark_planning/constraint_sweep/2026-08-12_18-33-34/reference/s006/hexspline_cl
