Landmark scenario: random — 3 landmarks, 4 obstacles, start (0.0, 0.0) → goal (700.0, 0.0)
Hex graph: 724 nodes (720 heading-states + 3 sensors + goal), radius=57.73502691896258m, directed_edges=1908, grid=12x15, start_cell=(1, 7), goal_cell=(8, 7), start_heading=0

── FORMATION PLANNING ──
  Primary: single-agent hexspline A* (threshold 4.505316185); supports added afterwards.

  ✓ FEASIBLE SOLUTION at iter 191: dist=986.603, unc=4.5053
  [Constraint A*] Single-agent complete: 191 iterations, final_dist=986.603
  One support: trying both lateral slots (+1 = 60° left, -1 = 60° right).
  Slot [1]: unc=4.5053 ✗
  Slot [-1]: unc=3.9031 ✓
  → Chose slot [-1]
  Support 1 (slot -1): dist=950.0m, goal_unc=3.4596m, arc drift vs primary=-36.6m
  Primary : dist=986.6m, goal_unc=3.9031m (threshold 4.505316185 ✓)

=== Continuous Spline Optimization (threshold=4.5053) ===
  Initial (discrete→spline): prim_len=950.546, unc=3.7574
  Barrier stage 1/15: μ=20.0
  → Converged at iter 14 (Δlen=0.000248)
  Barrier stage 2/15: μ=7.0
  → Converged at iter 15 (Δlen=0.000296)
  Barrier stage 3/15: μ=2.45
  [Spline barrier] line search stalled; stopping at stage 3
  Barrier stage 4/15: μ=0.8575
  [Spline barrier] line search stalled; stopping at stage 4
  Barrier stage 5/15: μ=0.3001
  Barrier stage 6/15: μ=0.105
  Barrier stage 7/15: μ=0.0368
  Barrier stage 8/15: μ=0.0129
  [Spline barrier] line search stalled; stopping at stage 8
  Barrier stage 9/15: μ=0.0045
  [Spline barrier] line search stalled; stopping at stage 9
  Barrier stage 10/15: μ=0.0016
  [Spline barrier] line search stalled; stopping at stage 10
  Barrier stage 11/15: μ=0.0006
  [Spline barrier] line search stalled; stopping at stage 11
  Barrier stage 12/15: μ=0.0002
  [Spline barrier] line search stalled; stopping at stage 12
  Barrier stage 13/15: μ=0.0001
  [Spline barrier] line search stalled; stopping at stage 13
  Barrier stage 14/15: μ=0.0
  [Spline barrier] line search stalled; stopping at stage 14
  Barrier stage 15/15: μ=0.0
  → Converged at iter 260 (Δlen=7.6e-5)
  Final: prim_len=853.626, unc=4.0238, threshold=4.5053, status=optimized, min_slack=0.0
  Obstacle re-verification: mean path clears all obstacles ✓
Fig combined (main) saved: Discrete Len=950.55 → Continuous Len=853.63
Fig uncertainty profile (main) saved: /home/tonyzhang/projects/landmark_planning/constraint_sweep/sweep_2026-08-11/formation/s071_p100/formation/figures/main_unc_profile.png

[formation] produced 1 solution(s) -> /home/tonyzhang/projects/landmark_planning/constraint_sweep/sweep_2026-08-11/formation/s071_p100/formation
