Landmark scenario: random — 4 landmarks, 3 obstacles, start (0.0, 0.0) → goal (900.0, 0.0)
Hex graph: 383 nodes (378 heading-states + 4 sensors + goal), radius=86.60254037844388m, directed_edges=954, grid=11x11, start_cell=(2, 5), goal_cell=(8, 5), start_heading=0

── SEQUENTIAL PLANNING (2 agent(s), one at a time) ──
  Leg 1 — primary, 1 helper(s) parked at start (bound 11.4189 = 2.0x the 5.709431968 threshold the shipped route is held to):

    ✓ feasible at iter 24: dist=1050.0, unc=9.2546
  Leg 2 — helper 1 vs the fixed primary trajectory (8 steps, beam 400):
    (took rank #4 of 211; 3 better-ranked route(s) breach as splines)
    → helper 1 placed; primary goal_unc now 5.1345
  Leg 3 — primary re-planned against the committed helper paths:
  [A*] iter 1000/1000000 (0.1%)  left=999000  elapsed=0.0s     [A*] iter 2000/1000000 (0.2%)  left=998000  elapsed=0.1s     [A*] iter 3000/1000000 (0.3%)  left=997000  elapsed=0.2s     [A*] iter 4000/1000000 (0.4%)  left=996000  elapsed=0.3s     [A*] iter 5000/1000000 (0.5%)  left=995000  elapsed=0.6s     [A*] iter 6000/1000000 (0.6%)  left=994000  elapsed=0.6s     [A*] iter 7000/1000000 (0.7%)  left=993000  elapsed=0.7s     [A*] iter 8000/1000000 (0.8%)  left=992000  elapsed=0.8s     [A*] iter 9000/1000000 (0.9%)  left=991000  elapsed=0.8s     [A*] iter 10000/1000000 (1.0%)  left=990000  elapsed=0.9s   
    nothing under the threshold; handing the best incumbent to the barrier: dist=1350.0, unc=6.3277
    leg 1 route: len=1050.0, unc=5.1345 ✓  |  re-planned: len=1350.0, unc=6.3277 ✗  → keep leg 1
  Helper 1: dist=1050.0m, goal_unc=1.4431m
  Primary  : dist=1050.0m, goal_unc=5.1345m (threshold 5.709431968 ✓)

=== Continuous Spline Optimization (threshold=5.7094) ===
  Initial (discrete→spline): prim_len=967.702, unc=5.1345
  Barrier stage 1/15: μ=20.0
  → Converged at iter 8 (Δlen=0.000592)
  Barrier stage 2/15: μ=7.0
  → Converged at iter 9 (Δlen=0.000708)
  Barrier stage 3/15: μ=2.45
  → Converged at iter 10 (Δlen=0.000728)
  Barrier stage 4/15: μ=0.8575
  [Spline barrier] line search stalled; stopping at stage 4
  Barrier stage 5/15: μ=0.3001
  [Spline barrier] line search stalled; stopping at stage 5
  Barrier stage 6/15: μ=0.105
  [Spline barrier] line search stalled; stopping at stage 6
  Barrier stage 7/15: μ=0.0368
  → Converged at iter 20 (Δlen=0.000297)
  Barrier stage 8/15: μ=0.0129
  → Converged at iter 21 (Δlen=0.000459)
  Barrier stage 9/15: μ=0.0045
  → Converged at iter 22 (Δlen=0.000545)
  Barrier stage 10/15: μ=0.0016
  [Spline barrier] line search stalled; stopping at stage 10
  Barrier stage 11/15: μ=0.0006
  [Spline barrier] line search stalled; stopping at stage 11
  Barrier stage 12/15: μ=0.0002
  [Spline barrier] line search stalled; stopping at stage 12
  Barrier stage 13/15: μ=0.0001
  [Spline barrier] line search stalled; stopping at stage 13
  Barrier stage 14/15: μ=0.0
  [Spline barrier] line search stalled; stopping at stage 14
  Barrier stage 15/15: μ=0.0
  [Spline barrier] line search stalled; stopping at stage 15
  Final: prim_len=967.702, unc=5.1345, threshold=5.7094, status=seed_only, min_slack=0.015926
  Obstacle re-verification: mean path clears all obstacles ✓
Fig combined (main) saved: Discrete Len=967.7 → Continuous Len=967.7
Fig uncertainty profile (main) saved: /home/tonyzhang/projects/landmark_planning/constraint_sweep/baseline_2026-08-17/sequential/s049_p050/sequential/figures/main_unc_profile.png

[sequential] produced 1 solution(s) -> /home/tonyzhang/projects/landmark_planning/constraint_sweep/baseline_2026-08-17/sequential/s049_p050/sequential
