Landmark scenario: random — 4 landmarks, 4 obstacles, start (0.0, 0.0) → goal (600.0, 0.0)
Hex graph: 653 nodes (648 heading-states + 4 sensors + goal), radius=57.73502691896258m, directed_edges=1704, grid=11x15, start_cell=(1, 7), goal_cell=(7, 7), start_heading=0
Conditional ε-bound: ε_sample=1.1925, w=1.0, ε_total=1.1925
  Bound form (conditional): L_returned ≤ (1+ε_total) L* with assumptions documented in comments.

── MULTI-AGENT PLANNING (Synchronized Kalman) ──

  Running joint discrete A* (threshold=7.0292)... (max_iters=500000)
  Stops on the first feasible candidate under the threshold.
  ✓ Goal reachable from node 1 with distance 600.0
  [A*] iter 1000/500000 (0.2%)  left=499000  elapsed=2.0s     [A*] iter 2000/500000 (0.4%)  left=498000  elapsed=2.2s   
  [Constraint A*] Incumbent seed at iter 2376: dist=750.0, unc=8.7927 > 7.0292

  [Constraint A*] Incumbent seed at iter 2377: dist=750.0, unc=8.7866 > 7.0292

  [Constraint A*] Incumbent seed at iter 2382: dist=750.0, unc=8.7866 > 7.0292
  [A*] iter 3000/500000 (0.6%)  left=497000  elapsed=2.7s     [A*] iter 4000/500000 (0.8%)  left=496000  elapsed=2.8s     [A*] iter 5000/500000 (1.0%)  left=495000  elapsed=2.9s     [A*] iter 6000/500000 (1.2%)  left=494000  elapsed=2.9s     [A*] iter 7000/500000 (1.4%)  left=493000  elapsed=3.1s     [A*] iter 8000/500000 (1.6%)  left=492000  elapsed=3.1s     [A*] iter 9000/500000 (1.8%)  left=491000  elapsed=3.2s   ┌ Warning: Seed is infeasible (min_slack=-0.15523007050287418, ε=0.001); the barrier will try to recover it before shortening. Expected for the straight_cont ablation, and for a discrete seed that A* returned as its best incumbent after exhausting its budget.
└ @ Main ~/projects/landmark_planning/planners/hexspline_cl.jl:1215

  [Constraint A*] Incumbent seed at iter 9662: dist=786.603, unc=7.4008 > 7.0292

  ✓ FEASIBLE SOLUTION at iter 9687: dist=786.603, unc=6.8196
  [Constraint A*] Complete: 9687 iterations, final_dist=786.603

✓ Multi-agent solution with synchronized Kalman fusion:
  Support agent 1: node=97, dist=750.0m, goal_unc=3.9479m
  Primary agent: node=361, dist=786.6m, goal_unc=6.8196m
  ├─ Communication: every 100.0m, sigmoid taper range=200.0m width=20.0m
  └─ All agents' uncertainties benefit from synchronized Kalman fusion at checkpoints

--- Final Results ---
Support agent 1 : [1, 331, 289, 235, 187, 188, 194, 145, 97]  dist=750.0  goal_unc=3.9479  ✓  (Kalman-fused)
Primary agent : [1, 283, 229, 230, 236, 297, 302, 356, 361]  dist=786.603  goal_unc=6.8196  threshold=7.029246075 ✓ met  (Kalman-fused)

=== Kalman Filtering Summary ===
All 2 agents performing synchronized Kalman filtering:
  • Dead-reckoning propagation: DIR=0.05/m, PERP=0.016666666666666666/m
  • Landmark fusion: Information filter (Joseph form) at every waypoint
  • SYNCHRONIZED inter-agent communication: every 100.0m of travel
  • Tapered sigmoid weighting: range=200.0m, width=20.0m (soft plateau + rolloff)
  • Bidirectional Kalman fusion: all agent pairs within range at each checkpoint
  • Measurement model: bearing-angle sensor with noise=0.038, ratio=2.2
  └─ Support agents: goal_unc=3.9479m (improved by inter-agent fusion)
  └─ Primary agent: goal_unc=6.8196m (direct path with landmark updates)
Converged at iteration : 9687
Figure path-role mapping: supports = paths[1:1], primary = paths[2]
Discrete evaluation: prim_len=786.603, unc=6.8196
Fig 1 saved.

=== Continuous Spline Optimization (threshold=7.0292) ===
  Initial (discrete→spline): prim_len=764.292, unc=7.1845
  Barrier stage 1/15: μ=20.0
    → Recovered into the feasible set at iter 3 (min_slack=0.01104); feasible-only gate now armed
  Barrier stage 2/15: μ=7.0
  Barrier stage 3/15: μ=2.45
  Barrier stage 4/15: μ=0.8575
  Barrier stage 5/15: μ=0.3001
  Barrier stage 6/15: μ=0.105
  Barrier stage 7/15: μ=0.0368
  Barrier stage 8/15: μ=0.0129
  Barrier stage 9/15: μ=0.0045
  Barrier stage 10/15: μ=0.0016
  Barrier stage 11/15: μ=0.0006
  → Converged at iter 731 (Δlen=0.000287)
  Barrier stage 12/15: μ=0.0002
  → Converged at iter 732 (Δlen=0.000431)
  Barrier stage 13/15: μ=0.0001
  → Converged at iter 733 (Δlen=0.000467)
  Barrier stage 14/15: μ=0.0
  → Converged at iter 734 (Δlen=0.000485)
  Barrier stage 15/15: μ=0.0
  [Spline barrier] line search stalled; stopping at stage 15
  Final: prim_len=697.588, unc=6.1904, threshold=7.0292, status=optimized, min_slack=0.0
  Obstacle re-verification: mean path clears all obstacles ✓
Fig combined (main) saved: Discrete Len=764.29 → Continuous Len=697.59
Fig uncertainty profile (main) saved: /home/tonyzhang/projects/landmark_planning/constraint_sweep/sweep_2026-08-11/hexspline_cl/s002_p080/hexspline_cl/figures/main_unc_profile.png

[hexspline_cl] produced 1 solution(s) -> /home/tonyzhang/projects/landmark_planning/constraint_sweep/sweep_2026-08-11/hexspline_cl/s002_p080/hexspline_cl
