Landmark scenario: random — 3 landmarks, 2 obstacles, start (0.0, 0.0) → goal (600.0, 0.0)
Hex graph: 298 nodes (294 heading-states + 3 sensors + goal), radius=86.60254037844388m, directed_edges=726, grid=9x11, start_cell=(2, 5), goal_cell=(6, 5), start_heading=0

── SEQUENTIAL PLANNING (2 agent(s), one at a time) ──
  Leg 1 — primary, 1 helper(s) parked at start (bound 11.7192 = 2.0x the 5.859603823 threshold the shipped route is held to):

    ✓ feasible at iter 18: dist=900.0, unc=6.7475
  Leg 2 — helper 1 vs the fixed primary trajectory (7 steps, beam 400):
    (no route in the final layer survives as a spline)
    → helper 1 placed; primary goal_unc now 3.8495
  Leg 3 — primary re-planned against the committed helper paths:

    ✓ feasible at iter 70: dist=1200.0, unc=3.4137
    leg 1 route: len=900.0, unc=3.8495 ✓ [breaches]  |  re-planned: len=1200.0, unc=3.4137 ✓  → TAKE re-plan
  Helper 1: dist=900.0m, goal_unc=3.2053m
  Primary  : dist=1200.0m, goal_unc=3.4137m (threshold 5.859603823 ✓)

=== Continuous Spline Optimization (threshold=5.8596) ===
  Initial (discrete→spline): prim_len=1096.251, unc=3.4056
  Barrier stage 1/15: μ=20.0
  [Spline barrier] line search stalled; stopping at stage 1
  Barrier stage 2/15: μ=7.0
  [Spline barrier] line search stalled; stopping at stage 2
  Barrier stage 3/15: μ=2.45
  [Spline barrier] line search stalled; stopping at stage 3
  Barrier stage 4/15: μ=0.8575
  [Spline barrier] line search stalled; stopping at stage 4
  Barrier stage 5/15: μ=0.3001
  [Spline barrier] line search stalled; stopping at stage 5
  Barrier stage 6/15: μ=0.105
  [Spline barrier] line search stalled; stopping at stage 6
  Barrier stage 7/15: μ=0.0368
  [Spline barrier] line search stalled; stopping at stage 7
  Barrier stage 8/15: μ=0.0129
  [Spline barrier] line search stalled; stopping at stage 8
  Barrier stage 9/15: μ=0.0045
  [Spline barrier] line search stalled; stopping at stage 9
  Barrier stage 10/15: μ=0.0016
  [Spline barrier] line search stalled; stopping at stage 10
  Barrier stage 11/15: μ=0.0006
  [Spline barrier] line search stalled; stopping at stage 11
  Barrier stage 12/15: μ=0.0002
  → Converged at iter 17 (Δlen=0.000496)
  Barrier stage 13/15: μ=0.0001
  → Converged at iter 19 (Δlen=8.1e-5)
  Barrier stage 14/15: μ=0.0
  → Converged at iter 20 (Δlen=0.000103)
  Barrier stage 15/15: μ=0.0
  [Spline barrier] line search stalled; stopping at stage 15
  Final: prim_len=1096.251, unc=3.4056, threshold=5.8596, status=seed_only, min_slack=0.016111
  Obstacle re-verification: mean path clears all obstacles ✓
Fig combined (main) saved: Discrete Len=1096.25 → Continuous Len=1096.25
Fig uncertainty profile (main) saved: /home/tonyzhang/projects/landmark_planning/constraint_sweep/baseline_2026-08-17/sequential/s047_p100/sequential/figures/main_unc_profile.png

[sequential] produced 1 solution(s) -> /home/tonyzhang/projects/landmark_planning/constraint_sweep/baseline_2026-08-17/sequential/s047_p100/sequential
