Landmark scenario: random — 3 landmarks, 3 obstacles, start (0.0, 0.0) → goal (700.0, 0.0)
Hex graph: 724 nodes (720 heading-states + 3 sensors + goal), radius=57.73502691896258m, directed_edges=1908, grid=12x15, start_cell=(1, 7), goal_cell=(8, 7), start_heading=0
Conditional ε-bound: ε_sample=1.165, w=1.0, ε_total=1.165
  Bound form (conditional): L_returned ≤ (1+ε_total) L* with assumptions documented in comments.

── MULTI-AGENT PLANNING (Synchronized Kalman) ──

  Running joint discrete A* (threshold=5.7171)... (max_iters=500000)
  Stops on the first feasible candidate under the threshold.
  ✓ Goal reachable from node 1 with distance 700.0
  [A*] iter 1000/500000 (0.2%)  left=499000  elapsed=2.3s     [A*] iter 2000/500000 (0.4%)  left=498000  elapsed=2.3s     [A*] iter 3000/500000 (0.6%)  left=497000  elapsed=2.5s     [A*] iter 4000/500000 (0.8%)  left=496000  elapsed=2.8s     [A*] iter 5000/500000 (1.0%)  left=495000  elapsed=2.9s     [A*] iter 6000/500000 (1.2%)  left=494000  elapsed=2.9s     [A*] iter 7000/500000 (1.4%)  left=493000  elapsed=3.0s     [A*] iter 8000/500000 (1.6%)  left=492000  elapsed=3.1s     [A*] iter 9000/500000 (1.8%)  left=491000  elapsed=3.2s     [A*] iter 10000/500000 (2.0%)  left=490000  elapsed=3.4s   
  ✓ FEASIBLE SOLUTION at iter 10424: dist=850.0, unc=5.318
  [Constraint A*] Complete: 10424 iterations, final_dist=850.0

✓ Multi-agent solution with synchronized Kalman fusion:
  Support agent 1: node=224, dist=850.0m, goal_unc=2.838m
  Primary agent: node=404, dist=850.0m, goal_unc=5.318m
  ├─ Communication: every 100.0m, sigmoid taper range=200.0m width=20.0m
  └─ All agents' uncertainties benefit from synchronized Kalman fusion at checkpoints

--- Final Results ---
Support agent 1 : [1, 367, 373, 379, 331, 264, 211, 212, 218, 224]  dist=850.0  goal_unc=2.838  ✓  (Kalman-fused)
Primary agent : [1, 367, 373, 325, 326, 332, 277, 278, 345, 404]  dist=850.0  goal_unc=5.318  threshold=5.717085101 ✓ met  (Kalman-fused)

=== Kalman Filtering Summary ===
All 2 agents performing synchronized Kalman filtering:
  • Dead-reckoning propagation: DIR=0.05/m, PERP=0.016666666666666666/m
  • Landmark fusion: Information filter (Joseph form) at every waypoint
  • SYNCHRONIZED inter-agent communication: every 100.0m of travel
  • Tapered sigmoid weighting: range=200.0m, width=20.0m (soft plateau + rolloff)
  • Bidirectional Kalman fusion: all agent pairs within range at each checkpoint
  • Measurement model: bearing-angle sensor with noise=0.038, ratio=2.2
  └─ Support agents: goal_unc=2.838m (improved by inter-agent fusion)
  └─ Primary agent: goal_unc=5.318m (direct path with landmark updates)
Converged at iteration : 10424
Figure path-role mapping: supports = paths[1:1], primary = paths[2]
Discrete evaluation: prim_len=850.0, unc=5.318
Fig 1 saved.

=== Continuous Spline Optimization (threshold=5.7171) ===
  Initial (discrete→spline): prim_len=815.234, unc=5.4445
  Barrier stage 1/15: μ=20.0
  → Converged at iter 24 (Δlen=0.000638)
  Barrier stage 2/15: μ=7.0
  → Converged at iter 56 (Δlen=0.000285)
  Barrier stage 3/15: μ=2.45
  → Converged at iter 73 (Δlen=0.000998)
  Barrier stage 4/15: μ=0.8575
  → Converged at iter 123 (Δlen=0.000708)
  Barrier stage 5/15: μ=0.3001
  → Converged at iter 125 (Δlen=0.000362)
  Barrier stage 6/15: μ=0.105
  → Converged at iter 142 (Δlen=0.000758)
  Barrier stage 7/15: μ=0.0368
  → Converged at iter 158 (Δlen=0.000724)
  Barrier stage 8/15: μ=0.0129
  → Converged at iter 159 (Δlen=0.000905)
  Barrier stage 9/15: μ=0.0045
  [Spline barrier] line search stalled; stopping at stage 9
  Barrier stage 10/15: μ=0.0016
  [Spline barrier] line search stalled; stopping at stage 10
  Barrier stage 11/15: μ=0.0006
  → Converged at iter 162 (Δlen=0.000996)
  Barrier stage 12/15: μ=0.0002
  [Spline barrier] line search stalled; stopping at stage 12
  Barrier stage 13/15: μ=0.0001
  [Spline barrier] line search stalled; stopping at stage 13
  Barrier stage 14/15: μ=0.0
  [Spline barrier] line search stalled; stopping at stage 14
  Barrier stage 15/15: μ=0.0
  [Spline barrier] line search stalled; stopping at stage 15
  Final: prim_len=762.326, unc=5.4967, threshold=5.7171, status=optimized, min_slack=0.011165
  Obstacle re-verification: mean path clears all obstacles ✓
Fig combined (main) saved: Discrete Len=815.23 → Continuous Len=762.33
Fig uncertainty profile (main) saved: /home/tonyzhang/projects/landmark_planning/constraint_sweep/sweep_2026-08-11/hexspline_cl/s040_p095/hexspline_cl/figures/main_unc_profile.png

[hexspline_cl] produced 1 solution(s) -> /home/tonyzhang/projects/landmark_planning/constraint_sweep/sweep_2026-08-11/hexspline_cl/s040_p095/hexspline_cl
