┌ Warning: Seed is infeasible (min_slack=-20.807950383848265, ε=0.001); the barrier will try to recover it before shortening. Expected for the straight_cont ablation, and for a discrete seed that A* returned as its best incumbent after exhausting its budget.
└ @ Main ~/Research/landmark_planning/planners/hexspline_cl.jl:1215
Landmark scenario: random — 4 landmarks, 4 obstacles, start (0.0, 0.0) → goal (700.0, 0.0)
Hex graph: 725 nodes (720 heading-states + 4 sensors + goal), radius=57.73502691896258m, directed_edges=1908, grid=12x15, start_cell=(1, 7), goal_cell=(8, 7), start_heading=0

── FORMATION PLANNING ──
  Primary: single-agent hexspline A* (threshold 8.571011681); supports added afterwards.

  [Constraint A*] Goal popped, unc OK, but its B-spline breaches an obstacle; discarded.

  [Constraint A*] Goal popped, unc OK, but its B-spline breaches an obstacle; discarded.

  [Constraint A*] Goal popped, unc OK, but its B-spline breaches an obstacle; discarded.

  [Constraint A*] Goal popped, unc OK, but its B-spline breaches an obstacle; discarded.

  ✓ FEASIBLE SOLUTION at iter 81: dist=850.0, unc=8.571
  [Constraint A*] Single-agent complete: 81 iterations, final_dist=850.0
  One support: trying both lateral slots (+1 = 60° left, -1 = 60° right).
  Slot [1]: unc=8.3491 ✓
  Slot [-1]: unc=7.0143 ✓
  → Chose slot [-1]
  Support 1 (slot -1): dist=932.3m, goal_unc=7.4127m, arc drift vs primary=82.3m
  Primary : dist=850.0m, goal_unc=7.0143m (threshold 8.571011681 ✓)
  ! A support drifted more than half a comm interval from the primary's arc; checkpoints no longer pair them where the formation puts them.

=== Continuous Spline Optimization (threshold=8.571) ===
  Initial (discrete→spline): prim_len=843.295, unc=7.0275
  Barrier stage 1/15: μ=20.0
    → Recovered into the feasible set at iter 6 (min_slack=0.010141); feasible-only gate now armed
  Barrier stage 2/15: μ=7.0
  → Converged at iter 84 (Δlen=0.000999)
  Barrier stage 3/15: μ=2.45
  → Converged at iter 86 (Δlen=0.00079)
  Barrier stage 4/15: μ=0.8575
  → Converged at iter 88 (Δlen=0.000597)
  Barrier stage 5/15: μ=0.3001
  → Converged at iter 90 (Δlen=0.000431)
  Barrier stage 6/15: μ=0.105
  [Spline barrier] line search stalled; stopping at stage 6
  Barrier stage 7/15: μ=0.0368
  [Spline barrier] line search stalled; stopping at stage 7
  Barrier stage 8/15: μ=0.0129
  [Spline barrier] line search stalled; stopping at stage 8
  Barrier stage 9/15: μ=0.0045
  [Spline barrier] line search stalled; stopping at stage 9
  Barrier stage 10/15: μ=0.0016
  [Spline barrier] line search stalled; stopping at stage 10
  Barrier stage 11/15: μ=0.0006
  [Spline barrier] line search stalled; stopping at stage 11
  Barrier stage 12/15: μ=0.0002
  [Spline barrier] line search stalled; stopping at stage 12
  Barrier stage 13/15: μ=0.0001
  [Spline barrier] line search stalled; stopping at stage 13
  Barrier stage 14/15: μ=0.0
  → Converged at iter 99 (Δlen=0.000396)
  Barrier stage 15/15: μ=0.0
  → Converged at iter 100 (Δlen=0.00033)
  Final: prim_len=851.444, unc=7.0615, threshold=8.571, status=optimized, min_slack=0.010141
  Obstacle re-verification: mean path clears all obstacles ✓
Fig combined (main) saved: Discrete Len=843.3 → Continuous Len=851.44
Fig uncertainty profile (main) saved: /home/tony-zhang/Research/landmark_planning/constraint_sweep/smoke/formation/s002_p100/formation/figures/main_unc_profile.png

[formation] produced 1 solution(s) -> /home/tony-zhang/Research/landmark_planning/constraint_sweep/smoke/formation/s002_p100/formation
