Landmark scenario: random — 3 landmarks, 3 obstacles, start (0.0, 0.0) → goal (600.0, 0.0)
Hex graph: 652 nodes (648 heading-states + 3 sensors + goal), radius=57.73502691896258m, directed_edges=1704, grid=11x15, start_cell=(1, 7), goal_cell=(7, 7), start_heading=0

── SEQUENTIAL PLANNING (2 agent(s), one at a time) ──
  Leg 1 — primary, 1 helper(s) parked at start (bound 13.8541 = 2.0x the 6.927028598 threshold the shipped route is held to):

    ✓ feasible at iter 28: dist=650.0, unc=6.6157
  Leg 2 — helper 1 vs the fixed primary trajectory (8 steps, beam 400):
    → helper 1 placed; primary goal_unc now 5.7502
  Leg 3 — primary re-planned against the committed helper paths:

    ✓ feasible at iter 68: dist=750.0, unc=6.3222
    leg 1 route: len=650.0, unc=5.7502 ✓  |  re-planned: len=750.0, unc=6.3222 ✓  → keep leg 1
  Helper 1: dist=650.0m, goal_unc=4.6028m
  Primary  : dist=650.0m, goal_unc=5.7502m (threshold 6.927028598 ✓)

=== Continuous Spline Optimization (threshold=6.927) ===
  Initial (discrete→spline): prim_len=651.065, unc=6.4062
  Barrier stage 1/15: μ=20.0
  Barrier stage 2/15: μ=7.0
  → Converged at iter 103 (Δlen=0.00061)
  Barrier stage 3/15: μ=2.45
  Barrier stage 4/15: μ=0.8575
  → Converged at iter 216 (Δlen=0.000243)
  Barrier stage 5/15: μ=0.3001
  [Spline barrier] line search stalled; stopping at stage 5
  Barrier stage 6/15: μ=0.105
  Barrier stage 7/15: μ=0.0368
  Barrier stage 8/15: μ=0.0129
  Barrier stage 9/15: μ=0.0045
  → Converged at iter 431 (Δlen=0.000174)
  Barrier stage 10/15: μ=0.0016
  → Converged at iter 432 (Δlen=0.000382)
  Barrier stage 11/15: μ=0.0006
  → Converged at iter 434 (Δlen=0.000524)
  Barrier stage 12/15: μ=0.0002
  → Converged at iter 435 (Δlen=0.000596)
  Barrier stage 13/15: μ=0.0001
  → Converged at iter 436 (Δlen=0.000635)
  Barrier stage 14/15: μ=0.0
  → Converged at iter 437 (Δlen=0.000656)
  Barrier stage 15/15: μ=0.0
  → Converged at iter 438 (Δlen=0.000667)
  Final: prim_len=603.477, unc=6.927, threshold=6.927, status=optimized, min_slack=0.0
  Obstacle re-verification: mean path clears all obstacles ✓
Fig combined (main) saved: Discrete Len=651.06 → Continuous Len=603.48
Fig uncertainty profile (main) saved: /home/tonyzhang/projects/landmark_planning/constraint_sweep/sweep_2026-08-11/sequential/s090_p090/sequential/figures/main_unc_profile.png

[sequential] produced 1 solution(s) -> /home/tonyzhang/projects/landmark_planning/constraint_sweep/sweep_2026-08-11/sequential/s090_p090/sequential
