┌ Warning: Seed is infeasible (min_slack=-56.39691148662229, ε=0.001); the barrier will try to recover it before shortening. Expected for the straight_cont ablation, and for a discrete seed that A* returned as its best incumbent after exhausting its budget.
└ @ Main ~/projects/landmark_planning/planners/hexspline_cl.jl:1215
Landmark scenario: random — 3 landmarks, 3 obstacles, start (0.0, 0.0) → goal (800.0, 0.0)
Hex graph: 796 nodes (792 heading-states + 3 sensors + goal), radius=57.73502691896258m, directed_edges=2112, grid=13x15, start_cell=(1, 7), goal_cell=(9, 7), start_heading=0

── FORMATION PLANNING ──
  Primary: single-agent hexspline A* (threshold 6.745795593); supports added afterwards.

  [Constraint A*] Incumbent seed at iter 9: dist=750.0, unc=7.9362 > 6.7458

  ✓ FEASIBLE SOLUTION at iter 16: dist=850.0, unc=6.3428
  [Constraint A*] Single-agent complete: 16 iterations, final_dist=850.0
  One support: trying both lateral slots (+1 = 60° left, -1 = 60° right).
  Slot [1]: unc=6.335 ✓
  Slot [-1]: unc=3.988 ✓
  → Chose slot [-1]
  Support 1 (slot -1): dist=932.3m, goal_unc=4.4182m, arc drift vs primary=82.3m
  Primary : dist=850.0m, goal_unc=3.988m (threshold 6.745795593 ✓)
  ! A support drifted more than half a comm interval from the primary's arc; checkpoints no longer pair them where the formation puts them.

=== Continuous Spline Optimization (threshold=6.7458) ===
  Initial (discrete→spline): prim_len=845.736, unc=4.0177
  Barrier stage 1/15: μ=20.0
  Barrier stage 2/15: μ=20.0
  Barrier stage 3/15: μ=20.0
  Barrier stage 4/15: μ=20.0
    → Recovered into the feasible set at iter 216 (min_slack=0.006347); feasible-only gate now armed
  Barrier stage 5/15: μ=7.0
  Barrier stage 6/15: μ=2.45
  Barrier stage 7/15: μ=0.8575
  → Converged at iter 406 (Δlen=0.000991)
  Barrier stage 8/15: μ=0.3001
  → Converged at iter 408 (Δlen=0.000948)
  Barrier stage 9/15: μ=0.105
  → Converged at iter 410 (Δlen=0.000908)
  Barrier stage 10/15: μ=0.0368
  → Converged at iter 412 (Δlen=0.000874)
  Barrier stage 11/15: μ=0.0129
  → Converged at iter 414 (Δlen=0.000846)
  Barrier stage 12/15: μ=0.0045
  → Converged at iter 416 (Δlen=0.000824)
  Barrier stage 13/15: μ=0.0016
  → Converged at iter 418 (Δlen=0.000806)
  Barrier stage 14/15: μ=0.0006
  → Converged at iter 420 (Δlen=0.000791)
  Barrier stage 15/15: μ=0.0002
  → Converged at iter 422 (Δlen=0.00078)
  Final: prim_len=889.577, unc=4.7666, threshold=6.7458, status=optimized, min_slack=0.006486
  Obstacle re-verification: mean path clears all obstacles ✓
Fig combined (main) saved: Discrete Len=845.74 → Continuous Len=889.58
Fig uncertainty profile (main) saved: /home/tonyzhang/projects/landmark_planning/constraint_sweep/sweep_2026-08-11/formation/s088_p085/formation/figures/main_unc_profile.png

[formation] produced 1 solution(s) -> /home/tonyzhang/projects/landmark_planning/constraint_sweep/sweep_2026-08-11/formation/s088_p085/formation
