┌ Warning: Seed is infeasible (min_slack=-24.684341573444097, ε=0.001); the barrier will try to recover it before shortening. Expected for the straight_cont ablation, and for a discrete seed that A* returned as its best incumbent after exhausting its budget.
└ @ Main ~/projects/landmark_planning/planners/hexspline_cl.jl:1215
Landmark scenario: random — 2 landmarks, 3 obstacles, start (0.0, 0.0) → goal (700.0, 0.0)
Hex graph: 723 nodes (720 heading-states + 2 sensors + goal), radius=57.73502691896258m, directed_edges=1908, grid=12x15, start_cell=(1, 7), goal_cell=(8, 7), start_heading=0

── GREEDY PLANNING ──
  Primary: shortest obstacle-clear route (single-agent A*, no uncertainty bound)

  [Constraint A*] Goal popped, unc OK, but its B-spline breaches an obstacle; discarded.

  ✓ FEASIBLE SOLUTION at iter 35: dist=750.0, unc=9.586
  [Constraint A*] Single-agent complete: 35 iterations, final_dist=750.0
  Helpers: greedy placement, minimising the primary's uncertainty per step
  Support 1: dist=750.0m, goal_unc=7.961m
  Primary  : dist=750.0m, goal_unc=7.9862m (threshold 8.148090742 ✓)

=== Continuous Spline Optimization (threshold=8.1481) ===
  Initial (discrete→spline): prim_len=746.455, unc=7.9634
  Barrier stage 1/15: μ=20.0
  [Spline barrier] line search stalled; stopping at stage 1
  Barrier stage 2/15: μ=20.0
  [Spline barrier] line search stalled; stopping at stage 2
  Barrier stage 3/15: μ=20.0
  [Spline barrier] line search stalled; stopping at stage 3
  Barrier stage 4/15: μ=20.0
    → Recovered into the feasible set at iter 72 (min_slack=0.00056); feasible-only gate now armed
  Barrier stage 5/15: μ=7.0
  → Converged at iter 121 (Δlen=0.000968)
  Barrier stage 6/15: μ=2.45
  → Converged at iter 123 (Δlen=0.00086)
  Barrier stage 7/15: μ=0.8575
  → Converged at iter 125 (Δlen=0.000764)
  Barrier stage 8/15: μ=0.3001
  → Converged at iter 127 (Δlen=0.000682)
  Barrier stage 9/15: μ=0.105
  → Converged at iter 129 (Δlen=0.000615)
  Barrier stage 10/15: μ=0.0368
  → Converged at iter 131 (Δlen=0.00056)
  Barrier stage 11/15: μ=0.0129
  → Converged at iter 133 (Δlen=0.000516)
  Barrier stage 12/15: μ=0.0045
  → Converged at iter 135 (Δlen=0.00048)
  Barrier stage 13/15: μ=0.0016
  → Converged at iter 136 (Δlen=0.000944)
  Barrier stage 14/15: μ=0.0006
  → Converged at iter 138 (Δlen=0.000438)
  Barrier stage 15/15: μ=0.0002
  → Converged at iter 139 (Δlen=0.000866)
  Final: prim_len=755.307, unc=8.1017, threshold=8.1481, status=optimized, min_slack=0.010764
  Obstacle re-verification: mean path clears all obstacles ✓
Fig combined (main) saved: Discrete Len=746.45 → Continuous Len=755.31
Fig uncertainty profile (main) saved: /home/tonyzhang/projects/landmark_planning/constraint_sweep/sweep_2026-08-11/greedy/s021_p085/greedy/figures/main_unc_profile.png

[greedy] produced 1 solution(s) -> /home/tonyzhang/projects/landmark_planning/constraint_sweep/sweep_2026-08-11/greedy/s021_p085/greedy
