┌ Warning: Seed is infeasible (min_slack=-7.211943963017885, ε=0.001); the barrier will try to recover it before shortening. Expected for the straight_cont ablation, and for a discrete seed that A* returned as its best incumbent after exhausting its budget.
└ @ Main ~/projects/landmark_planning/planners/hexspline_cl.jl:1215
Landmark scenario: random — 4 landmarks, 5 obstacles, start (0.0, 0.0) → goal (700.0, 0.0)
Hex graph: 725 nodes (720 heading-states + 4 sensors + goal), radius=57.73502691896258m, directed_edges=1908, grid=12x15, start_cell=(1, 7), goal_cell=(8, 7), start_heading=0

── SEQUENTIAL PLANNING (2 agent(s), one at a time) ──
  Leg 1 — primary, 1 helper(s) parked at start (bound 11.6951 = 2.0x the 5.847566562 threshold the shipped route is held to):

    ✓ feasible at iter 145: dist=950.0, unc=5.8476
  Leg 2 — helper 1 vs the fixed primary trajectory (11 steps, beam 400):
    → helper 1 placed; primary goal_unc now 3.3218
  Leg 3 — primary re-planned against the committed helper paths:

    ✓ feasible at iter 920: dist=1250.0, unc=3.3619
    leg 1 route: len=950.0, unc=3.3218 ✓  |  re-planned: len=1250.0, unc=3.3619 ✓  → keep leg 1
  Helper 1: dist=950.0m, goal_unc=2.7752m
  Primary  : dist=950.0m, goal_unc=3.3218m (threshold 5.847566562 ✓)

=== Continuous Spline Optimization (threshold=5.8476) ===
  Initial (discrete→spline): prim_len=893.532, unc=3.7322
  Barrier stage 1/15: μ=20.0
    → Recovered into the feasible set at iter 9 (min_slack=0.010735); feasible-only gate now armed
  Barrier stage 2/15: μ=7.0
  → Converged at iter 78 (Δlen=0.000962)
  Barrier stage 3/15: μ=2.45
  → Converged at iter 80 (Δlen=0.000688)
  Barrier stage 4/15: μ=0.8575
  → Converged at iter 82 (Δlen=0.000424)
  Barrier stage 5/15: μ=0.3001
  → Converged at iter 83 (Δlen=0.000726)
  Barrier stage 6/15: μ=0.105
  → Converged at iter 84 (Δlen=0.000914)
  Barrier stage 7/15: μ=0.0368
  → Converged at iter 85 (Δlen=0.000998)
  Barrier stage 8/15: μ=0.0129
  → Converged at iter 86 (Δlen=0.000986)
  Barrier stage 9/15: μ=0.0045
  → Converged at iter 87 (Δlen=0.000887)
  Barrier stage 10/15: μ=0.0016
  → Converged at iter 88 (Δlen=0.000708)
  Barrier stage 11/15: μ=0.0006
  → Converged at iter 89 (Δlen=0.000455)
  Barrier stage 12/15: μ=0.0002
  → Converged at iter 90 (Δlen=0.000137)
  Barrier stage 13/15: μ=0.0001
  → Converged at iter 91 (Δlen=0.000243)
  Barrier stage 14/15: μ=0.0
  → Converged at iter 92 (Δlen=0.000679)
  Barrier stage 15/15: μ=0.0
  → Converged at iter 94 (Δlen=0.000533)
  Final: prim_len=900.531, unc=3.9114, threshold=5.8476, status=optimized, min_slack=0.010735
  Obstacle re-verification: mean path clears all obstacles ✓
Fig combined (main) saved: Discrete Len=893.53 → Continuous Len=900.53
Fig uncertainty profile (main) saved: /home/tonyzhang/projects/landmark_planning/constraint_sweep/sweep_2026-08-11/sequential/s016_p100/sequential/figures/main_unc_profile.png

[sequential] produced 1 solution(s) -> /home/tonyzhang/projects/landmark_planning/constraint_sweep/sweep_2026-08-11/sequential/s016_p100/sequential
