Landmark scenario: random — 4 landmarks, 4 obstacles, start (0.0, 0.0) → goal (800.0, 0.0)
Hex graph: 797 nodes (792 heading-states + 4 sensors + goal), radius=57.73502691896258m, directed_edges=2112, grid=13x15, start_cell=(1, 7), goal_cell=(9, 7), start_heading=0

── SEQUENTIAL PLANNING (2 agent(s), one at a time) ──
  Leg 1 — primary, 1 helper(s) parked at start (bound 7.5713 = 2.0x the 3.785625677 threshold the shipped route is held to):

    ✓ feasible at iter 380: dist=1150.0, unc=3.9849
  Leg 2 — helper 1 vs the fixed primary trajectory (13 steps, beam 400):
    → helper 1 placed; primary goal_unc now 3.0747
  Leg 3 — primary re-planned against the committed helper paths:
  [A*] iter 1000/500000 (0.2%)  left=499000  elapsed=0.1s     [A*] iter 2000/500000 (0.4%)  left=498000  elapsed=0.4s     [A*] iter 3000/500000 (0.6%)  left=497000  elapsed=0.4s   
    ✓ feasible at iter 3539: dist=1550.0, unc=3.383
    leg 1 route: len=1150.0, unc=3.0747 ✓  |  re-planned: len=1550.0, unc=3.383 ✓  → keep leg 1
  Helper 1: dist=1150.0m, goal_unc=2.7244m
  Primary  : dist=1150.0m, goal_unc=3.0747m (threshold 3.785625677 ✓)

=== Continuous Spline Optimization (threshold=3.7856) ===
  Initial (discrete→spline): prim_len=1140.708, unc=3.5988
  Barrier stage 1/15: μ=20.0
  Barrier stage 2/15: μ=7.0
  → Converged at iter 124 (Δlen=0.00091)
  Barrier stage 3/15: μ=2.45
  Barrier stage 4/15: μ=0.8575
  Barrier stage 5/15: μ=0.3001
  → Converged at iter 266 (Δlen=0.000298)
  Barrier stage 6/15: μ=0.105
  → Converged at iter 283 (Δlen=0.00027)
  Barrier stage 7/15: μ=0.0368
  → Converged at iter 284 (Δlen=0.000411)
  Barrier stage 8/15: μ=0.0129
  [Spline barrier] line search stalled; stopping at stage 8
  Barrier stage 9/15: μ=0.0045
  → Converged at iter 286 (Δlen=0.000565)
  Barrier stage 10/15: μ=0.0016
  → Converged at iter 301 (Δlen=0.000307)
  Barrier stage 11/15: μ=0.0006
  → Converged at iter 302 (Δlen=0.000466)
  Barrier stage 12/15: μ=0.0002
  [Spline barrier] line search stalled; stopping at stage 12
  Barrier stage 13/15: μ=0.0001
  [Spline barrier] line search stalled; stopping at stage 13
  Barrier stage 14/15: μ=0.0
  [Spline barrier] line search stalled; stopping at stage 14
  Barrier stage 15/15: μ=0.0
  → Converged at iter 306 (Δlen=0.000641)
  Final: prim_len=1081.648, unc=2.381, threshold=3.7856, status=optimized, min_slack=0.014809
  Obstacle re-verification: mean path clears all obstacles ✓
Fig combined (main) saved: Discrete Len=1140.71 → Continuous Len=1081.65
Fig uncertainty profile (main) saved: /home/tonyzhang/projects/landmark_planning/constraint_sweep/sweep_2026-08-11/sequential/s029_p095/sequential/figures/main_unc_profile.png

[sequential] produced 1 solution(s) -> /home/tonyzhang/projects/landmark_planning/constraint_sweep/sweep_2026-08-11/sequential/s029_p095/sequential
