Landmark scenario: random — 4 landmarks, 4 obstacles, start (0.0, 0.0) → goal (600.0, 0.0)
Hex graph: 653 nodes (648 heading-states + 4 sensors + goal), radius=57.73502691896258m, directed_edges=1704, grid=11x15, start_cell=(1, 7), goal_cell=(7, 7), start_heading=0
Conditional ε-bound: ε_sample=1.1925, w=1.0, ε_total=1.1925
  Bound form (conditional): L_returned ≤ (1+ε_total) L* with assumptions documented in comments.

── MULTI-AGENT PLANNING (Synchronized Kalman) ──

  Running joint discrete A* (threshold=3.5519)... (max_iters=500000)
  Stops on the first feasible candidate under the threshold.
  ✓ Goal reachable from node 1 with distance 600.0

  [Constraint A*] Incumbent seed at iter 73: dist=650.0, unc=6.6613 > 3.5519
  [A*] iter 1000/500000 (0.2%)  left=499000  elapsed=2.0s   ┌ Warning: Seed is infeasible (min_slack=-0.4602086302619184, ε=0.001); the barrier will try to recover it before shortening. Expected for the straight_cont ablation, and for a discrete seed that A* returned as its best incumbent after exhausting its budget.
└ @ Main ~/projects/landmark_planning/planners/hexspline_cl.jl:1215

  [Constraint A*] Incumbent seed at iter 1068: dist=686.603, unc=3.9094 > 3.5519

  ✓ FEASIBLE SOLUTION at iter 1069: dist=686.603, unc=3.4478
  [Constraint A*] Complete: 1069 iterations, final_dist=686.603

✓ Multi-agent solution with synchronized Kalman fusion:
  Support agent 1: node=463, dist=686.6m, goal_unc=2.8882m
  Primary agent: node=361, dist=686.6m, goal_unc=3.4478m
  ├─ Communication: every 100.0m, sigmoid taper range=200.0m width=20.0m
  └─ All agents' uncertainties benefit from synchronized Kalman fusion at checkpoints

--- Final Results ---
Support agent 1 : [1, 386, 391, 446, 506, 511, 462, 463]  dist=686.603  goal_unc=2.8882  ✓  (Kalman-fused)
Primary agent : [1, 386, 391, 397, 403, 354, 355, 361]  dist=686.603  goal_unc=3.4478  threshold=3.55194549 ✓ met  (Kalman-fused)

=== Kalman Filtering Summary ===
All 2 agents performing synchronized Kalman filtering:
  • Dead-reckoning propagation: DIR=0.05/m, PERP=0.016666666666666666/m
  • Landmark fusion: Information filter (Joseph form) at every waypoint
  • SYNCHRONIZED inter-agent communication: every 100.0m of travel
  • Tapered sigmoid weighting: range=200.0m, width=20.0m (soft plateau + rolloff)
  • Bidirectional Kalman fusion: all agent pairs within range at each checkpoint
  • Measurement model: bearing-angle sensor with noise=0.038, ratio=2.2
  └─ Support agents: goal_unc=2.8882m (improved by inter-agent fusion)
  └─ Primary agent: goal_unc=3.4478m (direct path with landmark updates)
Converged at iteration : 1069
Figure path-role mapping: supports = paths[1:1], primary = paths[2]
Discrete evaluation: prim_len=686.603, unc=3.4478
Fig 1 saved.

=== Continuous Spline Optimization (threshold=3.5519) ===
  Initial (discrete→spline): prim_len=679.779, unc=4.0122
  Barrier stage 1/15: μ=20.0
  [Spline barrier] line search stalled; stopping at stage 1
  Barrier stage 2/15: μ=20.0
  [Spline barrier] line search stalled; stopping at stage 2
  Barrier stage 3/15: μ=20.0
  [Spline barrier] line search stalled; stopping at stage 3
  Barrier stage 4/15: μ=20.0
  [Spline barrier] line search stalled; stopping at stage 4
  Barrier stage 5/15: μ=20.0
  [Spline barrier] line search stalled; stopping at stage 5
  Barrier stage 6/15: μ=20.0
  [Spline barrier] line search stalled; stopping at stage 6
  Barrier stage 7/15: μ=20.0
  [Spline barrier] line search stalled; stopping at stage 7
  Barrier stage 8/15: μ=20.0
  [Spline barrier] line search stalled; stopping at stage 8
  Barrier stage 9/15: μ=20.0
  [Spline barrier] line search stalled; stopping at stage 9
  Barrier stage 10/15: μ=20.0
  [Spline barrier] line search stalled; stopping at stage 10
  Barrier stage 11/15: μ=20.0
  [Spline barrier] line search stalled; stopping at stage 11
  Barrier stage 12/15: μ=20.0
  [Spline barrier] line search stalled; stopping at stage 12
  Barrier stage 13/15: μ=20.0
  [Spline barrier] line search stalled; stopping at stage 13
  Barrier stage 14/15: μ=20.0
  [Spline barrier] line search stalled; stopping at stage 14
  Barrier stage 15/15: μ=20.0
  [Spline barrier] line search stalled; stopping at stage 15
  Final: prim_len=676.842, unc=3.7266, threshold=3.5519, status=recovery_failed, min_slack=-0.174647
  Obstacle re-verification: mean path clears all obstacles ✓
Fig combined (main) saved: Discrete Len=679.78 → Continuous Len=676.84
Fig uncertainty profile (main) saved: /home/tonyzhang/projects/landmark_planning/constraint_sweep/sweep_2026-08-11/hexspline_cl/s073_p050/hexspline_cl/figures/main_unc_profile.png

[hexspline_cl] produced 1 solution(s) -> /home/tonyzhang/projects/landmark_planning/constraint_sweep/sweep_2026-08-11/hexspline_cl/s073_p050/hexspline_cl
