┌ Warning: Seed is infeasible (min_slack=-44.0524135457548, ε=0.001); the barrier will try to recover it before shortening. Expected for the straight_cont ablation, and for a discrete seed that A* returned as its best incumbent after exhausting its budget.
└ @ Main ~/projects/landmark_planning/planners/hexspline_cl.jl:1215
Landmark scenario: random — 2 landmarks, 4 obstacles, start (0.0, 0.0) → goal (700.0, 0.0)
Hex graph: 723 nodes (720 heading-states + 2 sensors + goal), radius=57.73502691896258m, directed_edges=1908, grid=12x15, start_cell=(1, 7), goal_cell=(8, 7), start_heading=0

── FORMATION PLANNING ──
  Primary: single-agent hexspline A* (threshold 4.601956532); supports added afterwards.

  [Constraint A*] Incumbent seed at iter 56: dist=850.0, unc=4.8442 > 4.602

  ✓ FEASIBLE SOLUTION at iter 136: dist=950.0, unc=4.538
  [Constraint A*] Single-agent complete: 136 iterations, final_dist=950.0
  One support: trying both lateral slots (+1 = 60° left, -1 = 60° right).
  Slot [1]: unc=4.538 ✓
  Slot [-1]: unc=3.124 ✓
  → Chose slot [-1]
  Support 1 (slot -1): dist=1032.3m, goal_unc=3.4832m, arc drift vs primary=82.3m
  Primary : dist=950.0m, goal_unc=3.124m (threshold 4.601956532 ✓)
  ! A support drifted more than half a comm interval from the primary's arc; checkpoints no longer pair them where the formation puts them.

=== Continuous Spline Optimization (threshold=4.602) ===
  Initial (discrete→spline): prim_len=916.852, unc=3.3067
  Barrier stage 1/15: μ=20.0
  Barrier stage 2/15: μ=20.0
  Barrier stage 3/15: μ=20.0
    → Recovered into the feasible set at iter 158 (min_slack=0.000509); feasible-only gate now armed
  → Converged at iter 177 (Δlen=0.00071)
  Barrier stage 4/15: μ=7.0
  → Converged at iter 179 (Δlen=0.000294)
  Barrier stage 5/15: μ=2.45
  → Converged at iter 180 (Δlen=0.000476)
  Barrier stage 6/15: μ=0.8575
  → Converged at iter 181 (Δlen=0.00058)
  Barrier stage 7/15: μ=0.3001
  → Converged at iter 182 (Δlen=0.000622)
  Barrier stage 8/15: μ=0.105
  → Converged at iter 183 (Δlen=0.000611)
  Barrier stage 9/15: μ=0.0368
  → Converged at iter 184 (Δlen=0.000551)
  Barrier stage 10/15: μ=0.0129
  → Converged at iter 185 (Δlen=0.000447)
  Barrier stage 11/15: μ=0.0045
  → Converged at iter 186 (Δlen=0.000304)
  Barrier stage 12/15: μ=0.0016
  → Converged at iter 187 (Δlen=0.000124)
  Barrier stage 13/15: μ=0.0006
  → Converged at iter 188 (Δlen=8.8e-5)
  Barrier stage 14/15: μ=0.0002
  → Converged at iter 189 (Δlen=0.000331)
  Barrier stage 15/15: μ=0.0001
  → Converged at iter 190 (Δlen=0.000601)
  Final: prim_len=952.255, unc=4.0097, threshold=4.602, status=optimized, min_slack=0.000509
  Obstacle re-verification: mean path clears all obstacles ✓
Fig combined (main) saved: Discrete Len=916.85 → Continuous Len=952.25
Fig uncertainty profile (main) saved: /home/tonyzhang/projects/landmark_planning/constraint_sweep/sweep_2026-08-11/formation/s086_p095/formation/figures/main_unc_profile.png

[formation] produced 1 solution(s) -> /home/tonyzhang/projects/landmark_planning/constraint_sweep/sweep_2026-08-11/formation/s086_p095/formation
