Landmark scenario: random — 4 landmarks, 3 obstacles, start (0.0, 0.0) → goal (600.0, 0.0)
Hex graph: 653 nodes (648 heading-states + 4 sensors + goal), radius=57.73502691896258m, directed_edges=1704, grid=11x15, start_cell=(1, 7), goal_cell=(7, 7), start_heading=0

── FORMATION PLANNING ──
  Primary: single-agent hexspline A* (threshold 6.831698269); supports added afterwards.

  ✓ FEASIBLE SOLUTION at iter 7: dist=550.0, unc=6.8317
  [Constraint A*] Single-agent complete: 7 iterations, final_dist=550.0
  One support: trying both lateral slots (+1 = 60° left, -1 = 60° right).
  Slot [1]: unc=6.0944 ✓
  Slot [-1]: unc=6.8271 ✓
  → Chose slot [1]
  Support 1 (slot 1): dist=550.0m, goal_unc=6.058m, arc drift vs primary=0.0m
  Primary : dist=550.0m, goal_unc=6.0944m (threshold 6.831698269 ✓)

=== Continuous Spline Optimization (threshold=6.8317) ===
  Initial (discrete→spline): prim_len=600.0, unc=6.1599
  Barrier stage 1/15: μ=20.0
  Barrier stage 2/15: μ=7.0
  → Converged at iter 86 (Δlen=0.000311)
  Barrier stage 3/15: μ=2.45
  Barrier stage 4/15: μ=0.8575
  Barrier stage 5/15: μ=0.3001
  Barrier stage 6/15: μ=0.105
  Barrier stage 7/15: μ=0.0368
  → Converged at iter 421 (Δlen=0.000998)
  Barrier stage 8/15: μ=0.0129
  → Converged at iter 423 (Δlen=0.000977)
  Barrier stage 9/15: μ=0.0045
  → Converged at iter 425 (Δlen=0.000958)
  Barrier stage 10/15: μ=0.0016
  → Converged at iter 427 (Δlen=0.000939)
  Barrier stage 11/15: μ=0.0006
  → Converged at iter 429 (Δlen=0.000918)
  Barrier stage 12/15: μ=0.0002
  → Converged at iter 431 (Δlen=0.000897)
  Barrier stage 13/15: μ=0.0001
  → Converged at iter 433 (Δlen=0.000874)
  Barrier stage 14/15: μ=0.0
  → Converged at iter 435 (Δlen=0.000851)
  Barrier stage 15/15: μ=0.0
  → Converged at iter 437 (Δlen=0.000828)
  Final: prim_len=600.002, unc=6.1315, threshold=6.8317, status=optimized, min_slack=0.011865
  Obstacle re-verification: mean path clears all obstacles ✓
Fig combined (main) saved: Discrete Len=600.0 → Continuous Len=600.0
Fig uncertainty profile (main) saved: /home/tonyzhang/projects/landmark_planning/constraint_sweep/sweep_2026-08-11/formation/s077_p100/formation/figures/main_unc_profile.png

[formation] produced 1 solution(s) -> /home/tonyzhang/projects/landmark_planning/constraint_sweep/sweep_2026-08-11/formation/s077_p100/formation
