┌ Warning: Seed is infeasible (min_slack=-57.07967151428407, ε=0.001); the barrier will try to recover it before shortening. Expected for the straight_cont ablation, and for a discrete seed that A* returned as its best incumbent after exhausting its budget.
└ @ Main ~/projects/landmark_planning/planners/hexspline_cl.jl:1215
Landmark scenario: random — 3 landmarks, 3 obstacles, start (0.0, 0.0) → goal (600.0, 0.0)
Hex graph: 652 nodes (648 heading-states + 3 sensors + goal), radius=57.73502691896258m, directed_edges=1704, grid=11x15, start_cell=(1, 7), goal_cell=(7, 7), start_heading=0

── FORMATION PLANNING ──
  Primary: single-agent hexspline A* (threshold 7.31186352); supports added afterwards.

  [Constraint A*] Goal popped, unc OK, but its B-spline breaches an obstacle; discarded.

  [Constraint A*] Incumbent seed at iter 79: dist=786.603, unc=7.6967 > 7.3119

  [Constraint A*] Goal popped, unc OK, but its B-spline breaches an obstacle; discarded.

  ✓ FEASIBLE SOLUTION at iter 138: dist=886.603, unc=6.7454
  [Constraint A*] Single-agent complete: 138 iterations, final_dist=886.603
  One support: trying both lateral slots (+1 = 60° left, -1 = 60° right).
  Slot [1]: unc=4.7508 ✓
  Slot [-1]: unc=6.7454 ✓
  → Chose slot [1]
  Support 1 (slot 1): dist=932.3m, goal_unc=4.9883m, arc drift vs primary=45.7m
  Primary : dist=886.6m, goal_unc=4.7508m (threshold 7.31186352 ✓)

=== Continuous Spline Optimization (threshold=7.3119) ===
  Initial (discrete→spline): prim_len=862.604, unc=5.6068
  Barrier stage 1/15: μ=20.0
  Barrier stage 2/15: μ=20.0
  Barrier stage 3/15: μ=20.0
  Barrier stage 4/15: μ=20.0
  Barrier stage 5/15: μ=20.0
  Barrier stage 6/15: μ=20.0
  Barrier stage 7/15: μ=20.0
  Barrier stage 8/15: μ=20.0
  Barrier stage 9/15: μ=20.0
  Barrier stage 10/15: μ=20.0
  Barrier stage 11/15: μ=20.0
  Barrier stage 12/15: μ=20.0
    → Recovered into the feasible set at iter 774 (min_slack=6.0e-6); feasible-only gate now armed
  Barrier stage 13/15: μ=7.0
  Barrier stage 14/15: μ=2.45
  Barrier stage 15/15: μ=0.8575
  Final: prim_len=891.566, unc=6.3706, threshold=7.3119, status=optimized, min_slack=0.000597
  Obstacle re-verification: mean path clears all obstacles ✓
Fig combined (main) saved: Discrete Len=862.6 → Continuous Len=891.57
Fig uncertainty profile (main) saved: /home/tonyzhang/projects/landmark_planning/constraint_sweep/sweep_2026-08-11/formation/s090_p095/formation/figures/main_unc_profile.png

[formation] produced 1 solution(s) -> /home/tonyzhang/projects/landmark_planning/constraint_sweep/sweep_2026-08-11/formation/s090_p095/formation
