┌ Warning: Seed is infeasible (min_slack=-0.18040652748486208, ε=0.001); the barrier will try to recover it before shortening. Expected for the straight_cont ablation, and for a discrete seed that A* returned as its best incumbent after exhausting its budget.
└ @ Main ~/Research/landmark_planning/planners/hexspline_cl.jl:1215
Landmark scenario: random — 4 landmarks, 3 obstacles, start (0.0, 0.0) → goal (800.0, 0.0)
Hex graph: 797 nodes (792 heading-states + 4 sensors + goal), radius=57.73502691896258m, directed_edges=2112, grid=13x15, start_cell=(1, 7), goal_cell=(9, 7), start_heading=0

── SEQUENTIAL PLANNING (2 agent(s), one at a time) ──
  Leg 1 — primary, 1 helper(s) parked at start (bound 6.9179 = 2.0x the 3.458929257 threshold the shipped route is held to):

    ✓ feasible at iter 96: dist=950.0, unc=3.8433
  Leg 2 — helper 1 vs the fixed primary trajectory (11 steps, beam 400):
    → helper 1 placed; primary goal_unc now 3.1148
  Leg 3 — primary re-planned against the committed helper paths:

    ✓ feasible at iter 993: dist=1250.0, unc=3.3002
    leg 1 route: len=950.0, unc=3.1148 ✓  |  re-planned: len=1250.0, unc=3.3002 ✓  → keep leg 1
  Helper 1: dist=950.0m, goal_unc=2.386m
  Primary  : dist=950.0m, goal_unc=3.1148m (threshold 3.458929257 ✓)

=== Continuous Spline Optimization (threshold=3.4589) ===
  Initial (discrete→spline): prim_len=943.295, unc=3.6393
  Barrier stage 1/15: μ=20.0
    → Recovered into the feasible set at iter 3 (min_slack=0.011105); feasible-only gate now armed
  Barrier stage 2/15: μ=7.0
  Barrier stage 3/15: μ=2.45
  → Converged at iter 139 (Δlen=0.000287)
  Barrier stage 4/15: μ=0.8575
  Barrier stage 5/15: μ=0.3001
  Barrier stage 6/15: μ=0.105
  Barrier stage 7/15: μ=0.0368
  Barrier stage 8/15: μ=0.0129
  Barrier stage 9/15: μ=0.0045
  Barrier stage 10/15: μ=0.0016
  Barrier stage 11/15: μ=0.0006
  Barrier stage 12/15: μ=0.0002
  → Converged at iter 679 (Δlen=0.000473)
  Barrier stage 13/15: μ=0.0001
  → Converged at iter 680 (Δlen=0.000713)
  Barrier stage 14/15: μ=0.0
  → Converged at iter 681 (Δlen=0.000774)
  Barrier stage 15/15: μ=0.0
  [Spline barrier] line search stalled; stopping at stage 15
  Final: prim_len=916.725, unc=2.7776, threshold=3.4589, status=optimized, min_slack=1.0e-6
  Obstacle re-verification: mean path clears all obstacles ✓
Fig combined (main) saved: Discrete Len=943.3 → Continuous Len=916.72
Fig uncertainty profile (main) saved: /home/tony-zhang/Research/landmark_planning/constraint_sweep/smoke/sequential/s005_p090/sequential/figures/main_unc_profile.png

[sequential] produced 1 solution(s) -> /home/tony-zhang/Research/landmark_planning/constraint_sweep/smoke/sequential/s005_p090/sequential
