Landmark scenario: random — 2 landmarks, 3 obstacles, start (0.0, 0.0) → goal (600.0, 0.0)
Hex graph: 297 nodes (294 heading-states + 2 sensors + goal), radius=86.60254037844388m, directed_edges=726, grid=9x11, start_cell=(2, 5), goal_cell=(6, 5), start_heading=0

── SEQUENTIAL PLANNING (2 agent(s), one at a time) ──
  Leg 1 — primary, 1 helper(s) parked at start (bound 8.9677 = 2.0x the 4.483842895 threshold the shipped route is held to):

    ✓ feasible at iter 9: dist=750.0, unc=7.1207
  Leg 2 — helper 1 vs the fixed primary trajectory (6 steps, beam 400):
    (took rank #2 of 20; 1 better-ranked route(s) breach as splines)
    → helper 1 placed; primary goal_unc now 3.8008
  Leg 3 — primary re-planned against the committed helper paths:

    ✓ feasible at iter 7: dist=750.0, unc=3.5192
    leg 1 route: len=750.0, unc=3.8008 ✓  |  re-planned: len=750.0, unc=3.5192 ✓  → TAKE re-plan
  Helper 1: dist=750.0m, goal_unc=3.4995m
  Primary  : dist=750.0m, goal_unc=3.5192m (threshold 4.483842895 ✓)

=== Continuous Spline Optimization (threshold=4.4838) ===
  Initial (discrete→spline): prim_len=685.869, unc=3.5192
  Barrier stage 1/15: μ=20.0
  → Converged at iter 12 (Δlen=0.000391)
  Barrier stage 2/15: μ=7.0
  → Converged at iter 13 (Δlen=0.000158)
  Barrier stage 3/15: μ=2.45
  → Converged at iter 14 (Δlen=8.0e-5)
  Barrier stage 4/15: μ=0.8575
  → Converged at iter 15 (Δlen=7.2e-5)
  Barrier stage 5/15: μ=0.3001
  [Spline barrier] line search stalled; stopping at stage 5
  Barrier stage 6/15: μ=0.105
  [Spline barrier] line search stalled; stopping at stage 6
  Barrier stage 7/15: μ=0.0368
  → Converged at iter 18 (Δlen=5.6e-5)
  Barrier stage 8/15: μ=0.0129
  Barrier stage 9/15: μ=0.0045
  Barrier stage 10/15: μ=0.0016
  Barrier stage 11/15: μ=0.0006
  Barrier stage 12/15: μ=0.0002
  Barrier stage 13/15: μ=0.0001
  Barrier stage 14/15: μ=0.0
  Barrier stage 15/15: μ=0.0
  → Converged at iter 510 (Δlen=0.000556)
  Final: prim_len=646.706, unc=3.1965, threshold=4.4838, status=optimized, min_slack=1.0e-6
  Obstacle re-verification: mean path clears all obstacles ✓
Fig combined (main) saved: Discrete Len=685.87 → Continuous Len=646.71
Fig uncertainty profile (main) saved: /home/tonyzhang/projects/landmark_planning/constraint_sweep/baseline_2026-08-17/sequential/s061_p050/sequential/figures/main_unc_profile.png

[sequential] produced 1 solution(s) -> /home/tonyzhang/projects/landmark_planning/constraint_sweep/baseline_2026-08-17/sequential/s061_p050/sequential
