┌ Warning: Seed is infeasible (min_slack=-25.241890857029883, ε=0.001); the barrier will try to recover it before shortening. Expected for the straight_cont ablation, and for a discrete seed that A* returned as its best incumbent after exhausting its budget.
└ @ Main ~/projects/landmark_planning/planners/hexspline_cl.jl:1215
Landmark scenario: random — 4 landmarks, 5 obstacles, start (0.0, 0.0) → goal (800.0, 0.0)
Hex graph: 797 nodes (792 heading-states + 4 sensors + goal), radius=57.73502691896258m, directed_edges=2112, grid=13x15, start_cell=(1, 7), goal_cell=(9, 7), start_heading=0

── GREEDY PLANNING ──
  Primary: shortest obstacle-clear route (single-agent A*, no uncertainty bound)

  [Constraint A*] Goal popped, unc OK, but its B-spline breaches an obstacle; discarded.

  [Constraint A*] Goal popped, unc OK, but its B-spline breaches an obstacle; discarded.

  [Constraint A*] Goal popped, unc OK, but its B-spline breaches an obstacle; discarded.

  [Constraint A*] Goal popped, unc OK, but its B-spline breaches an obstacle; discarded.

  [Constraint A*] Goal popped, unc OK, but its B-spline breaches an obstacle; discarded.

  [Constraint A*] Goal popped, unc OK, but its B-spline breaches an obstacle; discarded.

  [Constraint A*] Goal popped, unc OK, but its B-spline breaches an obstacle; discarded.

  [Constraint A*] Goal popped, unc OK, but its B-spline breaches an obstacle; discarded.

  [Constraint A*] Goal popped, unc OK, but its B-spline breaches an obstacle; discarded.

  [Constraint A*] Goal popped, unc OK, but its B-spline breaches an obstacle; discarded.

  [Constraint A*] Goal popped, unc OK, but its B-spline breaches an obstacle; discarded.

  [Constraint A*] Goal popped, unc OK, but its B-spline breaches an obstacle; discarded.

  ✓ FEASIBLE SOLUTION at iter 266: dist=1150.0, unc=5.5511
  [Constraint A*] Single-agent complete: 266 iterations, final_dist=1150.0
  Helpers: greedy placement, minimising the primary's uncertainty per step
  Support 1: dist=1150.0m, goal_unc=5.5625m
  Primary  : dist=1150.0m, goal_unc=5.5511m (threshold 5.273543332 ✗)

=== Continuous Spline Optimization (threshold=5.2735) ===
  Initial (discrete→spline): prim_len=1121.829, unc=5.9279
  Barrier stage 1/15: μ=20.0
    → Recovered into the feasible set at iter 62 (min_slack=0.001335); feasible-only gate now armed
  Barrier stage 2/15: μ=7.0
  → Converged at iter 104 (Δlen=0.000294)
  Barrier stage 3/15: μ=2.45
  → Converged at iter 105 (Δlen=0.000418)
  Barrier stage 4/15: μ=0.8575
  → Converged at iter 106 (Δlen=0.000465)
  Barrier stage 5/15: μ=0.3001
  [Spline barrier] line search stalled; stopping at stage 5
  Barrier stage 6/15: μ=0.105
  Barrier stage 7/15: μ=0.0368
  Barrier stage 8/15: μ=0.0129
  Barrier stage 9/15: μ=0.0045
  Barrier stage 10/15: μ=0.0016
  Barrier stage 11/15: μ=0.0006
  Barrier stage 12/15: μ=0.0002
  Barrier stage 13/15: μ=0.0001
  → Converged at iter 623 (Δlen=0.000227)
  Barrier stage 14/15: μ=0.0
  → Converged at iter 624 (Δlen=0.000284)
  Barrier stage 15/15: μ=0.0
  → Converged at iter 625 (Δlen=0.000312)
  Final: prim_len=1094.175, unc=5.266, threshold=5.2735, status=optimized, min_slack=5.0e-6
  Obstacle re-verification: mean path clears all obstacles ✓
Fig combined (main) saved: Discrete Len=1121.83 → Continuous Len=1094.17
Fig uncertainty profile (main) saved: /home/tonyzhang/projects/landmark_planning/constraint_sweep/sweep_2026-08-11/greedy/s046_p095/greedy/figures/main_unc_profile.png

[greedy] produced 1 solution(s) -> /home/tonyzhang/projects/landmark_planning/constraint_sweep/sweep_2026-08-11/greedy/s046_p095/greedy
