Landmark scenario: random — 4 landmarks, 5 obstacles, start (0.0, 0.0) → goal (800.0, 0.0)
Hex graph: 797 nodes (792 heading-states + 4 sensors + goal), radius=57.73502691896258m, directed_edges=2112, grid=13x15, start_cell=(1, 7), goal_cell=(9, 7), start_heading=0

── SEQUENTIAL PLANNING (2 agent(s), one at a time) ──
  Leg 1 — primary, 1 helper(s) parked at start (bound 10.2344 = 2.0x the 5.117199731 threshold the shipped route is held to):

    ✓ feasible at iter 326: dist=1050.0, unc=5.6858
  Leg 2 — helper 1 vs the fixed primary trajectory (12 steps, beam 400):
    → helper 1 placed; primary goal_unc now 4.5421
  Leg 3 — primary re-planned against the committed helper paths:

    ✓ feasible at iter 329: dist=1050.0, unc=4.5421
    leg 1 route: len=1050.0, unc=4.5421 ✓  |  re-planned: len=1050.0, unc=4.5421 ✓  → TAKE re-plan
  Helper 1: dist=1050.0m, goal_unc=3.5223m
  Primary  : dist=1050.0m, goal_unc=4.5421m (threshold 5.117199731 ✓)

=== Continuous Spline Optimization (threshold=5.1172) ===
  Initial (discrete→spline): prim_len=1020.988, unc=4.8251
  Barrier stage 1/15: μ=20.0
  Barrier stage 2/15: μ=7.0
  → Converged at iter 121 (Δlen=0.000489)
  Barrier stage 3/15: μ=2.45
  → Converged at iter 122 (Δlen=0.000265)
  Barrier stage 4/15: μ=0.8575
  → Converged at iter 123 (Δlen=0.000216)
  Barrier stage 5/15: μ=0.3001
  Barrier stage 6/15: μ=0.105
  → Converged at iter 216 (Δlen=0.000354)
  Barrier stage 7/15: μ=0.0368
  → Converged at iter 217 (Δlen=0.000444)
  Barrier stage 8/15: μ=0.0129
  [Spline barrier] line search stalled; stopping at stage 8
  Barrier stage 9/15: μ=0.0045
  [Spline barrier] line search stalled; stopping at stage 9
  Barrier stage 10/15: μ=0.0016
  [Spline barrier] line search stalled; stopping at stage 10
  Barrier stage 11/15: μ=0.0006
  [Spline barrier] line search stalled; stopping at stage 11
  Barrier stage 12/15: μ=0.0002
  [Spline barrier] line search stalled; stopping at stage 12
  Barrier stage 13/15: μ=0.0001
  [Spline barrier] line search stalled; stopping at stage 13
  Barrier stage 14/15: μ=0.0
  [Spline barrier] line search stalled; stopping at stage 14
  Barrier stage 15/15: μ=0.0
  [Spline barrier] line search stalled; stopping at stage 15
  Final: prim_len=1021.694, unc=4.7513, threshold=5.1172, status=optimized, min_slack=0.01157
  Obstacle re-verification: mean path clears all obstacles ✓
Fig combined (main) saved: Discrete Len=1020.99 → Continuous Len=1021.69
Fig uncertainty profile (main) saved: /home/tonyzhang/projects/landmark_planning/constraint_sweep/sweep_2026-08-11/sequential/s049_p090/sequential/figures/main_unc_profile.png

[sequential] produced 1 solution(s) -> /home/tonyzhang/projects/landmark_planning/constraint_sweep/sweep_2026-08-11/sequential/s049_p090/sequential
