┌ Warning: Seed is infeasible (min_slack=-0.12145219199772361, ε=0.001); the barrier will try to recover it before shortening. Expected for the straight_cont ablation, and for a discrete seed that A* returned as its best incumbent after exhausting its budget.
└ @ Main ~/projects/landmark_planning/planners/hexspline_cl.jl:1215
Landmark scenario: random — 4 landmarks, 4 obstacles, start (0.0, 0.0) → goal (700.0, 0.0)
Hex graph: 725 nodes (720 heading-states + 4 sensors + goal), radius=57.73502691896258m, directed_edges=1908, grid=12x15, start_cell=(1, 7), goal_cell=(8, 7), start_heading=0

── GREEDY PLANNING ──
  Primary: shortest obstacle-clear route (single-agent A*, no uncertainty bound)

  ✓ FEASIBLE SOLUTION at iter 20: dist=750.0, unc=4.921
  [Constraint A*] Single-agent complete: 20 iterations, final_dist=750.0
  Helpers: greedy placement, minimising the primary's uncertainty per step
  Support 1: dist=750.0m, goal_unc=2.2795m
  Primary  : dist=750.0m, goal_unc=3.0334m (threshold 3.444729073 ✓)

=== Continuous Spline Optimization (threshold=3.4447) ===
  Initial (discrete→spline): prim_len=750.117, unc=3.5662
  Barrier stage 1/15: μ=20.0
    → Recovered into the feasible set at iter 2 (min_slack=0.006302); feasible-only gate now armed
  Barrier stage 2/15: μ=7.0
  → Converged at iter 84 (Δlen=0.000506)
  Barrier stage 3/15: μ=2.45
  Barrier stage 4/15: μ=0.8575
  Barrier stage 5/15: μ=0.3001
  Barrier stage 6/15: μ=0.105
  Barrier stage 7/15: μ=0.0368
  Barrier stage 8/15: μ=0.0129
  Barrier stage 9/15: μ=0.0045
  → Converged at iter 545 (Δlen=0.000224)
  Barrier stage 10/15: μ=0.0016
  Barrier stage 11/15: μ=0.0006
  Barrier stage 12/15: μ=0.0002
  → Converged at iter 681 (Δlen=0.000202)
  Barrier stage 13/15: μ=0.0001
  → Converged at iter 682 (Δlen=0.00031)
  Barrier stage 14/15: μ=0.0
  → Converged at iter 683 (Δlen=0.000317)
  Barrier stage 15/15: μ=0.0
  [Spline barrier] line search stalled; stopping at stage 15
  Final: prim_len=724.821, unc=2.855, threshold=3.4447, status=optimized, min_slack=5.0e-6
  Obstacle re-verification: mean path clears all obstacles ✓
Fig combined (main) saved: Discrete Len=750.12 → Continuous Len=724.82
Fig uncertainty profile (main) saved: /home/tonyzhang/projects/landmark_planning/constraint_sweep/sweep_2026-08-11/greedy/s091_p070/greedy/figures/main_unc_profile.png

[greedy] produced 1 solution(s) -> /home/tonyzhang/projects/landmark_planning/constraint_sweep/sweep_2026-08-11/greedy/s091_p070/greedy
