Landmark scenario: random — 2 landmarks, 5 obstacles, start (0.0, 0.0) → goal (900.0, 0.0)
Hex graph: 435 nodes (432 heading-states + 2 sensors + goal), radius=86.60254037844388m, directed_edges=1104, grid=11x11, start_cell=(1, 5), goal_cell=(7, 5), start_heading=0

── SEQUENTIAL PLANNING (2 agent(s), one at a time) ──
  Leg 1 — primary, 1 helper(s) parked at start (bound 15.96 = 2.0x the 7.980021437 threshold the shipped route is held to):
  [A*] iter 1000/1000000 (0.1%)  left=999000  elapsed=0.1s   
    ✓ feasible at iter 1412: dist=1725.0, unc=9.975
  Leg 2 — helper 1 vs the fixed primary trajectory (13 steps, beam 400):
    → helper 1 placed; primary goal_unc now 7.2241
  Leg 3 — primary re-planned against the committed helper paths:
  [A*] iter 1000/1000000 (0.1%)  left=999000  elapsed=0.2s     [A*] iter 2000/1000000 (0.2%)  left=998000  elapsed=0.2s     [A*] iter 3000/1000000 (0.3%)  left=997000  elapsed=0.3s     [A*] iter 4000/1000000 (0.4%)  left=996000  elapsed=0.3s     [A*] iter 5000/1000000 (0.5%)  left=995000  elapsed=0.4s   ┌ Warning: Seed is infeasible (min_slack=-36.65794041743561, ε=0.001); the barrier will try to recover it before shortening. Expected for the straight_cont ablation, and for a discrete seed that A* returned as its best incumbent after exhausting its budget.
└ @ Main ~/Research/landmark_planning/planners/hexspline_cl.jl:1215

    re-plan found nothing; keeping the leg 1 route.
  Helper 1: dist=1725.0m, goal_unc=6.9759m
  Primary  : dist=1725.0m, goal_unc=7.2241m (threshold 7.980021437 ✓)

=== Continuous Spline Optimization (threshold=7.98) ===
  Initial (discrete→spline): prim_len=1517.494, unc=6.8194
  Barrier stage 1/15: μ=20.0
    → Recovered into the feasible set at iter 46 (min_slack=0.01442); feasible-only gate now armed
  Barrier stage 2/15: μ=7.0
  → Converged at iter 102 (Δlen=0.000997)
  Barrier stage 3/15: μ=2.45
  → Converged at iter 104 (Δlen=0.000949)
  Barrier stage 4/15: μ=0.8575
  → Converged at iter 106 (Δlen=0.000899)
  Barrier stage 5/15: μ=0.3001
  → Converged at iter 108 (Δlen=0.000856)
  Barrier stage 6/15: μ=0.105
  → Converged at iter 110 (Δlen=0.00082)
  Barrier stage 7/15: μ=0.0368
  → Converged at iter 112 (Δlen=0.000792)
  Barrier stage 8/15: μ=0.0129
  → Converged at iter 114 (Δlen=0.000769)
  Barrier stage 9/15: μ=0.0045
  → Converged at iter 116 (Δlen=0.000752)
  Barrier stage 10/15: μ=0.0016
  → Converged at iter 118 (Δlen=0.000738)
  Barrier stage 11/15: μ=0.0006
  → Converged at iter 120 (Δlen=0.000729)
  Barrier stage 12/15: μ=0.0002
  → Converged at iter 122 (Δlen=0.000722)
  Barrier stage 13/15: μ=0.0001
  → Converged at iter 124 (Δlen=0.000717)
  Barrier stage 14/15: μ=0.0
  → Converged at iter 126 (Δlen=0.000714)
  Barrier stage 15/15: μ=0.0
  → Converged at iter 128 (Δlen=0.000713)
  Final: prim_len=1558.366, unc=6.865, threshold=7.98, status=optimized, min_slack=0.013864
  Obstacle re-verification: mean path clears all obstacles ✓
Fig combined (main) saved: Discrete Len=1517.49 → Continuous Len=1558.37
Fig uncertainty profile (main) saved: /home/tony-zhang/Research/landmark_planning/constraint_sweep/2026-08-12_18-33-34/sequential/s007_p080/sequential/figures/main_unc_profile.png

[sequential] produced 1 solution(s) -> /home/tony-zhang/Research/landmark_planning/constraint_sweep/2026-08-12_18-33-34/sequential/s007_p080/sequential
