Landmark scenario: random — 4 landmarks, 4 obstacles, start (0.0, 0.0) → goal (700.0, 0.0)
Hex graph: 725 nodes (720 heading-states + 4 sensors + goal), radius=57.73502691896258m, directed_edges=1908, grid=12x15, start_cell=(1, 7), goal_cell=(8, 7), start_heading=0

── SEQUENTIAL PLANNING (2 agent(s), one at a time) ──
  Leg 1 — primary, 1 helper(s) parked at start (bound 7.8737 = 2.0x the 3.936833227 threshold the shipped route is held to):

    ✓ feasible at iter 22: dist=750.0, unc=4.8018
  Leg 2 — helper 1 vs the fixed primary trajectory (9 steps, beam 400):
    → helper 1 placed; primary goal_unc now 3.0334
  Leg 3 — primary re-planned against the committed helper paths:

    ✓ feasible at iter 16: dist=750.0, unc=3.0334
    leg 1 route: len=750.0, unc=3.0334 ✓  |  re-planned: len=750.0, unc=3.0334 ✓  → keep leg 1
  Helper 1: dist=750.0m, goal_unc=2.2795m
  Primary  : dist=750.0m, goal_unc=3.0334m (threshold 3.936833227 ✓)

=== Continuous Spline Optimization (threshold=3.9368) ===
  Initial (discrete→spline): prim_len=750.13, unc=3.5661
  Barrier stage 1/15: μ=20.0
  Barrier stage 2/15: μ=7.0
  → Converged at iter 78 (Δlen=0.000618)
  Barrier stage 3/15: μ=2.45
  Barrier stage 4/15: μ=0.8575
  Barrier stage 5/15: μ=0.3001
  Barrier stage 6/15: μ=0.105
  Barrier stage 7/15: μ=0.0368
  Barrier stage 8/15: μ=0.0129
  Barrier stage 9/15: μ=0.0045
  [Spline barrier] line search stalled; stopping at stage 9
  Barrier stage 10/15: μ=0.0016
  [Spline barrier] line search stalled; stopping at stage 10
  Barrier stage 11/15: μ=0.0006
  → Converged at iter 488 (Δlen=0.000796)
  Barrier stage 12/15: μ=0.0002
  → Converged at iter 490 (Δlen=0.000105)
  Barrier stage 13/15: μ=0.0001
  → Converged at iter 491 (Δlen=0.000141)
  Barrier stage 14/15: μ=0.0
  → Converged at iter 492 (Δlen=0.000153)
  Barrier stage 15/15: μ=0.0
  [Spline barrier] line search stalled; stopping at stage 15
  Final: prim_len=720.554, unc=2.791, threshold=3.9368, status=optimized, min_slack=0.001542
  Obstacle re-verification: mean path clears all obstacles ✓
Fig combined (main) saved: Discrete Len=750.13 → Continuous Len=720.55
Fig uncertainty profile (main) saved: /home/tonyzhang/projects/landmark_planning/constraint_sweep/sweep_2026-08-11/sequential/s091_p080/sequential/figures/main_unc_profile.png

[sequential] produced 1 solution(s) -> /home/tonyzhang/projects/landmark_planning/constraint_sweep/sweep_2026-08-11/sequential/s091_p080/sequential
