Landmark scenario: random — 4 landmarks, 3 obstacles, start (0.0, 0.0) → goal (900.0, 0.0)
Hex graph: 383 nodes (378 heading-states + 4 sensors + goal), radius=86.60254037844388m, directed_edges=954, grid=11x11, start_cell=(2, 5), goal_cell=(8, 5), start_heading=0

── CL-GBT PLANNING (sampling-based joint tree, continuous R²) ──
  [CL-GBT] iter 200/200000  tree=156  elapsed=0.1s     [CL-GBT] iter 400/200000  tree=317  elapsed=0.1s     [CL-GBT] iter 600/200000  tree=484  elapsed=0.1s     [CL-GBT] iter 800/200000  tree=647  elapsed=0.1s     [CL-GBT] iter 1000/200000  tree=809  elapsed=0.1s     [CL-GBT] iter 1200/200000  tree=963  elapsed=0.1s     [CL-GBT] iter 1400/200000  tree=1119  elapsed=0.2s     [CL-GBT] iter 1600/200000  tree=1275  elapsed=0.2s     [CL-GBT] iter 1800/200000  tree=1429  elapsed=0.2s     [CL-GBT] iter 2000/200000  tree=1589  elapsed=0.2s     [CL-GBT] iter 2200/200000  tree=1750  elapsed=0.2s     [CL-GBT] iter 2400/200000  tree=1902  elapsed=0.2s     [CL-GBT] iter 2600/200000  tree=2059  elapsed=0.2s     [CL-GBT] iter 2800/200000  tree=2208  elapsed=0.2s   
  Support 1: dist=1050.0m, goal_unc=6.3153m
  Primary  : dist=1196.5m, goal_unc=7.9016m (threshold 7.993204756) — 2937 iterations, tree size 2313

=== Continuous Spline Optimization (threshold=7.9932) ===
  Initial (discrete→spline): prim_len=1148.304, unc=7.9016
  Barrier stage 1/15: μ=20.0
  Barrier stage 2/15: μ=7.0
  Barrier stage 3/15: μ=2.45
  Barrier stage 4/15: μ=0.8575
  Barrier stage 5/15: μ=0.3001
  Barrier stage 6/15: μ=0.105
  Barrier stage 7/15: μ=0.0368
  Barrier stage 8/15: μ=0.0129
  Barrier stage 9/15: μ=0.0045
  → Converged at iter 548 (Δlen=0.000822)
  Barrier stage 10/15: μ=0.0016
  → Converged at iter 550 (Δlen=5.2e-5)
  Barrier stage 11/15: μ=0.0006
  → Converged at iter 551 (Δlen=6.5e-5)
  Barrier stage 12/15: μ=0.0002
  → Converged at iter 552 (Δlen=7.1e-5)
  Barrier stage 13/15: μ=0.0001
  [Spline barrier] line search stalled; stopping at stage 13
  Barrier stage 14/15: μ=0.0
  [Spline barrier] line search stalled; stopping at stage 14
  Barrier stage 15/15: μ=0.0
  [Spline barrier] line search stalled; stopping at stage 15
  Final: prim_len=1098.833, unc=6.4844, threshold=7.9932, status=optimized, min_slack=0.0
  Obstacle re-verification: mean path clears all obstacles ✓
Fig combined (main) saved: Discrete Len=1148.3 → Continuous Len=1098.83
Fig uncertainty profile (main) saved: /home/tonyzhang/projects/landmark_planning/constraint_sweep/baseline_2026-08-17/clgbt/s049_p070/clgbt/figures/main_unc_profile.png

[clgbt] produced 1 solution(s) -> /home/tonyzhang/projects/landmark_planning/constraint_sweep/baseline_2026-08-17/clgbt/s049_p070/clgbt
