┌ Warning: Seed is infeasible (min_slack=-68.93565773648902, ε=0.001); the barrier will try to recover it before shortening. Expected for the straight_cont ablation, and for a discrete seed that A* returned as its best incumbent after exhausting its budget.
└ @ Main ~/projects/landmark_planning/planners/hexspline_cl.jl:1215
Landmark scenario: random — 4 landmarks, 5 obstacles, start (0.0, 0.0) → goal (700.0, 0.0)
Hex graph: 725 nodes (720 heading-states + 4 sensors + goal), radius=57.73502691896258m, directed_edges=1908, grid=12x15, start_cell=(1, 7), goal_cell=(8, 7), start_heading=0

── FORMATION PLANNING ──
  Primary: single-agent hexspline A* (threshold 5.847566562); supports added afterwards.

  [Constraint A*] Goal popped, unc OK, but its B-spline breaches an obstacle; discarded.

  [Constraint A*] Goal popped, unc OK, but its B-spline breaches an obstacle; discarded.

  [Constraint A*] Goal popped, unc OK, but its B-spline breaches an obstacle; discarded.

  [Constraint A*] Goal popped, unc OK, but its B-spline breaches an obstacle; discarded.

  ✓ FEASIBLE SOLUTION at iter 79: dist=950.0, unc=5.8476
  [Constraint A*] Single-agent complete: 79 iterations, final_dist=950.0
  One support: trying both lateral slots (+1 = 60° left, -1 = 60° right).
  Slot [1]: unc=5.6502 ✓
  Slot [-1]: unc=3.7661 ✓
  → Chose slot [-1]
  Support 1 (slot -1): dist=1032.3m, goal_unc=2.1636m, arc drift vs primary=82.3m
  Primary : dist=950.0m, goal_unc=3.7661m (threshold 5.847566562 ✓)
  ! A support drifted more than half a comm interval from the primary's arc; checkpoints no longer pair them where the formation puts them.

=== Continuous Spline Optimization (threshold=5.8476) ===
  Initial (discrete→spline): prim_len=889.285, unc=4.3544
  Barrier stage 1/15: μ=20.0
  Barrier stage 2/15: μ=20.0
  Barrier stage 3/15: μ=20.0
    → Recovered into the feasible set at iter 148 (min_slack=0.006252); feasible-only gate now armed
  → Converged at iter 161 (Δlen=0.000786)
  Barrier stage 4/15: μ=7.0
  → Converged at iter 163 (Δlen=0.000499)
  Barrier stage 5/15: μ=2.45
  → Converged at iter 164 (Δlen=0.000893)
  Barrier stage 6/15: μ=0.8575
  → Converged at iter 166 (Δlen=0.000226)
  Barrier stage 7/15: μ=0.3001
  → Converged at iter 167 (Δlen=0.000383)
  Barrier stage 8/15: μ=0.105
  → Converged at iter 168 (Δlen=0.000477)
  Barrier stage 9/15: μ=0.0368
  → Converged at iter 169 (Δlen=0.000515)
  Barrier stage 10/15: μ=0.0129
  → Converged at iter 170 (Δlen=0.000502)
  Barrier stage 11/15: μ=0.0045
  → Converged at iter 171 (Δlen=0.000442)
  Barrier stage 12/15: μ=0.0016
  → Converged at iter 172 (Δlen=0.000341)
  Barrier stage 13/15: μ=0.0006
  → Converged at iter 173 (Δlen=0.000203)
  Barrier stage 14/15: μ=0.0002
  → Converged at iter 174 (Δlen=2.9e-5)
  Barrier stage 15/15: μ=0.0001
  → Converged at iter 175 (Δlen=0.000175)
  Final: prim_len=940.485, unc=2.1124, threshold=5.8476, status=optimized, min_slack=0.006252
  Obstacle re-verification: mean path clears all obstacles ✓
Fig combined (main) saved: Discrete Len=889.29 → Continuous Len=940.48
Fig uncertainty profile (main) saved: /home/tonyzhang/projects/landmark_planning/constraint_sweep/sweep_2026-08-11/formation/s016_p100/formation/figures/main_unc_profile.png

[formation] produced 1 solution(s) -> /home/tonyzhang/projects/landmark_planning/constraint_sweep/sweep_2026-08-11/formation/s016_p100/formation
