Landmark scenario: random — 4 landmarks, 2 obstacles, start (0.0, 0.0) → goal (600.0, 0.0)
Hex graph: 299 nodes (294 heading-states + 4 sensors + goal), radius=86.60254037844388m, directed_edges=726, grid=9x11, start_cell=(2, 5), goal_cell=(6, 5), start_heading=0

── SEQUENTIAL PLANNING (2 agent(s), one at a time) ──
  Leg 1 — primary, 1 helper(s) parked at start (bound 3.0981 = 2.0x the 1.54907233 threshold the shipped route is held to):
  [A*] iter 1000/1000000 (0.1%)  left=999000  elapsed=0.1s   
    nothing under the threshold; handing the best incumbent to the barrier: dist=1200.0, unc=5.142
  Leg 2 — helper 1 vs the fixed primary trajectory (9 steps, beam 400):
    (took rank #11 of 357; 10 better-ranked route(s) breach as splines)
    → helper 1 placed; primary goal_unc now 4.9216
  Leg 3 — primary re-planned against the committed helper paths:
  [A*] iter 1000/1000000 (0.1%)  left=999000  elapsed=0.0s   
    ✓ feasible at iter 1137: dist=2400.0, unc=1.0269
    leg 1 route: len=1200.0, unc=4.9216 ✗  |  re-planned: len=2400.0, unc=1.0269 ✓  → TAKE re-plan
  Helper 1: dist=1200.0m, goal_unc=1.0259m
  Primary  : dist=2400.0m, goal_unc=1.0269m (threshold 1.54907233 ✓)

=== Continuous Spline Optimization (threshold=1.5491) ===
  Initial (discrete→spline): prim_len=2166.606, unc=1.0269
  Barrier stage 1/15: μ=20.0
  [Spline barrier] line search stalled; stopping at stage 1
  Barrier stage 2/15: μ=7.0
  [Spline barrier] line search stalled; stopping at stage 2
  Barrier stage 3/15: μ=2.45
  [Spline barrier] line search stalled; stopping at stage 3
  Barrier stage 4/15: μ=0.8575
  → Converged at iter 5 (Δlen=3.4e-5)
  Barrier stage 5/15: μ=0.3001
  [Spline barrier] line search stalled; stopping at stage 5
  Barrier stage 6/15: μ=0.105
  [Spline barrier] line search stalled; stopping at stage 6
  Barrier stage 7/15: μ=0.0368
  [Spline barrier] line search stalled; stopping at stage 7
  Barrier stage 8/15: μ=0.0129
  [Spline barrier] line search stalled; stopping at stage 8
  Barrier stage 9/15: μ=0.0045
  [Spline barrier] line search stalled; stopping at stage 9
  Barrier stage 10/15: μ=0.0016
  [Spline barrier] line search stalled; stopping at stage 10
  Barrier stage 11/15: μ=0.0006
  [Spline barrier] line search stalled; stopping at stage 11
  Barrier stage 12/15: μ=0.0002
  [Spline barrier] line search stalled; stopping at stage 12
  Barrier stage 13/15: μ=0.0001
  [Spline barrier] line search stalled; stopping at stage 13
  Barrier stage 14/15: μ=0.0
  [Spline barrier] line search stalled; stopping at stage 14
  Barrier stage 15/15: μ=0.0
  [Spline barrier] line search stalled; stopping at stage 15
  Final: prim_len=2166.462, unc=1.059, threshold=1.5491, status=optimized, min_slack=0.016107
  Obstacle re-verification: mean path clears all obstacles ✓
Fig combined (main) saved: Discrete Len=2166.61 → Continuous Len=2166.46
Fig uncertainty profile (main) saved: /home/tonyzhang/projects/landmark_planning/constraint_sweep/baseline_2026-08-17/sequential/s073_p030/sequential/figures/main_unc_profile.png

[sequential] produced 1 solution(s) -> /home/tonyzhang/projects/landmark_planning/constraint_sweep/baseline_2026-08-17/sequential/s073_p030/sequential
