Landmark scenario: random — 3 landmarks, 5 obstacles, start (0.0, 0.0) → goal (700.0, 0.0)
Hex graph: 724 nodes (720 heading-states + 3 sensors + goal), radius=57.73502691896258m, directed_edges=1908, grid=12x15, start_cell=(1, 7), goal_cell=(8, 7), start_heading=0

── SEQUENTIAL PLANNING (2 agent(s), one at a time) ──
  Leg 1 — primary, 1 helper(s) parked at start (bound 10.6783 = 2.0x the 5.339131028 threshold the shipped route is held to):

    ✓ feasible at iter 483: dist=1050.0, unc=8.214
  Leg 2 — helper 1 vs the fixed primary trajectory (12 steps, beam 400):
    → helper 1 placed; primary goal_unc now 5.6364
  Leg 3 — primary re-planned against the committed helper paths:
  [A*] iter 1000/500000 (0.2%)  left=499000  elapsed=0.1s     [A*] iter 2000/500000 (0.4%)  left=498000  elapsed=0.3s     [A*] iter 3000/500000 (0.6%)  left=497000  elapsed=0.4s     [A*] iter 4000/500000 (0.8%)  left=496000  elapsed=0.4s     [A*] iter 5000/500000 (1.0%)  left=495000  elapsed=0.5s     [A*] iter 6000/500000 (1.2%)  left=494000  elapsed=0.5s     [A*] iter 7000/500000 (1.4%)  left=493000  elapsed=0.6s     [A*] iter 8000/500000 (1.6%)  left=492000  elapsed=0.6s   ┌ Warning: Seed is infeasible (min_slack=-0.4474915186092394, ε=0.001); the barrier will try to recover it before shortening. Expected for the straight_cont ablation, and for a discrete seed that A* returned as its best incumbent after exhausting its budget.
└ @ Main ~/projects/landmark_planning/planners/hexspline_cl.jl:1215

    ✓ feasible at iter 8658: dist=1750.0, unc=4.9991
    leg 1 route: len=1050.0, unc=5.6364 ✗  |  re-planned: len=1750.0, unc=4.9991 ✓  → TAKE re-plan
  Helper 1: dist=1050.0m, goal_unc=3.7566m
  Primary  : dist=1750.0m, goal_unc=4.9991m (threshold 5.339131028 ✓)

=== Continuous Spline Optimization (threshold=5.3391) ===
  Initial (discrete→spline): prim_len=1614.478, unc=5.7866
  Barrier stage 1/15: μ=20.0
  [Spline barrier] line search stalled; stopping at stage 1
  Barrier stage 2/15: μ=20.0
  [Spline barrier] line search stalled; stopping at stage 2
  Barrier stage 3/15: μ=20.0
  [Spline barrier] line search stalled; stopping at stage 3
  Barrier stage 4/15: μ=20.0
  [Spline barrier] line search stalled; stopping at stage 4
  Barrier stage 5/15: μ=20.0
  [Spline barrier] line search stalled; stopping at stage 5
  Barrier stage 6/15: μ=20.0
  [Spline barrier] line search stalled; stopping at stage 6
  Barrier stage 7/15: μ=20.0
  [Spline barrier] line search stalled; stopping at stage 7
  Barrier stage 8/15: μ=20.0
  [Spline barrier] line search stalled; stopping at stage 8
  Barrier stage 9/15: μ=20.0
  [Spline barrier] line search stalled; stopping at stage 9
  Barrier stage 10/15: μ=20.0
  [Spline barrier] line search stalled; stopping at stage 10
  Barrier stage 11/15: μ=20.0
  [Spline barrier] line search stalled; stopping at stage 11
  Barrier stage 12/15: μ=20.0
  [Spline barrier] line search stalled; stopping at stage 12
  Barrier stage 13/15: μ=20.0
  [Spline barrier] line search stalled; stopping at stage 13
  Barrier stage 14/15: μ=20.0
  [Spline barrier] line search stalled; stopping at stage 14
  Barrier stage 15/15: μ=20.0
  [Spline barrier] line search stalled; stopping at stage 15
  Final: prim_len=1620.095, unc=5.6341, threshold=5.3391, status=recovery_failed, min_slack=-0.294926
  Obstacle re-verification: mean path clears all obstacles ✓
Fig combined (main) saved: Discrete Len=1614.48 → Continuous Len=1620.09
Fig uncertainty profile (main) saved: /home/tonyzhang/projects/landmark_planning/constraint_sweep/sweep_2026-08-11/sequential/s030_p065/sequential/figures/main_unc_profile.png

[sequential] produced 1 solution(s) -> /home/tonyzhang/projects/landmark_planning/constraint_sweep/sweep_2026-08-11/sequential/s030_p065/sequential
