Landmark scenario: random — 3 landmarks, 4 obstacles, start (0.0, 0.0) → goal (700.0, 0.0)
Hex graph: 724 nodes (720 heading-states + 3 sensors + goal), radius=57.73502691896258m, directed_edges=1908, grid=12x15, start_cell=(1, 7), goal_cell=(8, 7), start_heading=0

── SEQUENTIAL PLANNING (2 agent(s), one at a time) ──
  Leg 1 — primary, 1 helper(s) parked at start (bound 8.1096 = 2.0x the 4.054784566 threshold the shipped route is held to):

    ✓ feasible at iter 223: dist=986.603, unc=4.5052
  Leg 2 — helper 1 vs the fixed primary trajectory (11 steps, beam 400):
    → helper 1 placed; primary goal_unc now 3.1332
  Leg 3 — primary re-planned against the committed helper paths:

    ✓ feasible at iter 195: dist=986.603, unc=3.1332
    leg 1 route: len=986.6, unc=3.1332 ✓  |  re-planned: len=986.6, unc=3.1332 ✓  → TAKE re-plan
  Helper 1: dist=986.6m, goal_unc=2.2373m
  Primary  : dist=986.6m, goal_unc=3.1332m (threshold 4.054784566 ✓)

=== Continuous Spline Optimization (threshold=4.0548) ===
  Initial (discrete→spline): prim_len=988.587, unc=2.7919
  Barrier stage 1/15: μ=20.0
  → Converged at iter 37 (Δlen=0.000886)
  Barrier stage 2/15: μ=7.0
  → Converged at iter 39 (Δlen=0.000143)
  Barrier stage 3/15: μ=2.45
  [Spline barrier] line search stalled; stopping at stage 3
  Barrier stage 4/15: μ=0.8575
  [Spline barrier] line search stalled; stopping at stage 4
  Barrier stage 5/15: μ=0.3001
  [Spline barrier] line search stalled; stopping at stage 5
  Barrier stage 6/15: μ=0.105
  → Converged at iter 89 (Δlen=0.000368)
  Barrier stage 7/15: μ=0.0368
  → Converged at iter 132 (Δlen=0.000246)
  Barrier stage 8/15: μ=0.0129
  → Converged at iter 133 (Δlen=0.000374)
  Barrier stage 9/15: μ=0.0045
  → Converged at iter 134 (Δlen=0.000508)
  Barrier stage 10/15: μ=0.0016
  → Converged at iter 141 (Δlen=0.000541)
  Barrier stage 11/15: μ=0.0006
  → Converged at iter 143 (Δlen=0.000516)
  Barrier stage 12/15: μ=0.0002
  → Converged at iter 144 (Δlen=0.000647)
  Barrier stage 13/15: μ=0.0001
  [Spline barrier] line search stalled; stopping at stage 13
  Barrier stage 14/15: μ=0.0
  [Spline barrier] line search stalled; stopping at stage 14
  Barrier stage 15/15: μ=0.0
  [Spline barrier] line search stalled; stopping at stage 15
  Final: prim_len=959.275, unc=4.0036, threshold=4.0548, status=optimized, min_slack=0.000102
  Obstacle re-verification: mean path clears all obstacles ✓
Fig combined (main) saved: Discrete Len=988.59 → Continuous Len=959.27
Fig uncertainty profile (main) saved: /home/tonyzhang/projects/landmark_planning/constraint_sweep/sweep_2026-08-11/sequential/s071_p090/sequential/figures/main_unc_profile.png

[sequential] produced 1 solution(s) -> /home/tonyzhang/projects/landmark_planning/constraint_sweep/sweep_2026-08-11/sequential/s071_p090/sequential
