Landmark scenario: random — 4 landmarks, 2 obstacles, start (0.0, 0.0) → goal (600.0, 0.0)
Hex graph: 299 nodes (294 heading-states + 4 sensors + goal), radius=86.60254037844388m, directed_edges=726, grid=9x11, start_cell=(2, 5), goal_cell=(6, 5), start_heading=0

── SEQUENTIAL PLANNING (2 agent(s), one at a time) ──
  Leg 1 — primary, 1 helper(s) parked at start (bound 7.9343 = 2.0x the 3.967165399 threshold the shipped route is held to):

    ✓ feasible at iter 142: dist=1200.0, unc=5.6674
  Leg 2 — helper 1 vs the fixed primary trajectory (9 steps, beam 400):
    (took rank #33 of 400; 32 better-ranked route(s) breach as splines)
    → helper 1 placed; primary goal_unc now 5.0876
  Leg 3 — primary re-planned against the committed helper paths:
  [A*] iter 1000/1000000 (0.1%)  left=999000  elapsed=0.1s     [A*] iter 2000/1000000 (0.2%)  left=998000  elapsed=0.1s   ┌ Warning: Seed is infeasible (min_slack=-1.120430849580671, ε=0.001); the barrier will try to recover it before shortening. Expected for the straight_cont ablation, and for a discrete seed that A* returned as its best incumbent after exhausting its budget.
└ @ Main ~/projects/landmark_planning/planners/hexspline_cl.jl:1207

    re-plan found nothing; keeping the leg 1 route.
  Helper 1: dist=1200.0m, goal_unc=5.0864m
  Primary  : dist=1200.0m, goal_unc=5.0876m (threshold 3.967165399 ✗)

=== Continuous Spline Optimization (threshold=3.9672) ===
  Initial (discrete→spline): prim_len=1120.16, unc=5.0876
  Barrier stage 1/15: μ=20.0
    → Recovered into the feasible set at iter 56 (min_slack=0.014266); feasible-only gate now armed
  Barrier stage 2/15: μ=7.0
  → Converged at iter 106 (Δlen=0.00087)
  Barrier stage 3/15: μ=2.45
  → Converged at iter 108 (Δlen=0.000875)
  Barrier stage 4/15: μ=0.8575
  → Converged at iter 110 (Δlen=0.000992)
  Barrier stage 5/15: μ=0.3001
  Barrier stage 6/15: μ=0.105
  Barrier stage 7/15: μ=0.0368
  Barrier stage 8/15: μ=0.0129
  Barrier stage 9/15: μ=0.0045
  Barrier stage 10/15: μ=0.0016
  Barrier stage 11/15: μ=0.0006
  Barrier stage 12/15: μ=0.0002
  Barrier stage 13/15: μ=0.0001
  Barrier stage 14/15: μ=0.0
  Barrier stage 15/15: μ=0.0
  Final: prim_len=1112.442, unc=3.6484, threshold=3.9672, status=optimized, min_slack=0.014081
  Obstacle re-verification: mean path clears all obstacles ✓
Fig combined (main) saved: Discrete Len=1120.16 → Continuous Len=1112.44
Fig uncertainty profile (main) saved: /home/tonyzhang/projects/landmark_planning/constraint_sweep/baseline_2026-08-17/sequential/s033_p070/sequential/figures/main_unc_profile.png

[sequential] produced 1 solution(s) -> /home/tonyzhang/projects/landmark_planning/constraint_sweep/baseline_2026-08-17/sequential/s033_p070/sequential
