Landmark scenario: random — 3 landmarks, 1 obstacles, start (0.0, 0.0) → goal (750.0, 0.0)
Hex graph: 340 nodes (336 heading-states + 3 sensors + goal), radius=86.60254037844388m, directed_edges=840, grid=10x11, start_cell=(2, 5), goal_cell=(7, 5), start_heading=0
Conditional ε-bound: ε_sample=1.2309, w=1.0, ε_total=1.2309
  Bound form (conditional): L_returned ≤ (1+ε_total) L* with assumptions documented in comments.

── MULTI-AGENT PLANNING (Synchronized Kalman) ──

  Running joint discrete A* (threshold=6.698)... (max_iters=1000000)
  Stops on the first feasible candidate under the threshold.
  ✓ Goal reachable from node 1 with distance 750.0
  [A*] iter 1000/1000000 (0.1%)  left=999000  elapsed=1.4s     [A*] iter 2000/1000000 (0.2%)  left=998000  elapsed=1.4s     [A*] iter 3000/1000000 (0.3%)  left=997000  elapsed=1.6s     [A*] iter 4000/1000000 (0.4%)  left=996000  elapsed=1.7s     [A*] iter 5000/1000000 (0.5%)  left=995000  elapsed=1.7s     [A*] iter 6000/1000000 (0.6%)  left=994000  elapsed=2.1s   
  ✓ FEASIBLE SOLUTION at iter 6372: dist=1050.0, unc=3.6605
  [Constraint A*] Complete: 6372 iterations, final_dist=1050.0

✓ Multi-agent solution with synchronized Kalman fusion:
  Support agent 1: node=80, dist=1050.0m, goal_unc=3.0663m
  Primary agent: node=182, dist=1050.0m, goal_unc=3.6605m
  ├─ Communication: every 100.0m, sigmoid taper range=300.0m width=20.0m
  └─ All agents' uncertainties benefit from synchronized Kalman fusion at checkpoints

--- Final Results ---
Support agent 1 : [1, 157, 121, 66, 25, 26, 75, 80]  dist=1050.0  goal_unc=3.0663  ✓  (Kalman-fused)
Primary agent : [1, 115, 116, 122, 79, 80, 135, 182]  dist=1050.0  goal_unc=3.6605  threshold=6.698046224 ✓ met  (Kalman-fused)

=== Kalman Filtering Summary ===
All 2 agents performing synchronized Kalman filtering:
  • Dead-reckoning propagation: DIR=0.05/m, PERP=0.016666666666666666/m
  • Landmark fusion: Information filter (Joseph form) at every waypoint
  • SYNCHRONIZED inter-agent communication: every 100.0m of travel
  • Tapered sigmoid weighting: range=300.0m, width=20.0m (soft plateau + rolloff)
  • Bidirectional Kalman fusion: all agent pairs within range at each checkpoint
  • Measurement model: bearing-angle sensor with noise=0.038, ratio=2.2
  └─ Support agents: goal_unc=3.0663m (improved by inter-agent fusion)
  └─ Primary agent: goal_unc=3.6605m (direct path with landmark updates)
Converged at iteration : 6372
Figure path-role mapping: supports = paths[1:1], primary = paths[2]
Discrete evaluation: prim_len=1050.0, unc=3.6605
Fig 1 saved.

=== Continuous Spline Optimization (threshold=6.698) ===
  Initial (discrete→spline): prim_len=966.997, unc=3.6605
  Barrier stage 1/15: μ=20.0
  → Converged at iter 9 (Δlen=0.000614)
  Barrier stage 2/15: μ=7.0
  → Converged at iter 10 (Δlen=0.000974)
  Barrier stage 3/15: μ=2.45
  Barrier stage 4/15: μ=0.8575
  Barrier stage 5/15: μ=0.3001
  Barrier stage 6/15: μ=0.105
  Barrier stage 7/15: μ=0.0368
  → Converged at iter 296 (Δlen=0.000153)
  Barrier stage 8/15: μ=0.0129
  → Converged at iter 304 (Δlen=0.000526)
  Barrier stage 9/15: μ=0.0045
  → Converged at iter 305 (Δlen=0.000853)
  Barrier stage 10/15: μ=0.0016
  [Spline barrier] line search stalled; stopping at stage 10
  Barrier stage 11/15: μ=0.0006
  [Spline barrier] line search stalled; stopping at stage 11
  Barrier stage 12/15: μ=0.0002
  [Spline barrier] line search stalled; stopping at stage 12
  Barrier stage 13/15: μ=0.0001
  [Spline barrier] line search stalled; stopping at stage 13
  Barrier stage 14/15: μ=0.0
  [Spline barrier] line search stalled; stopping at stage 14
  Barrier stage 15/15: μ=0.0
  [Spline barrier] line search stalled; stopping at stage 15
  Final: prim_len=844.29, unc=6.698, threshold=6.698, status=optimized, min_slack=1.0e-6
  Obstacle re-verification: mean path clears all obstacles ✓
Fig combined (main) saved: Discrete Len=967.0 → Continuous Len=844.29
Fig uncertainty profile (main) saved: /home/tonyzhang/projects/landmark_planning/constraint_sweep/baseline_2026-08-17/hexspline_cl/s040_p100/hexspline_cl/figures/main_unc_profile.png

[hexspline_cl] produced 1 solution(s) -> /home/tonyzhang/projects/landmark_planning/constraint_sweep/baseline_2026-08-17/hexspline_cl/s040_p100/hexspline_cl
