Landmark scenario: random — 4 landmarks, 3 obstacles, start (0.0, 0.0) → goal (750.0, 0.0)
Hex graph: 341 nodes (336 heading-states + 4 sensors + goal), radius=86.60254037844388m, directed_edges=840, grid=10x11, start_cell=(2, 5), goal_cell=(7, 5), start_heading=0

── FORMATION PLANNING ──
  Primary: own A* (formation_primary_astar); a goal candidate is accepted on the primary's uncertainty WITH its supports attached (threshold 5.117815702).
  One support: both lateral slots (+1 = 60° left, -1 = 60° right) tried per candidate.

    ✓ escorted-feasible at iter 82: dist=1200.0, unc=3.667 (slot [-1])
  → Chose slot [-1]
  Support 1 (slot -1): dist=1200.0m, goal_unc=3.6657m, arc drift vs primary=0.0m
  Primary : dist=1200.0m, goal_unc=3.667m (threshold 5.117815702 ✓)

=== Continuous Spline Optimization (threshold=5.1178) ===
  Initial (discrete→spline): prim_len=1123.507, unc=3.667
  Barrier stage 1/15: μ=20.0
  [Spline barrier] line search stalled; stopping at stage 1
  Barrier stage 2/15: μ=7.0
  [Spline barrier] line search stalled; stopping at stage 2
  Barrier stage 3/15: μ=2.45
  [Spline barrier] line search stalled; stopping at stage 3
  Barrier stage 4/15: μ=0.8575
  [Spline barrier] line search stalled; stopping at stage 4
  Barrier stage 5/15: μ=0.3001
  [Spline barrier] line search stalled; stopping at stage 5
  Barrier stage 6/15: μ=0.105
  [Spline barrier] line search stalled; stopping at stage 6
  Barrier stage 7/15: μ=0.0368
  [Spline barrier] line search stalled; stopping at stage 7
  Barrier stage 8/15: μ=0.0129
  [Spline barrier] line search stalled; stopping at stage 8
  Barrier stage 9/15: μ=0.0045
  → Converged at iter 43 (Δlen=0.000349)
  Barrier stage 10/15: μ=0.0016
  [Spline barrier] line search stalled; stopping at stage 10
  Barrier stage 11/15: μ=0.0006
  → Converged at iter 47 (Δlen=0.00016)
  Barrier stage 12/15: μ=0.0002
  → Converged at iter 48 (Δlen=0.000244)
  Barrier stage 13/15: μ=0.0001
  → Converged at iter 49 (Δlen=0.000289)
  Barrier stage 14/15: μ=0.0
  [Spline barrier] line search stalled; stopping at stage 14
  Barrier stage 15/15: μ=0.0
  [Spline barrier] line search stalled; stopping at stage 15
  Final: prim_len=1115.888, unc=3.6461, threshold=5.1178, status=optimized, min_slack=1.2e-5
  Obstacle re-verification: mean path clears all obstacles ✓
Fig combined (main) saved: Discrete Len=1123.51 → Continuous Len=1115.89
Fig uncertainty profile (main) saved: /home/tonyzhang/projects/landmark_planning/constraint_sweep/baseline_2026-08-17/formation/s082_p100/formation/figures/main_unc_profile.png

[formation] produced 1 solution(s) -> /home/tonyzhang/projects/landmark_planning/constraint_sweep/baseline_2026-08-17/formation/s082_p100/formation
