Landmark scenario: random — 3 landmarks, 2 obstacles, start (0.0, 0.0) → goal (900.0, 0.0)
Hex graph: 382 nodes (378 heading-states + 3 sensors + goal), radius=86.60254037844388m, directed_edges=954, grid=11x11, start_cell=(2, 5), goal_cell=(8, 5), start_heading=0

── CL-GBT PLANNING (sampling-based joint tree, continuous R²) ──
  [CL-GBT] iter 200/200000  tree=160  elapsed=0.1s     [CL-GBT] iter 400/200000  tree=328  elapsed=0.1s     [CL-GBT] iter 600/200000  tree=489  elapsed=0.1s     [CL-GBT] iter 800/200000  tree=643  elapsed=0.1s     [CL-GBT] iter 1000/200000  tree=806  elapsed=0.1s     [CL-GBT] iter 1200/200000  tree=969  elapsed=0.1s     [CL-GBT] iter 1400/200000  tree=1121  elapsed=0.2s     [CL-GBT] iter 1600/200000  tree=1271  elapsed=0.2s     [CL-GBT] iter 1800/200000  tree=1419  elapsed=0.2s   ┌ Warning: Seed is feasible but not strictly interior (min_slack=1.00009063183637e-9, ε=0.001); the barrier is past its knee and steps will be small.
└ @ Main ~/projects/landmark_planning/planners/hexspline_cl.jl:1209

  Support 1: dist=2100.0m, goal_unc=5.3861m
  Primary  : dist=2204.9m, goal_unc=5.4897m (threshold 6.738912021) — 1985 iterations, tree size 1559

=== Continuous Spline Optimization (threshold=6.7389) ===
  Initial (discrete→spline): prim_len=1891.053, unc=5.4897
  Barrier stage 1/15: μ=20.0
  [Spline barrier] line search stalled; stopping at stage 1
  Barrier stage 2/15: μ=7.0
  [Spline barrier] line search stalled; stopping at stage 2
  Barrier stage 3/15: μ=2.45
  [Spline barrier] line search stalled; stopping at stage 3
  Barrier stage 4/15: μ=0.8575
  [Spline barrier] line search stalled; stopping at stage 4
  Barrier stage 5/15: μ=0.3001
  [Spline barrier] line search stalled; stopping at stage 5
  Barrier stage 6/15: μ=0.105
  [Spline barrier] line search stalled; stopping at stage 6
  Barrier stage 7/15: μ=0.0368
  [Spline barrier] line search stalled; stopping at stage 7
  Barrier stage 8/15: μ=0.0129
  [Spline barrier] line search stalled; stopping at stage 8
  Barrier stage 9/15: μ=0.0045
  [Spline barrier] line search stalled; stopping at stage 9
  Barrier stage 10/15: μ=0.0016
  [Spline barrier] line search stalled; stopping at stage 10
  Barrier stage 11/15: μ=0.0006
  [Spline barrier] line search stalled; stopping at stage 11
  Barrier stage 12/15: μ=0.0002
  [Spline barrier] line search stalled; stopping at stage 12
  Barrier stage 13/15: μ=0.0001
  [Spline barrier] line search stalled; stopping at stage 13
  Barrier stage 14/15: μ=0.0
  [Spline barrier] line search stalled; stopping at stage 14
  Barrier stage 15/15: μ=0.0
  [Spline barrier] line search stalled; stopping at stage 15
  Final: prim_len=1891.053, unc=5.4897, threshold=6.7389, status=seed_only, min_slack=0.0
  Obstacle re-verification: mean path clears all obstacles ✓
Fig combined (main) saved: Discrete Len=1891.05 → Continuous Len=1891.05
Fig uncertainty profile (main) saved: /home/tonyzhang/projects/landmark_planning/constraint_sweep/baseline_2026-08-17/clgbt/s032_p090/clgbt/figures/main_unc_profile.png

[clgbt] produced 1 solution(s) -> /home/tonyzhang/projects/landmark_planning/constraint_sweep/baseline_2026-08-17/clgbt/s032_p090/clgbt
