┌ Warning: Seed is infeasible (min_slack=-0.19669299715133004, ε=0.001); the barrier will try to recover it before shortening. Expected for the straight_cont ablation, and for a discrete seed that A* returned as its best incumbent after exhausting its budget.
└ @ Main ~/projects/landmark_planning/planners/hexspline_cl.jl:1215
Landmark scenario: random — 4 landmarks, 4 obstacles, start (0.0, 0.0) → goal (600.0, 0.0)
Hex graph: 653 nodes (648 heading-states + 4 sensors + goal), radius=57.73502691896258m, directed_edges=1704, grid=11x15, start_cell=(1, 7), goal_cell=(7, 7), start_heading=0

── SEQUENTIAL PLANNING (2 agent(s), one at a time) ──
  Leg 1 — primary, 1 helper(s) parked at start (bound 5.7967 = 2.0x the 2.898347136 threshold the shipped route is held to):

    ✓ feasible at iter 346: dist=950.0, unc=5.2697
  Leg 2 — helper 1 vs the fixed primary trajectory (11 steps, beam 400):
    → helper 1 placed; primary goal_unc now 3.2828
  Leg 3 — primary re-planned against the committed helper paths:

    ✓ feasible at iter 464: dist=1050.0, unc=2.8262
    leg 1 route: len=950.0, unc=3.2828 ✗  |  re-planned: len=1050.0, unc=2.8262 ✓  → TAKE re-plan
  Helper 1: dist=950.0m, goal_unc=1.7361m
  Primary  : dist=1050.0m, goal_unc=2.8262m (threshold 2.898347136 ✓)

=== Continuous Spline Optimization (threshold=2.8983) ===
  Initial (discrete→spline): prim_len=1007.095, unc=3.095
  Barrier stage 1/15: μ=20.0
    → Recovered into the feasible set at iter 5 (min_slack=0.010881); feasible-only gate now armed
  Barrier stage 2/15: μ=7.0
  Barrier stage 3/15: μ=2.45
  → Converged at iter 151 (Δlen=0.000814)
  Barrier stage 4/15: μ=0.8575
  Barrier stage 5/15: μ=0.3001
  Barrier stage 6/15: μ=0.105
  Barrier stage 7/15: μ=0.0368
  → Converged at iter 368 (Δlen=0.000537)
  Barrier stage 8/15: μ=0.0129
  → Converged at iter 369 (Δlen=0.000604)
  Barrier stage 9/15: μ=0.0045
  [Spline barrier] line search stalled; stopping at stage 9
  Barrier stage 10/15: μ=0.0016
  [Spline barrier] line search stalled; stopping at stage 10
  Barrier stage 11/15: μ=0.0006
  [Spline barrier] line search stalled; stopping at stage 11
  Barrier stage 12/15: μ=0.0002
  [Spline barrier] line search stalled; stopping at stage 12
  Barrier stage 13/15: μ=0.0001
  [Spline barrier] line search stalled; stopping at stage 13
  Barrier stage 14/15: μ=0.0
  [Spline barrier] line search stalled; stopping at stage 14
  Barrier stage 15/15: μ=0.0
  [Spline barrier] line search stalled; stopping at stage 15
  Final: prim_len=954.27, unc=2.5767, threshold=2.8983, status=optimized, min_slack=0.0
  Obstacle re-verification: mean path clears all obstacles ✓
Fig combined (main) saved: Discrete Len=1007.09 → Continuous Len=954.27
Fig uncertainty profile (main) saved: /home/tonyzhang/projects/landmark_planning/constraint_sweep/sweep_2026-08-11/sequential/s068_p055/sequential/figures/main_unc_profile.png

[sequential] produced 1 solution(s) -> /home/tonyzhang/projects/landmark_planning/constraint_sweep/sweep_2026-08-11/sequential/s068_p055/sequential
