Landmark scenario: random — 2 landmarks, 4 obstacles, start (0.0, 0.0) → goal (800.0, 0.0)
Hex graph: 795 nodes (792 heading-states + 2 sensors + goal), radius=57.73502691896258m, directed_edges=2112, grid=13x15, start_cell=(1, 7), goal_cell=(9, 7), start_heading=0

── SEQUENTIAL PLANNING (2 agent(s), one at a time) ──
  Leg 1 — primary, 1 helper(s) parked at start (bound 14.7418 = 2.0x the 7.3709005 threshold the shipped route is held to):

    ✓ feasible at iter 173: dist=950.0, unc=8.6687
  Leg 2 — helper 1 vs the fixed primary trajectory (11 steps, beam 400):
    → helper 1 placed; primary goal_unc now 6.7939
  Leg 3 — primary re-planned against the committed helper paths:

    ✓ feasible at iter 120: dist=950.0, unc=6.5216
    leg 1 route: len=950.0, unc=6.7939 ✓  |  re-planned: len=950.0, unc=6.5216 ✓  → TAKE re-plan
  Helper 1: dist=950.0m, goal_unc=0.9963m
  Primary  : dist=950.0m, goal_unc=6.5216m (threshold 7.3709005 ✓)

=== Continuous Spline Optimization (threshold=7.3709) ===
  Initial (discrete→spline): prim_len=951.408, unc=6.8345
  Barrier stage 1/15: μ=20.0
  Barrier stage 2/15: μ=7.0
  → Converged at iter 92 (Δlen=0.000543)
  Barrier stage 3/15: μ=2.45
  → Converged at iter 93 (Δlen=0.000842)
  Barrier stage 4/15: μ=0.8575
  → Converged at iter 95 (Δlen=0.000179)
  Barrier stage 5/15: μ=0.3001
  → Converged at iter 146 (Δlen=0.000711)
  Barrier stage 6/15: μ=0.105
  [Spline barrier] line search stalled; stopping at stage 6
  Barrier stage 7/15: μ=0.0368
  [Spline barrier] line search stalled; stopping at stage 7
  Barrier stage 8/15: μ=0.0129
  → Converged at iter 150 (Δlen=0.000191)
  Barrier stage 9/15: μ=0.0045
  [Spline barrier] line search stalled; stopping at stage 9
  Barrier stage 10/15: μ=0.0016
  [Spline barrier] line search stalled; stopping at stage 10
  Barrier stage 11/15: μ=0.0006
  [Spline barrier] line search stalled; stopping at stage 11
  Barrier stage 12/15: μ=0.0002
  [Spline barrier] line search stalled; stopping at stage 12
  Barrier stage 13/15: μ=0.0001
  [Spline barrier] line search stalled; stopping at stage 13
  Barrier stage 14/15: μ=0.0
  [Spline barrier] line search stalled; stopping at stage 14
  Barrier stage 15/15: μ=0.0
  [Spline barrier] line search stalled; stopping at stage 15
  Final: prim_len=942.984, unc=7.3423, threshold=7.3709, status=optimized, min_slack=0.01061
  Obstacle re-verification: mean path clears all obstacles ✓
Fig combined (main) saved: Discrete Len=951.41 → Continuous Len=942.98
Fig uncertainty profile (main) saved: /home/tonyzhang/projects/landmark_planning/constraint_sweep/sweep_2026-08-11/sequential/s038_p085/sequential/figures/main_unc_profile.png

[sequential] produced 1 solution(s) -> /home/tonyzhang/projects/landmark_planning/constraint_sweep/sweep_2026-08-11/sequential/s038_p085/sequential
