Landmark scenario: random — 4 landmarks, 3 obstacles, start (0.0, 0.0) → goal (900.0, 0.0)
Hex graph: 383 nodes (378 heading-states + 4 sensors + goal), radius=86.60254037844388m, directed_edges=954, grid=11x11, start_cell=(2, 5), goal_cell=(8, 5), start_heading=0

── CL-GBT PLANNING (sampling-based joint tree, continuous R²) ──
  [CL-GBT] iter 200/200000  tree=158  elapsed=0.1s     [CL-GBT] iter 400/200000  tree=322  elapsed=0.1s     [CL-GBT] iter 600/200000  tree=479  elapsed=0.1s     [CL-GBT] iter 800/200000  tree=636  elapsed=0.1s     [CL-GBT] iter 1000/200000  tree=790  elapsed=0.1s     [CL-GBT] iter 1200/200000  tree=943  elapsed=0.1s     [CL-GBT] iter 1400/200000  tree=1104  elapsed=0.2s     [CL-GBT] iter 1600/200000  tree=1265  elapsed=0.2s     [CL-GBT] iter 1800/200000  tree=1417  elapsed=0.2s     [CL-GBT] iter 2000/200000  tree=1571  elapsed=0.2s     [CL-GBT] iter 2200/200000  tree=1722  elapsed=0.2s     [CL-GBT] iter 2400/200000  tree=1872  elapsed=0.2s     [CL-GBT] iter 2600/200000  tree=2016  elapsed=0.2s     [CL-GBT] iter 2800/200000  tree=2165  elapsed=0.2s     [CL-GBT] iter 3000/200000  tree=2324  elapsed=0.2s   
  Support 1: dist=1200.0m, goal_unc=6.2459m
  Primary  : dist=1271.7m, goal_unc=7.5669m (threshold 8.315167384) — 3160 iterations, tree size 2447

=== Continuous Spline Optimization (threshold=8.3152) ===
  Initial (discrete→spline): prim_len=1188.7, unc=7.5669
  Barrier stage 1/15: μ=20.0
  [Spline barrier] line search stalled; stopping at stage 1
  Barrier stage 2/15: μ=7.0
  [Spline barrier] line search stalled; stopping at stage 2
  Barrier stage 3/15: μ=2.45
  → Converged at iter 52 (Δlen=0.000756)
  Barrier stage 4/15: μ=0.8575
  Barrier stage 5/15: μ=0.3001
  Barrier stage 6/15: μ=0.105
  Barrier stage 7/15: μ=0.0368
  Barrier stage 8/15: μ=0.0129
  Barrier stage 9/15: μ=0.0045
  Barrier stage 10/15: μ=0.0016
  Barrier stage 11/15: μ=0.0006
  Barrier stage 12/15: μ=0.0002
  → Converged at iter 591 (Δlen=0.000273)
  Barrier stage 13/15: μ=0.0001
  → Converged at iter 592 (Δlen=0.000343)
  Barrier stage 14/15: μ=0.0
  → Converged at iter 593 (Δlen=0.000361)
  Barrier stage 15/15: μ=0.0
  [Spline barrier] line search stalled; stopping at stage 15
  Final: prim_len=1081.206, unc=6.5578, threshold=8.3152, status=optimized, min_slack=2.0e-6
  Obstacle re-verification: mean path clears all obstacles ✓
Fig combined (main) saved: Discrete Len=1188.7 → Continuous Len=1081.21
Fig uncertainty profile (main) saved: /home/tonyzhang/projects/landmark_planning/constraint_sweep/baseline_2026-08-17/clgbt/s079_p100/clgbt/figures/main_unc_profile.png

[clgbt] produced 1 solution(s) -> /home/tonyzhang/projects/landmark_planning/constraint_sweep/baseline_2026-08-17/clgbt/s079_p100/clgbt
