┌ Warning: Seed is infeasible (min_slack=-31.21192607577302, ε=0.001); the barrier will try to recover it before shortening. Expected for the straight_cont ablation, and for a discrete seed that A* returned as its best incumbent after exhausting its budget.
└ @ Main ~/Research/landmark_planning/planners/hexspline_cl.jl:1215
Landmark scenario: random — 4 landmarks, 4 obstacles, start (0.0, 0.0) → goal (600.0, 0.0)
Hex graph: 341 nodes (336 heading-states + 4 sensors + goal), radius=86.60254037844388m, directed_edges=840, grid=9x11, start_cell=(1, 5), goal_cell=(5, 5), start_heading=0

── FORMATION PLANNING ──
  Primary: single-agent hexspline A* (threshold 7.395207133); supports added afterwards.

  [Constraint A*] Goal popped, unc OK, but its B-spline breaches an obstacle; discarded.

  ✓ FEASIBLE SOLUTION at iter 36: dist=825.0, unc=7.3952
  [Constraint A*] Single-agent complete: 36 iterations, final_dist=825.0
  One support: trying both lateral slots (+1 = 60° left, -1 = 60° right).
  Slot [1]: unc=7.4044 ✗
  Slot [-1]: unc=4.2185 ✓
  → Chose slot [-1]
  Support 1 (slot -1): dist=948.4m, goal_unc=4.6861m, arc drift vs primary=123.4m
  Primary : dist=825.0m, goal_unc=4.2185m (threshold 7.395207133 ✓)
  ! A support drifted more than half a comm interval from the primary's arc; checkpoints no longer pair them where the formation puts them.

=== Continuous Spline Optimization (threshold=7.3952) ===
  Initial (discrete→spline): prim_len=813.422, unc=4.7686
  Barrier stage 1/15: μ=20.0
  Barrier stage 2/15: μ=20.0
  Barrier stage 3/15: μ=20.0
    → Recovered into the feasible set at iter 158 (min_slack=0.005154); feasible-only gate now armed
  → Converged at iter 177 (Δlen=0.000921)
  Barrier stage 4/15: μ=7.0
  → Converged at iter 179 (Δlen=0.000786)
  Barrier stage 5/15: μ=2.45
  → Converged at iter 181 (Δlen=0.00069)
  Barrier stage 6/15: μ=0.8575
  → Converged at iter 183 (Δlen=0.000617)
  Barrier stage 7/15: μ=0.3001
  → Converged at iter 185 (Δlen=0.000559)
  Barrier stage 8/15: μ=0.105
  → Converged at iter 187 (Δlen=0.000513)
  Barrier stage 9/15: μ=0.0368
  → Converged at iter 189 (Δlen=0.000476)
  Barrier stage 10/15: μ=0.0129
  → Converged at iter 190 (Δlen=0.000936)
  Barrier stage 11/15: μ=0.0045
  → Converged at iter 192 (Δlen=0.000434)
  Barrier stage 12/15: μ=0.0016
  → Converged at iter 193 (Δlen=0.000856)
  Barrier stage 13/15: μ=0.0006
  → Converged at iter 195 (Δlen=0.000403)
  Barrier stage 14/15: μ=0.0002
  → Converged at iter 196 (Δlen=0.000798)
  Barrier stage 15/15: μ=0.0001
  → Converged at iter 198 (Δlen=0.000382)
  Final: prim_len=831.302, unc=5.0156, threshold=7.3952, status=optimized, min_slack=0.012171
  Obstacle re-verification: mean path clears all obstacles ✓
Fig combined (main) saved: Discrete Len=813.42 → Continuous Len=831.3
Fig uncertainty profile (main) saved: /home/tony-zhang/Research/landmark_planning/constraint_sweep/2026-08-12_18-33-34/formation/s001_p100/formation/figures/main_unc_profile.png

[formation] produced 1 solution(s) -> /home/tony-zhang/Research/landmark_planning/constraint_sweep/2026-08-12_18-33-34/formation/s001_p100/formation
