Landmark scenario: random — 4 landmarks, 3 obstacles, start (0.0, 0.0) → goal (900.0, 0.0)
Hex graph: 383 nodes (378 heading-states + 4 sensors + goal), radius=86.60254037844388m, directed_edges=954, grid=11x11, start_cell=(2, 5), goal_cell=(8, 5), start_heading=0

── SEQUENTIAL PLANNING (2 agent(s), one at a time) ──
  Leg 1 — primary, 1 helper(s) parked at start (bound 20.0156 = 2.0x the 10.00781084 threshold the shipped route is held to):

    ✓ feasible at iter 291: dist=1350.0, unc=10.0047
  Leg 2 — helper 1 vs the fixed primary trajectory (10 steps, beam 400):
    (no route in the final layer survives as a spline)
    → helper 1 placed; primary goal_unc now 6.988
  Leg 3 — primary re-planned against the committed helper paths:

    ✓ feasible at iter 201: dist=1350.0, unc=6.988
    leg 1 route: len=1350.0, unc=6.988 ✓ [breaches]  |  re-planned: len=1350.0, unc=6.988 ✓  → TAKE re-plan
  Helper 1: dist=1350.0m, goal_unc=6.2509m
  Primary  : dist=1350.0m, goal_unc=6.988m (threshold 10.00781084 ✓)

=== Continuous Spline Optimization (threshold=10.0078) ===
  Initial (discrete→spline): prim_len=1278.454, unc=6.988
  Barrier stage 1/15: μ=20.0
  → Converged at iter 27 (Δlen=0.000225)
  Barrier stage 2/15: μ=7.0
  → Converged at iter 28 (Δlen=0.000145)
  Barrier stage 3/15: μ=2.45
  → Converged at iter 29 (Δlen=2.7e-5)
  Barrier stage 4/15: μ=0.8575
  Barrier stage 5/15: μ=0.3001
  Barrier stage 6/15: μ=0.105
  Barrier stage 7/15: μ=0.0368
  → Converged at iter 261 (Δlen=8.5e-5)
  Barrier stage 8/15: μ=0.0129
  → Converged at iter 262 (Δlen=0.000129)
  Barrier stage 9/15: μ=0.0045
  [Spline barrier] line search stalled; stopping at stage 9
  Barrier stage 10/15: μ=0.0016
  [Spline barrier] line search stalled; stopping at stage 10
  Barrier stage 11/15: μ=0.0006
  [Spline barrier] line search stalled; stopping at stage 11
  Barrier stage 12/15: μ=0.0002
  [Spline barrier] line search stalled; stopping at stage 12
  Barrier stage 13/15: μ=0.0001
  [Spline barrier] line search stalled; stopping at stage 13
  Barrier stage 14/15: μ=0.0
  [Spline barrier] line search stalled; stopping at stage 14
  Barrier stage 15/15: μ=0.0
  [Spline barrier] line search stalled; stopping at stage 15
  Final: prim_len=1154.581, unc=7.1266, threshold=10.0078, status=optimized, min_slack=0.0
  Obstacle re-verification: mean path clears all obstacles ✓
Fig combined (main) saved: Discrete Len=1278.45 → Continuous Len=1154.58
Fig uncertainty profile (main) saved: /home/tonyzhang/projects/landmark_planning/constraint_sweep/baseline_2026-08-17/sequential/s046_p100/sequential/figures/main_unc_profile.png

[sequential] produced 1 solution(s) -> /home/tonyzhang/projects/landmark_planning/constraint_sweep/baseline_2026-08-17/sequential/s046_p100/sequential
