Landmark scenario: random — 4 landmarks, 3 obstacles, start (0.0, 0.0) → goal (900.0, 0.0)
Hex graph: 383 nodes (378 heading-states + 4 sensors + goal), radius=86.60254037844388m, directed_edges=954, grid=11x11, start_cell=(2, 5), goal_cell=(8, 5), start_heading=0

── SEQUENTIAL PLANNING (2 agent(s), one at a time) ──
  Leg 1 — primary, 1 helper(s) parked at start (bound 10.4988 = 2.0x the 5.249377912 threshold the shipped route is held to):

    ✓ feasible at iter 100: dist=1200.0, unc=8.7489
  Leg 2 — helper 1 vs the fixed primary trajectory (9 steps, beam 400):
    → helper 1 placed; primary goal_unc now 5.2856
  Leg 3 — primary re-planned against the committed helper paths:

    ✓ feasible at iter 69: dist=1200.0, unc=5.1221
    leg 1 route: len=1200.0, unc=5.2856 ✗  |  re-planned: len=1200.0, unc=5.1221 ✓  → TAKE re-plan
  Helper 1: dist=1200.0m, goal_unc=5.0556m
  Primary  : dist=1200.0m, goal_unc=5.1221m (threshold 5.249377912 ✓)

=== Continuous Spline Optimization (threshold=5.2494) ===
  Initial (discrete→spline): prim_len=1119.361, unc=5.1221
  Barrier stage 1/15: μ=20.0
  [Spline barrier] line search stalled; stopping at stage 1
  Barrier stage 2/15: μ=7.0
  [Spline barrier] line search stalled; stopping at stage 2
  Barrier stage 3/15: μ=2.45
  [Spline barrier] line search stalled; stopping at stage 3
  Barrier stage 4/15: μ=0.8575
  → Converged at iter 7 (Δlen=0.00071)
  Barrier stage 5/15: μ=0.3001
  → Converged at iter 9 (Δlen=0.000252)
  Barrier stage 6/15: μ=0.105
  Barrier stage 7/15: μ=0.0368
  Barrier stage 8/15: μ=0.0129
  Barrier stage 9/15: μ=0.0045
  Barrier stage 10/15: μ=0.0016
  Barrier stage 11/15: μ=0.0006
  Barrier stage 12/15: μ=0.0002
  Barrier stage 13/15: μ=0.0001
  → Converged at iter 480 (Δlen=0.000731)
  Barrier stage 14/15: μ=0.0
  → Converged at iter 481 (Δlen=0.000826)
  Barrier stage 15/15: μ=0.0
  → Converged at iter 482 (Δlen=0.000875)
  Final: prim_len=1050.662, unc=4.923, threshold=5.2494, status=optimized, min_slack=6.0e-6
  Obstacle re-verification: mean path clears all obstacles ✓
Fig combined (main) saved: Discrete Len=1119.36 → Continuous Len=1050.66
Fig uncertainty profile (main) saved: /home/tonyzhang/projects/landmark_planning/constraint_sweep/baseline_2026-08-17/sequential/s031_p060/sequential/figures/main_unc_profile.png

[sequential] produced 1 solution(s) -> /home/tonyzhang/projects/landmark_planning/constraint_sweep/baseline_2026-08-17/sequential/s031_p060/sequential
