Landmark scenario: random — 3 landmarks, 3 obstacles, start (0.0, 0.0) → goal (800.0, 0.0)
Hex graph: 796 nodes (792 heading-states + 3 sensors + goal), radius=57.73502691896258m, directed_edges=2112, grid=13x15, start_cell=(1, 7), goal_cell=(9, 7), start_heading=0
Conditional ε-bound: ε_sample=1.1443, w=1.0, ε_total=1.1443
  Bound form (conditional): L_returned ≤ (1+ε_total) L* with assumptions documented in comments.

── MULTI-AGENT PLANNING (Synchronized Kalman) ──

  Running joint discrete A* (threshold=7.4151)... (max_iters=500000)
  Stops on the first feasible candidate under the threshold.
  ✓ Goal reachable from node 1 with distance 800.0

  ✓ FEASIBLE SOLUTION at iter 801: dist=850.0, unc=6.6287
  [Constraint A*] Complete: 801 iterations, final_dist=850.0

✓ Multi-agent solution with synchronized Kalman fusion:
  Support agent 1: node=770, dist=850.0m, goal_unc=3.8776m
  Primary agent: node=445, dist=850.0m, goal_unc=6.6287m
  ├─ Communication: every 100.0m, sigmoid taper range=200.0m width=20.0m
  └─ All agents' uncertainties benefit from synchronized Kalman fusion at checkpoints

--- Final Results ---
Support agent 1 : [1, 403, 409, 482, 487, 554, 626, 631, 698, 770]  dist=850.0  goal_unc=3.8776  ✓  (Kalman-fused)
Primary agent : [1, 403, 476, 481, 487, 493, 499, 505, 444, 445]  dist=850.0  goal_unc=6.6287  threshold=7.415102615 ✓ met  (Kalman-fused)

=== Kalman Filtering Summary ===
All 2 agents performing synchronized Kalman filtering:
  • Dead-reckoning propagation: DIR=0.05/m, PERP=0.016666666666666666/m
  • Landmark fusion: Information filter (Joseph form) at every waypoint
  • SYNCHRONIZED inter-agent communication: every 100.0m of travel
  • Tapered sigmoid weighting: range=200.0m, width=20.0m (soft plateau + rolloff)
  • Bidirectional Kalman fusion: all agent pairs within range at each checkpoint
  • Measurement model: bearing-angle sensor with noise=0.038, ratio=2.2
  └─ Support agents: goal_unc=3.8776m (improved by inter-agent fusion)
  └─ Primary agent: goal_unc=6.6287m (direct path with landmark updates)
Converged at iteration : 801
Figure path-role mapping: supports = paths[1:1], primary = paths[2]
Discrete evaluation: prim_len=850.0, unc=6.6287
Fig 1 saved.

=== Continuous Spline Optimization (threshold=7.4151) ===
  Initial (discrete→spline): prim_len=846.468, unc=6.9923
  Barrier stage 1/15: μ=20.0
  → Converged at iter 40 (Δlen=0.000618)
  Barrier stage 2/15: μ=7.0
  → Converged at iter 96 (Δlen=0.000904)
  Barrier stage 3/15: μ=2.45
  → Converged at iter 98 (Δlen=5.7e-5)
  Barrier stage 4/15: μ=0.8575
  → Converged at iter 111 (Δlen=0.000705)
  Barrier stage 5/15: μ=0.3001
  Barrier stage 6/15: μ=0.105
  Barrier stage 7/15: μ=0.0368
  Barrier stage 8/15: μ=0.0129
  → Converged at iter 344 (Δlen=0.000207)
  Barrier stage 9/15: μ=0.0045
  → Converged at iter 345 (Δlen=0.000259)
  Barrier stage 10/15: μ=0.0016
  → Converged at iter 346 (Δlen=0.000312)
  Barrier stage 11/15: μ=0.0006
  → Converged at iter 357 (Δlen=0.00042)
  Barrier stage 12/15: μ=0.0002
  → Converged at iter 358 (Δlen=0.000631)
  Barrier stage 13/15: μ=0.0001
  → Converged at iter 359 (Δlen=0.000684)
  Barrier stage 14/15: μ=0.0
  → Converged at iter 360 (Δlen=0.000697)
  Barrier stage 15/15: μ=0.0
  [Spline barrier] line search stalled; stopping at stage 15
  Final: prim_len=808.241, unc=6.6804, threshold=7.4151, status=optimized, min_slack=0.015695
  Obstacle re-verification: mean path clears all obstacles ✓
Fig combined (main) saved: Discrete Len=846.47 → Continuous Len=808.24
Fig uncertainty profile (main) saved: /home/tonyzhang/projects/landmark_planning/constraint_sweep/sweep_2026-08-11/hexspline_cl/s095_p075/hexspline_cl/figures/main_unc_profile.png

[hexspline_cl] produced 1 solution(s) -> /home/tonyzhang/projects/landmark_planning/constraint_sweep/sweep_2026-08-11/hexspline_cl/s095_p075/hexspline_cl
