Landmark scenario: random — 3 landmarks, 3 obstacles, start (0.0, 0.0) → goal (800.0, 0.0)
Hex graph: 796 nodes (792 heading-states + 3 sensors + goal), radius=57.73502691896258m, directed_edges=2112, grid=13x15, start_cell=(1, 7), goal_cell=(9, 7), start_heading=0

── SEQUENTIAL PLANNING (2 agent(s), one at a time) ──
  Leg 1 — primary, 1 helper(s) parked at start (bound 8.8981 = 2.0x the 4.449061569 threshold the shipped route is held to):

    ✓ feasible at iter 52: dist=850.0, unc=7.6728
  Leg 2 — helper 1 vs the fixed primary trajectory (10 steps, beam 400):
    → helper 1 placed; primary goal_unc now 3.7792
  Leg 3 — primary re-planned against the committed helper paths:

    ✓ feasible at iter 273: dist=1050.0, unc=3.6251
    leg 1 route: len=850.0, unc=3.7792 ✓  |  re-planned: len=1050.0, unc=3.6251 ✓  → keep leg 1
  Helper 1: dist=850.0m, goal_unc=3.2101m
  Primary  : dist=850.0m, goal_unc=3.7792m (threshold 4.449061569 ✓)

=== Continuous Spline Optimization (threshold=4.4491) ===
  Initial (discrete→spline): prim_len=851.093, unc=3.7619
  Barrier stage 1/15: μ=20.0
  → Converged at iter 3 (Δlen=0.000797)
  Barrier stage 2/15: μ=7.0
  → Converged at iter 4 (Δlen=0.000906)
  Barrier stage 3/15: μ=2.45
  [Spline barrier] line search stalled; stopping at stage 3
  Barrier stage 4/15: μ=0.8575
  [Spline barrier] line search stalled; stopping at stage 4
  Barrier stage 5/15: μ=0.3001
  Barrier stage 6/15: μ=0.105
  Barrier stage 7/15: μ=0.0368
  Barrier stage 8/15: μ=0.0129
  Barrier stage 9/15: μ=0.0045
  [Spline barrier] line search stalled; stopping at stage 9
  Barrier stage 10/15: μ=0.0016
  [Spline barrier] line search stalled; stopping at stage 10
  Barrier stage 11/15: μ=0.0006
  [Spline barrier] line search stalled; stopping at stage 11
  Barrier stage 12/15: μ=0.0002
  [Spline barrier] line search stalled; stopping at stage 12
  Barrier stage 13/15: μ=0.0001
  [Spline barrier] line search stalled; stopping at stage 13
  Barrier stage 14/15: μ=0.0
  → Converged at iter 289 (Δlen=0.000339)
  Barrier stage 15/15: μ=0.0
  → Converged at iter 290 (Δlen=0.000432)
  Final: prim_len=803.771, unc=3.851, threshold=4.4491, status=optimized, min_slack=0.000161
  Obstacle re-verification: mean path clears all obstacles ✓
Fig combined (main) saved: Discrete Len=851.09 → Continuous Len=803.77
Fig uncertainty profile (main) saved: /home/tonyzhang/projects/landmark_planning/constraint_sweep/sweep_2026-08-11/sequential/s095_p045/sequential/figures/main_unc_profile.png

[sequential] produced 1 solution(s) -> /home/tonyzhang/projects/landmark_planning/constraint_sweep/sweep_2026-08-11/sequential/s095_p045/sequential
