┌ Warning: Seed is infeasible (min_slack=-0.6637783582493714, ε=0.001); the barrier will try to recover it before shortening. Expected for the straight_cont ablation, and for a discrete seed that A* returned as its best incumbent after exhausting its budget.
└ @ Main ~/Research/landmark_planning/planners/hexspline_cl.jl:1215
Landmark scenario: random — 3 landmarks, 3 obstacles, start (0.0, 0.0) → goal (900.0, 0.0)
Hex graph: 436 nodes (432 heading-states + 3 sensors + goal), radius=86.60254037844388m, directed_edges=1104, grid=11x11, start_cell=(1, 5), goal_cell=(7, 5), start_heading=0

── SEQUENTIAL PLANNING (2 agent(s), one at a time) ──
  Leg 1 — primary, 1 helper(s) parked at start (bound 11.379 = 2.0x the 5.689508155 threshold the shipped route is held to):

    ✓ feasible at iter 26: dist=975.0, unc=7.8843
  Leg 2 — helper 1 vs the fixed primary trajectory (8 steps, beam 400):
    → helper 1 placed; primary goal_unc now 3.8263
  Leg 3 — primary re-planned against the committed helper paths:

    ✓ feasible at iter 153: dist=1275.0, unc=3.8417
    leg 1 route: len=975.0, unc=3.8263 ✓  |  re-planned: len=1275.0, unc=3.8417 ✓  → keep leg 1
  Helper 1: dist=975.0m, goal_unc=1.159m
  Primary  : dist=975.0m, goal_unc=3.8263m (threshold 5.689508155 ✓)

=== Continuous Spline Optimization (threshold=5.6895) ===
  Initial (discrete→spline): prim_len=976.597, unc=2.4788
  Barrier stage 1/15: μ=20.0
    → Recovered into the feasible set at iter 1 (min_slack=0.015997); feasible-only gate now armed
  Barrier stage 2/15: μ=7.0
  → Converged at iter 78 (Δlen=0.000185)
  Barrier stage 3/15: μ=2.45
  Barrier stage 4/15: μ=0.8575
  Barrier stage 5/15: μ=0.3001
  Barrier stage 6/15: μ=0.105
  Barrier stage 7/15: μ=0.0368
  Barrier stage 8/15: μ=0.0129
  Barrier stage 9/15: μ=0.0045
  Barrier stage 10/15: μ=0.0016
  Barrier stage 11/15: μ=0.0006
  Barrier stage 12/15: μ=0.0002
  Barrier stage 13/15: μ=0.0001
  Barrier stage 14/15: μ=0.0
  → Converged at iter 856 (Δlen=0.00034)
  Barrier stage 15/15: μ=0.0
  → Converged at iter 857 (Δlen=0.000425)
  Final: prim_len=971.057, unc=2.2339, threshold=5.6895, status=optimized, min_slack=0.00015
  Obstacle re-verification: mean path clears all obstacles ✓
Fig combined (main) saved: Discrete Len=976.6 → Continuous Len=971.06
Fig uncertainty profile (main) saved: /home/tony-zhang/Research/landmark_planning/constraint_sweep/2026-08-12_18-33-34/sequential/s008_p090/sequential/figures/main_unc_profile.png

[sequential] produced 1 solution(s) -> /home/tony-zhang/Research/landmark_planning/constraint_sweep/2026-08-12_18-33-34/sequential/s008_p090/sequential
