┌ Warning: Seed is infeasible (min_slack=-22.846217365856432, ε=0.001); the barrier will try to recover it before shortening. Expected for the straight_cont ablation, and for a discrete seed that A* returned as its best incumbent after exhausting its budget.
└ @ Main ~/projects/landmark_planning/planners/hexspline_cl.jl:1215
Landmark scenario: random — 4 landmarks, 5 obstacles, start (0.0, 0.0) → goal (700.0, 0.0)
Hex graph: 725 nodes (720 heading-states + 4 sensors + goal), radius=57.73502691896258m, directed_edges=1908, grid=12x15, start_cell=(1, 7), goal_cell=(8, 7), start_heading=0

── FORMATION PLANNING ──
  Primary: single-agent hexspline A* (threshold 7.90617545); supports added afterwards.

  [Constraint A*] Goal popped, unc OK, but its B-spline breaches an obstacle; discarded.

  [Constraint A*] Goal popped, unc OK, but its B-spline breaches an obstacle; discarded.

  [Constraint A*] Goal popped, unc OK, but its B-spline breaches an obstacle; discarded.

  [Constraint A*] Goal popped, unc OK, but its B-spline breaches an obstacle; discarded.

  [Constraint A*] Goal popped, unc OK, but its B-spline breaches an obstacle; discarded.

  ✓ FEASIBLE SOLUTION at iter 124: dist=950.0, unc=7.9062
  [Constraint A*] Single-agent complete: 124 iterations, final_dist=950.0
  One support: trying both lateral slots (+1 = 60° left, -1 = 60° right).
  Slot [1]: unc=8.0226 ✗
  Slot [-1]: unc=6.5253 ✓
  → Chose slot [-1]
  Support 1 (slot -1): dist=1032.3m, goal_unc=6.8748m, arc drift vs primary=82.3m
  Primary : dist=950.0m, goal_unc=6.5253m (threshold 7.90617545 ✓)
  ! A support drifted more than half a comm interval from the primary's arc; checkpoints no longer pair them where the formation puts them.

=== Continuous Spline Optimization (threshold=7.9062) ===
  Initial (discrete→spline): prim_len=944.955, unc=6.6858
  Barrier stage 1/15: μ=20.0
    → Recovered into the feasible set at iter 12 (min_slack=0.011116); feasible-only gate now armed
  Barrier stage 2/15: μ=7.0
  → Converged at iter 81 (Δlen=0.000983)
  Barrier stage 3/15: μ=2.45
  → Converged at iter 83 (Δlen=0.000725)
  Barrier stage 4/15: μ=0.8575
  → Converged at iter 85 (Δlen=0.00051)
  Barrier stage 5/15: μ=0.3001
  → Converged at iter 86 (Δlen=0.000925)
  Barrier stage 6/15: μ=0.105
  → Converged at iter 88 (Δlen=0.000253)
  Barrier stage 7/15: μ=0.0368
  [Spline barrier] line search stalled; stopping at stage 7
  Barrier stage 8/15: μ=0.0129
  [Spline barrier] line search stalled; stopping at stage 8
  Barrier stage 9/15: μ=0.0045
  [Spline barrier] line search stalled; stopping at stage 9
  Barrier stage 10/15: μ=0.0016
  [Spline barrier] line search stalled; stopping at stage 10
  Barrier stage 11/15: μ=0.0006
  → Converged at iter 93 (Δlen=0.000212)
  Barrier stage 12/15: μ=0.0002
  → Converged at iter 94 (Δlen=0.000127)
  Barrier stage 13/15: μ=0.0001
  → Converged at iter 95 (Δlen=1.0e-6)
  Barrier stage 14/15: μ=0.0
  → Converged at iter 96 (Δlen=0.000161)
  Barrier stage 15/15: μ=0.0
  → Converged at iter 97 (Δlen=0.000356)
  Final: prim_len=963.749, unc=6.9982, threshold=7.9062, status=optimized, min_slack=0.011116
  Obstacle re-verification: mean path clears all obstacles ✓
Fig combined (main) saved: Discrete Len=944.96 → Continuous Len=963.75
Fig uncertainty profile (main) saved: /home/tonyzhang/projects/landmark_planning/constraint_sweep/sweep_2026-08-11/formation/s001_p100/formation/figures/main_unc_profile.png

[formation] produced 1 solution(s) -> /home/tonyzhang/projects/landmark_planning/constraint_sweep/sweep_2026-08-11/formation/s001_p100/formation
