Landmark scenario: random — 3 landmarks, 2 obstacles, start (0.0, 0.0) → goal (900.0, 0.0)
Hex graph: 382 nodes (378 heading-states + 3 sensors + goal), radius=86.60254037844388m, directed_edges=954, grid=11x11, start_cell=(2, 5), goal_cell=(8, 5), start_heading=0

── SEQUENTIAL PLANNING (2 agent(s), one at a time) ──
  Leg 1 — primary, 1 helper(s) parked at start (bound 5.1397 = 2.0x the 2.569858519 threshold the shipped route is held to):

    ✓ feasible at iter 130: dist=1350.0, unc=5.1397
  Leg 2 — helper 1 vs the fixed primary trajectory (10 steps, beam 400):
    → helper 1 placed; primary goal_unc now 3.5585
  Leg 3 — primary re-planned against the committed helper paths:

    ✓ feasible at iter 191: dist=1500.0, unc=2.4429
    leg 1 route: len=1350.0, unc=3.5585 ✗  |  re-planned: len=1500.0, unc=2.4429 ✓  → TAKE re-plan
  Helper 1: dist=1350.0m, goal_unc=2.2935m
  Primary  : dist=1500.0m, goal_unc=2.4429m (threshold 2.569858519 ✓)

=== Continuous Spline Optimization (threshold=2.5699) ===
  Initial (discrete→spline): prim_len=1398.902, unc=1.9424
  Barrier stage 1/15: μ=20.0
  → Converged at iter 10 (Δlen=0.000128)
  Barrier stage 2/15: μ=7.0
  → Converged at iter 11 (Δlen=0.000221)
  Barrier stage 3/15: μ=2.45
  [Spline barrier] line search stalled; stopping at stage 3
  Barrier stage 4/15: μ=0.8575
  [Spline barrier] line search stalled; stopping at stage 4
  Barrier stage 5/15: μ=0.3001
  [Spline barrier] line search stalled; stopping at stage 5
  Barrier stage 6/15: μ=0.105
  [Spline barrier] line search stalled; stopping at stage 6
  Barrier stage 7/15: μ=0.0368
  [Spline barrier] line search stalled; stopping at stage 7
  Barrier stage 8/15: μ=0.0129
  [Spline barrier] line search stalled; stopping at stage 8
  Barrier stage 9/15: μ=0.0045
  [Spline barrier] line search stalled; stopping at stage 9
  Barrier stage 10/15: μ=0.0016
  [Spline barrier] line search stalled; stopping at stage 10
  Barrier stage 11/15: μ=0.0006
  [Spline barrier] line search stalled; stopping at stage 11
  Barrier stage 12/15: μ=0.0002
  [Spline barrier] line search stalled; stopping at stage 12
  Barrier stage 13/15: μ=0.0001
  [Spline barrier] line search stalled; stopping at stage 13
  Barrier stage 14/15: μ=0.0
  [Spline barrier] line search stalled; stopping at stage 14
  Barrier stage 15/15: μ=0.0
  [Spline barrier] line search stalled; stopping at stage 15
  Final: prim_len=1398.902, unc=1.9424, threshold=2.5699, status=seed_only, min_slack=0.016111
  Obstacle re-verification: mean path clears all obstacles ✓
Fig combined (main) saved: Discrete Len=1398.9 → Continuous Len=1398.9
Fig uncertainty profile (main) saved: /home/tonyzhang/projects/landmark_planning/constraint_sweep/baseline_2026-08-17/sequential/s057_p050/sequential/figures/main_unc_profile.png

[sequential] produced 1 solution(s) -> /home/tonyzhang/projects/landmark_planning/constraint_sweep/baseline_2026-08-17/sequential/s057_p050/sequential
