┌ Warning: Seed is infeasible (min_slack=-0.2662472378179426, ε=0.001); the barrier will try to recover it before shortening. Expected for the straight_cont ablation, and for a discrete seed that A* returned as its best incumbent after exhausting its budget.
└ @ Main ~/projects/landmark_planning/planners/hexspline_cl.jl:1215
Landmark scenario: random — 4 landmarks, 3 obstacles, start (0.0, 0.0) → goal (700.0, 0.0)
Hex graph: 725 nodes (720 heading-states + 4 sensors + goal), radius=57.73502691896258m, directed_edges=1908, grid=12x15, start_cell=(1, 7), goal_cell=(8, 7), start_heading=0

── SEQUENTIAL PLANNING (2 agent(s), one at a time) ──
  Leg 1 — primary, 1 helper(s) parked at start (bound 6.858 = 2.0x the 3.428995362 threshold the shipped route is held to):

    ✓ feasible at iter 136: dist=950.0, unc=4.8986
  Leg 2 — helper 1 vs the fixed primary trajectory (11 steps, beam 400):
    → helper 1 placed; primary goal_unc now 3.2529
  Leg 3 — primary re-planned against the committed helper paths:

    ✓ feasible at iter 117: dist=950.0, unc=3.2529
    leg 1 route: len=950.0, unc=3.2529 ✓  |  re-planned: len=950.0, unc=3.2529 ✓  → TAKE re-plan
  Helper 1: dist=950.0m, goal_unc=2.6984m
  Primary  : dist=950.0m, goal_unc=3.2529m (threshold 3.428995362 ✓)

=== Continuous Spline Optimization (threshold=3.429) ===
  Initial (discrete→spline): prim_len=920.498, unc=3.6952
  Barrier stage 1/15: μ=20.0
    → Recovered into the feasible set at iter 4 (min_slack=0.010215); feasible-only gate now armed
  → Converged at iter 14 (Δlen=0.000452)
  Barrier stage 2/15: μ=7.0
  → Converged at iter 15 (Δlen=0.000278)
  Barrier stage 3/15: μ=2.45
  → Converged at iter 16 (Δlen=0.000269)
  Barrier stage 4/15: μ=0.8575
  → Converged at iter 17 (Δlen=0.000277)
  Barrier stage 5/15: μ=0.3001
  → Converged at iter 18 (Δlen=0.000289)
  Barrier stage 6/15: μ=0.105
  → Converged at iter 19 (Δlen=0.000294)
  Barrier stage 7/15: μ=0.0368
  → Converged at iter 69 (Δlen=0.000857)
  Barrier stage 8/15: μ=0.0129
  → Converged at iter 71 (Δlen=0.000109)
  Barrier stage 9/15: μ=0.0045
  → Converged at iter 72 (Δlen=0.000164)
  Barrier stage 10/15: μ=0.0016
  [Spline barrier] line search stalled; stopping at stage 10
  Barrier stage 11/15: μ=0.0006
  [Spline barrier] line search stalled; stopping at stage 11
  Barrier stage 12/15: μ=0.0002
  [Spline barrier] line search stalled; stopping at stage 12
  Barrier stage 13/15: μ=0.0001
  [Spline barrier] line search stalled; stopping at stage 13
  Barrier stage 14/15: μ=0.0
  [Spline barrier] line search stalled; stopping at stage 14
  Barrier stage 15/15: μ=0.0
  [Spline barrier] line search stalled; stopping at stage 15
  Final: prim_len=908.768, unc=3.429, threshold=3.429, status=optimized, min_slack=0.0
  Obstacle re-verification: mean path clears all obstacles ✓
Fig combined (main) saved: Discrete Len=920.5 → Continuous Len=908.77
Fig uncertainty profile (main) saved: /home/tonyzhang/projects/landmark_planning/constraint_sweep/sweep_2026-08-11/sequential/s004_p070/sequential/figures/main_unc_profile.png

[sequential] produced 1 solution(s) -> /home/tonyzhang/projects/landmark_planning/constraint_sweep/sweep_2026-08-11/sequential/s004_p070/sequential
