Landmark scenario: random — 2 landmarks, 2 obstacles, start (0.0, 0.0) → goal (900.0, 0.0)
Hex graph: 381 nodes (378 heading-states + 2 sensors + goal), radius=86.60254037844388m, directed_edges=954, grid=11x11, start_cell=(2, 5), goal_cell=(8, 5), start_heading=0
Conditional ε-bound: ε_sample=1.1925, w=1.0, ε_total=1.1925
  Bound form (conditional): L_returned ≤ (1+ε_total) L* with assumptions documented in comments.

── MULTI-AGENT PLANNING (Synchronized Kalman) ──

  Running joint discrete A* (threshold=4.3528)... (max_iters=1000000)
  Stops on the first feasible candidate under the threshold.
  ✓ Goal reachable from node 1 with distance 900.0

  [Constraint A*] Incumbent seed at iter 114: dist=900.0, unc=8.707 > 4.3528

  [Constraint A*] Incumbent seed at iter 120: dist=900.0, unc=8.7056 > 4.3528

  [Constraint A*] Incumbent seed at iter 125: dist=900.0, unc=8.0272 > 4.3528
  [A*] iter 1000/1000000 (0.1%)  left=999000  elapsed=1.5s   
  [Constraint A*] Incumbent seed at iter 1421: dist=1050.0, unc=7.5188 > 4.3528

  [Constraint A*] Incumbent seed at iter 1844: dist=1050.0, unc=6.7416 > 4.3528

  [Constraint A*] Incumbent seed at iter 1854: dist=1050.0, unc=6.7402 > 4.3528

  [Constraint A*] Incumbent seed at iter 1865: dist=1050.0, unc=6.7393 > 4.3528

  [Constraint A*] Incumbent seed at iter 1907: dist=1050.0, unc=6.7327 > 4.3528

  [Constraint A*] Incumbent seed at iter 1909: dist=1050.0, unc=6.7315 > 4.3528
  [A*] iter 2000/1000000 (0.2%)  left=998000  elapsed=1.5s   
  [Constraint A*] Incumbent seed at iter 2254: dist=1050.0, unc=6.4921 > 4.3528

  [Constraint A*] Incumbent seed at iter 2256: dist=1050.0, unc=6.492 > 4.3528
  [A*] iter 3000/1000000 (0.3%)  left=997000  elapsed=1.6s     [A*] iter 4000/1000000 (0.4%)  left=996000  elapsed=1.6s     [A*] iter 5000/1000000 (0.5%)  left=995000  elapsed=1.7s     [A*] iter 6000/1000000 (0.6%)  left=994000  elapsed=1.7s     [A*] iter 7000/1000000 (0.7%)  left=993000  elapsed=1.7s     [A*] iter 8000/1000000 (0.8%)  left=992000  elapsed=2.0s     [A*] iter 9000/1000000 (0.9%)  left=991000  elapsed=2.0s     [A*] iter 10000/1000000 (1.0%)  left=990000  elapsed=2.0s     [A*] iter 11000/1000000 (1.1%)  left=989000  elapsed=2.1s     [A*] iter 12000/1000000 (1.2%)  left=988000  elapsed=2.2s     [A*] iter 13000/1000000 (1.3%)  left=987000  elapsed=2.2s     [A*] iter 14000/1000000 (1.4%)  left=986000  elapsed=2.3s     [A*] iter 15000/1000000 (1.5%)  left=985000  elapsed=2.3s   
  [Constraint A*] Incumbent seed at iter 15065: dist=1200.0, unc=5.1374 > 4.3528

  ✓ FEASIBLE SOLUTION at iter 15066: dist=1200.0, unc=4.0707
  [Constraint A*] Complete: 15066 iterations, final_dist=1200.0

✓ Multi-agent solution with synchronized Kalman fusion:
  Support agent 1: node=318, dist=1200.0m, goal_unc=3.9369m
  Primary agent: node=210, dist=1200.0m, goal_unc=4.0707m
  ├─ Communication: every 100.0m, sigmoid taper range=300.0m width=20.0m
  └─ All agents' uncertainties benefit from synchronized Kalman fusion at checkpoints

--- Final Results ---
Support agent 1 : [1, 230, 235, 241, 247, 302, 362, 367, 318]  dist=1200.0  goal_unc=3.9369  ✓  (Kalman-fused)
Primary agent : [1, 175, 181, 242, 296, 301, 307, 264, 210]  dist=1200.0  goal_unc=4.0707  threshold=4.352797665 ✓ met  (Kalman-fused)

=== Kalman Filtering Summary ===
All 2 agents performing synchronized Kalman filtering:
  • Dead-reckoning propagation: DIR=0.05/m, PERP=0.016666666666666666/m
  • Landmark fusion: Information filter (Joseph form) at every waypoint
  • SYNCHRONIZED inter-agent communication: every 100.0m of travel
  • Tapered sigmoid weighting: range=300.0m, width=20.0m (soft plateau + rolloff)
  • Bidirectional Kalman fusion: all agent pairs within range at each checkpoint
  • Measurement model: bearing-angle sensor with noise=0.038, ratio=2.2
  └─ Support agents: goal_unc=3.9369m (improved by inter-agent fusion)
  └─ Primary agent: goal_unc=4.0707m (direct path with landmark updates)
Converged at iteration : 15066
Figure path-role mapping: supports = paths[1:1], primary = paths[2]
Discrete evaluation: prim_len=1200.0, unc=4.0707
Fig 1 saved.
Discrete-only spline: prim_len=1136.172, unc=4.0707

[discrete_only] produced 1 solution(s) -> /home/tonyzhang/projects/landmark_planning/constraint_sweep/ablation_2026-08-17/discrete_only/s019_p050/discrete_only
