Landmark scenario: random — 3 landmarks, 1 obstacles, start (0.0, 0.0) → goal (750.0, 0.0)
Hex graph: 340 nodes (336 heading-states + 3 sensors + goal), radius=86.60254037844388m, directed_edges=840, grid=10x11, start_cell=(2, 5), goal_cell=(7, 5), start_heading=0

── FORMATION PLANNING ──
  Primary: own A* (formation_primary_astar); a goal candidate is accepted on the primary's uncertainty WITH its supports attached (threshold 7.838290344).
  One support: both lateral slots (+1 = 60° left, -1 = 60° right) tried per candidate.

    ✓ escorted-feasible at iter 92: dist=1200.0, unc=7.7358 (slot [1])
  → Chose slot [1]
  Support 1 (slot 1): dist=1200.0m, goal_unc=7.7347m, arc drift vs primary=0.0m
  Primary : dist=1200.0m, goal_unc=7.7358m (threshold 7.838290344 ✓)

=== Continuous Spline Optimization (threshold=7.8383) ===
  Initial (discrete→spline): prim_len=1123.507, unc=7.7358
  Barrier stage 1/15: μ=20.0
  Barrier stage 2/15: μ=7.0
  Barrier stage 3/15: μ=2.45
  Barrier stage 4/15: μ=0.8575
  Barrier stage 5/15: μ=0.3001
  → Converged at iter 313 (Δlen=0.000885)
  Barrier stage 6/15: μ=0.105
  → Converged at iter 334 (Δlen=0.000676)
  Barrier stage 7/15: μ=0.0368
  → Converged at iter 336 (Δlen=4.9e-5)
  Barrier stage 8/15: μ=0.0129
  → Converged at iter 337 (Δlen=7.6e-5)
  Barrier stage 9/15: μ=0.0045
  [Spline barrier] line search stalled; stopping at stage 9
  Barrier stage 10/15: μ=0.0016
  [Spline barrier] line search stalled; stopping at stage 10
  Barrier stage 11/15: μ=0.0006
  [Spline barrier] line search stalled; stopping at stage 11
  Barrier stage 12/15: μ=0.0002
  [Spline barrier] line search stalled; stopping at stage 12
  Barrier stage 13/15: μ=0.0001
  [Spline barrier] line search stalled; stopping at stage 13
  Barrier stage 14/15: μ=0.0
  [Spline barrier] line search stalled; stopping at stage 14
  Barrier stage 15/15: μ=0.0
  [Spline barrier] line search stalled; stopping at stage 15
  Final: prim_len=1095.198, unc=6.719, threshold=7.8383, status=optimized, min_slack=0.0
  Obstacle re-verification: mean path clears all obstacles ✓
Fig combined (main) saved: Discrete Len=1123.51 → Continuous Len=1095.2
Fig uncertainty profile (main) saved: /home/tonyzhang/projects/landmark_planning/constraint_sweep/baseline_2026-08-17/formation/s035_p090/formation/figures/main_unc_profile.png

[formation] produced 1 solution(s) -> /home/tonyzhang/projects/landmark_planning/constraint_sweep/baseline_2026-08-17/formation/s035_p090/formation
