┌ Warning: Seed is infeasible (min_slack=-0.3767270151000705, ε=0.001); the barrier will try to recover it before shortening. Expected for the straight_cont ablation, and for a discrete seed that A* returned as its best incumbent after exhausting its budget.
└ @ Main ~/projects/landmark_planning/planners/hexspline_cl.jl:1215
Landmark scenario: random — 2 landmarks, 3 obstacles, start (0.0, 0.0) → goal (600.0, 0.0)
Hex graph: 651 nodes (648 heading-states + 2 sensors + goal), radius=57.73502691896258m, directed_edges=1704, grid=11x15, start_cell=(1, 7), goal_cell=(7, 7), start_heading=0

── SEQUENTIAL PLANNING (2 agent(s), one at a time) ──
  Leg 1 — primary, 1 helper(s) parked at start (bound 9.9782 = 2.0x the 4.989089076 threshold the shipped route is held to):

    ✓ feasible at iter 36: dist=650.0, unc=7.294
  Leg 2 — helper 1 vs the fixed primary trajectory (8 steps, beam 400):
    → helper 1 placed; primary goal_unc now 4.2661
  Leg 3 — primary re-planned against the committed helper paths:

    ✓ feasible at iter 10: dist=650.0, unc=4.2667
    leg 1 route: len=650.0, unc=4.2661 ✓  |  re-planned: len=650.0, unc=4.2667 ✓  → keep leg 1
  Helper 1: dist=650.0m, goal_unc=3.316m
  Primary  : dist=650.0m, goal_unc=4.2661m (threshold 4.989089076 ✓)

=== Continuous Spline Optimization (threshold=4.9891) ===
  Initial (discrete→spline): prim_len=650.13, unc=4.5688
  Barrier stage 1/15: μ=20.0
    → Recovered into the feasible set at iter 1 (min_slack=0.011438); feasible-only gate now armed
  → Converged at iter 57 (Δlen=0.000882)
  Barrier stage 2/15: μ=7.0
  Barrier stage 3/15: μ=2.45
  → Converged at iter 188 (Δlen=0.000336)
  Barrier stage 4/15: μ=0.8575
  Barrier stage 5/15: μ=0.3001
  Barrier stage 6/15: μ=0.105
  Barrier stage 7/15: μ=0.0368
  Barrier stage 8/15: μ=0.0129
  Barrier stage 9/15: μ=0.0045
  Barrier stage 10/15: μ=0.0016
  → Converged at iter 594 (Δlen=0.00014)
  Barrier stage 11/15: μ=0.0006
  → Converged at iter 595 (Δlen=0.000144)
  Barrier stage 12/15: μ=0.0002
  [Spline barrier] line search stalled; stopping at stage 12
  Barrier stage 13/15: μ=0.0001
  [Spline barrier] line search stalled; stopping at stage 13
  Barrier stage 14/15: μ=0.0
  [Spline barrier] line search stalled; stopping at stage 14
  Barrier stage 15/15: μ=0.0
  [Spline barrier] line search stalled; stopping at stage 15
  Final: prim_len=629.14, unc=4.9891, threshold=4.9891, status=optimized, min_slack=0.0
  Obstacle re-verification: mean path clears all obstacles ✓
Fig combined (main) saved: Discrete Len=650.13 → Continuous Len=629.14
Fig uncertainty profile (main) saved: /home/tonyzhang/projects/landmark_planning/constraint_sweep/sweep_2026-08-11/sequential/s006_p055/sequential/figures/main_unc_profile.png

[sequential] produced 1 solution(s) -> /home/tonyzhang/projects/landmark_planning/constraint_sweep/sweep_2026-08-11/sequential/s006_p055/sequential
