Landmark scenario: random — 2 landmarks, 3 obstacles, start (0.0, 0.0) → goal (750.0, 0.0)
Hex graph: 339 nodes (336 heading-states + 2 sensors + goal), radius=86.60254037844388m, directed_edges=840, grid=10x11, start_cell=(2, 5), goal_cell=(7, 5), start_heading=0
Conditional ε-bound: ε_sample=1.2309, w=1.0, ε_total=1.2309
  Bound form (conditional): L_returned ≤ (1+ε_total) L* with assumptions documented in comments.

── MULTI-AGENT PLANNING (Synchronized Kalman) ──

  Running joint discrete A* (threshold=9.7873)... (max_iters=1000000)
  Stops on the first feasible candidate under the threshold.
  ✓ Goal reachable from node 1 with distance 750.0
  [A*] iter 1000/1000000 (0.1%)  left=999000  elapsed=1.4s     [A*] iter 2000/1000000 (0.2%)  left=998000  elapsed=1.5s     [A*] iter 3000/1000000 (0.3%)  left=997000  elapsed=1.6s     [A*] iter 4000/1000000 (0.4%)  left=996000  elapsed=1.7s     [A*] iter 5000/1000000 (0.5%)  left=995000  elapsed=1.7s     [A*] iter 6000/1000000 (0.6%)  left=994000  elapsed=2.0s     [A*] iter 7000/1000000 (0.7%)  left=993000  elapsed=2.1s     [A*] iter 8000/1000000 (0.8%)  left=992000  elapsed=2.1s     [A*] iter 9000/1000000 (0.9%)  left=991000  elapsed=2.3s     [A*] iter 10000/1000000 (1.0%)  left=990000  elapsed=2.3s     [A*] iter 11000/1000000 (1.1%)  left=989000  elapsed=2.4s     [A*] iter 12000/1000000 (1.2%)  left=988000  elapsed=2.4s     [A*] iter 13000/1000000 (1.3%)  left=987000  elapsed=2.5s     [A*] iter 14000/1000000 (1.4%)  left=986000  elapsed=2.6s     [A*] iter 15000/1000000 (1.5%)  left=985000  elapsed=2.6s   
  ✓ FEASIBLE SOLUTION at iter 15017: dist=1200.0, unc=8.0897
  [Constraint A*] Complete: 15017 iterations, final_dist=1200.0

✓ Multi-agent solution with synchronized Kalman fusion:
  Support agent 1: node=277, dist=1200.0m, goal_unc=7.8726m
  Primary agent: node=186, dist=1200.0m, goal_unc=8.0897m
  ├─ Communication: every 100.0m, sigmoid taper range=300.0m width=20.0m
  └─ All agents' uncertainties benefit from synchronized Kalman fusion at checkpoints

--- Final Results ---
Support agent 1 : [1, 206, 249, 302, 307, 313, 270, 271, 277]  dist=1200.0  goal_unc=7.8726  ✓  (Kalman-fused)
Primary agent : [1, 206, 254, 308, 313, 270, 271, 234, 186]  dist=1200.0  goal_unc=8.0897  threshold=9.787335393 ✓ met  (Kalman-fused)

=== Kalman Filtering Summary ===
All 2 agents performing synchronized Kalman filtering:
  • Dead-reckoning propagation: DIR=0.05/m, PERP=0.016666666666666666/m
  • Landmark fusion: Information filter (Joseph form) at every waypoint
  • SYNCHRONIZED inter-agent communication: every 100.0m of travel
  • Tapered sigmoid weighting: range=300.0m, width=20.0m (soft plateau + rolloff)
  • Bidirectional Kalman fusion: all agent pairs within range at each checkpoint
  • Measurement model: bearing-angle sensor with noise=0.038, ratio=2.2
  └─ Support agents: goal_unc=7.8726m (improved by inter-agent fusion)
  └─ Primary agent: goal_unc=8.0897m (direct path with landmark updates)
Converged at iteration : 15017
Figure path-role mapping: supports = paths[1:1], primary = paths[2]
Discrete evaluation: prim_len=1200.0, unc=8.0897
Fig 1 saved.

=== Continuous Spline Optimization (threshold=9.7873) ===
  Initial (discrete→spline): prim_len=1123.507, unc=8.0897
  Barrier stage 1/15: μ=20.0
  Barrier stage 2/15: μ=7.0
  → Converged at iter 89 (Δlen=0.000643)
  Barrier stage 3/15: μ=2.45
  Barrier stage 4/15: μ=0.8575
  Barrier stage 5/15: μ=0.3001
  Barrier stage 6/15: μ=0.105
  Barrier stage 7/15: μ=0.0368
  Barrier stage 8/15: μ=0.0129
  Barrier stage 9/15: μ=0.0045
  Barrier stage 10/15: μ=0.0016
  Barrier stage 11/15: μ=0.0006
  Barrier stage 12/15: μ=0.0002
  → Converged at iter 695 (Δlen=0.00014)
  Barrier stage 13/15: μ=0.0001
  [Spline barrier] line search stalled; stopping at stage 13
  Barrier stage 14/15: μ=0.0
  [Spline barrier] line search stalled; stopping at stage 14
  Barrier stage 15/15: μ=0.0
  [Spline barrier] line search stalled; stopping at stage 15
  Final: prim_len=1035.383, unc=6.6122, threshold=9.7873, status=optimized, min_slack=0.0
  Obstacle re-verification: mean path clears all obstacles ✓
Fig combined (main) saved: Discrete Len=1123.51 → Continuous Len=1035.38
Fig uncertainty profile (main) saved: /home/tonyzhang/projects/landmark_planning/constraint_sweep/baseline_2026-08-17/hexspline_cl/s070_p100/hexspline_cl/figures/main_unc_profile.png

[hexspline_cl] produced 1 solution(s) -> /home/tonyzhang/projects/landmark_planning/constraint_sweep/baseline_2026-08-17/hexspline_cl/s070_p100/hexspline_cl
