┌ Warning: Seed is infeasible (min_slack=-1.4139050556323671, ε=0.001); the barrier will try to recover it before shortening. Expected for the straight_cont ablation, and for a discrete seed that A* returned as its best incumbent after exhausting its budget.
└ @ Main ~/projects/landmark_planning/planners/hexspline_cl.jl:1215
Landmark scenario: random — 3 landmarks, 3 obstacles, start (0.0, 0.0) → goal (600.0, 0.0)
Hex graph: 652 nodes (648 heading-states + 3 sensors + goal), radius=57.73502691896258m, directed_edges=1704, grid=11x15, start_cell=(1, 7), goal_cell=(7, 7), start_heading=0
Conditional ε-bound: ε_sample=1.1925, w=1.0, ε_total=1.1925
  Bound form (conditional): L_returned ≤ (1+ε_total) L* with assumptions documented in comments.

── MULTI-AGENT PLANNING (Synchronized Kalman) ──

  seed_mode=:straight — skipping discrete search and using direct start→goal seed

✓ Multi-agent solution with synchronized Kalman fusion:
  Support agent 1: node=652, dist=600.0m, goal_unc=7.1604m
  Primary agent: node=652, dist=600.0m, goal_unc=7.1604m
  ├─ Communication: every 100.0m, sigmoid taper range=200.0m width=20.0m
  └─ All agents' uncertainties benefit from synchronized Kalman fusion at checkpoints

--- Final Results ---
Support agent 1 : [1, 652]  dist=600.0  goal_unc=7.1604  ✗  (Kalman-fused)
Primary agent : [1, 652]  dist=600.0  goal_unc=7.1604  threshold=7.143820091 ✗ not met  (Kalman-fused)

=== Kalman Filtering Summary ===
All 2 agents performing synchronized Kalman filtering:
  • Dead-reckoning propagation: DIR=0.05/m, PERP=0.016666666666666666/m
  • Landmark fusion: Information filter (Joseph form) at every waypoint
  • SYNCHRONIZED inter-agent communication: every 100.0m of travel
  • Tapered sigmoid weighting: range=200.0m, width=20.0m (soft plateau + rolloff)
  • Bidirectional Kalman fusion: all agent pairs within range at each checkpoint
  • Measurement model: bearing-angle sensor with noise=0.038, ratio=2.2
  └─ Support agents: goal_unc=7.1604m (improved by inter-agent fusion)
  └─ Primary agent: goal_unc=7.1604m (direct path with landmark updates)
Converged at iteration : 0
Figure path-role mapping: supports = paths[1:1], primary = paths[2]
Discrete evaluation: prim_len=600.0, unc=7.1604
Fig 1 saved.

=== Continuous Spline Optimization (threshold=7.1438) ===
  Initial (discrete→spline): prim_len=600.0, unc=7.1589
  Barrier stage 1/15: μ=20.0
    → Recovered into the feasible set at iter 37 (min_slack=0.000377); feasible-only gate now armed
  → Converged at iter 42 (Δlen=0.000486)
  Barrier stage 2/15: μ=7.0
  → Converged at iter 43 (Δlen=0.000479)
  Barrier stage 3/15: μ=2.45
  → Converged at iter 44 (Δlen=0.000121)
  Barrier stage 4/15: μ=0.8575
  → Converged at iter 45 (Δlen=0.000482)
  Barrier stage 5/15: μ=0.3001
  → Converged at iter 47 (Δlen=0.000902)
  Barrier stage 6/15: μ=0.105
  → Converged at iter 52 (Δlen=0.00099)
  Barrier stage 7/15: μ=0.0368
  → Converged at iter 54 (Δlen=0.000911)
  Barrier stage 8/15: μ=0.0129
  [Spline barrier] line search stalled; stopping at stage 8
  Barrier stage 9/15: μ=0.0045
  [Spline barrier] line search stalled; stopping at stage 9
  Barrier stage 10/15: μ=0.0016
  [Spline barrier] line search stalled; stopping at stage 10
  Barrier stage 11/15: μ=0.0006
  [Spline barrier] line search stalled; stopping at stage 11
  Barrier stage 12/15: μ=0.0002
  [Spline barrier] line search stalled; stopping at stage 12
  Barrier stage 13/15: μ=0.0001
  [Spline barrier] line search stalled; stopping at stage 13
  Barrier stage 14/15: μ=0.0
  [Spline barrier] line search stalled; stopping at stage 14
  Barrier stage 15/15: μ=0.0
  [Spline barrier] line search stalled; stopping at stage 15
  Final: prim_len=600.098, unc=7.1422, threshold=7.1438, status=optimized, min_slack=0.001595
  Obstacle re-verification: mean path clears all obstacles ✓
Fig combined (main) saved: Discrete Len=600.0 → Continuous Len=600.1
Fig uncertainty profile (main) saved: /home/tonyzhang/projects/landmark_planning/constraint_sweep/sweep_2026-08-11/straight_cont/s097_p085/straight_cont/figures/main_unc_profile.png

[straight_cont] produced 1 solution(s) -> /home/tonyzhang/projects/landmark_planning/constraint_sweep/sweep_2026-08-11/straight_cont/s097_p085/straight_cont
