┌ Warning: Seed is infeasible (min_slack=-9.822360044225034, ε=0.001); the barrier will try to recover it before shortening. Expected for the straight_cont ablation, and for a discrete seed that A* returned as its best incumbent after exhausting its budget.
└ @ Main ~/projects/landmark_planning/planners/hexspline_cl.jl:1215
Landmark scenario: random — 2 landmarks, 5 obstacles, start (0.0, 0.0) → goal (700.0, 0.0)
Hex graph: 723 nodes (720 heading-states + 2 sensors + goal), radius=57.73502691896258m, directed_edges=1908, grid=12x15, start_cell=(1, 7), goal_cell=(8, 7), start_heading=0

── GREEDY PLANNING ──
  Primary: shortest obstacle-clear route (single-agent A*, no uncertainty bound)

  [Constraint A*] Goal popped, unc OK, but its B-spline breaches an obstacle; discarded.

  [Constraint A*] Goal popped, unc OK, but its B-spline breaches an obstacle; discarded.

  [Constraint A*] Goal popped, unc OK, but its B-spline breaches an obstacle; discarded.

  [Constraint A*] Goal popped, unc OK, but its B-spline breaches an obstacle; discarded.

  [Constraint A*] Goal popped, unc OK, but its B-spline breaches an obstacle; discarded.

  [Constraint A*] Goal popped, unc OK, but its B-spline breaches an obstacle; discarded.

  [Constraint A*] Goal popped, unc OK, but its B-spline breaches an obstacle; discarded.

  [Constraint A*] Goal popped, unc OK, but its B-spline breaches an obstacle; discarded.

  [Constraint A*] Goal popped, unc OK, but its B-spline breaches an obstacle; discarded.

  [Constraint A*] Goal popped, unc OK, but its B-spline breaches an obstacle; discarded.

  [Constraint A*] Goal popped, unc OK, but its B-spline breaches an obstacle; discarded.

  ✓ FEASIBLE SOLUTION at iter 111: dist=950.0, unc=8.0003
  [Constraint A*] Single-agent complete: 111 iterations, final_dist=950.0
  Helpers: greedy placement, minimising the primary's uncertainty per step
  Support 1: dist=950.0m, goal_unc=7.0432m
  Primary  : dist=950.0m, goal_unc=7.756m (threshold 7.200295451 ✗)

=== Continuous Spline Optimization (threshold=7.2003) ===
  Initial (discrete→spline): prim_len=891.891, unc=7.65
  Barrier stage 1/15: μ=20.0
  Barrier stage 2/15: μ=20.0
    → Recovered into the feasible set at iter 129 (min_slack=0.000104); feasible-only gate now armed
  Barrier stage 3/15: μ=7.0
  → Converged at iter 160 (Δlen=0.000936)
  Barrier stage 4/15: μ=2.45
  → Converged at iter 162 (Δlen=0.000896)
  Barrier stage 5/15: μ=0.8575
  → Converged at iter 164 (Δlen=0.000897)
  Barrier stage 6/15: μ=0.3001
  → Converged at iter 166 (Δlen=0.000914)
  Barrier stage 7/15: μ=0.105
  → Converged at iter 168 (Δlen=0.000936)
  Barrier stage 8/15: μ=0.0368
  → Converged at iter 170 (Δlen=0.000959)
  Barrier stage 9/15: μ=0.0129
  → Converged at iter 172 (Δlen=0.000981)
  Barrier stage 10/15: μ=0.0045
  Barrier stage 11/15: μ=0.0016
  Barrier stage 12/15: μ=0.0006
  Barrier stage 13/15: μ=0.0002
  Barrier stage 14/15: μ=0.0001
  Barrier stage 15/15: μ=0.0
  Final: prim_len=900.5, unc=7.1528, threshold=7.2003, status=optimized, min_slack=0.008401
  Obstacle re-verification: mean path clears all obstacles ✓
Fig combined (main) saved: Discrete Len=891.89 → Continuous Len=900.5
Fig uncertainty profile (main) saved: /home/tonyzhang/projects/landmark_planning/constraint_sweep/sweep_2026-08-11/greedy/s067_p090/greedy/figures/main_unc_profile.png

[greedy] produced 1 solution(s) -> /home/tonyzhang/projects/landmark_planning/constraint_sweep/sweep_2026-08-11/greedy/s067_p090/greedy
