Landmark scenario: random — 4 landmarks, 5 obstacles, start (0.0, 0.0) → goal (800.0, 0.0)
Hex graph: 797 nodes (792 heading-states + 4 sensors + goal), radius=57.73502691896258m, directed_edges=2112, grid=13x15, start_cell=(1, 7), goal_cell=(9, 7), start_heading=0

── SEQUENTIAL PLANNING (2 agent(s), one at a time) ──
  Leg 1 — primary, 1 helper(s) parked at start (bound 16.8055 = 2.0x the 8.402735913 threshold the shipped route is held to):

    ✓ feasible at iter 554: dist=1150.0, unc=9.4795
  Leg 2 — helper 1 vs the fixed primary trajectory (13 steps, beam 400):
    → helper 1 placed; primary goal_unc now 7.4344
  Leg 3 — primary re-planned against the committed helper paths:

    ✓ feasible at iter 608: dist=1186.603, unc=7.5517
    leg 1 route: len=1150.0, unc=7.4344 ✓  |  re-planned: len=1186.6, unc=7.5517 ✓  → keep leg 1
  Helper 1: dist=1150.0m, goal_unc=6.9897m
  Primary  : dist=1150.0m, goal_unc=7.4344m (threshold 8.402735913 ✓)

=== Continuous Spline Optimization (threshold=8.4027) ===
  Initial (discrete→spline): prim_len=1094.551, unc=7.5272
  Barrier stage 1/15: μ=20.0
  Barrier stage 2/15: μ=7.0
  → Converged at iter 106 (Δlen=0.000527)
  Barrier stage 3/15: μ=2.45
  → Converged at iter 107 (Δlen=0.000707)
  Barrier stage 4/15: μ=0.8575
  → Converged at iter 108 (Δlen=0.000767)
  Barrier stage 5/15: μ=0.3001
  Barrier stage 6/15: μ=0.105
  Barrier stage 7/15: μ=0.0368
  → Converged at iter 306 (Δlen=0.000606)
  Barrier stage 8/15: μ=0.0129
  → Converged at iter 307 (Δlen=0.000915)
  Barrier stage 9/15: μ=0.0045
  [Spline barrier] line search stalled; stopping at stage 9
  Barrier stage 10/15: μ=0.0016
  [Spline barrier] line search stalled; stopping at stage 10
  Barrier stage 11/15: μ=0.0006
  → Converged at iter 314 (Δlen=0.000332)
  Barrier stage 12/15: μ=0.0002
  → Converged at iter 315 (Δlen=0.000501)
  Barrier stage 13/15: μ=0.0001
  → Converged at iter 316 (Δlen=0.000586)
  Barrier stage 14/15: μ=0.0
  [Spline barrier] line search stalled; stopping at stage 14
  Barrier stage 15/15: μ=0.0
  [Spline barrier] line search stalled; stopping at stage 15
  Final: prim_len=1029.335, unc=8.4027, threshold=8.4027, status=optimized, min_slack=1.3e-5
  Obstacle re-verification: mean path clears all obstacles ✓
Fig combined (main) saved: Discrete Len=1094.55 → Continuous Len=1029.33
Fig uncertainty profile (main) saved: /home/tonyzhang/projects/landmark_planning/constraint_sweep/sweep_2026-08-11/sequential/s085_p095/sequential/figures/main_unc_profile.png

[sequential] produced 1 solution(s) -> /home/tonyzhang/projects/landmark_planning/constraint_sweep/sweep_2026-08-11/sequential/s085_p095/sequential
