┌ Warning: Seed is infeasible (min_slack=-67.32355140912952, ε=0.001); the barrier will try to recover it before shortening. Expected for the straight_cont ablation, and for a discrete seed that A* returned as its best incumbent after exhausting its budget.
└ @ Main ~/projects/landmark_planning/planners/hexspline_cl.jl:1215
Landmark scenario: random — 3 landmarks, 4 obstacles, start (0.0, 0.0) → goal (800.0, 0.0)
Hex graph: 796 nodes (792 heading-states + 3 sensors + goal), radius=57.73502691896258m, directed_edges=2112, grid=13x15, start_cell=(1, 7), goal_cell=(9, 7), start_heading=0

── FORMATION PLANNING ──
  Primary: single-agent hexspline A* (threshold 6.4673954); supports added afterwards.

  [Constraint A*] Incumbent seed at iter 51: dist=850.0, unc=9.9498 > 6.4674

  [Constraint A*] Incumbent seed at iter 117: dist=950.0, unc=6.526 > 6.4674

  [Constraint A*] Incumbent seed at iter 137: dist=950.0, unc=6.5246 > 6.4674

  ✓ FEASIBLE SOLUTION at iter 266: dist=1050.0, unc=5.0963
  [Constraint A*] Single-agent complete: 266 iterations, final_dist=1050.0
  One support: trying both lateral slots (+1 = 60° left, -1 = 60° right).
  Slot [1]: unc=5.1372 ✓
  Slot [-1]: unc=3.7523 ✓
  → Chose slot [-1]
  Support 1 (slot -1): dist=1132.3m, goal_unc=4.1546m, arc drift vs primary=82.3m
  Primary : dist=1050.0m, goal_unc=3.7523m (threshold 6.4673954 ✓)
  ! A support drifted more than half a comm interval from the primary's arc; checkpoints no longer pair them where the formation puts them.

=== Continuous Spline Optimization (threshold=6.4674) ===
  Initial (discrete→spline): prim_len=1040.68, unc=4.1143
  Barrier stage 1/15: μ=20.0
  Barrier stage 2/15: μ=20.0
  Barrier stage 3/15: μ=20.0
    → Recovered into the feasible set at iter 136 (min_slack=0.010322); feasible-only gate now armed
  [Spline barrier] line search stalled; stopping at stage 3
  Barrier stage 4/15: μ=7.0
  [Spline barrier] line search stalled; stopping at stage 4
  Barrier stage 5/15: μ=2.45
  → Converged at iter 142 (Δlen=4.3e-5)
  Barrier stage 6/15: μ=0.8575
  → Converged at iter 143 (Δlen=0.000122)
  Barrier stage 7/15: μ=0.3001
  → Converged at iter 144 (Δlen=0.000417)
  Barrier stage 8/15: μ=0.105
  [Spline barrier] line search stalled; stopping at stage 8
  Barrier stage 9/15: μ=0.0368
  [Spline barrier] line search stalled; stopping at stage 9
  Barrier stage 10/15: μ=0.0129
  [Spline barrier] line search stalled; stopping at stage 10
  Barrier stage 11/15: μ=0.0045
  → Converged at iter 157 (Δlen=0.000587)
  Barrier stage 12/15: μ=0.0016
  [Spline barrier] line search stalled; stopping at stage 12
  Barrier stage 13/15: μ=0.0006
  [Spline barrier] line search stalled; stopping at stage 13
  Barrier stage 14/15: μ=0.0002
  → Converged at iter 164 (Δlen=0.000242)
  Barrier stage 15/15: μ=0.0001
  → Converged at iter 165 (Δlen=0.000361)
  Final: prim_len=1074.277, unc=4.3981, threshold=6.4674, status=optimized, min_slack=2.8e-5
  Obstacle re-verification: mean path clears all obstacles ✓
Fig combined (main) saved: Discrete Len=1040.68 → Continuous Len=1074.28
Fig uncertainty profile (main) saved: /home/tonyzhang/projects/landmark_planning/constraint_sweep/sweep_2026-08-11/formation/s072_p065/formation/figures/main_unc_profile.png

[formation] produced 1 solution(s) -> /home/tonyzhang/projects/landmark_planning/constraint_sweep/sweep_2026-08-11/formation/s072_p065/formation
