Landmark scenario: random — 4 landmarks, 4 obstacles, start (0.0, 0.0) → goal (800.0, 0.0)
Hex graph: 797 nodes (792 heading-states + 4 sensors + goal), radius=57.73502691896258m, directed_edges=2112, grid=13x15, start_cell=(1, 7), goal_cell=(9, 7), start_heading=0

── SEQUENTIAL PLANNING (2 agent(s), one at a time) ──
  Leg 1 — primary, 1 helper(s) parked at start (bound 14.6592 = 2.0x the 7.329610196 threshold the shipped route is held to):

    ✓ feasible at iter 99: dist=986.603, unc=7.3154
  Leg 2 — helper 1 vs the fixed primary trajectory (11 steps, beam 400):
    → helper 1 placed; primary goal_unc now 4.2906
  Leg 3 — primary re-planned against the committed helper paths:

    ✓ feasible at iter 425: dist=1150.0, unc=6.5708
    leg 1 route: len=986.6, unc=4.2906 ✓  |  re-planned: len=1150.0, unc=6.5708 ✓  → keep leg 1
  Helper 1: dist=986.6m, goal_unc=4.0617m
  Primary  : dist=986.6m, goal_unc=4.2906m (threshold 7.329610196 ✓)

=== Continuous Spline Optimization (threshold=7.3296) ===
  Initial (discrete→spline): prim_len=983.106, unc=4.7581
  Barrier stage 1/15: μ=20.0
  Barrier stage 2/15: μ=7.0
  → Converged at iter 120 (Δlen=0.000878)
  Barrier stage 3/15: μ=2.45
  Barrier stage 4/15: μ=0.8575
  Barrier stage 5/15: μ=0.3001
  Barrier stage 6/15: μ=0.105
  Barrier stage 7/15: μ=0.0368
  Barrier stage 8/15: μ=0.0129
  Barrier stage 9/15: μ=0.0045
  [Spline barrier] line search stalled; stopping at stage 9
  Barrier stage 10/15: μ=0.0016
  → Converged at iter 527 (Δlen=2.7e-5)
  Barrier stage 11/15: μ=0.0006
  → Converged at iter 547 (Δlen=0.000593)
  Barrier stage 12/15: μ=0.0002
  → Converged at iter 548 (Δlen=0.000747)
  Barrier stage 13/15: μ=0.0001
  → Converged at iter 549 (Δlen=0.000829)
  Barrier stage 14/15: μ=0.0
  [Spline barrier] line search stalled; stopping at stage 14
  Barrier stage 15/15: μ=0.0
  [Spline barrier] line search stalled; stopping at stage 15
  Final: prim_len=910.386, unc=6.2206, threshold=7.3296, status=optimized, min_slack=3.0e-6
  Obstacle re-verification: mean path clears all obstacles ✓
Fig combined (main) saved: Discrete Len=983.11 → Continuous Len=910.39
Fig uncertainty profile (main) saved: /home/tonyzhang/projects/landmark_planning/constraint_sweep/sweep_2026-08-11/sequential/s008_p100/sequential/figures/main_unc_profile.png

[sequential] produced 1 solution(s) -> /home/tonyzhang/projects/landmark_planning/constraint_sweep/sweep_2026-08-11/sequential/s008_p100/sequential
