Landmark scenario: random — 3 landmarks, 4 obstacles, start (0.0, 0.0) → goal (800.0, 0.0)
Hex graph: 796 nodes (792 heading-states + 3 sensors + goal), radius=57.73502691896258m, directed_edges=2112, grid=13x15, start_cell=(1, 7), goal_cell=(9, 7), start_heading=0

── SEQUENTIAL PLANNING (2 agent(s), one at a time) ──
  Leg 1 — primary, 1 helper(s) parked at start (bound 9.9871 = 2.0x the 4.993570885 threshold the shipped route is held to):

    ✓ feasible at iter 269: dist=1050.0, unc=5.5484
  Leg 2 — helper 1 vs the fixed primary trajectory (12 steps, beam 400):
    → helper 1 placed; primary goal_unc now 3.4243
  Leg 3 — primary re-planned against the committed helper paths:

    ✓ feasible at iter 250: dist=1050.0, unc=3.4243
    leg 1 route: len=1050.0, unc=3.4243 ✓  |  re-planned: len=1050.0, unc=3.4243 ✓  → TAKE re-plan
  Helper 1: dist=1050.0m, goal_unc=3.0182m
  Primary  : dist=1050.0m, goal_unc=3.4243m (threshold 4.993570885 ✓)

=== Continuous Spline Optimization (threshold=4.9936) ===
  Initial (discrete→spline): prim_len=1020.988, unc=3.8204
  Barrier stage 1/15: μ=20.0
  Barrier stage 2/15: μ=7.0
  → Converged at iter 75 (Δlen=0.000354)
  Barrier stage 3/15: μ=2.45
  → Converged at iter 76 (Δlen=0.000394)
  Barrier stage 4/15: μ=0.8575
  → Converged at iter 77 (Δlen=0.000389)
  Barrier stage 5/15: μ=0.3001
  Barrier stage 6/15: μ=0.105
  Barrier stage 7/15: μ=0.0368
  → Converged at iter 248 (Δlen=0.0006)
  Barrier stage 8/15: μ=0.0129
  → Converged at iter 249 (Δlen=0.000904)
  Barrier stage 9/15: μ=0.0045
  → Converged at iter 250 (Δlen=0.000982)
  Barrier stage 10/15: μ=0.0016
  [Spline barrier] line search stalled; stopping at stage 10
  Barrier stage 11/15: μ=0.0006
  [Spline barrier] line search stalled; stopping at stage 11
  Barrier stage 12/15: μ=0.0002
  [Spline barrier] line search stalled; stopping at stage 12
  Barrier stage 13/15: μ=0.0001
  [Spline barrier] line search stalled; stopping at stage 13
  Barrier stage 14/15: μ=0.0
  [Spline barrier] line search stalled; stopping at stage 14
  Barrier stage 15/15: μ=0.0
  [Spline barrier] line search stalled; stopping at stage 15
  Final: prim_len=978.638, unc=4.5932, threshold=4.9936, status=optimized, min_slack=0.0
  Obstacle re-verification: mean path clears all obstacles ✓
Fig combined (main) saved: Discrete Len=1020.99 → Continuous Len=978.64
Fig uncertainty profile (main) saved: /home/tonyzhang/projects/landmark_planning/constraint_sweep/sweep_2026-08-11/sequential/s048_p090/sequential/figures/main_unc_profile.png

[sequential] produced 1 solution(s) -> /home/tonyzhang/projects/landmark_planning/constraint_sweep/sweep_2026-08-11/sequential/s048_p090/sequential
