Landmark scenario: random — 4 landmarks, 3 obstacles, start (0.0, 0.0) → goal (900.0, 0.0)
Hex graph: 383 nodes (378 heading-states + 4 sensors + goal), radius=86.60254037844388m, directed_edges=954, grid=11x11, start_cell=(2, 5), goal_cell=(8, 5), start_heading=0

── FORMATION PLANNING ──
  Primary: own A* (formation_primary_astar); a goal candidate is accepted on the primary's uncertainty WITH its supports attached (threshold 9.796487638).
  One support: both lateral slots (+1 = 60° left, -1 = 60° right) tried per candidate.

    ✓ escorted-feasible at iter 66: dist=1200.0, unc=5.6707 (slot [1])
  → Chose slot [1]
  Support 1 (slot 1): dist=1200.0m, goal_unc=4.5358m, arc drift vs primary=0.0m
  Primary : dist=1200.0m, goal_unc=5.6707m (threshold 9.796487638 ✓)

=== Continuous Spline Optimization (threshold=9.7965) ===
  Initial (discrete→spline): prim_len=1135.862, unc=5.6707
  Barrier stage 1/15: μ=20.0
  Barrier stage 2/15: μ=7.0
  Barrier stage 3/15: μ=2.45
  → Converged at iter 165 (Δlen=0.000932)
  Barrier stage 4/15: μ=0.8575
  → Converged at iter 167 (Δlen=0.000252)
  Barrier stage 5/15: μ=0.3001
  Barrier stage 6/15: μ=0.105
  Barrier stage 7/15: μ=0.0368
  Barrier stage 8/15: μ=0.0129
  Barrier stage 9/15: μ=0.0045
  Barrier stage 10/15: μ=0.0016
  Barrier stage 11/15: μ=0.0006
  Barrier stage 12/15: μ=0.0002
  Barrier stage 13/15: μ=0.0001
  Barrier stage 14/15: μ=0.0
  Barrier stage 15/15: μ=0.0
  Final: prim_len=1080.948, unc=5.5731, threshold=9.7965, status=optimized, min_slack=0.010739
  Obstacle re-verification: mean path clears all obstacles ✓
Fig combined (main) saved: Discrete Len=1135.86 → Continuous Len=1080.95
Fig uncertainty profile (main) saved: /home/tonyzhang/projects/landmark_planning/constraint_sweep/baseline_2026-08-17/formation/s024_p090/formation/figures/main_unc_profile.png

[formation] produced 1 solution(s) -> /home/tonyzhang/projects/landmark_planning/constraint_sweep/baseline_2026-08-17/formation/s024_p090/formation
