┌ Warning: Seed is infeasible (min_slack=-13.267191746180288, ε=0.001); the barrier will try to recover it before shortening. Expected for the straight_cont ablation, and for a discrete seed that A* returned as its best incumbent after exhausting its budget.
└ @ Main ~/projects/landmark_planning/planners/hexspline_cl.jl:1215
Landmark scenario: random — 2 landmarks, 4 obstacles, start (0.0, 0.0) → goal (600.0, 0.0)
Hex graph: 651 nodes (648 heading-states + 2 sensors + goal), radius=57.73502691896258m, directed_edges=1704, grid=11x15, start_cell=(1, 7), goal_cell=(7, 7), start_heading=0

── GREEDY PLANNING ──
  Primary: shortest obstacle-clear route (single-agent A*, no uncertainty bound)

  [Constraint A*] Goal popped, unc OK, but its B-spline breaches an obstacle; discarded.

  [Constraint A*] Goal popped, unc OK, but its B-spline breaches an obstacle; discarded.

  [Constraint A*] Goal popped, unc OK, but its B-spline breaches an obstacle; discarded.

  [Constraint A*] Goal popped, unc OK, but its B-spline breaches an obstacle; discarded.

  [Constraint A*] Goal popped, unc OK, but its B-spline breaches an obstacle; discarded.

  [Constraint A*] Goal popped, unc OK, but its B-spline breaches an obstacle; discarded.

  [Constraint A*] Goal popped, unc OK, but its B-spline breaches an obstacle; discarded.

  [Constraint A*] Goal popped, unc OK, but its B-spline breaches an obstacle; discarded.

  [Constraint A*] Goal popped, unc OK, but its B-spline breaches an obstacle; discarded.

  [Constraint A*] Goal popped, unc OK, but its B-spline breaches an obstacle; discarded.

  [Constraint A*] Goal popped, unc OK, but its B-spline breaches an obstacle; discarded.

  [Constraint A*] Goal popped, unc OK, but its B-spline breaches an obstacle; discarded.

  [Constraint A*] Goal popped, unc OK, but its B-spline breaches an obstacle; discarded.

  [Constraint A*] Goal popped, unc OK, but its B-spline breaches an obstacle; discarded.

  [Constraint A*] Goal popped, unc OK, but its B-spline breaches an obstacle; discarded.

  [Constraint A*] Goal popped, unc OK, but its B-spline breaches an obstacle; discarded.

  [Constraint A*] Goal popped, unc OK, but its B-spline breaches an obstacle; discarded.

  [Constraint A*] Goal popped, unc OK, but its B-spline breaches an obstacle; discarded.

  [Constraint A*] Goal popped, unc OK, but its B-spline breaches an obstacle; discarded.

  [Constraint A*] Goal popped, unc OK, but its B-spline breaches an obstacle; discarded.

  [Constraint A*] Goal popped, unc OK, but its B-spline breaches an obstacle; discarded.

  [Constraint A*] Goal popped, unc OK, but its B-spline breaches an obstacle; discarded.

  ✓ FEASIBLE SOLUTION at iter 231: dist=986.603, unc=6.3017
  [Constraint A*] Single-agent complete: 231 iterations, final_dist=986.603
  Helpers: greedy placement, minimising the primary's uncertainty per step
  Support 1: dist=950.0m, goal_unc=1.4509m
  Primary  : dist=986.6m, goal_unc=5.9614m (threshold 4.411174248 ✗)

=== Continuous Spline Optimization (threshold=4.4112) ===
  Initial (discrete→spline): prim_len=881.013, unc=5.5205
  Barrier stage 1/15: μ=20.0
  Barrier stage 2/15: μ=20.0
    → Recovered into the feasible set at iter 97 (min_slack=0.000696); feasible-only gate now armed
  → Converged at iter 107 (Δlen=7.2e-5)
  Barrier stage 3/15: μ=7.0
  → Converged at iter 108 (Δlen=0.000149)
  Barrier stage 4/15: μ=2.45
  → Converged at iter 109 (Δlen=0.000413)
  Barrier stage 5/15: μ=0.8575
  → Converged at iter 110 (Δlen=0.000639)
  Barrier stage 6/15: μ=0.3001
  → Converged at iter 111 (Δlen=0.000806)
  Barrier stage 7/15: μ=0.105
  → Converged at iter 112 (Δlen=0.000908)
  Barrier stage 8/15: μ=0.0368
  → Converged at iter 113 (Δlen=0.000949)
  Barrier stage 9/15: μ=0.0129
  → Converged at iter 114 (Δlen=0.000933)
  Barrier stage 10/15: μ=0.0045
  → Converged at iter 115 (Δlen=0.000864)
  Barrier stage 11/15: μ=0.0016
  → Converged at iter 116 (Δlen=0.000747)
  Barrier stage 12/15: μ=0.0006
  → Converged at iter 117 (Δlen=0.000586)
  Barrier stage 13/15: μ=0.0002
  → Converged at iter 118 (Δlen=0.000385)
  Barrier stage 14/15: μ=0.0001
  → Converged at iter 119 (Δlen=0.000148)
  Barrier stage 15/15: μ=0.0
  → Converged at iter 120 (Δlen=0.000123)
  Final: prim_len=897.049, unc=4.3906, threshold=4.4112, status=optimized, min_slack=0.008002
  Obstacle re-verification: mean path clears all obstacles ✓
Fig combined (main) saved: Discrete Len=881.01 → Continuous Len=897.05
Fig uncertainty profile (main) saved: /home/tonyzhang/projects/landmark_planning/constraint_sweep/sweep_2026-08-11/greedy/s076_p070/greedy/figures/main_unc_profile.png

[greedy] produced 1 solution(s) -> /home/tonyzhang/projects/landmark_planning/constraint_sweep/sweep_2026-08-11/greedy/s076_p070/greedy
