Landmark scenario: random — 4 landmarks, 3 obstacles, start (0.0, 0.0) → goal (750.0, 0.0)
Hex graph: 341 nodes (336 heading-states + 4 sensors + goal), radius=86.60254037844388m, directed_edges=840, grid=10x11, start_cell=(2, 5), goal_cell=(7, 5), start_heading=0

── SEQUENTIAL PLANNING (2 agent(s), one at a time) ──
  Leg 1 — primary, 1 helper(s) parked at start (bound 8.5277 = 2.0x the 4.263856298 threshold the shipped route is held to):

    ✓ feasible at iter 252: dist=1350.0, unc=5.3298
  Leg 2 — helper 1 vs the fixed primary trajectory (10 steps, beam 400):
    (took rank #31 of 400; 30 better-ranked route(s) breach as splines)
    → helper 1 placed; primary goal_unc now 4.4061
  Leg 3 — primary re-planned against the committed helper paths:
  [A*] iter 1000/1000000 (0.1%)  left=999000  elapsed=0.1s     [A*] iter 2000/1000000 (0.2%)  left=998000  elapsed=0.1s     [A*] iter 3000/1000000 (0.3%)  left=997000  elapsed=0.2s     [A*] iter 4000/1000000 (0.4%)  left=996000  elapsed=0.5s     [A*] iter 5000/1000000 (0.5%)  left=995000  elapsed=0.6s   ┌ Warning: Seed is infeasible (min_slack=-0.1422720602557801, ε=0.001); the barrier will try to recover it before shortening. Expected for the straight_cont ablation, and for a discrete seed that A* returned as its best incumbent after exhausting its budget.
└ @ Main ~/projects/landmark_planning/planners/hexspline_cl.jl:1207

    re-plan found nothing; keeping the leg 1 route.
  Helper 1: dist=1350.0m, goal_unc=4.2123m
  Primary  : dist=1350.0m, goal_unc=4.4061m (threshold 4.263856298 ✗)

=== Continuous Spline Optimization (threshold=4.2639) ===
  Initial (discrete→spline): prim_len=1270.16, unc=4.4061
  Barrier stage 1/15: μ=20.0
    → Recovered into the feasible set at iter 14 (min_slack=0.006571); feasible-only gate now armed
  [Spline barrier] line search stalled; stopping at stage 1
  Barrier stage 2/15: μ=7.0
  [Spline barrier] line search stalled; stopping at stage 2
  Barrier stage 3/15: μ=2.45
  [Spline barrier] line search stalled; stopping at stage 3
  Barrier stage 4/15: μ=0.8575
  [Spline barrier] line search stalled; stopping at stage 4
  Barrier stage 5/15: μ=0.3001
  [Spline barrier] line search stalled; stopping at stage 5
  Barrier stage 6/15: μ=0.105
  [Spline barrier] line search stalled; stopping at stage 6
  Barrier stage 7/15: μ=0.0368
  [Spline barrier] line search stalled; stopping at stage 7
  Barrier stage 8/15: μ=0.0129
  → Converged at iter 32 (Δlen=0.000979)
  Barrier stage 9/15: μ=0.0045
  → Converged at iter 34 (Δlen=0.000207)
  Barrier stage 10/15: μ=0.0016
  → Converged at iter 35 (Δlen=0.000303)
  Barrier stage 11/15: μ=0.0006
  → Converged at iter 36 (Δlen=0.000324)
  Barrier stage 12/15: μ=0.0002
  [Spline barrier] line search stalled; stopping at stage 12
  Barrier stage 13/15: μ=0.0001
  [Spline barrier] line search stalled; stopping at stage 13
  Barrier stage 14/15: μ=0.0
  [Spline barrier] line search stalled; stopping at stage 14
  Barrier stage 15/15: μ=0.0
  → Converged at iter 40 (Δlen=0.000341)
  Final: prim_len=1261.881, unc=4.2639, threshold=4.2639, status=optimized, min_slack=0.0
  Obstacle re-verification: mean path clears all obstacles ✓
Fig combined (main) saved: Discrete Len=1270.16 → Continuous Len=1261.88
Fig uncertainty profile (main) saved: /home/tonyzhang/projects/landmark_planning/constraint_sweep/baseline_2026-08-17/sequential/s016_p080/sequential/figures/main_unc_profile.png

[sequential] produced 1 solution(s) -> /home/tonyzhang/projects/landmark_planning/constraint_sweep/baseline_2026-08-17/sequential/s016_p080/sequential
