┌ Warning: Seed is infeasible (min_slack=-2.1690192453216275, ε=0.001); the barrier will try to recover it before shortening. Expected for the straight_cont ablation, and for a discrete seed that A* returned as its best incumbent after exhausting its budget.
└ @ Main ~/projects/landmark_planning/planners/hexspline_cl.jl:1215
Landmark scenario: random — 3 landmarks, 3 obstacles, start (0.0, 0.0) → goal (800.0, 0.0)
Hex graph: 796 nodes (792 heading-states + 3 sensors + goal), radius=57.73502691896258m, directed_edges=2112, grid=13x15, start_cell=(1, 7), goal_cell=(9, 7), start_heading=0

── GREEDY PLANNING ──
  Primary: shortest obstacle-clear route (single-agent A*, no uncertainty bound)

  [Constraint A*] Goal popped, unc OK, but its B-spline breaches an obstacle; discarded.

  [Constraint A*] Goal popped, unc OK, but its B-spline breaches an obstacle; discarded.

  [Constraint A*] Goal popped, unc OK, but its B-spline breaches an obstacle; discarded.

  [Constraint A*] Goal popped, unc OK, but its B-spline breaches an obstacle; discarded.

  ✓ FEASIBLE SOLUTION at iter 69: dist=950.0, unc=8.639
  [Constraint A*] Single-agent complete: 69 iterations, final_dist=950.0
  Helpers: greedy placement, minimising the primary's uncertainty per step
  Support 1: dist=950.0m, goal_unc=1.7503m
  Primary  : dist=950.0m, goal_unc=8.6392m (threshold 6.479262014 ✗)

=== Continuous Spline Optimization (threshold=6.4793) ===
  Initial (discrete→spline): prim_len=943.295, unc=8.6483
  Barrier stage 1/15: μ=20.0
  Barrier stage 2/15: μ=20.0
  Barrier stage 3/15: μ=20.0
  Barrier stage 4/15: μ=20.0
  Barrier stage 5/15: μ=20.0
  Barrier stage 6/15: μ=20.0
  Barrier stage 7/15: μ=20.0
  Barrier stage 8/15: μ=20.0
  Barrier stage 9/15: μ=20.0
  Barrier stage 10/15: μ=20.0
  Barrier stage 11/15: μ=20.0
  Barrier stage 12/15: μ=20.0
  [Spline barrier] line search stalled; stopping at stage 12
  Barrier stage 13/15: μ=20.0
  [Spline barrier] line search stalled; stopping at stage 13
  Barrier stage 14/15: μ=20.0
  [Spline barrier] line search stalled; stopping at stage 14
  Barrier stage 15/15: μ=20.0
  [Spline barrier] line search stalled; stopping at stage 15
  Final: prim_len=1013.599, unc=6.5271, threshold=6.4793, status=recovery_failed, min_slack=-0.047822
  Obstacle re-verification: mean path clears all obstacles ✓
Fig combined (main) saved: Discrete Len=943.3 → Continuous Len=1013.6
Fig uncertainty profile (main) saved: /home/tonyzhang/projects/landmark_planning/constraint_sweep/sweep_2026-08-11/greedy/s078_p075/greedy/figures/main_unc_profile.png

[greedy] produced 1 solution(s) -> /home/tonyzhang/projects/landmark_planning/constraint_sweep/sweep_2026-08-11/greedy/s078_p075/greedy
