Landmark scenario: random — 2 landmarks, 3 obstacles, start (0.0, 0.0) → goal (700.0, 0.0)
Hex graph: 723 nodes (720 heading-states + 2 sensors + goal), radius=57.73502691896258m, directed_edges=1908, grid=12x15, start_cell=(1, 7), goal_cell=(8, 7), start_heading=0

── SEQUENTIAL PLANNING (2 agent(s), one at a time) ──
  Leg 1 — primary, 1 helper(s) parked at start (bound 7.1671 = 2.0x the 3.583566051 threshold the shipped route is held to):

    ✓ feasible at iter 380: dist=1086.603, unc=5.9943
  Leg 2 — helper 1 vs the fixed primary trajectory (12 steps, beam 400):
    → helper 1 placed; primary goal_unc now 3.295
  Leg 3 — primary re-planned against the committed helper paths:
  [A*] iter 1000/500000 (0.2%)  left=499000  elapsed=0.1s     [A*] iter 2000/500000 (0.4%)  left=498000  elapsed=0.1s     [A*] iter 3000/500000 (0.6%)  left=497000  elapsed=0.4s   ┌ Warning: Seed is infeasible (min_slack=-18.667865606267696, ε=0.001); the barrier will try to recover it before shortening. Expected for the straight_cont ablation, and for a discrete seed that A* returned as its best incumbent after exhausting its budget.
└ @ Main ~/projects/landmark_planning/planners/hexspline_cl.jl:1215

    ✓ feasible at iter 3810: dist=1650.0, unc=3.1688
    leg 1 route: len=1086.6, unc=3.295 ✓  |  re-planned: len=1650.0, unc=3.1688 ✓  → keep leg 1
  Helper 1: dist=1086.6m, goal_unc=2.9325m
  Primary  : dist=1086.6m, goal_unc=3.295m (threshold 3.583566051 ✓)

=== Continuous Spline Optimization (threshold=3.5836) ===
  Initial (discrete→spline): prim_len=1023.061, unc=3.472
  Barrier stage 1/15: μ=20.0
  [Spline barrier] line search stalled; stopping at stage 1
  Barrier stage 2/15: μ=20.0
  [Spline barrier] line search stalled; stopping at stage 2
  Barrier stage 3/15: μ=20.0
  [Spline barrier] line search stalled; stopping at stage 3
  Barrier stage 4/15: μ=20.0
  [Spline barrier] line search stalled; stopping at stage 4
  Barrier stage 5/15: μ=20.0
  [Spline barrier] line search stalled; stopping at stage 5
  Barrier stage 6/15: μ=20.0
  [Spline barrier] line search stalled; stopping at stage 6
  Barrier stage 7/15: μ=20.0
  [Spline barrier] line search stalled; stopping at stage 7
  Barrier stage 8/15: μ=20.0
  [Spline barrier] line search stalled; stopping at stage 8
  Barrier stage 9/15: μ=20.0
  [Spline barrier] line search stalled; stopping at stage 9
  Barrier stage 10/15: μ=20.0
  [Spline barrier] line search stalled; stopping at stage 10
  Barrier stage 11/15: μ=20.0
  [Spline barrier] line search stalled; stopping at stage 11
  Barrier stage 12/15: μ=20.0
  [Spline barrier] line search stalled; stopping at stage 12
  Barrier stage 13/15: μ=20.0
  [Spline barrier] line search stalled; stopping at stage 13
  Barrier stage 14/15: μ=20.0
  [Spline barrier] line search stalled; stopping at stage 14
  Barrier stage 15/15: μ=20.0
  [Spline barrier] line search stalled; stopping at stage 15
  Final: prim_len=1033.984, unc=3.6001, threshold=3.5836, status=recovery_failed, min_slack=-0.016504
  Obstacle re-verification: mean path clears all obstacles ✓
Fig combined (main) saved: Discrete Len=1023.06 → Continuous Len=1033.98
Fig uncertainty profile (main) saved: /home/tonyzhang/projects/landmark_planning/constraint_sweep/sweep_2026-08-11/sequential/s051_p060/sequential/figures/main_unc_profile.png

[sequential] produced 1 solution(s) -> /home/tonyzhang/projects/landmark_planning/constraint_sweep/sweep_2026-08-11/sequential/s051_p060/sequential
