Landmark scenario: random — 4 landmarks, 4 obstacles, start (0.0, 0.0) → goal (600.0, 0.0)
Hex graph: 341 nodes (336 heading-states + 4 sensors + goal), radius=86.60254037844388m, directed_edges=840, grid=9x11, start_cell=(1, 5), goal_cell=(5, 5), start_heading=0

── FORMATION PLANNING ──
  Primary: single-agent hexspline A* (threshold 5.916165706); supports added afterwards.

  [Constraint A*] Incumbent seed at iter 36: dist=825.0, unc=7.3952 > 5.9162

  [Constraint A*] Incumbent seed at iter 627: dist=1725.0, unc=7.3947 > 5.9162
  [A*] iter 1000/1000000 (0.1%)  left=999000  elapsed=0.1s   
  [Constraint A*] Incumbent seed at iter 1313: dist=2025.0, unc=6.4014 > 5.9162

  [Constraint A*] Incumbent seed at iter 1670: dist=2175.0, unc=6.4013 > 5.9162
  [A*] iter 2000/1000000 (0.2%)  left=998000  elapsed=0.1s     [A*] iter 3000/1000000 (0.3%)  left=997000  elapsed=0.1s     [A*] iter 4000/1000000 (0.4%)  left=996000  elapsed=0.1s     [A*] iter 5000/1000000 (0.5%)  left=995000  elapsed=0.1s   ┌ Warning: Seed is infeasible (min_slack=-124.22136270161786, ε=0.001); the barrier will try to recover it before shortening. Expected for the straight_cont ablation, and for a discrete seed that A* returned as its best incumbent after exhausting its budget.
└ @ Main ~/Research/landmark_planning/planners/hexspline_cl.jl:1215

  [Constraint A*] Budget exhausted with no seed under threshold; handing best incumbent to the optimizer: dist=2175.0, unc=6.4013 > 5.9162
  One support: trying both lateral slots (+1 = 60° left, -1 = 60° right).
  Slot [1]: unc=6.0362 ✗
  Slot [-1]: unc=4.357 ✓
  → Chose slot [-1]
  Support 1 (slot -1): dist=2298.4m, goal_unc=4.7056m, arc drift vs primary=123.4m
  Primary : dist=2175.0m, goal_unc=4.357m (threshold 5.916165706 ✓)
  ! A support drifted more than half a comm interval from the primary's arc; checkpoints no longer pair them where the formation puts them.

=== Continuous Spline Optimization (threshold=5.9162) ===
  Initial (discrete→spline): prim_len=2015.191, unc=4.01
  Barrier stage 1/15: μ=20.0
  Barrier stage 2/15: μ=20.0
  Barrier stage 3/15: μ=20.0
    → Recovered into the feasible set at iter 142 (min_slack=0.013098); feasible-only gate now armed
  → Converged at iter 177 (Δlen=0.000905)
  Barrier stage 4/15: μ=7.0
  → Converged at iter 179 (Δlen=0.000258)
  Barrier stage 5/15: μ=2.45
  → Converged at iter 180 (Δlen=0.00035)
  Barrier stage 6/15: μ=0.8575
  → Converged at iter 181 (Δlen=0.000332)
  Barrier stage 7/15: μ=0.3001
  → Converged at iter 182 (Δlen=0.000227)
  Barrier stage 8/15: μ=0.105
  → Converged at iter 183 (Δlen=4.7e-5)
  Barrier stage 9/15: μ=0.0368
  → Converged at iter 184 (Δlen=0.000198)
  Barrier stage 10/15: μ=0.0129
  → Converged at iter 185 (Δlen=0.000501)
  Barrier stage 11/15: μ=0.0045
  → Converged at iter 186 (Δlen=0.000858)
  Barrier stage 12/15: μ=0.0016
  → Converged at iter 188 (Δlen=0.000449)
  Barrier stage 13/15: μ=0.0006
  → Converged at iter 189 (Δlen=0.000939)
  Barrier stage 14/15: μ=0.0002
  → Converged at iter 191 (Δlen=0.000559)
  Barrier stage 15/15: μ=0.0001
  → Converged at iter 193 (Δlen=0.000616)
  Final: prim_len=2119.952, unc=4.3581, threshold=5.9162, status=optimized, min_slack=0.013098
  Obstacle re-verification: mean path clears all obstacles ✓
Fig combined (main) saved: Discrete Len=2015.19 → Continuous Len=2119.95
Fig uncertainty profile (main) saved: /home/tony-zhang/Research/landmark_planning/constraint_sweep/2026-08-12_18-33-34/formation/s001_p080/formation/figures/main_unc_profile.png

[formation] produced 1 solution(s) -> /home/tony-zhang/Research/landmark_planning/constraint_sweep/2026-08-12_18-33-34/formation/s001_p080/formation
