Landmark scenario: random — 4 landmarks, 1 obstacles, start (0.0, 0.0) → goal (600.0, 0.0)
Hex graph: 299 nodes (294 heading-states + 4 sensors + goal), radius=86.60254037844388m, directed_edges=726, grid=9x11, start_cell=(2, 5), goal_cell=(6, 5), start_heading=0
Conditional ε-bound: ε_sample=1.2887, w=1.0, ε_total=1.2887
  Bound form (conditional): L_returned ≤ (1+ε_total) L* with assumptions documented in comments.

── MULTI-AGENT PLANNING (Synchronized Kalman) ──

  Running joint discrete A* (threshold=6.005)... (max_iters=1000000)
  Stops on the first feasible candidate under the threshold.
  ✓ Goal reachable from node 1 with distance 600.0

  ✓ FEASIBLE SOLUTION at iter 109: dist=750.0, unc=5.8426
  [Constraint A*] Complete: 109 iterations, final_dist=750.0

✓ Multi-agent solution with synchronized Kalman fusion:
  Support agent 1: node=69, dist=750.0m, goal_unc=0.8492m
  Primary agent: node=158, dist=750.0m, goal_unc=5.8426m
  ├─ Communication: every 100.0m, sigmoid taper range=300.0m width=20.0m
  └─ All agents' uncertainties benefit from synchronized Kalman fusion at checkpoints

--- Final Results ---
Support agent 1 : [1, 103, 61, 25, 26, 69]  dist=750.0  goal_unc=0.8492  ✓  (Kalman-fused)
Primary agent : [1, 103, 104, 110, 116, 158]  dist=750.0  goal_unc=5.8426  threshold=6.004990997 ✓ met  (Kalman-fused)

=== Kalman Filtering Summary ===
All 2 agents performing synchronized Kalman filtering:
  • Dead-reckoning propagation: DIR=0.05/m, PERP=0.016666666666666666/m
  • Landmark fusion: Information filter (Joseph form) at every waypoint
  • SYNCHRONIZED inter-agent communication: every 100.0m of travel
  • Tapered sigmoid weighting: range=300.0m, width=20.0m (soft plateau + rolloff)
  • Bidirectional Kalman fusion: all agent pairs within range at each checkpoint
  • Measurement model: bearing-angle sensor with noise=0.038, ratio=2.2
  └─ Support agents: goal_unc=0.8492m (improved by inter-agent fusion)
  └─ Primary agent: goal_unc=5.8426m (direct path with landmark updates)
Converged at iteration : 109
Figure path-role mapping: supports = paths[1:1], primary = paths[2]
Discrete evaluation: prim_len=750.0, unc=5.8426
Fig 1 saved.

=== Continuous Spline Optimization (threshold=6.005) ===
  Initial (discrete→spline): prim_len=704.202, unc=5.8426
  Barrier stage 1/15: μ=20.0
  → Converged at iter 45 (Δlen=0.000866)
  Barrier stage 2/15: μ=7.0
  → Converged at iter 46 (Δlen=0.000263)
  Barrier stage 3/15: μ=2.45
  Barrier stage 4/15: μ=0.8575
  Barrier stage 5/15: μ=0.3001
  → Converged at iter 243 (Δlen=0.000911)
  Barrier stage 6/15: μ=0.105
  → Converged at iter 305 (Δlen=0.000883)
  Barrier stage 7/15: μ=0.0368
  Barrier stage 8/15: μ=0.0129
  Barrier stage 9/15: μ=0.0045
  Barrier stage 10/15: μ=0.0016
  Barrier stage 11/15: μ=0.0006
  → Converged at iter 603 (Δlen=0.000704)
  Barrier stage 12/15: μ=0.0002
  → Converged at iter 605 (Δlen=0.000176)
  Barrier stage 13/15: μ=0.0001
  → Converged at iter 606 (Δlen=0.000264)
  Barrier stage 14/15: μ=0.0
  → Converged at iter 607 (Δlen=0.000275)
  Barrier stage 15/15: μ=0.0
  [Spline barrier] line search stalled; stopping at stage 15
  Final: prim_len=690.331, unc=2.964, threshold=6.005, status=optimized, min_slack=0.0
  Obstacle re-verification: mean path clears all obstacles ✓
Fig combined (main) saved: Discrete Len=704.2 → Continuous Len=690.33
Fig uncertainty profile (main) saved: /home/tonyzhang/projects/landmark_planning/constraint_sweep/baseline_2026-08-17/hexspline_cl/s084_p090/hexspline_cl/figures/main_unc_profile.png

[hexspline_cl] produced 1 solution(s) -> /home/tonyzhang/projects/landmark_planning/constraint_sweep/baseline_2026-08-17/hexspline_cl/s084_p090/hexspline_cl
