Landmark scenario: random — 4 landmarks, 4 obstacles, start (0.0, 0.0) → goal (600.0, 0.0)
Hex graph: 341 nodes (336 heading-states + 4 sensors + goal), radius=86.60254037844388m, directed_edges=840, grid=9x11, start_cell=(1, 5), goal_cell=(5, 5), start_heading=0
Conditional ε-bound: ε_sample=1.2887, w=1.0, ε_total=1.2887
  Bound form (conditional): L_returned ≤ (1+ε_total) L* with assumptions documented in comments.

── MULTI-AGENT PLANNING (Synchronized Kalman) ──

  Running joint discrete A* (threshold=7.3952)... (max_iters=1000000)
  Stops on the first feasible candidate under the threshold.
  ✓ Goal reachable from node 1 with distance 600.0
  [A*] iter 1000/1000000 (0.1%)  left=999000  elapsed=1.6s   
  ✓ FEASIBLE SOLUTION at iter 1015: dist=825.0, unc=5.2651
  [Constraint A*] Complete: 1015 iterations, final_dist=825.0

✓ Multi-agent solution with synchronized Kalman fusion:
  Support agent 1: node=68, dist=825.0m, goal_unc=3.7118m
  Primary agent: node=194, dist=825.0m, goal_unc=5.2651m
  ├─ Communication: every 100.0m, sigmoid taper range=300.0m width=20.0m
  └─ All agents' uncertainties benefit from synchronized Kalman fusion at checkpoints

--- Final Results ---
Support agent 1 : [1, 175, 145, 96, 61, 62, 68]  dist=825.0  goal_unc=3.7118  ✓  (Kalman-fused)
Primary agent : [1, 175, 145, 103, 104, 153, 194]  dist=825.0  goal_unc=5.2651  threshold=7.395207133 ✓ met  (Kalman-fused)

=== Kalman Filtering Summary ===
All 2 agents performing synchronized Kalman filtering:
  • Dead-reckoning propagation: DIR=0.05/m, PERP=0.016666666666666666/m
  • Landmark fusion: Information filter (Joseph form) at every waypoint
  • SYNCHRONIZED inter-agent communication: every 100.0m of travel
  • Tapered sigmoid weighting: range=300.0m, width=20.0m (soft plateau + rolloff)
  • Bidirectional Kalman fusion: all agent pairs within range at each checkpoint
  • Measurement model: bearing-angle sensor with noise=0.038, ratio=2.2
  └─ Support agents: goal_unc=3.7118m (improved by inter-agent fusion)
  └─ Primary agent: goal_unc=5.2651m (direct path with landmark updates)
Converged at iteration : 1015
Figure path-role mapping: supports = paths[1:1], primary = paths[2]
Discrete evaluation: prim_len=825.0, unc=5.2651
Fig 1 saved.

=== Continuous Spline Optimization (threshold=7.3952) ===
  Initial (discrete→spline): prim_len=813.422, unc=5.3807
  Barrier stage 1/15: μ=20.0
  → Converged at iter 31 (Δlen=0.000638)
  Barrier stage 2/15: μ=7.0
  → Converged at iter 32 (Δlen=0.000907)
  Barrier stage 3/15: μ=2.45
  [Spline barrier] line search stalled; stopping at stage 3
  Barrier stage 4/15: μ=0.8575
  [Spline barrier] line search stalled; stopping at stage 4
  Barrier stage 5/15: μ=0.3001
  [Spline barrier] line search stalled; stopping at stage 5
  Barrier stage 6/15: μ=0.105
  [Spline barrier] line search stalled; stopping at stage 6
  Barrier stage 7/15: μ=0.0368
  Barrier stage 8/15: μ=0.0129
  Barrier stage 9/15: μ=0.0045
  Barrier stage 10/15: μ=0.0016
  → Converged at iter 285 (Δlen=0.000755)
  Barrier stage 11/15: μ=0.0006
  → Converged at iter 287 (Δlen=0.000193)
  Barrier stage 12/15: μ=0.0002
  [Spline barrier] line search stalled; stopping at stage 12
  Barrier stage 13/15: μ=0.0001
  [Spline barrier] line search stalled; stopping at stage 13
  Barrier stage 14/15: μ=0.0
  [Spline barrier] line search stalled; stopping at stage 14
  Barrier stage 15/15: μ=0.0
  [Spline barrier] line search stalled; stopping at stage 15
  Final: prim_len=694.541, unc=6.7108, threshold=7.3952, status=optimized, min_slack=0.0
  Obstacle re-verification: mean path clears all obstacles ✓
Fig combined (main) saved: Discrete Len=813.42 → Continuous Len=694.54
Fig uncertainty profile (main) saved: /home/tony-zhang/Research/landmark_planning/constraint_sweep/2026-08-12_18-33-34/hexspline_cl/s001_p100/hexspline_cl/figures/main_unc_profile.png

[hexspline_cl] produced 1 solution(s) -> /home/tony-zhang/Research/landmark_planning/constraint_sweep/2026-08-12_18-33-34/hexspline_cl/s001_p100/hexspline_cl
