Landmark scenario: random — 3 landmarks, 3 obstacles, start (0.0, 0.0) → goal (600.0, 0.0)
Hex graph: 652 nodes (648 heading-states + 3 sensors + goal), radius=57.73502691896258m, directed_edges=1704, grid=11x15, start_cell=(1, 7), goal_cell=(7, 7), start_heading=0
Conditional ε-bound: ε_sample=1.1925, w=1.0, ε_total=1.1925
  Bound form (conditional): L_returned ≤ (1+ε_total) L* with assumptions documented in comments.

── MULTI-AGENT PLANNING (Synchronized Kalman) ──

  Running joint discrete A* (threshold=5.7725)... (max_iters=500000)
  Stops on the first feasible candidate under the threshold.
  ✓ Goal reachable from node 1 with distance 600.0

  [Constraint A*] Incumbent seed at iter 388: dist=650.0, unc=8.4816 > 5.7725

  [Constraint A*] Incumbent seed at iter 999: dist=650.0, unc=8.4816 > 5.7725
  [A*] iter 1000/500000 (0.2%)  left=499000  elapsed=2.1s   
  [Constraint A*] Incumbent seed at iter 1296: dist=686.603, unc=6.229 > 5.7725

  ✓ FEASIBLE SOLUTION at iter 1436: dist=686.603, unc=5.5247
  [Constraint A*] Complete: 1436 iterations, final_dist=686.603

✓ Multi-agent solution with synchronized Kalman fusion:
  Support agent 1: node=303, dist=686.6m, goal_unc=4.1042m
  Primary agent: node=361, dist=686.6m, goal_unc=5.5247m
  ├─ Communication: every 100.0m, sigmoid taper range=200.0m width=20.0m
  └─ All agents' uncertainties benefit from synchronized Kalman fusion at checkpoints

--- Final Results ---
Support agent 1 : [1, 283, 229, 181, 182, 188, 243, 303]  dist=686.603  goal_unc=4.1042  ✓  (Kalman-fused)
Primary agent : [1, 386, 391, 397, 348, 349, 355, 361]  dist=686.603  goal_unc=5.5247  threshold=5.772523832 ✓ met  (Kalman-fused)

=== Kalman Filtering Summary ===
All 2 agents performing synchronized Kalman filtering:
  • Dead-reckoning propagation: DIR=0.05/m, PERP=0.016666666666666666/m
  • Landmark fusion: Information filter (Joseph form) at every waypoint
  • SYNCHRONIZED inter-agent communication: every 100.0m of travel
  • Tapered sigmoid weighting: range=200.0m, width=20.0m (soft plateau + rolloff)
  • Bidirectional Kalman fusion: all agent pairs within range at each checkpoint
  • Measurement model: bearing-angle sensor with noise=0.038, ratio=2.2
  └─ Support agents: goal_unc=4.1042m (improved by inter-agent fusion)
  └─ Primary agent: goal_unc=5.5247m (direct path with landmark updates)
Converged at iteration : 1436
Figure path-role mapping: supports = paths[1:1], primary = paths[2]
Discrete evaluation: prim_len=686.603, unc=5.5247
Fig 1 saved.

=== Continuous Spline Optimization (threshold=5.7725) ===
  Initial (discrete→spline): prim_len=682.172, unc=5.7351
  Barrier stage 1/15: μ=20.0
  Barrier stage 2/15: μ=7.0
  → Converged at iter 106 (Δlen=0.000604)
  Barrier stage 3/15: μ=2.45
  Barrier stage 4/15: μ=0.8575
  Barrier stage 5/15: μ=0.3001
  Barrier stage 6/15: μ=0.105
  Barrier stage 7/15: μ=0.0368
  → Converged at iter 385 (Δlen=0.000912)
  Barrier stage 8/15: μ=0.0129
  → Converged at iter 387 (Δlen=6.0e-5)
  Barrier stage 9/15: μ=0.0045
  [Spline barrier] line search stalled; stopping at stage 9
  Barrier stage 10/15: μ=0.0016
  [Spline barrier] line search stalled; stopping at stage 10
  Barrier stage 11/15: μ=0.0006
  [Spline barrier] line search stalled; stopping at stage 11
  Barrier stage 12/15: μ=0.0002
  [Spline barrier] line search stalled; stopping at stage 12
  Barrier stage 13/15: μ=0.0001
  [Spline barrier] line search stalled; stopping at stage 13
  Barrier stage 14/15: μ=0.0
  [Spline barrier] line search stalled; stopping at stage 14
  Barrier stage 15/15: μ=0.0
  [Spline barrier] line search stalled; stopping at stage 15
  Final: prim_len=632.006, unc=5.7432, threshold=5.7725, status=optimized, min_slack=0.0
  Obstacle re-verification: mean path clears all obstacles ✓
Fig combined (main) saved: Discrete Len=682.17 → Continuous Len=632.01
Fig uncertainty profile (main) saved: /home/tonyzhang/projects/landmark_planning/constraint_sweep/sweep_2026-08-11/hexspline_cl/s090_p075/hexspline_cl/figures/main_unc_profile.png

[hexspline_cl] produced 1 solution(s) -> /home/tonyzhang/projects/landmark_planning/constraint_sweep/sweep_2026-08-11/hexspline_cl/s090_p075/hexspline_cl
