┌ Warning: Seed is infeasible (min_slack=-1.3580175295059274, ε=0.001); the barrier will try to recover it before shortening. Expected for the straight_cont ablation, and for a discrete seed that A* returned as its best incumbent after exhausting its budget.
└ @ Main ~/projects/landmark_planning/planners/hexspline_cl.jl:1207
Landmark scenario: random — 2 landmarks, 3 obstacles, start (0.0, 0.0) → goal (600.0, 0.0)
Hex graph: 297 nodes (294 heading-states + 2 sensors + goal), radius=86.60254037844388m, directed_edges=726, grid=9x11, start_cell=(2, 5), goal_cell=(6, 5), start_heading=0

── GREEDY PLANNING ──
  Primary: shortest obstacle-clear route (single-agent A*, no uncertainty bound)

  ✓ FEASIBLE SOLUTION at iter 7: dist=750.0, unc=8.9677
  [Constraint A*] Single-agent complete: 7 iterations, final_dist=750.0
  Helpers: greedy placement, minimising the primary's uncertainty per step
  Support 1: dist=750.0m, goal_unc=0.9398m
  Primary  : dist=750.0m, goal_unc=4.9451m (threshold 3.587074316 ✗)

=== Continuous Spline Optimization (threshold=3.5871) ===
  Initial (discrete→spline): prim_len=704.202, unc=4.9451
  Barrier stage 1/15: μ=20.0
  [Spline barrier] line search stalled; stopping at stage 1
  Barrier stage 2/15: μ=20.0
  Barrier stage 3/15: μ=20.0
    → Recovered into the feasible set at iter 102 (min_slack=0.014316); feasible-only gate now armed
  → Converged at iter 102 (Δlen=0.000833)
  Barrier stage 4/15: μ=7.0
  → Converged at iter 104 (Δlen=0.00015)
  Barrier stage 5/15: μ=2.45
  → Converged at iter 105 (Δlen=0.000637)
  Barrier stage 6/15: μ=0.8575
  Barrier stage 7/15: μ=0.3001
  Barrier stage 8/15: μ=0.105
  Barrier stage 9/15: μ=0.0368
  Barrier stage 10/15: μ=0.0129
  Barrier stage 11/15: μ=0.0045
  Barrier stage 12/15: μ=0.0016
  Barrier stage 13/15: μ=0.0006
  Barrier stage 14/15: μ=0.0002
  → Converged at iter 654 (Δlen=0.000521)
  Barrier stage 15/15: μ=0.0001
  → Converged at iter 655 (Δlen=0.000777)
  Final: prim_len=699.195, unc=2.6017, threshold=3.5871, status=optimized, min_slack=0.000164
  Obstacle re-verification: mean path clears all obstacles ✓
Fig combined (main) saved: Discrete Len=704.2 → Continuous Len=699.19
Fig uncertainty profile (main) saved: /home/tonyzhang/projects/landmark_planning/constraint_sweep/baseline_2026-08-17/greedy/s061_p040/greedy/figures/main_unc_profile.png

[greedy] produced 1 solution(s) -> /home/tonyzhang/projects/landmark_planning/constraint_sweep/baseline_2026-08-17/greedy/s061_p040/greedy
