Landmark scenario: random — 4 landmarks, 5 obstacles, start (0.0, 0.0) → goal (700.0, 0.0)
Hex graph: 725 nodes (720 heading-states + 4 sensors + goal), radius=57.73502691896258m, directed_edges=1908, grid=12x15, start_cell=(1, 7), goal_cell=(8, 7), start_heading=0
Conditional ε-bound: ε_sample=1.165, w=1.0, ε_total=1.165
  Bound form (conditional): L_returned ≤ (1+ε_total) L* with assumptions documented in comments.

── MULTI-AGENT PLANNING (Synchronized Kalman) ──

  Running joint discrete A* (threshold=3.799)... (max_iters=500000)
  Stops on the first feasible candidate under the threshold.
  ✓ Goal reachable from node 1 with distance 700.0

  [Constraint A*] Incumbent seed at iter 797: dist=850.0, unc=4.2368 > 3.799

  [Constraint A*] Incumbent seed at iter 814: dist=850.0, unc=3.91 > 3.799

  ✓ FEASIBLE SOLUTION at iter 866: dist=850.0, unc=3.3429
  [Constraint A*] Complete: 866 iterations, final_dist=850.0

✓ Multi-agent solution with synchronized Kalman fusion:
  Support agent 1: node=285, dist=850.0m, goal_unc=1.4073m
  Primary agent: node=404, dist=850.0m, goal_unc=3.3429m
  ├─ Communication: every 100.0m, sigmoid taper range=200.0m width=20.0m
  └─ All agents' uncertainties benefit from synchronized Kalman fusion at checkpoints

--- Final Results ---
Support agent 1 : [1, 367, 319, 259, 205, 206, 212, 218, 224, 285]  dist=850.0  goal_unc=1.4073  ✓  (Kalman-fused)
Primary agent : [1, 367, 319, 320, 265, 266, 272, 278, 345, 404]  dist=850.0  goal_unc=3.3429  threshold=3.798997554 ✓ met  (Kalman-fused)

=== Kalman Filtering Summary ===
All 2 agents performing synchronized Kalman filtering:
  • Dead-reckoning propagation: DIR=0.05/m, PERP=0.016666666666666666/m
  • Landmark fusion: Information filter (Joseph form) at every waypoint
  • SYNCHRONIZED inter-agent communication: every 100.0m of travel
  • Tapered sigmoid weighting: range=200.0m, width=20.0m (soft plateau + rolloff)
  • Bidirectional Kalman fusion: all agent pairs within range at each checkpoint
  • Measurement model: bearing-angle sensor with noise=0.038, ratio=2.2
  └─ Support agents: goal_unc=1.4073m (improved by inter-agent fusion)
  └─ Primary agent: goal_unc=3.3429m (direct path with landmark updates)
Converged at iteration : 866
Figure path-role mapping: supports = paths[1:1], primary = paths[2]
Discrete evaluation: prim_len=850.0, unc=3.3429
Fig 1 saved.

=== Continuous Spline Optimization (threshold=3.799) ===
  Initial (discrete→spline): prim_len=819.679, unc=3.7503
  Barrier stage 1/15: μ=20.0
  Barrier stage 2/15: μ=7.0
  → Converged at iter 72 (Δlen=0.000478)
  Barrier stage 3/15: μ=2.45
  [Spline barrier] line search stalled; stopping at stage 3
  Barrier stage 4/15: μ=0.8575
  [Spline barrier] line search stalled; stopping at stage 4
  Barrier stage 5/15: μ=0.3001
  [Spline barrier] line search stalled; stopping at stage 5
  Barrier stage 6/15: μ=0.105
  [Spline barrier] line search stalled; stopping at stage 6
  Barrier stage 7/15: μ=0.0368
  [Spline barrier] line search stalled; stopping at stage 7
  Barrier stage 8/15: μ=0.0129
  [Spline barrier] line search stalled; stopping at stage 8
  Barrier stage 9/15: μ=0.0045
  [Spline barrier] line search stalled; stopping at stage 9
  Barrier stage 10/15: μ=0.0016
  [Spline barrier] line search stalled; stopping at stage 10
  Barrier stage 11/15: μ=0.0006
  [Spline barrier] line search stalled; stopping at stage 11
  Barrier stage 12/15: μ=0.0002
  [Spline barrier] line search stalled; stopping at stage 12
  Barrier stage 13/15: μ=0.0001
  → Converged at iter 83 (Δlen=0.000451)
  Barrier stage 14/15: μ=0.0
  → Converged at iter 147 (Δlen=0.000668)
  Barrier stage 15/15: μ=0.0
  [Spline barrier] line search stalled; stopping at stage 15
  Final: prim_len=819.373, unc=3.6794, threshold=3.799, status=optimized, min_slack=0.011553
  Obstacle re-verification: mean path clears all obstacles ✓
Fig combined (main) saved: Discrete Len=819.68 → Continuous Len=819.37
Fig uncertainty profile (main) saved: /home/tonyzhang/projects/landmark_planning/constraint_sweep/sweep_2026-08-11/hexspline_cl/s082_p085/hexspline_cl/figures/main_unc_profile.png

[hexspline_cl] produced 1 solution(s) -> /home/tonyzhang/projects/landmark_planning/constraint_sweep/sweep_2026-08-11/hexspline_cl/s082_p085/hexspline_cl
