Landmark scenario: random — 3 landmarks, 3 obstacles, start (0.0, 0.0) → goal (600.0, 0.0)
Hex graph: 298 nodes (294 heading-states + 3 sensors + goal), radius=86.60254037844388m, directed_edges=726, grid=9x11, start_cell=(2, 5), goal_cell=(6, 5), start_heading=0

── FORMATION PLANNING ──
  Primary: own A* (formation_primary_astar); a goal candidate is accepted on the primary's uncertainty WITH its supports attached (threshold 6.676932752).
  One support: both lateral slots (+1 = 60° left, -1 = 60° right) tried per candidate.

    ✓ escorted-feasible at iter 30: dist=900.0, unc=4.9107 (slot [-1])
  → Chose slot [-1]
  Support 1 (slot -1): dist=900.0m, goal_unc=3.9799m, arc drift vs primary=0.0m
  Primary : dist=900.0m, goal_unc=4.9107m (threshold 6.676932752 ✓)

=== Continuous Spline Optimization (threshold=6.6769) ===
  Initial (discrete→spline): prim_len=854.736, unc=4.9107
  Barrier stage 1/15: μ=20.0
  [Spline barrier] line search stalled; stopping at stage 1
  Barrier stage 2/15: μ=7.0
  [Spline barrier] line search stalled; stopping at stage 2
  Barrier stage 3/15: μ=2.45
  [Spline barrier] line search stalled; stopping at stage 3
  Barrier stage 4/15: μ=0.8575
  [Spline barrier] line search stalled; stopping at stage 4
  Barrier stage 5/15: μ=0.3001
  Barrier stage 6/15: μ=0.105
  Barrier stage 7/15: μ=0.0368
  Barrier stage 8/15: μ=0.0129
  Barrier stage 9/15: μ=0.0045
  Barrier stage 10/15: μ=0.0016
  Barrier stage 11/15: μ=0.0006
  Barrier stage 12/15: μ=0.0002
  Barrier stage 13/15: μ=0.0001
  → Converged at iter 578 (Δlen=4.6e-5)
  Barrier stage 14/15: μ=0.0
  → Converged at iter 579 (Δlen=6.8e-5)
  Barrier stage 15/15: μ=0.0
  → Converged at iter 580 (Δlen=7.9e-5)
  Final: prim_len=750.182, unc=4.9258, threshold=6.6769, status=optimized, min_slack=1.0e-6
  Obstacle re-verification: mean path clears all obstacles ✓
Fig combined (main) saved: Discrete Len=854.74 → Continuous Len=750.18
Fig uncertainty profile (main) saved: /home/tonyzhang/projects/landmark_planning/constraint_sweep/baseline_2026-08-17/formation/s060_p090/formation/figures/main_unc_profile.png

[formation] produced 1 solution(s) -> /home/tonyzhang/projects/landmark_planning/constraint_sweep/baseline_2026-08-17/formation/s060_p090/formation
