Landmark scenario: random — 2 landmarks, 3 obstacles, start (0.0, 0.0) → goal (700.0, 0.0)
Hex graph: 723 nodes (720 heading-states + 2 sensors + goal), radius=57.73502691896258m, directed_edges=1908, grid=12x15, start_cell=(1, 7), goal_cell=(8, 7), start_heading=0
Conditional ε-bound: ε_sample=1.165, w=1.0, ε_total=1.165
  Bound form (conditional): L_returned ≤ (1+ε_total) L* with assumptions documented in comments.

── MULTI-AGENT PLANNING (Synchronized Kalman) ──

  Running joint discrete A* (threshold=8.1481)... (max_iters=500000)
  Stops on the first feasible candidate under the threshold.
  ✓ Goal reachable from node 1 with distance 700.0

  [Constraint A*] Incumbent seed at iter 373: dist=750.0, unc=9.0274 > 8.1481

  [Constraint A*] Incumbent seed at iter 376: dist=750.0, unc=8.9785 > 8.1481

  ✓ FEASIBLE SOLUTION at iter 832: dist=750.0, unc=7.2656
  [Constraint A*] Complete: 832 iterations, final_dist=750.0

✓ Multi-agent solution with synchronized Kalman fusion:
  Support agent 1: node=224, dist=750.0m, goal_unc=2.7637m
  Primary agent: node=403, dist=750.0m, goal_unc=7.2656m
  ├─ Communication: every 100.0m, sigmoid taper range=200.0m width=20.0m
  └─ All agents' uncertainties benefit from synchronized Kalman fusion at checkpoints

--- Final Results ---
Support agent 1 : [1, 367, 373, 379, 331, 271, 217, 218, 224]  dist=750.0  goal_unc=2.7637  ✓  (Kalman-fused)
Primary agent : [1, 367, 373, 379, 385, 337, 338, 398, 403]  dist=750.0  goal_unc=7.2656  threshold=8.148090742 ✓ met  (Kalman-fused)

=== Kalman Filtering Summary ===
All 2 agents performing synchronized Kalman filtering:
  • Dead-reckoning propagation: DIR=0.05/m, PERP=0.016666666666666666/m
  • Landmark fusion: Information filter (Joseph form) at every waypoint
  • SYNCHRONIZED inter-agent communication: every 100.0m of travel
  • Tapered sigmoid weighting: range=200.0m, width=20.0m (soft plateau + rolloff)
  • Bidirectional Kalman fusion: all agent pairs within range at each checkpoint
  • Measurement model: bearing-angle sensor with noise=0.038, ratio=2.2
  └─ Support agents: goal_unc=2.7637m (improved by inter-agent fusion)
  └─ Primary agent: goal_unc=7.2656m (direct path with landmark updates)
Converged at iteration : 832
Figure path-role mapping: supports = paths[1:1], primary = paths[2]
Discrete evaluation: prim_len=750.0, unc=7.2656
Fig 1 saved.

=== Continuous Spline Optimization (threshold=8.1481) ===
  Initial (discrete→spline): prim_len=745.469, unc=7.5679
  Barrier stage 1/15: μ=20.0
  Barrier stage 2/15: μ=7.0
  → Converged at iter 95 (Δlen=0.00095)
  Barrier stage 3/15: μ=2.45
  → Converged at iter 97 (Δlen=6.1e-5)
  Barrier stage 4/15: μ=0.8575
  → Converged at iter 114 (Δlen=0.000385)
  Barrier stage 5/15: μ=0.3001
  → Converged at iter 115 (Δlen=0.000582)
  Barrier stage 6/15: μ=0.105
  Barrier stage 7/15: μ=0.0368
  Barrier stage 8/15: μ=0.0129
  Barrier stage 9/15: μ=0.0045
  Barrier stage 10/15: μ=0.0016
  Barrier stage 11/15: μ=0.0006
  Barrier stage 12/15: μ=0.0002
  → Converged at iter 526 (Δlen=0.000999)
  Barrier stage 13/15: μ=0.0001
  → Converged at iter 528 (Δlen=0.000995)
  Barrier stage 14/15: μ=0.0
  → Converged at iter 530 (Δlen=0.000992)
  Barrier stage 15/15: μ=0.0
  → Converged at iter 532 (Δlen=0.000989)
  Final: prim_len=710.014, unc=8.1085, threshold=8.1481, status=optimized, min_slack=0.016004
  Obstacle re-verification: mean path clears all obstacles ✓
Fig combined (main) saved: Discrete Len=745.47 → Continuous Len=710.01
Fig uncertainty profile (main) saved: /home/tonyzhang/projects/landmark_planning/constraint_sweep/sweep_2026-08-11/hexspline_cl/s021_p085/hexspline_cl/figures/main_unc_profile.png

[hexspline_cl] produced 1 solution(s) -> /home/tonyzhang/projects/landmark_planning/constraint_sweep/sweep_2026-08-11/hexspline_cl/s021_p085/hexspline_cl
