Landmark scenario: random — 3 landmarks, 3 obstacles, start (0.0, 0.0) → goal (600.0, 0.0)
Hex graph: 652 nodes (648 heading-states + 3 sensors + goal), radius=57.73502691896258m, directed_edges=1704, grid=11x15, start_cell=(1, 7), goal_cell=(7, 7), start_heading=0

── SEQUENTIAL PLANNING (2 agent(s), one at a time) ──
  Leg 1 — primary, 1 helper(s) parked at start (bound 13.0844 = 2.0x the 6.542193676 threshold the shipped route is held to):

    ✓ feasible at iter 28: dist=650.0, unc=6.6157
  Leg 2 — helper 1 vs the fixed primary trajectory (8 steps, beam 400):
    → helper 1 placed; primary goal_unc now 5.7502
  Leg 3 — primary re-planned against the committed helper paths:

    ✓ feasible at iter 68: dist=750.0, unc=6.3222
    leg 1 route: len=650.0, unc=5.7502 ✓  |  re-planned: len=750.0, unc=6.3222 ✓  → keep leg 1
  Helper 1: dist=650.0m, goal_unc=4.6028m
  Primary  : dist=650.0m, goal_unc=5.7502m (threshold 6.542193676 ✓)

=== Continuous Spline Optimization (threshold=6.5422) ===
  Initial (discrete→spline): prim_len=651.065, unc=6.4062
  Barrier stage 1/15: μ=20.0
  Barrier stage 2/15: μ=7.0
  Barrier stage 3/15: μ=2.45
  → Converged at iter 169 (Δlen=0.000912)
  Barrier stage 4/15: μ=0.8575
  → Converged at iter 228 (Δlen=0.000219)
  Barrier stage 5/15: μ=0.3001
  [Spline barrier] line search stalled; stopping at stage 5
  Barrier stage 6/15: μ=0.105
  [Spline barrier] line search stalled; stopping at stage 6
  Barrier stage 7/15: μ=0.0368
  [Spline barrier] line search stalled; stopping at stage 7
  Barrier stage 8/15: μ=0.0129
  → Converged at iter 255 (Δlen=0.000301)
  Barrier stage 9/15: μ=0.0045
  → Converged at iter 256 (Δlen=0.000465)
  Barrier stage 10/15: μ=0.0016
  → Converged at iter 260 (Δlen=0.000798)
  Barrier stage 11/15: μ=0.0006
  → Converged at iter 262 (Δlen=0.000108)
  Barrier stage 12/15: μ=0.0002
  → Converged at iter 263 (Δlen=0.000164)
  Barrier stage 13/15: μ=0.0001
  [Spline barrier] line search stalled; stopping at stage 13
  Barrier stage 14/15: μ=0.0
  [Spline barrier] line search stalled; stopping at stage 14
  Barrier stage 15/15: μ=0.0
  [Spline barrier] line search stalled; stopping at stage 15
  Final: prim_len=614.489, unc=6.5422, threshold=6.5422, status=optimized, min_slack=0.0
  Obstacle re-verification: mean path clears all obstacles ✓
Fig combined (main) saved: Discrete Len=651.06 → Continuous Len=614.49
Fig uncertainty profile (main) saved: /home/tonyzhang/projects/landmark_planning/constraint_sweep/sweep_2026-08-11/sequential/s090_p085/sequential/figures/main_unc_profile.png

[sequential] produced 1 solution(s) -> /home/tonyzhang/projects/landmark_planning/constraint_sweep/sweep_2026-08-11/sequential/s090_p085/sequential
