Landmark scenario: random — 2 landmarks, 5 obstacles, start (0.0, 0.0) → goal (900.0, 0.0)
Hex graph: 435 nodes (432 heading-states + 2 sensors + goal), radius=86.60254037844388m, directed_edges=1104, grid=11x11, start_cell=(1, 5), goal_cell=(7, 5), start_heading=0

── SEQUENTIAL PLANNING (2 agent(s), one at a time) ──
  Leg 1 — primary, 1 helper(s) parked at start (bound 19.9501 = 2.0x the 9.975026796 threshold the shipped route is held to):
  [A*] iter 1000/1000000 (0.1%)  left=999000  elapsed=0.1s   
    ✓ feasible at iter 1412: dist=1725.0, unc=9.975
  Leg 2 — helper 1 vs the fixed primary trajectory (13 steps, beam 400):
    → helper 1 placed; primary goal_unc now 7.2241
  Leg 3 — primary re-planned against the committed helper paths:
  [A*] iter 1000/1000000 (0.1%)  left=999000  elapsed=0.1s     [A*] iter 2000/1000000 (0.2%)  left=998000  elapsed=0.3s     [A*] iter 3000/1000000 (0.3%)  left=997000  elapsed=0.3s     [A*] iter 4000/1000000 (0.4%)  left=996000  elapsed=0.4s     [A*] iter 5000/1000000 (0.5%)  left=995000  elapsed=0.5s   ┌ Warning: Seed is infeasible (min_slack=-36.65794041743561, ε=0.001); the barrier will try to recover it before shortening. Expected for the straight_cont ablation, and for a discrete seed that A* returned as its best incumbent after exhausting its budget.
└ @ Main ~/Research/landmark_planning/planners/hexspline_cl.jl:1215

    re-plan found nothing; keeping the leg 1 route.
  Helper 1: dist=1725.0m, goal_unc=6.9759m
  Primary  : dist=1725.0m, goal_unc=7.2241m (threshold 9.975026796 ✓)

=== Continuous Spline Optimization (threshold=9.975) ===
  Initial (discrete→spline): prim_len=1517.494, unc=6.8194
  Barrier stage 1/15: μ=20.0
    → Recovered into the feasible set at iter 46 (min_slack=0.014421); feasible-only gate now armed
  Barrier stage 2/15: μ=7.0
  → Converged at iter 81 (Δlen=0.000956)
  Barrier stage 3/15: μ=2.45
  → Converged at iter 83 (Δlen=0.000653)
  Barrier stage 4/15: μ=0.8575
  → Converged at iter 85 (Δlen=0.000411)
  Barrier stage 5/15: μ=0.3001
  → Converged at iter 86 (Δlen=0.00072)
  Barrier stage 6/15: μ=0.105
  → Converged at iter 87 (Δlen=0.000936)
  Barrier stage 7/15: μ=0.0368
  [Spline barrier] line search stalled; stopping at stage 7
  Barrier stage 8/15: μ=0.0129
  [Spline barrier] line search stalled; stopping at stage 8
  Barrier stage 9/15: μ=0.0045
  → Converged at iter 90 (Δlen=0.000921)
  Barrier stage 10/15: μ=0.0016
  → Converged at iter 91 (Δlen=0.000842)
  Barrier stage 11/15: μ=0.0006
  → Converged at iter 92 (Δlen=0.000706)
  Barrier stage 12/15: μ=0.0002
  → Converged at iter 93 (Δlen=0.000518)
  Barrier stage 13/15: μ=0.0001
  → Converged at iter 94 (Δlen=0.000281)
  Barrier stage 14/15: μ=0.0
  → Converged at iter 95 (Δlen=0.0)
  Barrier stage 15/15: μ=0.0
  → Converged at iter 96 (Δlen=0.00032)
  Final: prim_len=1561.628, unc=6.9384, threshold=9.975, status=optimized, min_slack=0.014421
  Obstacle re-verification: mean path clears all obstacles ✓
Fig combined (main) saved: Discrete Len=1517.49 → Continuous Len=1561.63
Fig uncertainty profile (main) saved: /home/tony-zhang/Research/landmark_planning/constraint_sweep/smoke150/sequential/s007_p100/sequential/figures/main_unc_profile.png

[sequential] produced 1 solution(s) -> /home/tony-zhang/Research/landmark_planning/constraint_sweep/smoke150/sequential/s007_p100/sequential
