┌ Warning: Seed is infeasible (min_slack=-7.464028081617866, ε=0.001); the barrier will try to recover it before shortening. Expected for the straight_cont ablation, and for a discrete seed that A* returned as its best incumbent after exhausting its budget.
└ @ Main ~/projects/landmark_planning/planners/hexspline_cl.jl:1215
Landmark scenario: random — 4 landmarks, 5 obstacles, start (0.0, 0.0) → goal (600.0, 0.0)
Hex graph: 653 nodes (648 heading-states + 4 sensors + goal), radius=57.73502691896258m, directed_edges=1704, grid=11x15, start_cell=(1, 7), goal_cell=(7, 7), start_heading=0

── SEQUENTIAL PLANNING (2 agent(s), one at a time) ──
  Leg 1 — primary, 1 helper(s) parked at start (bound 8.9292 = 2.0x the 4.464583738 threshold the shipped route is held to):

    ✓ feasible at iter 13: dist=650.0, unc=5.5168
  Leg 2 — helper 1 vs the fixed primary trajectory (8 steps, beam 400):
    → helper 1 placed; primary goal_unc now 3.1017
  Leg 3 — primary re-planned against the committed helper paths:

    ✓ feasible at iter 57: dist=850.0, unc=3.9982
    leg 1 route: len=650.0, unc=3.1017 ✓  |  re-planned: len=850.0, unc=3.9982 ✓  → keep leg 1
  Helper 1: dist=650.0m, goal_unc=2.8155m
  Primary  : dist=650.0m, goal_unc=3.1017m (threshold 4.464583738 ✓)

=== Continuous Spline Optimization (threshold=4.4646) ===
  Initial (discrete→spline): prim_len=647.836, unc=3.6055
  Barrier stage 1/15: μ=20.0
    → Recovered into the feasible set at iter 11 (min_slack=0.011425); feasible-only gate now armed
  Barrier stage 2/15: μ=7.0
  Barrier stage 3/15: μ=2.45
  Barrier stage 4/15: μ=0.8575
  Barrier stage 5/15: μ=0.3001
  Barrier stage 6/15: μ=0.105
  Barrier stage 7/15: μ=0.0368
  Barrier stage 8/15: μ=0.0129
  Barrier stage 9/15: μ=0.0045
  → Converged at iter 558 (Δlen=0.000355)
  Barrier stage 10/15: μ=0.0016
  → Converged at iter 569 (Δlen=0.000728)
  Barrier stage 11/15: μ=0.0006
  → Converged at iter 570 (Δlen=0.00083)
  Barrier stage 12/15: μ=0.0002
  → Converged at iter 572 (Δlen=0.000251)
  Barrier stage 13/15: μ=0.0001
  [Spline barrier] line search stalled; stopping at stage 13
  Barrier stage 14/15: μ=0.0
  [Spline barrier] line search stalled; stopping at stage 14
  Barrier stage 15/15: μ=0.0
  [Spline barrier] line search stalled; stopping at stage 15
  Final: prim_len=604.319, unc=2.9455, threshold=4.4646, status=optimized, min_slack=7.0e-6
  Obstacle re-verification: mean path clears all obstacles ✓
Fig combined (main) saved: Discrete Len=647.84 → Continuous Len=604.32
Fig uncertainty profile (main) saved: /home/tonyzhang/projects/landmark_planning/constraint_sweep/sweep_2026-08-11/sequential/s027_p080/sequential/figures/main_unc_profile.png

[sequential] produced 1 solution(s) -> /home/tonyzhang/projects/landmark_planning/constraint_sweep/sweep_2026-08-11/sequential/s027_p080/sequential
