┌ Warning: Seed is infeasible (min_slack=-57.07967151428407, ε=0.001); the barrier will try to recover it before shortening. Expected for the straight_cont ablation, and for a discrete seed that A* returned as its best incumbent after exhausting its budget.
└ @ Main ~/projects/landmark_planning/planners/hexspline_cl.jl:1215
Landmark scenario: random — 3 landmarks, 3 obstacles, start (0.0, 0.0) → goal (600.0, 0.0)
Hex graph: 652 nodes (648 heading-states + 3 sensors + goal), radius=57.73502691896258m, directed_edges=1704, grid=11x15, start_cell=(1, 7), goal_cell=(7, 7), start_heading=0

── FORMATION PLANNING ──
  Primary: single-agent hexspline A* (threshold 6.542193676); supports added afterwards.

  [Constraint A*] Incumbent seed at iter 79: dist=786.603, unc=7.6967 > 6.5422

  [Constraint A*] Incumbent seed at iter 138: dist=886.603, unc=6.7454 > 6.5422

  ✓ FEASIBLE SOLUTION at iter 142: dist=886.603, unc=6.1101
  [Constraint A*] Single-agent complete: 142 iterations, final_dist=886.603
  One support: trying both lateral slots (+1 = 60° left, -1 = 60° right).
  Slot [1]: unc=4.6439 ✓
  Slot [-1]: unc=6.1584 ✓
  → Chose slot [1]
  Support 1 (slot 1): dist=932.3m, goal_unc=5.4261m, arc drift vs primary=45.7m
  Primary : dist=886.6m, goal_unc=4.6439m (threshold 6.542193676 ✓)

=== Continuous Spline Optimization (threshold=6.5422) ===
  Initial (discrete→spline): prim_len=861.936, unc=5.0727
  Barrier stage 1/15: μ=20.0
  Barrier stage 2/15: μ=20.0
  Barrier stage 3/15: μ=20.0
    → Recovered into the feasible set at iter 187 (min_slack=7.1e-5); feasible-only gate now armed
  Barrier stage 4/15: μ=7.0
  → Converged at iter 225 (Δlen=0.000148)
  Barrier stage 5/15: μ=2.45
  [Spline barrier] line search stalled; stopping at stage 5
  Barrier stage 6/15: μ=0.8575
  [Spline barrier] line search stalled; stopping at stage 6
  Barrier stage 7/15: μ=0.3001
  [Spline barrier] line search stalled; stopping at stage 7
  Barrier stage 8/15: μ=0.105
  [Spline barrier] line search stalled; stopping at stage 8
  Barrier stage 9/15: μ=0.0368
  [Spline barrier] line search stalled; stopping at stage 9
  Barrier stage 10/15: μ=0.0129
  [Spline barrier] line search stalled; stopping at stage 10
  Barrier stage 11/15: μ=0.0045
  [Spline barrier] line search stalled; stopping at stage 11
  Barrier stage 12/15: μ=0.0016
  [Spline barrier] line search stalled; stopping at stage 12
  Barrier stage 13/15: μ=0.0006
  [Spline barrier] line search stalled; stopping at stage 13
  Barrier stage 14/15: μ=0.0002
  [Spline barrier] line search stalled; stopping at stage 14
  Barrier stage 15/15: μ=0.0001
  [Spline barrier] line search stalled; stopping at stage 15
  Final: prim_len=919.757, unc=4.617, threshold=6.5422, status=optimized, min_slack=0.002549
  Obstacle re-verification: mean path clears all obstacles ✓
Fig combined (main) saved: Discrete Len=861.94 → Continuous Len=919.76
Fig uncertainty profile (main) saved: /home/tonyzhang/projects/landmark_planning/constraint_sweep/sweep_2026-08-11/formation/s090_p085/formation/figures/main_unc_profile.png

[formation] produced 1 solution(s) -> /home/tonyzhang/projects/landmark_planning/constraint_sweep/sweep_2026-08-11/formation/s090_p085/formation
