┌ Warning: Seed is infeasible (min_slack=-0.47090508123213093, ε=0.001); the barrier will try to recover it before shortening. Expected for the straight_cont ablation, and for a discrete seed that A* returned as its best incumbent after exhausting its budget.
└ @ Main ~/projects/landmark_planning/planners/hexspline_cl.jl:1215
Landmark scenario: random — 4 landmarks, 4 obstacles, start (0.0, 0.0) → goal (600.0, 0.0)
Hex graph: 653 nodes (648 heading-states + 4 sensors + goal), radius=57.73502691896258m, directed_edges=1704, grid=11x15, start_cell=(1, 7), goal_cell=(7, 7), start_heading=0

── SEQUENTIAL PLANNING (2 agent(s), one at a time) ──
  Leg 1 — primary, 1 helper(s) parked at start (bound 7.8143 = 2.0x the 3.907140039 threshold the shipped route is held to):

    ✓ feasible at iter 30: dist=650.0, unc=6.7213
  Leg 2 — helper 1 vs the fixed primary trajectory (8 steps, beam 400):
    → helper 1 placed; primary goal_unc now 3.8693
  Leg 3 — primary re-planned against the committed helper paths:

    ✓ feasible at iter 17: dist=650.0, unc=3.8693
    leg 1 route: len=650.0, unc=3.8693 ✓  |  re-planned: len=650.0, unc=3.8693 ✓  → keep leg 1
  Helper 1: dist=650.0m, goal_unc=2.8882m
  Primary  : dist=650.0m, goal_unc=3.8693m (threshold 3.907140039 ✓)

=== Continuous Spline Optimization (threshold=3.9071) ===
  Initial (discrete→spline): prim_len=649.657, unc=4.378
  Barrier stage 1/15: μ=20.0
    → Recovered into the feasible set at iter 12 (min_slack=0.008442); feasible-only gate now armed
  → Converged at iter 22 (Δlen=0.000127)
  Barrier stage 2/15: μ=7.0
  [Spline barrier] line search stalled; stopping at stage 2
  Barrier stage 3/15: μ=2.45
  → Converged at iter 24 (Δlen=0.000152)
  Barrier stage 4/15: μ=0.8575
  [Spline barrier] line search stalled; stopping at stage 4
  Barrier stage 5/15: μ=0.3001
  [Spline barrier] line search stalled; stopping at stage 5
  Barrier stage 6/15: μ=0.105
  [Spline barrier] line search stalled; stopping at stage 6
  Barrier stage 7/15: μ=0.0368
  [Spline barrier] line search stalled; stopping at stage 7
  Barrier stage 8/15: μ=0.0129
  [Spline barrier] line search stalled; stopping at stage 8
  Barrier stage 9/15: μ=0.0045
  Barrier stage 10/15: μ=0.0016
  Barrier stage 11/15: μ=0.0006
  Barrier stage 12/15: μ=0.0002
  Barrier stage 13/15: μ=0.0001
  → Converged at iter 356 (Δlen=0.000194)
  Barrier stage 14/15: μ=0.0
  → Converged at iter 357 (Δlen=0.000242)
  Barrier stage 15/15: μ=0.0
  → Converged at iter 358 (Δlen=0.000266)
  Final: prim_len=632.154, unc=3.7777, threshold=3.9071, status=optimized, min_slack=0.0
  Obstacle re-verification: mean path clears all obstacles ✓
Fig combined (main) saved: Discrete Len=649.66 → Continuous Len=632.15
Fig uncertainty profile (main) saved: /home/tonyzhang/projects/landmark_planning/constraint_sweep/sweep_2026-08-11/sequential/s073_p055/sequential/figures/main_unc_profile.png

[sequential] produced 1 solution(s) -> /home/tonyzhang/projects/landmark_planning/constraint_sweep/sweep_2026-08-11/sequential/s073_p055/sequential
