┌ Warning: Seed is infeasible (min_slack=-37.01565601865411, ε=0.001); the barrier will try to recover it before shortening. Expected for the straight_cont ablation, and for a discrete seed that A* returned as its best incumbent after exhausting its budget.
└ @ Main ~/projects/landmark_planning/planners/hexspline_cl.jl:1215
Landmark scenario: random — 4 landmarks, 3 obstacles, start (0.0, 0.0) → goal (800.0, 0.0)
Hex graph: 797 nodes (792 heading-states + 4 sensors + goal), radius=57.73502691896258m, directed_edges=2112, grid=13x15, start_cell=(1, 7), goal_cell=(9, 7), start_heading=0

── FORMATION PLANNING ──
  Primary: single-agent hexspline A* (threshold 9.441204803); supports added afterwards.

  ✓ FEASIBLE SOLUTION at iter 30: dist=850.0, unc=9.4412
  [Constraint A*] Single-agent complete: 30 iterations, final_dist=850.0
  One support: trying both lateral slots (+1 = 60° left, -1 = 60° right).
  Slot [1]: unc=8.9904 ✓
  Slot [-1]: unc=4.827 ✓
  → Chose slot [-1]
  Support 1 (slot -1): dist=932.3m, goal_unc=5.3484m, arc drift vs primary=82.3m
  Primary : dist=850.0m, goal_unc=4.827m (threshold 9.441204803 ✓)
  ! A support drifted more than half a comm interval from the primary's arc; checkpoints no longer pair them where the formation puts them.

=== Continuous Spline Optimization (threshold=9.4412) ===
  Initial (discrete→spline): prim_len=847.836, unc=4.9782
  Barrier stage 1/15: μ=20.0
    → Recovered into the feasible set at iter 57 (min_slack=0.006421); feasible-only gate now armed
  → Converged at iter 58 (Δlen=0.00071)
  Barrier stage 2/15: μ=7.0
  → Converged at iter 60 (Δlen=0.000242)
  Barrier stage 3/15: μ=2.45
  → Converged at iter 61 (Δlen=0.000388)
  Barrier stage 4/15: μ=0.8575
  → Converged at iter 62 (Δlen=0.000487)
  Barrier stage 5/15: μ=0.3001
  → Converged at iter 63 (Δlen=0.000556)
  Barrier stage 6/15: μ=0.105
  → Converged at iter 64 (Δlen=0.000602)
  Barrier stage 7/15: μ=0.0368
  → Converged at iter 65 (Δlen=0.000628)
  Barrier stage 8/15: μ=0.0129
  → Converged at iter 66 (Δlen=0.000636)
  Barrier stage 9/15: μ=0.0045
  → Converged at iter 67 (Δlen=0.000629)
  Barrier stage 10/15: μ=0.0016
  → Converged at iter 68 (Δlen=0.000606)
  Barrier stage 11/15: μ=0.0006
  → Converged at iter 69 (Δlen=0.000571)
  Barrier stage 12/15: μ=0.0002
  → Converged at iter 70 (Δlen=0.000523)
  Barrier stage 13/15: μ=0.0001
  → Converged at iter 71 (Δlen=0.000464)
  Barrier stage 14/15: μ=0.0
  → Converged at iter 72 (Δlen=0.000394)
  Barrier stage 15/15: μ=0.0
  → Converged at iter 73 (Δlen=0.000314)
  Final: prim_len=871.516, unc=5.8305, threshold=9.4412, status=optimized, min_slack=0.006421
  Obstacle re-verification: mean path clears all obstacles ✓
Fig combined (main) saved: Discrete Len=847.84 → Continuous Len=871.52
Fig uncertainty profile (main) saved: /home/tonyzhang/projects/landmark_planning/constraint_sweep/sweep_2026-08-11/formation/s101_p100/formation/figures/main_unc_profile.png

[formation] produced 1 solution(s) -> /home/tonyzhang/projects/landmark_planning/constraint_sweep/sweep_2026-08-11/formation/s101_p100/formation
