┌ Warning: Seed is infeasible (min_slack=-3.316663317231641, ε=0.001); the barrier will try to recover it before shortening. Expected for the straight_cont ablation, and for a discrete seed that A* returned as its best incumbent after exhausting its budget.
└ @ Main ~/projects/landmark_planning/planners/hexspline_cl.jl:1215
Landmark scenario: random — 2 landmarks, 5 obstacles, start (0.0, 0.0) → goal (700.0, 0.0)
Hex graph: 723 nodes (720 heading-states + 2 sensors + goal), radius=57.73502691896258m, directed_edges=1908, grid=12x15, start_cell=(1, 7), goal_cell=(8, 7), start_heading=0

── FORMATION PLANNING ──
  Primary: single-agent hexspline A* (threshold 8.000328279); supports added afterwards.

  [Constraint A*] Goal popped, unc OK, but its B-spline breaches an obstacle; discarded.

  [Constraint A*] Goal popped, unc OK, but its B-spline breaches an obstacle; discarded.

  [Constraint A*] Goal popped, unc OK, but its B-spline breaches an obstacle; discarded.

  [Constraint A*] Goal popped, unc OK, but its B-spline breaches an obstacle; discarded.

  [Constraint A*] Goal popped, unc OK, but its B-spline breaches an obstacle; discarded.

  [Constraint A*] Goal popped, unc OK, but its B-spline breaches an obstacle; discarded.

  ✓ FEASIBLE SOLUTION at iter 111: dist=950.0, unc=8.0003
  [Constraint A*] Single-agent complete: 111 iterations, final_dist=950.0
  One support: trying both lateral slots (+1 = 60° left, -1 = 60° right).
  Slot [1]: unc=6.8308 ✓
  Slot [-1]: unc=7.9912 ✓
  → Chose slot [1]
  Support 1 (slot 1): dist=950.0m, goal_unc=6.0579m, arc drift vs primary=0.0m
  Primary : dist=950.0m, goal_unc=6.8308m (threshold 8.000328279 ✓)

=== Continuous Spline Optimization (threshold=8.0003) ===
  Initial (discrete→spline): prim_len=891.891, unc=6.7377
  Barrier stage 1/15: μ=20.0
    → Recovered into the feasible set at iter 5 (min_slack=0.010158); feasible-only gate now armed
  Barrier stage 2/15: μ=7.0
  Barrier stage 3/15: μ=2.45
  Barrier stage 4/15: μ=0.8575
  Barrier stage 5/15: μ=0.3001
  Barrier stage 6/15: μ=0.105
  [Spline barrier] line search stalled; stopping at stage 6
  Barrier stage 7/15: μ=0.0368
  → Converged at iter 390 (Δlen=0.000314)
  Barrier stage 8/15: μ=0.0129
  [Spline barrier] line search stalled; stopping at stage 8
  Barrier stage 9/15: μ=0.0045
  [Spline barrier] line search stalled; stopping at stage 9
  Barrier stage 10/15: μ=0.0016
  [Spline barrier] line search stalled; stopping at stage 10
  Barrier stage 11/15: μ=0.0006
  → Converged at iter 399 (Δlen=0.000637)
  Barrier stage 12/15: μ=0.0002
  → Converged at iter 400 (Δlen=0.000996)
  Barrier stage 13/15: μ=0.0001
  → Converged at iter 402 (Δlen=0.000108)
  Barrier stage 14/15: μ=0.0
  → Converged at iter 403 (Δlen=0.000165)
  Barrier stage 15/15: μ=0.0
  [Spline barrier] line search stalled; stopping at stage 15
  Final: prim_len=834.323, unc=6.4103, threshold=8.0003, status=optimized, min_slack=0.0001
  Obstacle re-verification: mean path clears all obstacles ✓
Fig combined (main) saved: Discrete Len=891.89 → Continuous Len=834.32
Fig uncertainty profile (main) saved: /home/tonyzhang/projects/landmark_planning/constraint_sweep/sweep_2026-08-11/formation/s067_p100/formation/figures/main_unc_profile.png

[formation] produced 1 solution(s) -> /home/tonyzhang/projects/landmark_planning/constraint_sweep/sweep_2026-08-11/formation/s067_p100/formation
