Landmark scenario: random — 4 landmarks, 3 obstacles, start (0.0, 0.0) → goal (700.0, 0.0)
Hex graph: 725 nodes (720 heading-states + 4 sensors + goal), radius=57.73502691896258m, directed_edges=1908, grid=12x15, start_cell=(1, 7), goal_cell=(8, 7), start_heading=0

── SEQUENTIAL PLANNING (2 agent(s), one at a time) ──
  Leg 1 — primary, 1 helper(s) parked at start (bound 8.8602 = 2.0x the 4.430096222 threshold the shipped route is held to):

    ✓ feasible at iter 131: dist=850.0, unc=5.9068
  Leg 2 — helper 1 vs the fixed primary trajectory (10 steps, beam 400):
    → helper 1 placed; primary goal_unc now 3.4133
  Leg 3 — primary re-planned against the committed helper paths:
  [A*] iter 1000/500000 (0.2%)  left=499000  elapsed=0.1s   
    ✓ feasible at iter 1577: dist=1250.0, unc=3.8293
    leg 1 route: len=850.0, unc=3.4133 ✓  |  re-planned: len=1250.0, unc=3.8293 ✓  → keep leg 1
  Helper 1: dist=850.0m, goal_unc=3.1229m
  Primary  : dist=850.0m, goal_unc=3.4133m (threshold 4.430096222 ✓)

=== Continuous Spline Optimization (threshold=4.4301) ===
  Initial (discrete→spline): prim_len=843.295, unc=3.9644
  Barrier stage 1/15: μ=20.0
  → Converged at iter 67 (Δlen=0.000774)
  Barrier stage 2/15: μ=7.0
  → Converged at iter 68 (Δlen=0.000939)
  Barrier stage 3/15: μ=2.45
  [Spline barrier] line search stalled; stopping at stage 3
  Barrier stage 4/15: μ=0.8575
  [Spline barrier] line search stalled; stopping at stage 4
  Barrier stage 5/15: μ=0.3001
  [Spline barrier] line search stalled; stopping at stage 5
  Barrier stage 6/15: μ=0.105
  [Spline barrier] line search stalled; stopping at stage 6
  Barrier stage 7/15: μ=0.0368
  [Spline barrier] line search stalled; stopping at stage 7
  Barrier stage 8/15: μ=0.0129
  [Spline barrier] line search stalled; stopping at stage 8
  Barrier stage 9/15: μ=0.0045
  [Spline barrier] line search stalled; stopping at stage 9
  Barrier stage 10/15: μ=0.0016
  [Spline barrier] line search stalled; stopping at stage 10
  Barrier stage 11/15: μ=0.0006
  [Spline barrier] line search stalled; stopping at stage 11
  Barrier stage 12/15: μ=0.0002
  [Spline barrier] line search stalled; stopping at stage 12
  Barrier stage 13/15: μ=0.0001
  → Converged at iter 79 (Δlen=0.000832)
  Barrier stage 14/15: μ=0.0
  → Converged at iter 139 (Δlen=0.000988)
  Barrier stage 15/15: μ=0.0
  [Spline barrier] line search stalled; stopping at stage 15
  Final: prim_len=842.241, unc=3.9709, threshold=4.4301, status=optimized, min_slack=0.011523
  Obstacle re-verification: mean path clears all obstacles ✓
Fig combined (main) saved: Discrete Len=843.3 → Continuous Len=842.24
Fig uncertainty profile (main) saved: /home/tonyzhang/projects/landmark_planning/constraint_sweep/sweep_2026-08-11/sequential/s007_p075/sequential/figures/main_unc_profile.png

[sequential] produced 1 solution(s) -> /home/tonyzhang/projects/landmark_planning/constraint_sweep/sweep_2026-08-11/sequential/s007_p075/sequential
