Landmark scenario: ladder_maze — 3 landmarks, 14 obstacles, start (0.0, 0.0) → goal (1400.0, 173.20508075688772)
  → Saved 3 landmarks to /home/tony-zhang/Research/landmark_planning/fig2_ladder/v8/hexspline_cl/s001_p070/scenario_landmarks.csv
  → Saved 14 obstacles to /home/tony-zhang/Research/landmark_planning/fig2_ladder/v8/hexspline_cl/s001_p070/scenario_obstacles.csv
Hex graph: 718 nodes (714 heading-states + 3 sensors + goal), radius=57.73502691896258m, directed_edges=1866, grid=19x15, start_cell=(2, 7), goal_cell=(16, 9), start_heading=0
Conditional ε-bound: ε_sample=1.0819, w=1.0, ε_total=1.0819
  Bound form (conditional): L_returned ≤ (1+ε_total) L* with assumptions documented in comments.

── MULTI-AGENT PLANNING (Synchronized Kalman) ──

  Running joint discrete A* (threshold=8.8547)... (max_iters=1000000)
  Stops on the first feasible candidate under the threshold.
  ✓ Goal reachable from node 1 with distance 1500.0

  ✓ FEASIBLE SOLUTION at iter 897: dist=1500.0, unc=8.8035
  [Constraint A*] Complete: 897 iterations, final_dist=1500.0

✓ Multi-agent solution with synchronized Kalman fusion:
  Support agent 1: node=92, dist=1500.0m, goal_unc=0.9014m
  Primary agent: node=601, dist=1500.0m, goal_unc=8.8035m
  ├─ Communication: every 100.0m, sigmoid taper range=300.0m width=20.0m
  └─ All agents' uncertainties benefit from synchronized Kalman fusion at checkpoints

--- Final Results ---
Support agent 1 : [1, 319, 229, 230, 236, 242, 145, 146, 152, 158, 164, 73, 74, 80, 86, 92]  dist=1500.0  goal_unc=0.9014  ✓  (Kalman-fused)
Primary agent : [1, 422, 427, 433, 439, 445, 451, 457, 463, 469, 572, 577, 583, 589, 595, 601]  dist=1500.0  goal_unc=8.8035  threshold=8.854702808 ✓ met  (Kalman-fused)

=== Kalman Filtering Summary ===
All 2 agents performing synchronized Kalman filtering:
  • Dead-reckoning propagation: DIR=0.05/m, PERP=0.016666666666666666/m
  • Landmark fusion: Information filter (Joseph form) at every waypoint
  • SYNCHRONIZED inter-agent communication: every 100.0m of travel
  • Tapered sigmoid weighting: range=300.0m, width=20.0m (soft plateau + rolloff)
  • Bidirectional Kalman fusion: all agent pairs within range at each checkpoint
  • Measurement model: bearing-angle sensor with noise=0.038, ratio=2.2
  └─ Support agents: goal_unc=0.9014m (improved by inter-agent fusion)
  └─ Primary agent: goal_unc=8.8035m (direct path with landmark updates)
Converged at iteration : 897
Figure path-role mapping: supports = paths[1:1], primary = paths[2]
Discrete evaluation: prim_len=1500.0, unc=8.8035
Fig 1 saved.

=== Continuous Spline Optimization (threshold=8.8547) ===
  Initial (discrete→spline): prim_len=1460.795, unc=8.8035
  Barrier stage 1/15: μ=20.0
  Barrier stage 2/15: μ=7.0
  → Converged at iter 82 (Δlen=0.000297)
  Barrier stage 3/15: μ=2.45
  → Converged at iter 83 (Δlen=0.00045)
  Barrier stage 4/15: μ=0.8575
  → Converged at iter 84 (Δlen=0.000488)
  Barrier stage 5/15: μ=0.3001
  [Spline barrier] line search stalled; stopping at stage 5
  Barrier stage 6/15: μ=0.105
  [Spline barrier] line search stalled; stopping at stage 6
  Barrier stage 7/15: μ=0.0368
  [Spline barrier] line search stalled; stopping at stage 7
  Barrier stage 8/15: μ=0.0129
  Barrier stage 9/15: μ=0.0045
  Barrier stage 10/15: μ=0.0016
  Barrier stage 11/15: μ=0.0006
  → Converged at iter 296 (Δlen=0.000627)
  Barrier stage 12/15: μ=0.0002
  → Converged at iter 297 (Δlen=0.000945)
  Barrier stage 13/15: μ=0.0001
  → Converged at iter 298 (Δlen=0.000965)
  Barrier stage 14/15: μ=0.0
  [Spline barrier] line search stalled; stopping at stage 14
  Barrier stage 15/15: μ=0.0
  [Spline barrier] line search stalled; stopping at stage 15
  Final: prim_len=1418.032, unc=8.8547, threshold=8.8547, status=optimized, min_slack=0.0
  Obstacle re-verification: mean path clears all obstacles ✓
Fig combined (main) saved: Discrete Len=1460.8 → Continuous Len=1418.03
Fig uncertainty profile (main) saved: /home/tony-zhang/Research/landmark_planning/fig2_ladder/v8/hexspline_cl/s001_p070/hexspline_cl/figures/main_unc_profile.png
  → Saved control points to /home/tony-zhang/Research/landmark_planning/fig2_ladder/v8/hexspline_cl/s001_p070/hexspline_cl/csv/main_ctrls.csv (32 points)
  → Saved 15 comm events to /home/tony-zhang/Research/landmark_planning/fig2_ladder/v8/hexspline_cl/s001_p070/hexspline_cl/csv/comm_events.csv
  → Saved 17 landmark events to /home/tony-zhang/Research/landmark_planning/fig2_ladder/v8/hexspline_cl/s001_p070/hexspline_cl/csv/landmark_events.csv

[hexspline_cl] produced 1 solution(s) -> /home/tony-zhang/Research/landmark_planning/fig2_ladder/v8/hexspline_cl/s001_p070/hexspline_cl
