┌ Warning: Seed is infeasible (min_slack=-17.2973207035248, ε=0.001); the barrier will try to recover it before shortening. Expected for the straight_cont ablation, and for a discrete seed that A* returned as its best incumbent after exhausting its budget.
└ @ Main ~/projects/landmark_planning/planners/hexspline_cl.jl:1215
Landmark scenario: random — 2 landmarks, 3 obstacles, start (0.0, 0.0) → goal (600.0, 0.0)
Hex graph: 651 nodes (648 heading-states + 2 sensors + goal), radius=57.73502691896258m, directed_edges=1704, grid=11x15, start_cell=(1, 7), goal_cell=(7, 7), start_heading=0

── GREEDY PLANNING ──
  Primary: shortest obstacle-clear route (single-agent A*, no uncertainty bound)

  [Constraint A*] Goal popped, unc OK, but its B-spline breaches an obstacle; discarded.

  [Constraint A*] Goal popped, unc OK, but its B-spline breaches an obstacle; discarded.

  ✓ FEASIBLE SOLUTION at iter 21: dist=650.0, unc=9.0711
  [Constraint A*] Single-agent complete: 21 iterations, final_dist=650.0
  Helpers: greedy placement, minimising the primary's uncertainty per step
  Support 1: dist=650.0m, goal_unc=7.917m
  Primary  : dist=650.0m, goal_unc=8.3352m (threshold 8.163963943 ✗)

=== Continuous Spline Optimization (threshold=8.164) ===
  Initial (discrete→spline): prim_len=647.836, unc=8.4762
  Barrier stage 1/15: μ=20.0
    → Recovered into the feasible set at iter 20 (min_slack=0.014603); feasible-only gate now armed
  Barrier stage 2/15: μ=7.0
  → Converged at iter 128 (Δlen=0.00044)
  Barrier stage 3/15: μ=2.45
  → Converged at iter 157 (Δlen=0.000584)
  Barrier stage 4/15: μ=0.8575
  Barrier stage 5/15: μ=0.3001
  Barrier stage 6/15: μ=0.105
  Barrier stage 7/15: μ=0.0368
  Barrier stage 8/15: μ=0.0129
  Barrier stage 9/15: μ=0.0045
  Barrier stage 10/15: μ=0.0016
  → Converged at iter 569 (Δlen=0.000937)
  Barrier stage 11/15: μ=0.0006
  → Converged at iter 571 (Δlen=0.000237)
  Barrier stage 12/15: μ=0.0002
  → Converged at iter 572 (Δlen=0.000252)
  Barrier stage 13/15: μ=0.0001
  → Converged at iter 573 (Δlen=0.000256)
  Barrier stage 14/15: μ=0.0
  [Spline barrier] line search stalled; stopping at stage 14
  Barrier stage 15/15: μ=0.0
  [Spline barrier] line search stalled; stopping at stage 15
  Final: prim_len=630.844, unc=7.4011, threshold=8.164, status=optimized, min_slack=0.0
  Obstacle re-verification: mean path clears all obstacles ✓
Fig combined (main) saved: Discrete Len=647.84 → Continuous Len=630.84
Fig uncertainty profile (main) saved: /home/tonyzhang/projects/landmark_planning/constraint_sweep/sweep_2026-08-11/greedy/s006_p090/greedy/figures/main_unc_profile.png

[greedy] produced 1 solution(s) -> /home/tonyzhang/projects/landmark_planning/constraint_sweep/sweep_2026-08-11/greedy/s006_p090/greedy
