Landmark scenario: random — 4 landmarks, 4 obstacles, start (0.0, 0.0) → goal (600.0, 0.0)
Hex graph: 653 nodes (648 heading-states + 4 sensors + goal), radius=57.73502691896258m, directed_edges=1704, grid=11x15, start_cell=(1, 7), goal_cell=(7, 7), start_heading=0
Conditional ε-bound: ε_sample=1.1925, w=1.0, ε_total=1.1925
  Bound form (conditional): L_returned ≤ (1+ε_total) L* with assumptions documented in comments.

── MULTI-AGENT PLANNING (Synchronized Kalman) ──

  Running joint discrete A* (threshold=4.7774)... (max_iters=500000)
  Stops on the first feasible candidate under the threshold.
  ✓ Goal reachable from node 1 with distance 600.0
  [A*] iter 1000/500000 (0.2%)  left=499000  elapsed=2.1s     [A*] iter 2000/500000 (0.4%)  left=498000  elapsed=2.2s     [A*] iter 3000/500000 (0.6%)  left=497000  elapsed=2.7s     [A*] iter 4000/500000 (0.8%)  left=496000  elapsed=2.8s     [A*] iter 5000/500000 (1.0%)  left=495000  elapsed=2.9s     [A*] iter 6000/500000 (1.2%)  left=494000  elapsed=2.9s     [A*] iter 7000/500000 (1.4%)  left=493000  elapsed=3.1s     [A*] iter 8000/500000 (1.6%)  left=492000  elapsed=3.1s     [A*] iter 9000/500000 (1.8%)  left=491000  elapsed=3.2s     [A*] iter 10000/500000 (2.0%)  left=490000  elapsed=3.3s     [A*] iter 11000/500000 (2.2%)  left=489000  elapsed=3.4s     [A*] iter 12000/500000 (2.4%)  left=488000  elapsed=3.5s     [A*] iter 13000/500000 (2.6%)  left=487000  elapsed=3.8s     [A*] iter 14000/500000 (2.8%)  left=486000  elapsed=3.9s     [A*] iter 15000/500000 (3.0%)  left=485000  elapsed=4.2s   
  ✓ FEASIBLE SOLUTION at iter 15057: dist=850.0, unc=4.0259
  [Constraint A*] Complete: 15057 iterations, final_dist=850.0

✓ Multi-agent solution with synchronized Kalman fusion:
  Support agent 1: node=474, dist=850.0m, goal_unc=2.319m
  Primary agent: node=365, dist=850.0m, goal_unc=4.0259m
  ├─ Communication: every 100.0m, sigmoid taper range=200.0m width=20.0m
  └─ All agents' uncertainties benefit from synchronized Kalman fusion at checkpoints

--- Final Results ---
Support agent 1 : [1, 331, 337, 343, 404, 453, 512, 517, 523, 474]  dist=850.0  goal_unc=2.319  ✓  (Kalman-fused)
Primary agent : [1, 331, 337, 343, 404, 458, 463, 469, 426, 365]  dist=850.0  goal_unc=4.0259  threshold=4.777426127 ✓ met  (Kalman-fused)

=== Kalman Filtering Summary ===
All 2 agents performing synchronized Kalman filtering:
  • Dead-reckoning propagation: DIR=0.05/m, PERP=0.016666666666666666/m
  • Landmark fusion: Information filter (Joseph form) at every waypoint
  • SYNCHRONIZED inter-agent communication: every 100.0m of travel
  • Tapered sigmoid weighting: range=200.0m, width=20.0m (soft plateau + rolloff)
  • Bidirectional Kalman fusion: all agent pairs within range at each checkpoint
  • Measurement model: bearing-angle sensor with noise=0.038, ratio=2.2
  └─ Support agents: goal_unc=2.319m (improved by inter-agent fusion)
  └─ Primary agent: goal_unc=4.0259m (direct path with landmark updates)
Converged at iteration : 15057
Figure path-role mapping: supports = paths[1:1], primary = paths[2]
Discrete evaluation: prim_len=850.0, unc=4.0259
Fig 1 saved.

=== Continuous Spline Optimization (threshold=4.7774) ===
  Initial (discrete→spline): prim_len=791.891, unc=3.7591
  Barrier stage 1/15: μ=20.0
  Barrier stage 2/15: μ=7.0
  Barrier stage 3/15: μ=2.45
  Barrier stage 4/15: μ=0.8575
  → Converged at iter 222 (Δlen=0.000145)
  Barrier stage 5/15: μ=0.3001
  → Converged at iter 243 (Δlen=0.000251)
  Barrier stage 6/15: μ=0.105
  → Converged at iter 244 (Δlen=0.000513)
  Barrier stage 7/15: μ=0.0368
  [Spline barrier] line search stalled; stopping at stage 7
  Barrier stage 8/15: μ=0.0129
  [Spline barrier] line search stalled; stopping at stage 8
  Barrier stage 9/15: μ=0.0045
  [Spline barrier] line search stalled; stopping at stage 9
  Barrier stage 10/15: μ=0.0016
  [Spline barrier] line search stalled; stopping at stage 10
  Barrier stage 11/15: μ=0.0006
  [Spline barrier] line search stalled; stopping at stage 11
  Barrier stage 12/15: μ=0.0002
  [Spline barrier] line search stalled; stopping at stage 12
  Barrier stage 13/15: μ=0.0001
  [Spline barrier] line search stalled; stopping at stage 13
  Barrier stage 14/15: μ=0.0
  [Spline barrier] line search stalled; stopping at stage 14
  Barrier stage 15/15: μ=0.0
  [Spline barrier] line search stalled; stopping at stage 15
  Final: prim_len=745.227, unc=4.6901, threshold=4.7774, status=optimized, min_slack=0.000332
  Obstacle re-verification: mean path clears all obstacles ✓
Fig combined (main) saved: Discrete Len=791.89 → Continuous Len=745.23
Fig uncertainty profile (main) saved: /home/tonyzhang/projects/landmark_planning/constraint_sweep/sweep_2026-08-11/hexspline_cl/s033_p090/hexspline_cl/figures/main_unc_profile.png

[hexspline_cl] produced 1 solution(s) -> /home/tonyzhang/projects/landmark_planning/constraint_sweep/sweep_2026-08-11/hexspline_cl/s033_p090/hexspline_cl
