Landmark scenario: random — 4 landmarks, 3 obstacles, start (0.0, 0.0) → goal (600.0, 0.0)
Hex graph: 653 nodes (648 heading-states + 4 sensors + goal), radius=57.73502691896258m, directed_edges=1704, grid=11x15, start_cell=(1, 7), goal_cell=(7, 7), start_heading=0

── SEQUENTIAL PLANNING (2 agent(s), one at a time) ──
  Leg 1 — primary, 1 helper(s) parked at start (bound 7.2354 = 2.0x the 3.617724148 threshold the shipped route is held to):

    ✓ feasible at iter 261: dist=950.0, unc=4.2561
  Leg 2 — helper 1 vs the fixed primary trajectory (11 steps, beam 400):
    → helper 1 placed; primary goal_unc now 3.279
  Leg 3 — primary re-planned against the committed helper paths:
  [A*] iter 1000/500000 (0.2%)  left=499000  elapsed=0.0s   ┌ Warning: Seed is infeasible (min_slack=-0.130401933436755, ε=0.001); the barrier will try to recover it before shortening. Expected for the straight_cont ablation, and for a discrete seed that A* returned as its best incumbent after exhausting its budget.
└ @ Main ~/projects/landmark_planning/planners/hexspline_cl.jl:1215

    ✓ feasible at iter 1893: dist=1350.0, unc=3.2492
    leg 1 route: len=950.0, unc=3.279 ✓  |  re-planned: len=1350.0, unc=3.2492 ✓  → keep leg 1
  Helper 1: dist=950.0m, goal_unc=3.1017m
  Primary  : dist=950.0m, goal_unc=3.279m (threshold 3.617724148 ✓)

=== Continuous Spline Optimization (threshold=3.6177) ===
  Initial (discrete→spline): prim_len=944.282, unc=3.7481
  Barrier stage 1/15: μ=20.0
    → Recovered into the feasible set at iter 2 (min_slack=0.010433); feasible-only gate now armed
  Barrier stage 2/15: μ=7.0
  → Converged at iter 85 (Δlen=0.000847)
  Barrier stage 3/15: μ=2.45
  → Converged at iter 86 (Δlen=0.000888)
  Barrier stage 4/15: μ=0.8575
  → Converged at iter 87 (Δlen=0.00079)
  Barrier stage 5/15: μ=0.3001
  Barrier stage 6/15: μ=0.105
  Barrier stage 7/15: μ=0.0368
  Barrier stage 8/15: μ=0.0129
  Barrier stage 9/15: μ=0.0045
  Barrier stage 10/15: μ=0.0016
  Barrier stage 11/15: μ=0.0006
  Barrier stage 12/15: μ=0.0002
  Barrier stage 13/15: μ=0.0001
  Barrier stage 14/15: μ=0.0
  Barrier stage 15/15: μ=0.0
  Final: prim_len=882.646, unc=2.5892, threshold=3.6177, status=optimized, min_slack=0.001824
  Obstacle re-verification: mean path clears all obstacles ✓
Fig combined (main) saved: Discrete Len=944.28 → Continuous Len=882.65
Fig uncertainty profile (main) saved: /home/tonyzhang/projects/landmark_planning/constraint_sweep/sweep_2026-08-11/sequential/s098_p085/sequential/figures/main_unc_profile.png

[sequential] produced 1 solution(s) -> /home/tonyzhang/projects/landmark_planning/constraint_sweep/sweep_2026-08-11/sequential/s098_p085/sequential
