┌ Warning: Seed is infeasible (min_slack=-80.52264801191333, ε=0.001); the barrier will try to recover it before shortening. Expected for the straight_cont ablation, and for a discrete seed that A* returned as its best incumbent after exhausting its budget.
└ @ Main ~/projects/landmark_planning/planners/hexspline_cl.jl:1215
Landmark scenario: random — 2 landmarks, 3 obstacles, start (0.0, 0.0) → goal (600.0, 0.0)
Hex graph: 651 nodes (648 heading-states + 2 sensors + goal), radius=57.73502691896258m, directed_edges=1704, grid=11x15, start_cell=(1, 7), goal_cell=(7, 7), start_heading=0

── SEQUENTIAL PLANNING (2 agent(s), one at a time) ──
  Leg 1 — primary, 1 helper(s) parked at start (bound 13.7813 = 2.0x the 6.890660965 threshold the shipped route is held to):

    ✓ feasible at iter 78: dist=750.0, unc=6.8082
  Leg 2 — helper 1 vs the fixed primary trajectory (9 steps, beam 400):
    → helper 1 placed; primary goal_unc now 4.6059
  Leg 3 — primary re-planned against the committed helper paths:

    ✓ feasible at iter 283: dist=950.0, unc=5.355
    leg 1 route: len=750.0, unc=4.6059 ✓  |  re-planned: len=950.0, unc=5.355 ✓  → keep leg 1
  Helper 1: dist=750.0m, goal_unc=3.7085m
  Primary  : dist=750.0m, goal_unc=4.6059m (threshold 6.890660965 ✓)

=== Continuous Spline Optimization (threshold=6.8907) ===
  Initial (discrete→spline): prim_len=746.268, unc=5.2647
  Barrier stage 1/15: μ=20.0
  Barrier stage 2/15: μ=20.0
  [Spline barrier] line search stalled; stopping at stage 2
  Barrier stage 3/15: μ=20.0
  [Spline barrier] line search stalled; stopping at stage 3
  Barrier stage 4/15: μ=20.0
  [Spline barrier] line search stalled; stopping at stage 4
  Barrier stage 5/15: μ=20.0
  [Spline barrier] line search stalled; stopping at stage 5
  Barrier stage 6/15: μ=20.0
  [Spline barrier] line search stalled; stopping at stage 6
  Barrier stage 7/15: μ=20.0
  [Spline barrier] line search stalled; stopping at stage 7
  Barrier stage 8/15: μ=20.0
  [Spline barrier] line search stalled; stopping at stage 8
  Barrier stage 9/15: μ=20.0
  [Spline barrier] line search stalled; stopping at stage 9
  Barrier stage 10/15: μ=20.0
  Barrier stage 11/15: μ=20.0
  Barrier stage 12/15: μ=20.0
  Barrier stage 13/15: μ=20.0
  Barrier stage 14/15: μ=20.0
  Barrier stage 15/15: μ=20.0
  Final: prim_len=775.035, unc=5.5404, threshold=6.8907, status=recovery_failed, min_slack=-0.004724
  Obstacle re-verification: mean path clears all obstacles ✓
Fig combined (main) saved: Discrete Len=746.27 → Continuous Len=775.03
Fig uncertainty profile (main) saved: /home/tonyzhang/projects/landmark_planning/constraint_sweep/sweep_2026-08-11/sequential/s020_p100/sequential/figures/main_unc_profile.png

[sequential] produced 1 solution(s) -> /home/tonyzhang/projects/landmark_planning/constraint_sweep/sweep_2026-08-11/sequential/s020_p100/sequential
