┌ Warning: Seed is infeasible (min_slack=-0.13122965972970402, ε=0.001); the barrier will try to recover it before shortening. Expected for the straight_cont ablation, and for a discrete seed that A* returned as its best incumbent after exhausting its budget.
└ @ Main ~/projects/landmark_planning/planners/hexspline_cl.jl:1215
Landmark scenario: random — 4 landmarks, 4 obstacles, start (0.0, 0.0) → goal (800.0, 0.0)
Hex graph: 797 nodes (792 heading-states + 4 sensors + goal), radius=57.73502691896258m, directed_edges=2112, grid=13x15, start_cell=(1, 7), goal_cell=(9, 7), start_heading=0

── SEQUENTIAL PLANNING (2 agent(s), one at a time) ──
  Leg 1 — primary, 1 helper(s) parked at start (bound 11.2849 = 2.0x the 5.642442888 threshold the shipped route is held to):

    ✓ feasible at iter 387: dist=1050.0, unc=7.5233
  Leg 2 — helper 1 vs the fixed primary trajectory (12 steps, beam 400):
    → helper 1 placed; primary goal_unc now 5.3733
  Leg 3 — primary re-planned against the committed helper paths:

    ✓ feasible at iter 238: dist=1050.0, unc=5.3733
    leg 1 route: len=1050.0, unc=5.3733 ✓  |  re-planned: len=1050.0, unc=5.3733 ✓  → keep leg 1
  Helper 1: dist=1050.0m, goal_unc=5.0432m
  Primary  : dist=1050.0m, goal_unc=5.3733m (threshold 5.642442888 ✓)

=== Continuous Spline Optimization (threshold=5.6424) ===
  Initial (discrete→spline): prim_len=1020.523, unc=5.7737
  Barrier stage 1/15: μ=20.0
    → Recovered into the feasible set at iter 5 (min_slack=0.010589); feasible-only gate now armed
  Barrier stage 2/15: μ=7.0
  → Converged at iter 129 (Δlen=9.7e-5)
  Barrier stage 3/15: μ=2.45
  Barrier stage 4/15: μ=0.8575
  Barrier stage 5/15: μ=0.3001
  Barrier stage 6/15: μ=0.105
  Barrier stage 7/15: μ=0.0368
  Barrier stage 8/15: μ=0.0129
  Barrier stage 9/15: μ=0.0045
  → Converged at iter 590 (Δlen=0.000428)
  Barrier stage 10/15: μ=0.0016
  → Converged at iter 591 (Δlen=0.000642)
  Barrier stage 11/15: μ=0.0006
  → Converged at iter 592 (Δlen=0.00075)
  Barrier stage 12/15: μ=0.0002
  [Spline barrier] line search stalled; stopping at stage 12
  Barrier stage 13/15: μ=0.0001
  [Spline barrier] line search stalled; stopping at stage 13
  Barrier stage 14/15: μ=0.0
  [Spline barrier] line search stalled; stopping at stage 14
  Barrier stage 15/15: μ=0.0
  [Spline barrier] line search stalled; stopping at stage 15
  Final: prim_len=976.662, unc=5.4199, threshold=5.6424, status=optimized, min_slack=0.0
  Obstacle re-verification: mean path clears all obstacles ✓
Fig combined (main) saved: Discrete Len=1020.52 → Continuous Len=976.66
Fig uncertainty profile (main) saved: /home/tonyzhang/projects/landmark_planning/constraint_sweep/sweep_2026-08-11/sequential/s074_p075/sequential/figures/main_unc_profile.png

[sequential] produced 1 solution(s) -> /home/tonyzhang/projects/landmark_planning/constraint_sweep/sweep_2026-08-11/sequential/s074_p075/sequential
