Landmark scenario: random — 4 landmarks, 1 obstacles, start (0.0, 0.0) → goal (600.0, 0.0)
Hex graph: 299 nodes (294 heading-states + 4 sensors + goal), radius=86.60254037844388m, directed_edges=726, grid=9x11, start_cell=(2, 5), goal_cell=(6, 5), start_heading=0

── GREEDY PLANNING ──
  Primary: shortest obstacle-clear route (single-agent A*, no uncertainty bound)

  ✓ FEASIBLE SOLUTION at iter 15: dist=750.0, unc=6.6722
  [Constraint A*] Single-agent complete: 15 iterations, final_dist=750.0
  Helpers: greedy placement, minimising the primary's uncertainty per step
  Greedy roster breaches the obstacle/support gate; falling back to parked helpers.
  Support 1: dist=0.0m, goal_unc=0.9393m
  Primary  : dist=750.0m, goal_unc=6.1147m (threshold 6.672212219 ✓)

=== Continuous Spline Optimization (threshold=6.6722) ===
  Initial (discrete→spline): prim_len=704.202, unc=6.1147
  Barrier stage 1/15: μ=20.0
  [Spline barrier] line search stalled; stopping at stage 1
  Barrier stage 2/15: μ=7.0
  [Spline barrier] line search stalled; stopping at stage 2
  Barrier stage 3/15: μ=2.45
  [Spline barrier] line search stalled; stopping at stage 3
  Barrier stage 4/15: μ=0.8575
  [Spline barrier] line search stalled; stopping at stage 4
  Barrier stage 5/15: μ=0.3001
  [Spline barrier] line search stalled; stopping at stage 5
  Barrier stage 6/15: μ=0.105
  [Spline barrier] line search stalled; stopping at stage 6
  Barrier stage 7/15: μ=0.0368
  [Spline barrier] line search stalled; stopping at stage 7
  Barrier stage 8/15: μ=0.0129
  [Spline barrier] line search stalled; stopping at stage 8
  Barrier stage 9/15: μ=0.0045
  → Converged at iter 11 (Δlen=0.000731)
  Barrier stage 10/15: μ=0.0016
  → Converged at iter 14 (Δlen=0.000389)
  Barrier stage 11/15: μ=0.0006
  → Converged at iter 15 (Δlen=0.000783)
  Barrier stage 12/15: μ=0.0002
  → Converged at iter 16 (Δlen=0.000982)
  Barrier stage 13/15: μ=0.0001
  [Spline barrier] line search stalled; stopping at stage 13
  Barrier stage 14/15: μ=0.0
  [Spline barrier] line search stalled; stopping at stage 14
  Barrier stage 15/15: μ=0.0
  [Spline barrier] line search stalled; stopping at stage 15
  Final: prim_len=702.79, unc=6.1304, threshold=6.6722, status=optimized, min_slack=0.001424
  Obstacle re-verification: mean path clears all obstacles ✓
Fig combined (main) saved: Discrete Len=704.2 → Continuous Len=702.79
Fig uncertainty profile (main) saved: /home/tonyzhang/projects/landmark_planning/constraint_sweep/baseline_2026-08-17/greedy/s084_p100/greedy/figures/main_unc_profile.png

[greedy] produced 1 solution(s) -> /home/tonyzhang/projects/landmark_planning/constraint_sweep/baseline_2026-08-17/greedy/s084_p100/greedy
