┌ Warning: Seed is infeasible (min_slack=-46.5495051597876, ε=0.001); the barrier will try to recover it before shortening. Expected for the straight_cont ablation, and for a discrete seed that A* returned as its best incumbent after exhausting its budget.
└ @ Main ~/projects/landmark_planning/planners/hexspline_cl.jl:1215
Landmark scenario: random — 2 landmarks, 5 obstacles, start (0.0, 0.0) → goal (800.0, 0.0)
Hex graph: 795 nodes (792 heading-states + 2 sensors + goal), radius=57.73502691896258m, directed_edges=2112, grid=13x15, start_cell=(1, 7), goal_cell=(9, 7), start_heading=0

── FORMATION PLANNING ──
  Primary: single-agent hexspline A* (threshold 10.96021876); supports added afterwards.

  [Constraint A*] Goal popped, unc OK, but its B-spline breaches an obstacle; discarded.

  [Constraint A*] Goal popped, unc OK, but its B-spline breaches an obstacle; discarded.

  ✓ FEASIBLE SOLUTION at iter 54: dist=950.0, unc=10.9602
  [Constraint A*] Single-agent complete: 54 iterations, final_dist=950.0
  One support: trying both lateral slots (+1 = 60° left, -1 = 60° right).
  Slot [1]: unc=7.2082 ✓
  Slot [-1]: unc=10.7919 ✓
  → Chose slot [1]
  Support 1 (slot 1): dist=1032.3m, goal_unc=7.5432m, arc drift vs primary=82.3m
  Primary : dist=950.0m, goal_unc=7.2082m (threshold 10.96021876 ✓)
  ! A support drifted more than half a comm interval from the primary's arc; checkpoints no longer pair them where the formation puts them.

=== Continuous Spline Optimization (threshold=10.9602) ===
  Initial (discrete→spline): prim_len=949.335, unc=7.7226
  Barrier stage 1/15: μ=20.0
    → Recovered into the feasible set at iter 57 (min_slack=0.009468); feasible-only gate now armed
  → Converged at iter 64 (Δlen=0.000821)
  Barrier stage 2/15: μ=7.0
  → Converged at iter 66 (Δlen=0.000456)
  Barrier stage 3/15: μ=2.45
  → Converged at iter 67 (Δlen=0.000772)
  Barrier stage 4/15: μ=0.8575
  → Converged at iter 68 (Δlen=0.000967)
  Barrier stage 5/15: μ=0.3001
  → Converged at iter 70 (Δlen=1.1e-5)
  Barrier stage 6/15: μ=0.105
  → Converged at iter 71 (Δlen=0.000112)
  Barrier stage 7/15: μ=0.0368
  → Converged at iter 72 (Δlen=0.000293)
  Barrier stage 8/15: μ=0.0129
  → Converged at iter 73 (Δlen=0.00055)
  Barrier stage 9/15: μ=0.0045
  → Converged at iter 74 (Δlen=0.000875)
  Barrier stage 10/15: μ=0.0016
  → Converged at iter 76 (Δlen=0.000444)
  Barrier stage 11/15: μ=0.0006
  → Converged at iter 77 (Δlen=0.000941)
  Barrier stage 12/15: μ=0.0002
  → Converged at iter 79 (Δlen=0.000589)
  Barrier stage 13/15: μ=0.0001
  → Converged at iter 81 (Δlen=0.000668)
  Barrier stage 14/15: μ=0.0
  → Converged at iter 83 (Δlen=0.000734)
  Barrier stage 15/15: μ=0.0
  → Converged at iter 85 (Δlen=0.000791)
  Final: prim_len=960.782, unc=6.9584, threshold=10.9602, status=optimized, min_slack=0.009468
  Obstacle re-verification: mean path clears all obstacles ✓
Fig combined (main) saved: Discrete Len=949.34 → Continuous Len=960.78
Fig uncertainty profile (main) saved: /home/tonyzhang/projects/landmark_planning/constraint_sweep/sweep_2026-08-11/formation/s094_p100/formation/figures/main_unc_profile.png

[formation] produced 1 solution(s) -> /home/tonyzhang/projects/landmark_planning/constraint_sweep/sweep_2026-08-11/formation/s094_p100/formation
