Landmark scenario: random — 4 landmarks, 1 obstacles, start (0.0, 0.0) → goal (600.0, 0.0)
Hex graph: 299 nodes (294 heading-states + 4 sensors + goal), radius=86.60254037844388m, directed_edges=726, grid=9x11, start_cell=(2, 5), goal_cell=(6, 5), start_heading=0

── SEQUENTIAL PLANNING (2 agent(s), one at a time) ──
  Leg 1 — primary, 1 helper(s) parked at start (bound 13.3444 = 2.0x the 6.672212219 threshold the shipped route is held to):

    ✓ feasible at iter 21: dist=750.0, unc=6.1147
  Leg 2 — helper 1 vs the fixed primary trajectory (6 steps, beam 400):
    (took rank #4 of 92; 3 better-ranked route(s) breach as splines)
    → helper 1 placed; primary goal_unc now 3.7318
  Leg 3 — primary re-planned against the committed helper paths:

    ✓ feasible at iter 12: dist=750.0, unc=3.7318
    leg 1 route: len=750.0, unc=3.7318 ✓  |  re-planned: len=750.0, unc=3.7318 ✓  → keep leg 1
  Helper 1: dist=750.0m, goal_unc=2.4862m
  Primary  : dist=750.0m, goal_unc=3.7318m (threshold 6.672212219 ✓)

=== Continuous Spline Optimization (threshold=6.6722) ===
  Initial (discrete→spline): prim_len=685.869, unc=3.7318
  Barrier stage 1/15: μ=20.0
  → Converged at iter 12 (Δlen=0.000648)
  Barrier stage 2/15: μ=7.0
  → Converged at iter 14 (Δlen=0.000142)
  Barrier stage 3/15: μ=2.45
  → Converged at iter 15 (Δlen=0.00046)
  Barrier stage 4/15: μ=0.8575
  → Converged at iter 17 (Δlen=0.000939)
  Barrier stage 5/15: μ=0.3001
  Barrier stage 6/15: μ=0.105
  Barrier stage 7/15: μ=0.0368
  Barrier stage 8/15: μ=0.0129
  Barrier stage 9/15: μ=0.0045
  Barrier stage 10/15: μ=0.0016
  Barrier stage 11/15: μ=0.0006
  Barrier stage 12/15: μ=0.0002
  Barrier stage 13/15: μ=0.0001
  Barrier stage 14/15: μ=0.0
  Barrier stage 15/15: μ=0.0
  Final: prim_len=672.554, unc=3.7166, threshold=6.6722, status=optimized, min_slack=0.015798
  Obstacle re-verification: mean path clears all obstacles ✓
Fig combined (main) saved: Discrete Len=685.87 → Continuous Len=672.55
Fig uncertainty profile (main) saved: /home/tonyzhang/projects/landmark_planning/constraint_sweep/baseline_2026-08-17/sequential/s084_p100/sequential/figures/main_unc_profile.png

[sequential] produced 1 solution(s) -> /home/tonyzhang/projects/landmark_planning/constraint_sweep/baseline_2026-08-17/sequential/s084_p100/sequential
