Landmark scenario: random — 4 landmarks, 1 obstacles, start (0.0, 0.0) → goal (750.0, 0.0)
Hex graph: 341 nodes (336 heading-states + 4 sensors + goal), radius=86.60254037844388m, directed_edges=840, grid=10x11, start_cell=(2, 5), goal_cell=(7, 5), start_heading=0

── GREEDY PLANNING ──
  Primary: shortest obstacle-clear route (single-agent A*, no uncertainty bound)

  [Constraint A*] Goal popped, unc OK, but its B-spline breaches an obstacle; discarded.

  [Constraint A*] Goal popped, unc OK, but its B-spline breaches an obstacle; discarded.

  ✓ FEASIBLE SOLUTION at iter 58: dist=1050.0, unc=7.1391
  [Constraint A*] Single-agent complete: 58 iterations, final_dist=1050.0
  Helpers: greedy placement, minimising the primary's uncertainty per step
  Support 1: dist=1050.0m, goal_unc=5.3373m
  Primary  : dist=1050.0m, goal_unc=6.1812m (threshold 7.139097357 ✓)

=== Continuous Spline Optimization (threshold=7.1391) ===
  Initial (discrete→spline): prim_len=1004.736, unc=6.1812
  Barrier stage 1/15: μ=20.0
  → Converged at iter 49 (Δlen=0.000571)
  Barrier stage 2/15: μ=7.0
  → Converged at iter 50 (Δlen=0.000878)
  Barrier stage 3/15: μ=2.45
  Barrier stage 4/15: μ=0.8575
  Barrier stage 5/15: μ=0.3001
  Barrier stage 6/15: μ=0.105
  Barrier stage 7/15: μ=0.0368
  Barrier stage 8/15: μ=0.0129
  Barrier stage 9/15: μ=0.0045
  Barrier stage 10/15: μ=0.0016
  Barrier stage 11/15: μ=0.0006
  Barrier stage 12/15: μ=0.0002
  Barrier stage 13/15: μ=0.0001
  Barrier stage 14/15: μ=0.0
  Barrier stage 15/15: μ=0.0
  Final: prim_len=947.703, unc=5.4057, threshold=7.1391, status=optimized, min_slack=0.013265
  Obstacle re-verification: mean path clears all obstacles ✓
Fig combined (main) saved: Discrete Len=1004.74 → Continuous Len=947.7
Fig uncertainty profile (main) saved: /home/tonyzhang/projects/landmark_planning/constraint_sweep/baseline_2026-08-17/greedy/s007_p100/greedy/figures/main_unc_profile.png

[greedy] produced 1 solution(s) -> /home/tonyzhang/projects/landmark_planning/constraint_sweep/baseline_2026-08-17/greedy/s007_p100/greedy
