Landmark scenario: random — 4 landmarks, 2 obstacles, start (0.0, 0.0) → goal (900.0, 0.0)
Hex graph: 383 nodes (378 heading-states + 4 sensors + goal), radius=86.60254037844388m, directed_edges=954, grid=11x11, start_cell=(2, 5), goal_cell=(8, 5), start_heading=0

── GREEDY PLANNING ──
  Primary: shortest obstacle-clear route (single-agent A*, no uncertainty bound)

  [Constraint A*] Goal popped, unc OK, but its B-spline breaches an obstacle; discarded.

  [Constraint A*] Goal popped, unc OK, but its B-spline breaches an obstacle; discarded.

  [Constraint A*] Goal popped, unc OK, but its B-spline breaches an obstacle; discarded.

  [Constraint A*] Goal popped, unc OK, but its B-spline breaches an obstacle; discarded.

  [Constraint A*] Goal popped, unc OK, but its B-spline breaches an obstacle; discarded.

  [Constraint A*] Goal popped, unc OK, but its B-spline breaches an obstacle; discarded.

  ✓ FEASIBLE SOLUTION at iter 70: dist=1200.0, unc=7.9691
  [Constraint A*] Single-agent complete: 70 iterations, final_dist=1200.0
  Helpers: greedy placement, minimising the primary's uncertainty per step
  Support 1: dist=1200.0m, goal_unc=6.1875m
  Primary  : dist=1200.0m, goal_unc=7.965m (threshold 7.96909141 ✓)

=== Continuous Spline Optimization (threshold=7.9691) ===
  Initial (discrete→spline): prim_len=1154.736, unc=7.965
  Barrier stage 1/15: μ=20.0
  Barrier stage 2/15: μ=7.0
  → Converged at iter 93 (Δlen=8.5e-5)
  Barrier stage 3/15: μ=2.45
  Barrier stage 4/15: μ=0.8575
  Barrier stage 5/15: μ=0.3001
  Barrier stage 6/15: μ=0.105
  Barrier stage 7/15: μ=0.0368
  Barrier stage 8/15: μ=0.0129
  Barrier stage 9/15: μ=0.0045
  Barrier stage 10/15: μ=0.0016
  Barrier stage 11/15: μ=0.0006
  Barrier stage 12/15: μ=0.0002
  → Converged at iter 713 (Δlen=0.000429)
  Barrier stage 13/15: μ=0.0001
  → Converged at iter 714 (Δlen=0.00064)
  Barrier stage 14/15: μ=0.0
  → Converged at iter 715 (Δlen=0.000693)
  Barrier stage 15/15: μ=0.0
  → Converged at iter 716 (Δlen=0.000706)
  Final: prim_len=1073.335, unc=7.3141, threshold=7.9691, status=optimized, min_slack=2.3e-5
  Obstacle re-verification: mean path clears all obstacles ✓
Fig combined (main) saved: Discrete Len=1154.74 → Continuous Len=1073.33
Fig uncertainty profile (main) saved: /home/tonyzhang/projects/landmark_planning/constraint_sweep/baseline_2026-08-17/greedy/s008_p100/greedy/figures/main_unc_profile.png

[greedy] produced 1 solution(s) -> /home/tonyzhang/projects/landmark_planning/constraint_sweep/baseline_2026-08-17/greedy/s008_p100/greedy
