Landmark scenario: random — 4 landmarks, 2 obstacles, start (0.0, 0.0) → goal (600.0, 0.0)
Hex graph: 299 nodes (294 heading-states + 4 sensors + goal), radius=86.60254037844388m, directed_edges=726, grid=9x11, start_cell=(2, 5), goal_cell=(6, 5), start_heading=0

── FORMATION PLANNING ──
  Primary: own A* (formation_primary_astar); a goal candidate is accepted on the primary's uncertainty WITH its supports attached (threshold 4.533903313).
  One support: both lateral slots (+1 = 60° left, -1 = 60° right) tried per candidate.
  [A*] iter 1000/1000000 (0.1%)  left=999000  elapsed=0.1s     [A*] iter 2000/1000000 (0.2%)  left=998000  elapsed=0.1s     [A*] iter 3000/1000000 (0.3%)  left=997000  elapsed=0.2s     [A*] iter 4000/1000000 (0.4%)  left=996000  elapsed=0.2s     [A*] iter 5000/1000000 (0.5%)  left=995000  elapsed=0.2s     [A*] iter 6000/1000000 (0.6%)  left=994000  elapsed=0.2s     [A*] iter 7000/1000000 (0.7%)  left=993000  elapsed=0.2s   ┌ Warning: Seed is infeasible (min_slack=-0.5536929355806715, ε=0.001); the barrier will try to recover it before shortening. Expected for the straight_cont ablation, and for a discrete seed that A* returned as its best incumbent after exhausting its budget.
└ @ Main ~/projects/landmark_planning/planners/hexspline_cl.jl:1207

    nothing cleared the escorted bound; handing the best attempt to the barrier: unc=5.0876 (slot [-1])
  → Chose slot [-1]
  Support 1 (slot -1): dist=1200.0m, goal_unc=5.0864m, arc drift vs primary=0.0m
  Primary : dist=1200.0m, goal_unc=5.0876m (threshold 4.533903313 ✗)

=== Continuous Spline Optimization (threshold=4.5339) ===
  Initial (discrete→spline): prim_len=1120.16, unc=5.0876
  Barrier stage 1/15: μ=20.0
    → Recovered into the feasible set at iter 34 (min_slack=0.013964); feasible-only gate now armed
  Barrier stage 2/15: μ=7.0
  → Converged at iter 77 (Δlen=0.000953)
  Barrier stage 3/15: μ=2.45
  → Converged at iter 79 (Δlen=0.000968)
  Barrier stage 4/15: μ=0.8575
  Barrier stage 5/15: μ=0.3001
  Barrier stage 6/15: μ=0.105
  Barrier stage 7/15: μ=0.0368
  Barrier stage 8/15: μ=0.0129
  Barrier stage 9/15: μ=0.0045
  Barrier stage 10/15: μ=0.0016
  Barrier stage 11/15: μ=0.0006
  Barrier stage 12/15: μ=0.0002
  Barrier stage 13/15: μ=0.0001
  Barrier stage 14/15: μ=0.0
  Barrier stage 15/15: μ=0.0
  Final: prim_len=1117.703, unc=4.2403, threshold=4.5339, status=optimized, min_slack=0.014608
  Obstacle re-verification: mean path clears all obstacles ✓
Fig combined (main) saved: Discrete Len=1120.16 → Continuous Len=1117.7
Fig uncertainty profile (main) saved: /home/tonyzhang/projects/landmark_planning/constraint_sweep/baseline_2026-08-17/formation/s033_p080/formation/figures/main_unc_profile.png

[formation] produced 1 solution(s) -> /home/tonyzhang/projects/landmark_planning/constraint_sweep/baseline_2026-08-17/formation/s033_p080/formation
