Landmark scenario: random — 3 landmarks, 3 obstacles, start (0.0, 0.0) → goal (700.0, 0.0)
Hex graph: 724 nodes (720 heading-states + 3 sensors + goal), radius=57.73502691896258m, directed_edges=1908, grid=12x15, start_cell=(1, 7), goal_cell=(8, 7), start_heading=0

── SEQUENTIAL PLANNING (2 agent(s), one at a time) ──
  Leg 1 — primary, 1 helper(s) parked at start (bound 6.6538 = 2.0x the 3.326905285 threshold the shipped route is held to):

    ✓ feasible at iter 66: dist=850.0, unc=4.4359
  Leg 2 — helper 1 vs the fixed primary trajectory (10 steps, beam 400):
    → helper 1 placed; primary goal_unc now 3.2868
  Leg 3 — primary re-planned against the committed helper paths:
  [A*] iter 1000/500000 (0.2%)  left=499000  elapsed=0.1s     [A*] iter 2000/500000 (0.4%)  left=498000  elapsed=0.2s   ┌ Warning: Seed is infeasible (min_slack=-0.4371199060631712, ε=0.001); the barrier will try to recover it before shortening. Expected for the straight_cont ablation, and for a discrete seed that A* returned as its best incumbent after exhausting its budget.
└ @ Main ~/projects/landmark_planning/planners/hexspline_cl.jl:1215

    ✓ feasible at iter 2024: dist=1350.0, unc=3.2461
    leg 1 route: len=850.0, unc=3.2868 ✓  |  re-planned: len=1350.0, unc=3.2461 ✓  → keep leg 1
  Helper 1: dist=850.0m, goal_unc=3.2292m
  Primary  : dist=850.0m, goal_unc=3.2868m (threshold 3.326905285 ✓)

=== Continuous Spline Optimization (threshold=3.3269) ===
  Initial (discrete→spline): prim_len=843.295, unc=3.764
  Barrier stage 1/15: μ=20.0
    → Recovered into the feasible set at iter 7 (min_slack=0.002659); feasible-only gate now armed
  Barrier stage 2/15: μ=7.0
  → Converged at iter 106 (Δlen=0.000804)
  Barrier stage 3/15: μ=2.45
  → Converged at iter 107 (Δlen=0.000951)
  Barrier stage 4/15: μ=0.8575
  [Spline barrier] line search stalled; stopping at stage 4
  Barrier stage 5/15: μ=0.3001
  [Spline barrier] line search stalled; stopping at stage 5
  Barrier stage 6/15: μ=0.105
  Barrier stage 7/15: μ=0.0368
  Barrier stage 8/15: μ=0.0129
  Barrier stage 9/15: μ=0.0045
  Barrier stage 10/15: μ=0.0016
  Barrier stage 11/15: μ=0.0006
  → Converged at iter 460 (Δlen=0.000451)
  Barrier stage 12/15: μ=0.0002
  → Converged at iter 461 (Δlen=0.000683)
  Barrier stage 13/15: μ=0.0001
  → Converged at iter 462 (Δlen=0.000698)
  Barrier stage 14/15: μ=0.0
  [Spline barrier] line search stalled; stopping at stage 14
  Barrier stage 15/15: μ=0.0
  [Spline barrier] line search stalled; stopping at stage 15
  Final: prim_len=818.405, unc=3.1915, threshold=3.3269, status=optimized, min_slack=0.0
  Obstacle re-verification: mean path clears all obstacles ✓
Fig combined (main) saved: Discrete Len=843.3 → Continuous Len=818.4
Fig uncertainty profile (main) saved: /home/tonyzhang/projects/landmark_planning/constraint_sweep/sweep_2026-08-11/sequential/s081_p075/sequential/figures/main_unc_profile.png

[sequential] produced 1 solution(s) -> /home/tonyzhang/projects/landmark_planning/constraint_sweep/sweep_2026-08-11/sequential/s081_p075/sequential
