Landmark scenario: random — 4 landmarks, 3 obstacles, start (0.0, 0.0) → goal (700.0, 0.0)
Hex graph: 725 nodes (720 heading-states + 4 sensors + goal), radius=57.73502691896258m, directed_edges=1908, grid=12x15, start_cell=(1, 7), goal_cell=(8, 7), start_heading=0

── SEQUENTIAL PLANNING (2 agent(s), one at a time) ──
  Leg 1 — primary, 1 helper(s) parked at start (bound 8.8174 = 2.0x the 4.408708322 threshold the shipped route is held to):

    ✓ feasible at iter 136: dist=950.0, unc=4.8986
  Leg 2 — helper 1 vs the fixed primary trajectory (11 steps, beam 400):
    → helper 1 placed; primary goal_unc now 3.2529
  Leg 3 — primary re-planned against the committed helper paths:

    ✓ feasible at iter 117: dist=950.0, unc=3.2529
    leg 1 route: len=950.0, unc=3.2529 ✓  |  re-planned: len=950.0, unc=3.2529 ✓  → TAKE re-plan
  Helper 1: dist=950.0m, goal_unc=2.6984m
  Primary  : dist=950.0m, goal_unc=3.2529m (threshold 4.408708322 ✓)

=== Continuous Spline Optimization (threshold=4.4087) ===
  Initial (discrete→spline): prim_len=920.498, unc=3.6952
  Barrier stage 1/15: μ=20.0
  Barrier stage 2/15: μ=7.0
  Barrier stage 3/15: μ=2.45
  → Converged at iter 187 (Δlen=0.000647)
  Barrier stage 4/15: μ=0.8575
  Barrier stage 5/15: μ=0.3001
  → Converged at iter 285 (Δlen=0.000637)
  Barrier stage 6/15: μ=0.105
  → Converged at iter 286 (Δlen=0.000969)
  Barrier stage 7/15: μ=0.0368
  [Spline barrier] line search stalled; stopping at stage 7
  Barrier stage 8/15: μ=0.0129
  [Spline barrier] line search stalled; stopping at stage 8
  Barrier stage 9/15: μ=0.0045
  [Spline barrier] line search stalled; stopping at stage 9
  Barrier stage 10/15: μ=0.0016
  [Spline barrier] line search stalled; stopping at stage 10
  Barrier stage 11/15: μ=0.0006
  [Spline barrier] line search stalled; stopping at stage 11
  Barrier stage 12/15: μ=0.0002
  [Spline barrier] line search stalled; stopping at stage 12
  Barrier stage 13/15: μ=0.0001
  [Spline barrier] line search stalled; stopping at stage 13
  Barrier stage 14/15: μ=0.0
  [Spline barrier] line search stalled; stopping at stage 14
  Barrier stage 15/15: μ=0.0
  [Spline barrier] line search stalled; stopping at stage 15
  Final: prim_len=869.996, unc=3.675, threshold=4.4087, status=optimized, min_slack=0.011375
  Obstacle re-verification: mean path clears all obstacles ✓
Fig combined (main) saved: Discrete Len=920.5 → Continuous Len=870.0
Fig uncertainty profile (main) saved: /home/tonyzhang/projects/landmark_planning/constraint_sweep/sweep_2026-08-11/sequential/s004_p090/sequential/figures/main_unc_profile.png

[sequential] produced 1 solution(s) -> /home/tonyzhang/projects/landmark_planning/constraint_sweep/sweep_2026-08-11/sequential/s004_p090/sequential
