Landmark scenario: random — 4 landmarks, 3 obstacles, start (0.0, 0.0) → goal (700.0, 0.0)
Hex graph: 725 nodes (720 heading-states + 4 sensors + goal), radius=57.73502691896258m, directed_edges=1908, grid=12x15, start_cell=(1, 7), goal_cell=(8, 7), start_heading=0

── SEQUENTIAL PLANNING (2 agent(s), one at a time) ──
  Leg 1 — primary, 1 helper(s) parked at start (bound 10.6322 = 2.0x the 5.316115466 threshold the shipped route is held to):

    ✓ feasible at iter 131: dist=850.0, unc=5.9068
  Leg 2 — helper 1 vs the fixed primary trajectory (10 steps, beam 400):
    → helper 1 placed; primary goal_unc now 3.4133
  Leg 3 — primary re-planned against the committed helper paths:

    ✓ feasible at iter 288: dist=950.0, unc=4.8552
    leg 1 route: len=850.0, unc=3.4133 ✓  |  re-planned: len=950.0, unc=4.8552 ✓  → keep leg 1
  Helper 1: dist=850.0m, goal_unc=3.1229m
  Primary  : dist=850.0m, goal_unc=3.4133m (threshold 5.316115466 ✓)

=== Continuous Spline Optimization (threshold=5.3161) ===
  Initial (discrete→spline): prim_len=843.295, unc=3.9644
  Barrier stage 1/15: μ=20.0
  Barrier stage 2/15: μ=7.0
  → Converged at iter 86 (Δlen=0.000813)
  Barrier stage 3/15: μ=2.45
  → Converged at iter 88 (Δlen=0.000214)
  Barrier stage 4/15: μ=0.8575
  → Converged at iter 89 (Δlen=0.000283)
  Barrier stage 5/15: μ=0.3001
  Barrier stage 6/15: μ=0.105
  Barrier stage 7/15: μ=0.0368
  Barrier stage 8/15: μ=0.0129
  [Spline barrier] line search stalled; stopping at stage 8
  Barrier stage 9/15: μ=0.0045
  [Spline barrier] line search stalled; stopping at stage 9
  Barrier stage 10/15: μ=0.0016
  [Spline barrier] line search stalled; stopping at stage 10
  Barrier stage 11/15: μ=0.0006
  → Converged at iter 352 (Δlen=0.000252)
  Barrier stage 12/15: μ=0.0002
  → Converged at iter 353 (Δlen=0.000377)
  Barrier stage 13/15: μ=0.0001
  [Spline barrier] line search stalled; stopping at stage 13
  Barrier stage 14/15: μ=0.0
  [Spline barrier] line search stalled; stopping at stage 14
  Barrier stage 15/15: μ=0.0
  [Spline barrier] line search stalled; stopping at stage 15
  Final: prim_len=797.847, unc=5.2009, threshold=5.3161, status=optimized, min_slack=3.1e-5
  Obstacle re-verification: mean path clears all obstacles ✓
Fig combined (main) saved: Discrete Len=843.3 → Continuous Len=797.85
Fig uncertainty profile (main) saved: /home/tonyzhang/projects/landmark_planning/constraint_sweep/sweep_2026-08-11/sequential/s007_p090/sequential/figures/main_unc_profile.png

[sequential] produced 1 solution(s) -> /home/tonyzhang/projects/landmark_planning/constraint_sweep/sweep_2026-08-11/sequential/s007_p090/sequential
