Landmark scenario: random — 3 landmarks, 2 obstacles, start (0.0, 0.0) → goal (900.0, 0.0)
Hex graph: 382 nodes (378 heading-states + 3 sensors + goal), radius=86.60254037844388m, directed_edges=954, grid=11x11, start_cell=(2, 5), goal_cell=(8, 5), start_heading=0

── SEQUENTIAL PLANNING (2 agent(s), one at a time) ──
  Leg 1 — primary, 1 helper(s) parked at start (bound 11.6914 = 2.0x the 5.84569429 threshold the shipped route is held to):

    ✓ feasible at iter 56: dist=1050.0, unc=9.1454
  Leg 2 — helper 1 vs the fixed primary trajectory (8 steps, beam 400):
    (took rank #6 of 268; 5 better-ranked route(s) breach as splines)
    → helper 1 placed; primary goal_unc now 5.2606
  Leg 3 — primary re-planned against the committed helper paths:

    ✓ feasible at iter 25: dist=1050.0, unc=4.8126
    leg 1 route: len=1050.0, unc=5.2606 ✓  |  re-planned: len=1050.0, unc=4.8126 ✓  → TAKE re-plan
  Helper 1: dist=1050.0m, goal_unc=0.8748m
  Primary  : dist=1050.0m, goal_unc=4.8126m (threshold 5.84569429 ✓)

=== Continuous Spline Optimization (threshold=5.8457) ===
  Initial (discrete→spline): prim_len=969.361, unc=4.8126
  Barrier stage 1/15: μ=20.0
  Barrier stage 2/15: μ=7.0
  → Converged at iter 121 (Δlen=0.000586)
  Barrier stage 3/15: μ=2.45
  [Spline barrier] line search stalled; stopping at stage 3
  Barrier stage 4/15: μ=0.8575
  [Spline barrier] line search stalled; stopping at stage 4
  Barrier stage 5/15: μ=0.3001
  Barrier stage 6/15: μ=0.105
  Barrier stage 7/15: μ=0.0368
  Barrier stage 8/15: μ=0.0129
  Barrier stage 9/15: μ=0.0045
  Barrier stage 10/15: μ=0.0016
  Barrier stage 11/15: μ=0.0006
  Barrier stage 12/15: μ=0.0002
  Barrier stage 13/15: μ=0.0001
  Barrier stage 14/15: μ=0.0
  → Converged at iter 730 (Δlen=0.000885)
  Barrier stage 15/15: μ=0.0
  → Converged at iter 731 (Δlen=0.000996)
  Final: prim_len=941.157, unc=4.495, threshold=5.8457, status=optimized, min_slack=2.0e-6
  Obstacle re-verification: mean path clears all obstacles ✓
Fig combined (main) saved: Discrete Len=969.36 → Continuous Len=941.16
Fig uncertainty profile (main) saved: /home/tonyzhang/projects/landmark_planning/constraint_sweep/baseline_2026-08-17/sequential/s048_p090/sequential/figures/main_unc_profile.png

[sequential] produced 1 solution(s) -> /home/tonyzhang/projects/landmark_planning/constraint_sweep/baseline_2026-08-17/sequential/s048_p090/sequential
