Landmark scenario: random — 4 landmarks, 4 obstacles, start (0.0, 0.0) → goal (800.0, 0.0)
Hex graph: 797 nodes (792 heading-states + 4 sensors + goal), radius=57.73502691896258m, directed_edges=2112, grid=13x15, start_cell=(1, 7), goal_cell=(9, 7), start_heading=0

── SEQUENTIAL PLANNING (2 agent(s), one at a time) ──
  Leg 1 — primary, 1 helper(s) parked at start (bound 6.7743 = 2.0x the 3.387138763 threshold the shipped route is held to):

    ✓ feasible at iter 380: dist=1150.0, unc=3.9849
  Leg 2 — helper 1 vs the fixed primary trajectory (13 steps, beam 400):
    → helper 1 placed; primary goal_unc now 3.0747
  Leg 3 — primary re-planned against the committed helper paths:
  [A*] iter 1000/500000 (0.2%)  left=499000  elapsed=0.1s     [A*] iter 2000/500000 (0.4%)  left=498000  elapsed=0.4s     [A*] iter 3000/500000 (0.6%)  left=497000  elapsed=0.4s   ┌ Warning: Seed is infeasible (min_slack=-0.21167235876716806, ε=0.001); the barrier will try to recover it before shortening. Expected for the straight_cont ablation, and for a discrete seed that A* returned as its best incumbent after exhausting its budget.
└ @ Main ~/projects/landmark_planning/planners/hexspline_cl.jl:1215

    ✓ feasible at iter 3539: dist=1550.0, unc=3.383
    leg 1 route: len=1150.0, unc=3.0747 ✓  |  re-planned: len=1550.0, unc=3.383 ✓  → keep leg 1
  Helper 1: dist=1150.0m, goal_unc=2.7244m
  Primary  : dist=1150.0m, goal_unc=3.0747m (threshold 3.387138763 ✓)

=== Continuous Spline Optimization (threshold=3.3871) ===
  Initial (discrete→spline): prim_len=1140.708, unc=3.5988
  Barrier stage 1/15: μ=20.0
    → Recovered into the feasible set at iter 3 (min_slack=0.010604); feasible-only gate now armed
  → Converged at iter 61 (Δlen=0.00092)
  Barrier stage 2/15: μ=7.0
  → Converged at iter 63 (Δlen=0.000189)
  Barrier stage 3/15: μ=2.45
  Barrier stage 4/15: μ=0.8575
  Barrier stage 5/15: μ=0.3001
  Barrier stage 6/15: μ=0.105
  Barrier stage 7/15: μ=0.0368
  Barrier stage 8/15: μ=0.0129
  Barrier stage 9/15: μ=0.0045
  → Converged at iter 473 (Δlen=0.000836)
  Barrier stage 10/15: μ=0.0016
  → Converged at iter 475 (Δlen=6.2e-5)
  Barrier stage 11/15: μ=0.0006
  → Converged at iter 476 (Δlen=9.6e-5)
  Barrier stage 12/15: μ=0.0002
  [Spline barrier] line search stalled; stopping at stage 12
  Barrier stage 13/15: μ=0.0001
  [Spline barrier] line search stalled; stopping at stage 13
  Barrier stage 14/15: μ=0.0
  [Spline barrier] line search stalled; stopping at stage 14
  Barrier stage 15/15: μ=0.0
  [Spline barrier] line search stalled; stopping at stage 15
  Final: prim_len=1087.015, unc=3.1053, threshold=3.3871, status=optimized, min_slack=0.0
  Obstacle re-verification: mean path clears all obstacles ✓
Fig combined (main) saved: Discrete Len=1140.71 → Continuous Len=1087.02
Fig uncertainty profile (main) saved: /home/tonyzhang/projects/landmark_planning/constraint_sweep/sweep_2026-08-11/sequential/s029_p085/sequential/figures/main_unc_profile.png

[sequential] produced 1 solution(s) -> /home/tonyzhang/projects/landmark_planning/constraint_sweep/sweep_2026-08-11/sequential/s029_p085/sequential
