Landmark scenario: random — 4 landmarks, 5 obstacles, start (0.0, 0.0) → goal (800.0, 0.0)
Hex graph: 797 nodes (792 heading-states + 4 sensors + goal), radius=57.73502691896258m, directed_edges=2112, grid=13x15, start_cell=(1, 7), goal_cell=(9, 7), start_heading=0

── FORMATION PLANNING ──
  Primary: single-agent hexspline A* (threshold 5.722495409); supports added afterwards.

  [Constraint A*] Goal popped, unc OK, but its B-spline breaches an obstacle; discarded.

  [Constraint A*] Goal popped, unc OK, but its B-spline breaches an obstacle; discarded.

  [Constraint A*] Goal popped, unc OK, but its B-spline breaches an obstacle; discarded.

  [Constraint A*] Goal popped, unc OK, but its B-spline breaches an obstacle; discarded.

  [Constraint A*] Goal popped, unc OK, but its B-spline breaches an obstacle; discarded.

  [Constraint A*] Goal popped, unc OK, but its B-spline breaches an obstacle; discarded.

  [Constraint A*] Goal popped, unc OK, but its B-spline breaches an obstacle; discarded.

  [Constraint A*] Incumbent seed at iter 943: dist=1186.603, unc=6.3583 > 5.7225
  [A*] iter 1000/500000 (0.2%)  left=499000  elapsed=0.1s   
  [Constraint A*] Goal popped, unc OK, but its B-spline breaches an obstacle; discarded.

  [Constraint A*] Goal popped, unc OK, but its B-spline breaches an obstacle; discarded.

  [Constraint A*] Goal popped, unc OK, but its B-spline breaches an obstacle; discarded.

  [Constraint A*] Goal popped, unc OK, but its B-spline breaches an obstacle; discarded.

  [Constraint A*] Incumbent seed at iter 1431: dist=1250.0, unc=6.3583 > 5.7225

  ✓ FEASIBLE SOLUTION at iter 1854: dist=1286.603, unc=5.6527
  [Constraint A*] Single-agent complete: 1854 iterations, final_dist=1286.603
  One support: trying both lateral slots (+1 = 60° left, -1 = 60° right).
  Slot [1]: unc=5.6527 ✓
  Slot [-1]: unc=5.1345 ✓
  → Chose slot [-1]
  Support 1 (slot -1): dist=1250.0m, goal_unc=4.8233m, arc drift vs primary=-36.6m
  Primary : dist=1286.6m, goal_unc=5.1345m (threshold 5.722495409 ✓)

=== Continuous Spline Optimization (threshold=5.7225) ===
  Initial (discrete→spline): prim_len=1240.85, unc=5.0617
  Barrier stage 1/15: μ=20.0
  Barrier stage 2/15: μ=7.0
  → Converged at iter 97 (Δlen=0.000628)
  Barrier stage 3/15: μ=2.45
  Barrier stage 4/15: μ=0.8575
  Barrier stage 5/15: μ=0.3001
  Barrier stage 6/15: μ=0.105
  Barrier stage 7/15: μ=0.0368
  Barrier stage 8/15: μ=0.0129
  → Converged at iter 462 (Δlen=0.000611)
  Barrier stage 9/15: μ=0.0045
  → Converged at iter 463 (Δlen=0.000773)
  Barrier stage 10/15: μ=0.0016
  → Converged at iter 464 (Δlen=0.000858)
  Barrier stage 11/15: μ=0.0006
  [Spline barrier] line search stalled; stopping at stage 11
  Barrier stage 12/15: μ=0.0002
  [Spline barrier] line search stalled; stopping at stage 12
  Barrier stage 13/15: μ=0.0001
  [Spline barrier] line search stalled; stopping at stage 13
  Barrier stage 14/15: μ=0.0
  [Spline barrier] line search stalled; stopping at stage 14
  Barrier stage 15/15: μ=0.0
  [Spline barrier] line search stalled; stopping at stage 15
  Final: prim_len=1094.311, unc=5.7032, threshold=5.7225, status=optimized, min_slack=0.0
  Obstacle re-verification: mean path clears all obstacles ✓
Fig combined (main) saved: Discrete Len=1240.85 → Continuous Len=1094.31
Fig uncertainty profile (main) saved: /home/tonyzhang/projects/landmark_planning/constraint_sweep/sweep_2026-08-11/formation/s079_p090/formation/figures/main_unc_profile.png

[formation] produced 1 solution(s) -> /home/tonyzhang/projects/landmark_planning/constraint_sweep/sweep_2026-08-11/formation/s079_p090/formation
