┌ Warning: Seed is infeasible (min_slack=-2.843375508290362, ε=0.001); the barrier will try to recover it before shortening. Expected for the straight_cont ablation, and for a discrete seed that A* returned as its best incumbent after exhausting its budget.
└ @ Main ~/projects/landmark_planning/planners/hexspline_cl.jl:1215
Landmark scenario: random — 3 landmarks, 4 obstacles, start (0.0, 0.0) → goal (800.0, 0.0)
Hex graph: 796 nodes (792 heading-states + 3 sensors + goal), radius=57.73502691896258m, directed_edges=2112, grid=13x15, start_cell=(1, 7), goal_cell=(9, 7), start_heading=0

── SEQUENTIAL PLANNING (2 agent(s), one at a time) ──
  Leg 1 — primary, 1 helper(s) parked at start (bound 10.6432 = 2.0x the 5.32160466 threshold the shipped route is held to):

    ✓ feasible at iter 149: dist=950.0, unc=6.2602
  Leg 2 — helper 1 vs the fixed primary trajectory (11 steps, beam 400):
    → helper 1 placed; primary goal_unc now 3.6529
  Leg 3 — primary re-planned against the committed helper paths:

    ✓ feasible at iter 199: dist=1050.0, unc=4.6131
    leg 1 route: len=950.0, unc=3.6529 ✓  |  re-planned: len=1050.0, unc=4.6131 ✓  → keep leg 1
  Helper 1: dist=950.0m, goal_unc=3.3724m
  Primary  : dist=950.0m, goal_unc=3.6529m (threshold 5.32160466 ✓)

=== Continuous Spline Optimization (threshold=5.3216) ===
  Initial (discrete→spline): prim_len=943.295, unc=4.2139
  Barrier stage 1/15: μ=20.0
    → Recovered into the feasible set at iter 5 (min_slack=0.011148); feasible-only gate now armed
  Barrier stage 2/15: μ=7.0
  Barrier stage 3/15: μ=2.45
  → Converged at iter 187 (Δlen=0.000223)
  Barrier stage 4/15: μ=0.8575
  → Converged at iter 188 (Δlen=0.00035)
  Barrier stage 5/15: μ=0.3001
  Barrier stage 6/15: μ=0.105
  Barrier stage 7/15: μ=0.0368
  Barrier stage 8/15: μ=0.0129
  Barrier stage 9/15: μ=0.0045
  → Converged at iter 483 (Δlen=0.000926)
  Barrier stage 10/15: μ=0.0016
  → Converged at iter 485 (Δlen=0.000127)
  Barrier stage 11/15: μ=0.0006
  → Converged at iter 486 (Δlen=0.000193)
  Barrier stage 12/15: μ=0.0002
  → Converged at iter 494 (Δlen=0.000631)
  Barrier stage 13/15: μ=0.0001
  → Converged at iter 495 (Δlen=0.00079)
  Barrier stage 14/15: μ=0.0
  → Converged at iter 496 (Δlen=0.00087)
  Barrier stage 15/15: μ=0.0
  [Spline barrier] line search stalled; stopping at stage 15
  Final: prim_len=916.369, unc=5.2023, threshold=5.3216, status=optimized, min_slack=6.0e-6
  Obstacle re-verification: mean path clears all obstacles ✓
Fig combined (main) saved: Discrete Len=943.3 → Continuous Len=916.37
Fig uncertainty profile (main) saved: /home/tonyzhang/projects/landmark_planning/constraint_sweep/sweep_2026-08-11/sequential/s032_p085/sequential/figures/main_unc_profile.png

[sequential] produced 1 solution(s) -> /home/tonyzhang/projects/landmark_planning/constraint_sweep/sweep_2026-08-11/sequential/s032_p085/sequential
