┌ Warning: Seed is infeasible (min_slack=-22.846217365856205, ε=0.001); the barrier will try to recover it before shortening. Expected for the straight_cont ablation, and for a discrete seed that A* returned as its best incumbent after exhausting its budget.
└ @ Main ~/projects/landmark_planning/planners/hexspline_cl.jl:1215
Landmark scenario: random — 4 landmarks, 5 obstacles, start (0.0, 0.0) → goal (600.0, 0.0)
Hex graph: 653 nodes (648 heading-states + 4 sensors + goal), radius=57.73502691896258m, directed_edges=1704, grid=11x15, start_cell=(1, 7), goal_cell=(7, 7), start_heading=0

── FORMATION PLANNING ──
  Primary: single-agent hexspline A* (threshold 5.255083197); supports added afterwards.

  [Constraint A*] Incumbent seed at iter 36: dist=750.0, unc=6.1825 > 5.2551

  ✓ FEASIBLE SOLUTION at iter 88: dist=850.0, unc=5.0041
  [Constraint A*] Single-agent complete: 88 iterations, final_dist=850.0
  One support: trying both lateral slots (+1 = 60° left, -1 = 60° right).
  Slot [1]: unc=5.0041 ✓
  Slot [-1]: unc=3.6865 ✓
  → Chose slot [-1]
  Support 1 (slot -1): dist=932.3m, goal_unc=4.0672m, arc drift vs primary=82.3m
  Primary : dist=850.0m, goal_unc=3.6865m (threshold 5.255083197 ✓)
  ! A support drifted more than half a comm interval from the primary's arc; checkpoints no longer pair them where the formation puts them.

=== Continuous Spline Optimization (threshold=5.2551) ===
  Initial (discrete→spline): prim_len=844.955, unc=4.0043
  Barrier stage 1/15: μ=20.0
    → Recovered into the feasible set at iter 39 (min_slack=0.010778); feasible-only gate now armed
  Barrier stage 2/15: μ=7.0
  → Converged at iter 78 (Δlen=0.000989)
  Barrier stage 3/15: μ=2.45
  → Converged at iter 80 (Δlen=0.000715)
  Barrier stage 4/15: μ=0.8575
  → Converged at iter 82 (Δlen=0.000499)
  Barrier stage 5/15: μ=0.3001
  → Converged at iter 83 (Δlen=0.000906)
  Barrier stage 6/15: μ=0.105
  [Spline barrier] line search stalled; stopping at stage 6
  Barrier stage 7/15: μ=0.0368
  [Spline barrier] line search stalled; stopping at stage 7
  Barrier stage 8/15: μ=0.0129
  [Spline barrier] line search stalled; stopping at stage 8
  Barrier stage 9/15: μ=0.0045
  [Spline barrier] line search stalled; stopping at stage 9
  Barrier stage 10/15: μ=0.0016
  [Spline barrier] line search stalled; stopping at stage 10
  Barrier stage 11/15: μ=0.0006
  [Spline barrier] line search stalled; stopping at stage 11
  Barrier stage 12/15: μ=0.0002
  → Converged at iter 90 (Δlen=0.00087)
  Barrier stage 13/15: μ=0.0001
  → Converged at iter 91 (Δlen=0.000791)
  Barrier stage 14/15: μ=0.0
  → Converged at iter 92 (Δlen=0.000673)
  Barrier stage 15/15: μ=0.0
  → Converged at iter 93 (Δlen=0.00052)
  Final: prim_len=871.94, unc=4.4087, threshold=5.2551, status=optimized, min_slack=0.010778
  Obstacle re-verification: mean path clears all obstacles ✓
Fig combined (main) saved: Discrete Len=844.96 → Continuous Len=871.94
Fig uncertainty profile (main) saved: /home/tonyzhang/projects/landmark_planning/constraint_sweep/sweep_2026-08-11/formation/s075_p085/formation/figures/main_unc_profile.png

[formation] produced 1 solution(s) -> /home/tonyzhang/projects/landmark_planning/constraint_sweep/sweep_2026-08-11/formation/s075_p085/formation
