Landmark scenario: random — 4 landmarks, 1 obstacles, start (0.0, 0.0) → goal (750.0, 0.0)
Hex graph: 341 nodes (336 heading-states + 4 sensors + goal), radius=86.60254037844388m, directed_edges=840, grid=10x11, start_cell=(2, 5), goal_cell=(7, 5), start_heading=0
Conditional ε-bound: ε_sample=1.2309, w=1.0, ε_total=1.2309
  Bound form (conditional): L_returned ≤ (1+ε_total) L* with assumptions documented in comments.

── MULTI-AGENT PLANNING (Synchronized Kalman) ──

  Running joint discrete A* (threshold=4.2835)... (max_iters=1000000)
  Stops on the first feasible candidate under the threshold.
  ✓ Goal reachable from node 1 with distance 750.0

  [Constraint A*] Incumbent seed at iter 174: dist=900.0, unc=5.3175 > 4.2835

  [Constraint A*] Incumbent seed at iter 198: dist=900.0, unc=4.3699 > 4.2835
  [A*] iter 1000/1000000 (0.1%)  left=999000  elapsed=1.4s     [A*] iter 2000/1000000 (0.2%)  left=998000  elapsed=1.4s     [A*] iter 3000/1000000 (0.3%)  left=997000  elapsed=1.4s     [A*] iter 4000/1000000 (0.4%)  left=996000  elapsed=1.5s     [A*] iter 5000/1000000 (0.5%)  left=995000  elapsed=1.6s     [A*] iter 6000/1000000 (0.6%)  left=994000  elapsed=1.6s     [A*] iter 7000/1000000 (0.7%)  left=993000  elapsed=1.7s   
  ✓ FEASIBLE SOLUTION at iter 7294: dist=1050.0, unc=3.5898
  [Constraint A*] Complete: 7294 iterations, final_dist=1050.0

✓ Multi-agent solution with synchronized Kalman fusion:
  Support agent 1: node=271, dist=1050.0m, goal_unc=3.3093m
  Primary agent: node=186, dist=1050.0m, goal_unc=3.5898m
  ├─ Communication: every 100.0m, sigmoid taper range=300.0m width=20.0m
  └─ All agents' uncertainties benefit from synchronized Kalman fusion at checkpoints

--- Final Results ---
Support agent 1 : [1, 157, 212, 255, 308, 313, 270, 271]  dist=1050.0  goal_unc=3.3093  ✓  (Kalman-fused)
Primary agent : [1, 206, 254, 259, 265, 228, 229, 186]  dist=1050.0  goal_unc=3.5898  threshold=4.283458414 ✓ met  (Kalman-fused)

=== Kalman Filtering Summary ===
All 2 agents performing synchronized Kalman filtering:
  • Dead-reckoning propagation: DIR=0.05/m, PERP=0.016666666666666666/m
  • Landmark fusion: Information filter (Joseph form) at every waypoint
  • SYNCHRONIZED inter-agent communication: every 100.0m of travel
  • Tapered sigmoid weighting: range=300.0m, width=20.0m (soft plateau + rolloff)
  • Bidirectional Kalman fusion: all agent pairs within range at each checkpoint
  • Measurement model: bearing-angle sensor with noise=0.038, ratio=2.2
  └─ Support agents: goal_unc=3.3093m (improved by inter-agent fusion)
  └─ Primary agent: goal_unc=3.5898m (direct path with landmark updates)
Converged at iteration : 7294
Figure path-role mapping: supports = paths[1:1], primary = paths[2]
Discrete evaluation: prim_len=1050.0, unc=3.5898
Fig 1 saved.

=== Continuous Spline Optimization (threshold=4.2835) ===
  Initial (discrete→spline): prim_len=969.361, unc=3.5898
  Barrier stage 1/15: μ=20.0
  [Spline barrier] line search stalled; stopping at stage 1
  Barrier stage 2/15: μ=7.0
  [Spline barrier] line search stalled; stopping at stage 2
  Barrier stage 3/15: μ=2.45
  [Spline barrier] line search stalled; stopping at stage 3
  Barrier stage 4/15: μ=0.8575
  → Converged at iter 50 (Δlen=0.000655)
  Barrier stage 5/15: μ=0.3001
  → Converged at iter 51 (Δlen=0.000982)
  Barrier stage 6/15: μ=0.105
  → Converged at iter 53 (Δlen=4.1e-5)
  Barrier stage 7/15: μ=0.0368
  [Spline barrier] line search stalled; stopping at stage 7
  Barrier stage 8/15: μ=0.0129
  [Spline barrier] line search stalled; stopping at stage 8
  Barrier stage 9/15: μ=0.0045
  [Spline barrier] line search stalled; stopping at stage 9
  Barrier stage 10/15: μ=0.0016
  [Spline barrier] line search stalled; stopping at stage 10
  Barrier stage 11/15: μ=0.0006
  [Spline barrier] line search stalled; stopping at stage 11
  Barrier stage 12/15: μ=0.0002
  [Spline barrier] line search stalled; stopping at stage 12
  Barrier stage 13/15: μ=0.0001
  [Spline barrier] line search stalled; stopping at stage 13
  Barrier stage 14/15: μ=0.0
  → Converged at iter 61 (Δlen=6.2e-5)
  Barrier stage 15/15: μ=0.0
  [Spline barrier] line search stalled; stopping at stage 15
  Final: prim_len=961.226, unc=3.439, threshold=4.2835, status=optimized, min_slack=0.015399
  Obstacle re-verification: mean path clears all obstacles ✓
Fig combined (main) saved: Discrete Len=969.36 → Continuous Len=961.23
Fig uncertainty profile (main) saved: /home/tonyzhang/projects/landmark_planning/constraint_sweep/ablation_2026-08-17/hexspline_cl/s007_p060/hexspline_cl/figures/main_unc_profile.png

[hexspline_cl] produced 1 solution(s) -> /home/tonyzhang/projects/landmark_planning/constraint_sweep/ablation_2026-08-17/hexspline_cl/s007_p060/hexspline_cl
