┌ Warning: Seed is infeasible (min_slack=-5.253381368613304, ε=0.001); the barrier will try to recover it before shortening. Expected for the straight_cont ablation, and for a discrete seed that A* returned as its best incumbent after exhausting its budget.
└ @ Main ~/Research/landmark_planning/planners/hexspline_cl.jl:1215
Landmark scenario: random — 2 landmarks, 4 obstacles, start (0.0, 0.0) → goal (800.0, 0.0)
Hex graph: 795 nodes (792 heading-states + 2 sensors + goal), radius=57.73502691896258m, directed_edges=2112, grid=13x15, start_cell=(1, 7), goal_cell=(9, 7), start_heading=0

── FORMATION PLANNING ──
  Primary: single-agent hexspline A* (threshold 8.847997671); supports added afterwards.

  ✓ FEASIBLE SOLUTION at iter 42: dist=950.0, unc=8.848
  [Constraint A*] Single-agent complete: 42 iterations, final_dist=950.0
  One support: trying both lateral slots (+1 = 60° left, -1 = 60° right).
  Slot [1]: unc=8.7137 ✓
  Slot [-1]: unc=7.6501 ✓
  → Chose slot [-1]
  Support 1 (slot -1): dist=1032.3m, goal_unc=7.9331m, arc drift vs primary=82.3m
  Primary : dist=950.0m, goal_unc=7.6501m (threshold 8.847997671 ✓)
  ! A support drifted more than half a comm interval from the primary's arc; checkpoints no longer pair them where the formation puts them.

=== Continuous Spline Optimization (threshold=8.848) ===
  Initial (discrete→spline): prim_len=946.268, unc=7.9822
  Barrier stage 1/15: μ=20.0
    → Recovered into the feasible set at iter 2 (min_slack=0.011189); feasible-only gate now armed
  Barrier stage 2/15: μ=7.0
  → Converged at iter 75 (Δlen=0.000898)
  Barrier stage 3/15: μ=2.45
  → Converged at iter 77 (Δlen=0.000637)
  Barrier stage 4/15: μ=0.8575
  → Converged at iter 79 (Δlen=0.000407)
  Barrier stage 5/15: μ=0.3001
  → Converged at iter 80 (Δlen=0.000713)
  Barrier stage 6/15: μ=0.105
  → Converged at iter 81 (Δlen=0.000924)
  Barrier stage 7/15: μ=0.0368
  → Converged at iter 83 (Δlen=4.7e-5)
  Barrier stage 8/15: μ=0.0129
  → Converged at iter 84 (Δlen=2.1e-5)
  Barrier stage 9/15: μ=0.0045
  → Converged at iter 85 (Δlen=6.9e-5)
  Barrier stage 10/15: μ=0.0016
  → Converged at iter 86 (Δlen=0.00022)
  Barrier stage 11/15: μ=0.0006
  → Converged at iter 87 (Δlen=0.000425)
  Barrier stage 12/15: μ=0.0002
  → Converged at iter 88 (Δlen=0.00068)
  Barrier stage 13/15: μ=0.0001
  → Converged at iter 89 (Δlen=0.000981)
  Barrier stage 14/15: μ=0.0
  → Converged at iter 91 (Δlen=0.000381)
  Barrier stage 15/15: μ=0.0
  → Converged at iter 92 (Δlen=0.000796)
  Final: prim_len=949.699, unc=8.0013, threshold=8.848, status=optimized, min_slack=0.011189
  Obstacle re-verification: mean path clears all obstacles ✓
Fig combined (main) saved: Discrete Len=946.27 → Continuous Len=949.7
Fig uncertainty profile (main) saved: /home/tony-zhang/Research/landmark_planning/constraint_sweep/smoke/formation/s004_p100/formation/figures/main_unc_profile.png

[formation] produced 1 solution(s) -> /home/tony-zhang/Research/landmark_planning/constraint_sweep/smoke/formation/s004_p100/formation
