┌ Warning: Seed is infeasible (min_slack=-8.356612887084237, ε=0.001); the barrier will try to recover it before shortening. Expected for the straight_cont ablation, and for a discrete seed that A* returned as its best incumbent after exhausting its budget.
└ @ Main ~/projects/landmark_planning/planners/hexspline_cl.jl:1207
Landmark scenario: random — 2 landmarks, 1 obstacles, start (0.0, 0.0) → goal (600.0, 0.0)
Hex graph: 297 nodes (294 heading-states + 2 sensors + goal), radius=86.60254037844388m, directed_edges=726, grid=9x11, start_cell=(2, 5), goal_cell=(6, 5), start_heading=0
Conditional ε-bound: ε_sample=1.2887, w=1.0, ε_total=1.2887
  Bound form (conditional): L_returned ≤ (1+ε_total) L* with assumptions documented in comments.

── MULTI-AGENT PLANNING (Synchronized Kalman) ──

  seed_mode=:straight — skipping discrete search and using direct start→goal seed

✓ Multi-agent solution with synchronized Kalman fusion:
  Support agent 1: node=297, dist=600.0m, goal_unc=7.1671m
  Primary agent: node=297, dist=600.0m, goal_unc=7.1671m
  ├─ Communication: every 100.0m, sigmoid taper range=300.0m width=20.0m
  └─ All agents' uncertainties benefit from synchronized Kalman fusion at checkpoints

--- Final Results ---
Support agent 1 : [1, 297]  dist=600.0  goal_unc=7.1671  ✓  (Kalman-fused)
Primary agent : [1, 297]  dist=600.0  goal_unc=7.1671  threshold=9.912720012 ✓ met  (Kalman-fused)

=== Kalman Filtering Summary ===
All 2 agents performing synchronized Kalman filtering:
  • Dead-reckoning propagation: DIR=0.05/m, PERP=0.016666666666666666/m
  • Landmark fusion: Information filter (Joseph form) at every waypoint
  • SYNCHRONIZED inter-agent communication: every 100.0m of travel
  • Tapered sigmoid weighting: range=300.0m, width=20.0m (soft plateau + rolloff)
  • Bidirectional Kalman fusion: all agent pairs within range at each checkpoint
  • Measurement model: bearing-angle sensor with noise=0.038, ratio=2.2
  └─ Support agents: goal_unc=7.1671m (improved by inter-agent fusion)
  └─ Primary agent: goal_unc=7.1671m (direct path with landmark updates)
Converged at iteration : 0
Figure path-role mapping: supports = paths[1:1], primary = paths[2]
Discrete evaluation: prim_len=600.0, unc=7.1671
Fig 1 saved.

=== Continuous Spline Optimization (threshold=9.9127) ===
  Initial (discrete→spline): prim_len=600.0, unc=7.1663
  Barrier stage 1/15: μ=20.0
    → Recovered into the feasible set at iter 12 (min_slack=0.020524); feasible-only gate now armed
  → Converged at iter 52 (Δlen=0.000251)
  Barrier stage 2/15: μ=7.0
  → Converged at iter 53 (Δlen=0.00032)
  Barrier stage 3/15: μ=2.45
  → Converged at iter 54 (Δlen=0.000446)
  Barrier stage 4/15: μ=0.8575
  → Converged at iter 55 (Δlen=0.000361)
  Barrier stage 5/15: μ=0.3001
  → Converged at iter 56 (Δlen=0.000103)
  Barrier stage 6/15: μ=0.105
  → Converged at iter 57 (Δlen=0.000324)
  Barrier stage 7/15: μ=0.0368
  → Converged at iter 58 (Δlen=0.000914)
  Barrier stage 8/15: μ=0.0129
  → Converged at iter 60 (Δlen=0.000885)
  Barrier stage 9/15: μ=0.0045
  Barrier stage 10/15: μ=0.0016
  Barrier stage 11/15: μ=0.0006
  → Converged at iter 219 (Δlen=0.000997)
  Barrier stage 12/15: μ=0.0002
  → Converged at iter 221 (Δlen=0.000982)
  Barrier stage 13/15: μ=0.0001
  → Converged at iter 223 (Δlen=0.000967)
  Barrier stage 14/15: μ=0.0
  → Converged at iter 225 (Δlen=0.000953)
  Barrier stage 15/15: μ=0.0
  → Converged at iter 227 (Δlen=0.000939)
  Final: prim_len=600.806, unc=7.2365, threshold=9.9127, status=optimized, min_slack=0.020524
  Obstacle re-verification: mean path clears all obstacles ✓
Fig combined (main) saved: Discrete Len=600.0 → Continuous Len=600.81
Fig uncertainty profile (main) saved: /home/tonyzhang/projects/landmark_planning/constraint_sweep/baseline_2026-08-17/screen/s003/straight_cont/figures/main_unc_profile.png

[straight_cont] produced 1 solution(s) -> /home/tonyzhang/projects/landmark_planning/constraint_sweep/baseline_2026-08-17/screen/s003/straight_cont
