Landmark scenario: random — 2 landmarks, 3 obstacles, start (0.0, 0.0) → goal (600.0, 0.0)
Hex graph: 297 nodes (294 heading-states + 2 sensors + goal), radius=86.60254037844388m, directed_edges=726, grid=9x11, start_cell=(2, 5), goal_cell=(6, 5), start_heading=0

── CL-GBT PLANNING (sampling-based joint tree, continuous R²) ──
  [CL-GBT] iter 200/200000  tree=148  elapsed=0.0s     [CL-GBT] iter 400/200000  tree=291  elapsed=0.0s     [CL-GBT] iter 600/200000  tree=432  elapsed=0.0s     [CL-GBT] iter 800/200000  tree=574  elapsed=0.0s     [CL-GBT] iter 1000/200000  tree=719  elapsed=0.0s     [CL-GBT] iter 1200/200000  tree=856  elapsed=0.1s     [CL-GBT] iter 1400/200000  tree=993  elapsed=0.1s     [CL-GBT] iter 1600/200000  tree=1119  elapsed=0.1s     [CL-GBT] iter 1800/200000  tree=1244  elapsed=0.1s     [CL-GBT] iter 2000/200000  tree=1358  elapsed=0.1s     [CL-GBT] iter 2200/200000  tree=1490  elapsed=0.1s     [CL-GBT] iter 2400/200000  tree=1605  elapsed=0.1s     [CL-GBT] iter 2600/200000  tree=1740  elapsed=0.1s     [CL-GBT] iter 2800/200000  tree=1853  elapsed=0.1s     [CL-GBT] iter 3000/200000  tree=1973  elapsed=0.2s     [CL-GBT] iter 3200/200000  tree=2082  elapsed=0.2s     [CL-GBT] iter 3400/200000  tree=2197  elapsed=0.2s     [CL-GBT] iter 3600/200000  tree=2299  elapsed=0.2s     [CL-GBT] iter 3800/200000  tree=2399  elapsed=0.2s     [CL-GBT] iter 4000/200000  tree=2493  elapsed=0.2s   ┌ Warning: Seed is infeasible (min_slack=-0.11950480062174357, ε=0.001); the barrier will try to recover it before shortening. Expected for the straight_cont ablation, and for a discrete seed that A* returned as its best incumbent after exhausting its budget.
└ @ Main ~/projects/landmark_planning/planners/hexspline_cl.jl:1207

  Support 1: dist=1200.0m, goal_unc=0.9514m
  Primary  : dist=1347.6m, goal_unc=2.7506m (threshold 3.587074316) — 4119 iterations, tree size 2552

=== Continuous Spline Optimization (threshold=3.5871) ===
  Initial (discrete→spline): prim_len=1091.835, unc=2.4265
  Barrier stage 1/15: μ=20.0
  Barrier stage 2/15: μ=20.0
  Barrier stage 3/15: μ=20.0
    → Recovered into the feasible set at iter 201 (min_slack=0.000157); feasible-only gate now armed
  Barrier stage 4/15: μ=7.0
  → Converged at iter 221 (Δlen=0.000377)
  Barrier stage 5/15: μ=2.45
  Barrier stage 6/15: μ=0.8575
  → Converged at iter 345 (Δlen=7.0e-5)
  Barrier stage 7/15: μ=0.3001
  [Spline barrier] line search stalled; stopping at stage 7
  Barrier stage 8/15: μ=0.105
  [Spline barrier] line search stalled; stopping at stage 8
  Barrier stage 9/15: μ=0.0368
  [Spline barrier] line search stalled; stopping at stage 9
  Barrier stage 10/15: μ=0.0129
  [Spline barrier] line search stalled; stopping at stage 10
  Barrier stage 11/15: μ=0.0045
  [Spline barrier] line search stalled; stopping at stage 11
  Barrier stage 12/15: μ=0.0016
  → Converged at iter 360 (Δlen=0.000376)
  Barrier stage 13/15: μ=0.0006
  → Converged at iter 361 (Δlen=0.000426)
  Barrier stage 14/15: μ=0.0002
  → Converged at iter 362 (Δlen=0.000439)
  Barrier stage 15/15: μ=0.0001
  [Spline barrier] line search stalled; stopping at stage 15
  Final: prim_len=1160.938, unc=1.2814, threshold=3.5871, status=optimized, min_slack=0.0
  Obstacle re-verification: mean path clears all obstacles ✓
Fig combined (main) saved: Discrete Len=1091.84 → Continuous Len=1160.94
Fig uncertainty profile (main) saved: /home/tonyzhang/projects/landmark_planning/constraint_sweep/baseline_2026-08-17/clgbt/s061_p040/clgbt/figures/main_unc_profile.png

[clgbt] produced 1 solution(s) -> /home/tonyzhang/projects/landmark_planning/constraint_sweep/baseline_2026-08-17/clgbt/s061_p040/clgbt
