Landmark scenario: random — 4 landmarks, 3 obstacles, start (0.0, 0.0) → goal (900.0, 0.0)
Hex graph: 383 nodes (378 heading-states + 4 sensors + goal), radius=86.60254037844388m, directed_edges=954, grid=11x11, start_cell=(2, 5), goal_cell=(8, 5), start_heading=0

── FORMATION PLANNING ──
  Primary: own A* (formation_primary_astar); a goal candidate is accepted on the primary's uncertainty WITH its supports attached (threshold 7.597819963).
  One support: both lateral slots (+1 = 60° left, -1 = 60° right) tried per candidate.

    ✓ escorted-feasible at iter 274: dist=1500.0, unc=7.4316 (slot [-1])
  → Chose slot [-1]
  Support 1 (slot -1): dist=1500.0m, goal_unc=7.4309m, arc drift vs primary=0.0m
  Primary : dist=1500.0m, goal_unc=7.4316m (threshold 7.597819963 ✓)

=== Continuous Spline Optimization (threshold=7.5978) ===
  Initial (discrete→spline): prim_len=1397.304, unc=7.4316
  Barrier stage 1/15: μ=20.0
  Barrier stage 2/15: μ=7.0
  → Converged at iter 106 (Δlen=0.000461)
  Barrier stage 3/15: μ=2.45
  → Converged at iter 107 (Δlen=0.000705)
  Barrier stage 4/15: μ=0.8575
  → Converged at iter 108 (Δlen=0.000836)
  Barrier stage 5/15: μ=0.3001
  [Spline barrier] line search stalled; stopping at stage 5
  Barrier stage 6/15: μ=0.105
  [Spline barrier] line search stalled; stopping at stage 6
  Barrier stage 7/15: μ=0.0368
  [Spline barrier] line search stalled; stopping at stage 7
  Barrier stage 8/15: μ=0.0129
  [Spline barrier] line search stalled; stopping at stage 8
  Barrier stage 9/15: μ=0.0045
  [Spline barrier] line search stalled; stopping at stage 9
  Barrier stage 10/15: μ=0.0016
  [Spline barrier] line search stalled; stopping at stage 10
  Barrier stage 11/15: μ=0.0006
  Barrier stage 12/15: μ=0.0002
  → Converged at iter 197 (Δlen=0.000159)
  Barrier stage 13/15: μ=0.0001
  [Spline barrier] line search stalled; stopping at stage 13
  Barrier stage 14/15: μ=0.0
  [Spline barrier] line search stalled; stopping at stage 14
  Barrier stage 15/15: μ=0.0
  [Spline barrier] line search stalled; stopping at stage 15
  Final: prim_len=1382.096, unc=7.3215, threshold=7.5978, status=optimized, min_slack=1.7e-5
  Obstacle re-verification: mean path clears all obstacles ✓
Fig combined (main) saved: Discrete Len=1397.3 → Continuous Len=1382.1
Fig uncertainty profile (main) saved: /home/tonyzhang/projects/landmark_planning/constraint_sweep/baseline_2026-08-17/formation/s012_p100/formation/figures/main_unc_profile.png

[formation] produced 1 solution(s) -> /home/tonyzhang/projects/landmark_planning/constraint_sweep/baseline_2026-08-17/formation/s012_p100/formation
