Landmark scenario: random — 3 landmarks, 1 obstacles, start (0.0, 0.0) → goal (750.0, 0.0)
Hex graph: 340 nodes (336 heading-states + 3 sensors + goal), radius=86.60254037844388m, directed_edges=840, grid=10x11, start_cell=(2, 5), goal_cell=(7, 5), start_heading=0

── CL-GBT PLANNING (sampling-based joint tree, continuous R²) ──
  [CL-GBT] iter 200/200000  tree=178  elapsed=0.1s     [CL-GBT] iter 400/200000  tree=363  elapsed=0.1s     [CL-GBT] iter 600/200000  tree=542  elapsed=0.1s     [CL-GBT] iter 800/200000  tree=713  elapsed=0.1s     [CL-GBT] iter 1000/200000  tree=888  elapsed=0.1s     [CL-GBT] iter 1200/200000  tree=1063  elapsed=0.1s     [CL-GBT] iter 1400/200000  tree=1229  elapsed=0.2s     [CL-GBT] iter 1600/200000  tree=1394  elapsed=0.2s     [CL-GBT] iter 1800/200000  tree=1564  elapsed=0.2s     [CL-GBT] iter 2000/200000  tree=1735  elapsed=0.2s     [CL-GBT] iter 2200/200000  tree=1904  elapsed=0.2s   ┌ Warning: Seed is infeasible (min_slack=-1.966622007266218, ε=0.001); the barrier will try to recover it before shortening. Expected for the straight_cont ablation, and for a discrete seed that A* returned as its best incumbent after exhausting its budget.
└ @ Main ~/projects/landmark_planning/planners/hexspline_cl.jl:1207

  Support 1: dist=1200.0m, goal_unc=4.6303m
  Primary  : dist=1260.3m, goal_unc=6.7722m (threshold 8.558085447) — 2307 iterations, tree size 1992

=== Continuous Spline Optimization (threshold=8.5581) ===
  Initial (discrete→spline): prim_len=1056.236, unc=6.7377
  Barrier stage 1/15: μ=20.0
    → Recovered into the feasible set at iter 17 (min_slack=0.001875); feasible-only gate now armed
  [Spline barrier] line search stalled; stopping at stage 1
  Barrier stage 2/15: μ=7.0
  [Spline barrier] line search stalled; stopping at stage 2
  Barrier stage 3/15: μ=2.45
  [Spline barrier] line search stalled; stopping at stage 3
  Barrier stage 4/15: μ=0.8575
  [Spline barrier] line search stalled; stopping at stage 4
  Barrier stage 5/15: μ=0.3001
  [Spline barrier] line search stalled; stopping at stage 5
  Barrier stage 6/15: μ=0.105
  [Spline barrier] line search stalled; stopping at stage 6
  Barrier stage 7/15: μ=0.0368
  [Spline barrier] line search stalled; stopping at stage 7
  Barrier stage 8/15: μ=0.0129
  → Converged at iter 30 (Δlen=0.000314)
  Barrier stage 9/15: μ=0.0045
  → Converged at iter 31 (Δlen=0.000405)
  Barrier stage 10/15: μ=0.0016
  → Converged at iter 32 (Δlen=0.000456)
  Barrier stage 11/15: μ=0.0006
  [Spline barrier] line search stalled; stopping at stage 11
  Barrier stage 12/15: μ=0.0002
  [Spline barrier] line search stalled; stopping at stage 12
  Barrier stage 13/15: μ=0.0001
  [Spline barrier] line search stalled; stopping at stage 13
  Barrier stage 14/15: μ=0.0
  [Spline barrier] line search stalled; stopping at stage 14
  Barrier stage 15/15: μ=0.0
  [Spline barrier] line search stalled; stopping at stage 15
  Final: prim_len=1069.17, unc=6.8302, threshold=8.5581, status=optimized, min_slack=0.0
  Obstacle re-verification: mean path clears all obstacles ✓
Fig combined (main) saved: Discrete Len=1056.24 → Continuous Len=1069.17
Fig uncertainty profile (main) saved: /home/tonyzhang/projects/landmark_planning/constraint_sweep/baseline_2026-08-17/clgbt/s043_p090/clgbt/figures/main_unc_profile.png

[clgbt] produced 1 solution(s) -> /home/tonyzhang/projects/landmark_planning/constraint_sweep/baseline_2026-08-17/clgbt/s043_p090/clgbt
