Landmark scenario: random — 3 landmarks, 4 obstacles, start (0.0, 0.0) → goal (800.0, 0.0)
Hex graph: 796 nodes (792 heading-states + 3 sensors + goal), radius=57.73502691896258m, directed_edges=2112, grid=13x15, start_cell=(1, 7), goal_cell=(9, 7), start_heading=0
Conditional ε-bound: ε_sample=1.1443, w=1.0, ε_total=1.1443
  Bound form (conditional): L_returned ≤ (1+ε_total) L* with assumptions documented in comments.

── MULTI-AGENT PLANNING (Synchronized Kalman) ──

  Running joint discrete A* (threshold=5.9699)... (max_iters=500000)
  Stops on the first feasible candidate under the threshold.
  ✓ Goal reachable from node 1 with distance 800.0
  [A*] iter 1000/500000 (0.2%)  left=499000  elapsed=2.4s     [A*] iter 2000/500000 (0.4%)  left=498000  elapsed=2.6s   
  ✓ FEASIBLE SOLUTION at iter 2662: dist=850.0, unc=5.7357
  [Constraint A*] Complete: 2662 iterations, final_dist=850.0

✓ Multi-agent solution with synchronized Kalman fusion:
  Support agent 1: node=248, dist=850.0m, goal_unc=2.9548m
  Primary agent: node=446, dist=850.0m, goal_unc=5.7357m
  ├─ Communication: every 100.0m, sigmoid taper range=200.0m width=20.0m
  └─ All agents' uncertainties benefit from synchronized Kalman fusion at checkpoints

--- Final Results ---
Support agent 1 : [1, 403, 409, 355, 289, 229, 230, 236, 242, 248]  dist=850.0  goal_unc=2.9548  ✓  (Kalman-fused)
Primary agent : [1, 403, 409, 355, 356, 362, 368, 374, 380, 446]  dist=850.0  goal_unc=5.7357  threshold=5.969903446 ✓ met  (Kalman-fused)

=== Kalman Filtering Summary ===
All 2 agents performing synchronized Kalman filtering:
  • Dead-reckoning propagation: DIR=0.05/m, PERP=0.016666666666666666/m
  • Landmark fusion: Information filter (Joseph form) at every waypoint
  • SYNCHRONIZED inter-agent communication: every 100.0m of travel
  • Tapered sigmoid weighting: range=200.0m, width=20.0m (soft plateau + rolloff)
  • Bidirectional Kalman fusion: all agent pairs within range at each checkpoint
  • Measurement model: bearing-angle sensor with noise=0.038, ratio=2.2
  └─ Support agents: goal_unc=2.9548m (improved by inter-agent fusion)
  └─ Primary agent: goal_unc=5.7357m (direct path with landmark updates)
Converged at iteration : 2662
Figure path-role mapping: supports = paths[1:1], primary = paths[2]
Discrete evaluation: prim_len=850.0, unc=5.7357
Fig 1 saved.

=== Continuous Spline Optimization (threshold=5.9699) ===
  Initial (discrete→spline): prim_len=847.836, unc=5.7825
  Barrier stage 1/15: μ=20.0
  Barrier stage 2/15: μ=7.0
  → Converged at iter 85 (Δlen=0.00014)
  Barrier stage 3/15: μ=2.45
  → Converged at iter 86 (Δlen=0.000741)
  Barrier stage 4/15: μ=0.8575
  → Converged at iter 88 (Δlen=0.000183)
  Barrier stage 5/15: μ=0.3001
  → Converged at iter 89 (Δlen=0.000243)
  Barrier stage 6/15: μ=0.105
  → Converged at iter 90 (Δlen=0.000281)
  Barrier stage 7/15: μ=0.0368
  → Converged at iter 95 (Δlen=0.000129)
  Barrier stage 8/15: μ=0.0129
  → Converged at iter 96 (Δlen=0.000198)
  Barrier stage 9/15: μ=0.0045
  Barrier stage 10/15: μ=0.0016
  Barrier stage 11/15: μ=0.0006
  → Converged at iter 252 (Δlen=0.000323)
  Barrier stage 12/15: μ=0.0002
  → Converged at iter 253 (Δlen=0.000485)
  Barrier stage 13/15: μ=0.0001
  → Converged at iter 256 (Δlen=0.000648)
  Barrier stage 14/15: μ=0.0
  → Converged at iter 257 (Δlen=0.00081)
  Barrier stage 15/15: μ=0.0
  → Converged at iter 258 (Δlen=0.000851)
  Final: prim_len=835.921, unc=5.9699, threshold=5.9699, status=optimized, min_slack=8.0e-6
  Obstacle re-verification: mean path clears all obstacles ✓
Fig combined (main) saved: Discrete Len=847.84 → Continuous Len=835.92
Fig uncertainty profile (main) saved: /home/tonyzhang/projects/landmark_planning/constraint_sweep/sweep_2026-08-11/hexspline_cl/s072_p060/hexspline_cl/figures/main_unc_profile.png

[hexspline_cl] produced 1 solution(s) -> /home/tonyzhang/projects/landmark_planning/constraint_sweep/sweep_2026-08-11/hexspline_cl/s072_p060/hexspline_cl
