Landmark scenario: random — 3 landmarks, 3 obstacles, start (0.0, 0.0) → goal (700.0, 0.0)
Hex graph: 724 nodes (720 heading-states + 3 sensors + goal), radius=57.73502691896258m, directed_edges=1908, grid=12x15, start_cell=(1, 7), goal_cell=(8, 7), start_heading=0

── SEQUENTIAL PLANNING (2 agent(s), one at a time) ──
  Leg 1 — primary, 1 helper(s) parked at start (bound 18.2713 = 2.0x the 9.135637188 threshold the shipped route is held to):

    ✓ feasible at iter 236: dist=950.0, unc=10.2396
  Leg 2 — helper 1 vs the fixed primary trajectory (11 steps, beam 400):
    → helper 1 placed; primary goal_unc now 7.5313
  Leg 3 — primary re-planned against the committed helper paths:

    ✓ feasible at iter 212: dist=950.0, unc=7.5313
    leg 1 route: len=950.0, unc=7.5313 ✓  |  re-planned: len=950.0, unc=7.5313 ✓  → TAKE re-plan
  Helper 1: dist=950.0m, goal_unc=1.0561m
  Primary  : dist=950.0m, goal_unc=7.5313m (threshold 9.135637188 ✓)

=== Continuous Spline Optimization (threshold=9.1356) ===
  Initial (discrete→spline): prim_len=920.286, unc=7.7165
  Barrier stage 1/15: μ=20.0
  Barrier stage 2/15: μ=7.0
  → Converged at iter 119 (Δlen=0.000958)
  Barrier stage 3/15: μ=2.45
  → Converged at iter 121 (Δlen=0.000144)
  Barrier stage 4/15: μ=0.8575
  Barrier stage 5/15: μ=0.3001
  Barrier stage 6/15: μ=0.105
  Barrier stage 7/15: μ=0.0368
  Barrier stage 8/15: μ=0.0129
  → Converged at iter 393 (Δlen=0.000389)
  Barrier stage 9/15: μ=0.0045
  → Converged at iter 394 (Δlen=0.000441)
  Barrier stage 10/15: μ=0.0016
  → Converged at iter 405 (Δlen=8.5e-5)
  Barrier stage 11/15: μ=0.0006
  → Converged at iter 406 (Δlen=0.000128)
  Barrier stage 12/15: μ=0.0002
  [Spline barrier] line search stalled; stopping at stage 12
  Barrier stage 13/15: μ=0.0001
  [Spline barrier] line search stalled; stopping at stage 13
  Barrier stage 14/15: μ=0.0
  [Spline barrier] line search stalled; stopping at stage 14
  Barrier stage 15/15: μ=0.0
  [Spline barrier] line search stalled; stopping at stage 15
  Final: prim_len=790.788, unc=7.8412, threshold=9.1356, status=optimized, min_slack=2.0e-6
  Obstacle re-verification: mean path clears all obstacles ✓
Fig combined (main) saved: Discrete Len=920.29 → Continuous Len=790.79
Fig uncertainty profile (main) saved: /home/tonyzhang/projects/landmark_planning/constraint_sweep/sweep_2026-08-11/sequential/s035_p100/sequential/figures/main_unc_profile.png

[sequential] produced 1 solution(s) -> /home/tonyzhang/projects/landmark_planning/constraint_sweep/sweep_2026-08-11/sequential/s035_p100/sequential
