┌ Warning: Seed is infeasible (min_slack=-7.702631554207187, ε=0.001); the barrier will try to recover it before shortening. Expected for the straight_cont ablation, and for a discrete seed that A* returned as its best incumbent after exhausting its budget.
└ @ Main ~/projects/landmark_planning/planners/hexspline_cl.jl:1215
Landmark scenario: random — 4 landmarks, 4 obstacles, start (0.0, 0.0) → goal (600.0, 0.0)
Hex graph: 653 nodes (648 heading-states + 4 sensors + goal), radius=57.73502691896258m, directed_edges=1704, grid=11x15, start_cell=(1, 7), goal_cell=(7, 7), start_heading=0

── SEQUENTIAL PLANNING (2 agent(s), one at a time) ──
  Leg 1 — primary, 1 helper(s) parked at start (bound 8.9585 = 2.0x the 4.479263755 threshold the shipped route is held to):

    ✓ feasible at iter 346: dist=950.0, unc=5.2697
  Leg 2 — helper 1 vs the fixed primary trajectory (11 steps, beam 400):
    → helper 1 placed; primary goal_unc now 3.2828
  Leg 3 — primary re-planned against the committed helper paths:

    ✓ feasible at iter 394: dist=986.603, unc=4.3233
    leg 1 route: len=950.0, unc=3.2828 ✓  |  re-planned: len=986.6, unc=4.3233 ✓  → keep leg 1
  Helper 1: dist=950.0m, goal_unc=1.718m
  Primary  : dist=950.0m, goal_unc=3.2828m (threshold 4.479263755 ✓)

=== Continuous Spline Optimization (threshold=4.4793) ===
  Initial (discrete→spline): prim_len=906.081, unc=3.7198
  Barrier stage 1/15: μ=20.0
    → Recovered into the feasible set at iter 2 (min_slack=0.011534); feasible-only gate now armed
  Barrier stage 2/15: μ=7.0
  → Converged at iter 77 (Δlen=0.00095)
  Barrier stage 3/15: μ=2.45
  → Converged at iter 79 (Δlen=0.000654)
  Barrier stage 4/15: μ=0.8575
  → Converged at iter 81 (Δlen=0.000391)
  Barrier stage 5/15: μ=0.3001
  → Converged at iter 82 (Δlen=0.000664)
  Barrier stage 6/15: μ=0.105
  → Converged at iter 83 (Δlen=0.000829)
  Barrier stage 7/15: μ=0.0368
  → Converged at iter 84 (Δlen=0.000895)
  Barrier stage 8/15: μ=0.0129
  → Converged at iter 85 (Δlen=0.000871)
  Barrier stage 9/15: μ=0.0045
  → Converged at iter 86 (Δlen=0.000764)
  Barrier stage 10/15: μ=0.0016
  → Converged at iter 87 (Δlen=0.000583)
  Barrier stage 11/15: μ=0.0006
  → Converged at iter 88 (Δlen=0.000333)
  Barrier stage 12/15: μ=0.0002
  → Converged at iter 89 (Δlen=2.0e-5)
  Barrier stage 13/15: μ=0.0001
  → Converged at iter 90 (Δlen=0.00035)
  Barrier stage 14/15: μ=0.0
  → Converged at iter 91 (Δlen=0.000772)
  Barrier stage 15/15: μ=0.0
  → Converged at iter 93 (Δlen=0.000513)
  Final: prim_len=910.562, unc=3.8103, threshold=4.4793, status=optimized, min_slack=0.011534
  Obstacle re-verification: mean path clears all obstacles ✓
Fig combined (main) saved: Discrete Len=906.08 → Continuous Len=910.56
Fig uncertainty profile (main) saved: /home/tonyzhang/projects/landmark_planning/constraint_sweep/sweep_2026-08-11/sequential/s068_p085/sequential/figures/main_unc_profile.png

[sequential] produced 1 solution(s) -> /home/tonyzhang/projects/landmark_planning/constraint_sweep/sweep_2026-08-11/sequential/s068_p085/sequential
