Landmark scenario: random — 4 landmarks, 4 obstacles, start (0.0, 0.0) → goal (800.0, 0.0)
Hex graph: 797 nodes (792 heading-states + 4 sensors + goal), radius=57.73502691896258m, directed_edges=2112, grid=13x15, start_cell=(1, 7), goal_cell=(9, 7), start_heading=0

── SEQUENTIAL PLANNING (2 agent(s), one at a time) ──
  Leg 1 — primary, 1 helper(s) parked at start (bound 9.5285 = 2.0x the 4.764246627 threshold the shipped route is held to):

    ✓ feasible at iter 99: dist=986.603, unc=7.3154
  Leg 2 — helper 1 vs the fixed primary trajectory (11 steps, beam 400):
    → helper 1 placed; primary goal_unc now 4.2906
  Leg 3 — primary re-planned against the committed helper paths:
  [A*] iter 1000/500000 (0.2%)  left=499000  elapsed=0.0s     [A*] iter 2000/500000 (0.4%)  left=498000  elapsed=0.1s   
    ✓ feasible at iter 2302: dist=1450.0, unc=4.595
    leg 1 route: len=986.6, unc=4.2906 ✓  |  re-planned: len=1450.0, unc=4.595 ✓  → keep leg 1
  Helper 1: dist=986.6m, goal_unc=4.0617m
  Primary  : dist=986.6m, goal_unc=4.2906m (threshold 4.764246627 ✓)

=== Continuous Spline Optimization (threshold=4.7642) ===
  Initial (discrete→spline): prim_len=983.106, unc=4.7581
  Barrier stage 1/15: μ=20.0
  → Converged at iter 15 (Δlen=0.000578)
  Barrier stage 2/15: μ=7.0
  → Converged at iter 16 (Δlen=0.000643)
  Barrier stage 3/15: μ=2.45
  [Spline barrier] line search stalled; stopping at stage 3
  Barrier stage 4/15: μ=0.8575
  → Converged at iter 18 (Δlen=0.000686)
  Barrier stage 5/15: μ=0.3001
  [Spline barrier] line search stalled; stopping at stage 5
  Barrier stage 6/15: μ=0.105
  [Spline barrier] line search stalled; stopping at stage 6
  Barrier stage 7/15: μ=0.0368
  [Spline barrier] line search stalled; stopping at stage 7
  Barrier stage 8/15: μ=0.0129
  [Spline barrier] line search stalled; stopping at stage 8
  Barrier stage 9/15: μ=0.0045
  Barrier stage 10/15: μ=0.0016
  Barrier stage 11/15: μ=0.0006
  Barrier stage 12/15: μ=0.0002
  → Converged at iter 231 (Δlen=0.000571)
  Barrier stage 13/15: μ=0.0001
  [Spline barrier] line search stalled; stopping at stage 13
  Barrier stage 14/15: μ=0.0
  [Spline barrier] line search stalled; stopping at stage 14
  Barrier stage 15/15: μ=0.0
  [Spline barrier] line search stalled; stopping at stage 15
  Final: prim_len=940.753, unc=4.4766, threshold=4.7642, status=optimized, min_slack=1.7e-5
  Obstacle re-verification: mean path clears all obstacles ✓
Fig combined (main) saved: Discrete Len=983.11 → Continuous Len=940.75
Fig uncertainty profile (main) saved: /home/tonyzhang/projects/landmark_planning/constraint_sweep/sweep_2026-08-11/sequential/s008_p065/sequential/figures/main_unc_profile.png

[sequential] produced 1 solution(s) -> /home/tonyzhang/projects/landmark_planning/constraint_sweep/sweep_2026-08-11/sequential/s008_p065/sequential
