Landmark scenario: random — 2 landmarks, 2 obstacles, start (0.0, 0.0) → goal (600.0, 0.0)
Hex graph: 297 nodes (294 heading-states + 2 sensors + goal), radius=86.60254037844388m, directed_edges=726, grid=9x11, start_cell=(2, 5), goal_cell=(6, 5), start_heading=0

── SEQUENTIAL PLANNING (2 agent(s), one at a time) ──
  Leg 1 — primary, 1 helper(s) parked at start (bound 7.5427 = 2.0x the 3.771371588 threshold the shipped route is held to):

    ✓ feasible at iter 14: dist=750.0, unc=7.4749
  Leg 2 — helper 1 vs the fixed primary trajectory (6 steps, beam 400):
    (took rank #3 of 35; 2 better-ranked route(s) breach as splines)
    → helper 1 placed; primary goal_unc now 7.1616
  Leg 3 — primary re-planned against the committed helper paths:
  [A*] iter 1000/1000000 (0.1%)  left=999000  elapsed=0.0s     [A*] iter 2000/1000000 (0.2%)  left=998000  elapsed=0.1s     [A*] iter 3000/1000000 (0.3%)  left=997000  elapsed=0.2s     [A*] iter 4000/1000000 (0.4%)  left=996000  elapsed=0.5s     [A*] iter 5000/1000000 (0.5%)  left=995000  elapsed=0.6s     [A*] iter 6000/1000000 (0.6%)  left=994000  elapsed=0.7s     [A*] iter 7000/1000000 (0.7%)  left=993000  elapsed=0.7s     [A*] iter 8000/1000000 (0.8%)  left=992000  elapsed=0.8s     [A*] iter 9000/1000000 (0.9%)  left=991000  elapsed=0.9s     [A*] iter 10000/1000000 (1.0%)  left=990000  elapsed=1.0s     [A*] iter 11000/1000000 (1.1%)  left=989000  elapsed=1.1s     [A*] iter 12000/1000000 (1.2%)  left=988000  elapsed=1.2s     [A*] iter 13000/1000000 (1.3%)  left=987000  elapsed=1.3s   
    ✓ feasible at iter 13710: dist=5400.0, unc=3.6251
    leg 1 route: len=750.0, unc=7.1616 ✗  |  re-planned: len=5400.0, unc=3.6251 ✓  → TAKE re-plan
  Helper 1: dist=750.0m, goal_unc=3.6239m
  Primary  : dist=5400.0m, goal_unc=3.6251m (threshold 3.771371588 ✓)

=== Continuous Spline Optimization (threshold=3.7714) ===
  Initial (discrete→spline): prim_len=4943.53, unc=3.6251
  Barrier stage 1/15: μ=20.0
  [Spline barrier] line search stalled; stopping at stage 1
  Barrier stage 2/15: μ=7.0
  [Spline barrier] line search stalled; stopping at stage 2
  Barrier stage 3/15: μ=2.45
  [Spline barrier] line search stalled; stopping at stage 3
  Barrier stage 4/15: μ=0.8575
  [Spline barrier] line search stalled; stopping at stage 4
  Barrier stage 5/15: μ=0.3001
  [Spline barrier] line search stalled; stopping at stage 5
  Barrier stage 6/15: μ=0.105
  [Spline barrier] line search stalled; stopping at stage 6
  Barrier stage 7/15: μ=0.0368
  [Spline barrier] line search stalled; stopping at stage 7
  Barrier stage 8/15: μ=0.0129
  [Spline barrier] line search stalled; stopping at stage 8
  Barrier stage 9/15: μ=0.0045
  [Spline barrier] line search stalled; stopping at stage 9
  Barrier stage 10/15: μ=0.0016
  [Spline barrier] line search stalled; stopping at stage 10
  Barrier stage 11/15: μ=0.0006
  [Spline barrier] line search stalled; stopping at stage 11
  Barrier stage 12/15: μ=0.0002
  [Spline barrier] line search stalled; stopping at stage 12
  Barrier stage 13/15: μ=0.0001
  [Spline barrier] line search stalled; stopping at stage 13
  Barrier stage 14/15: μ=0.0
  [Spline barrier] line search stalled; stopping at stage 14
  Barrier stage 15/15: μ=0.0
  [Spline barrier] line search stalled; stopping at stage 15
  Final: prim_len=4943.53, unc=3.6251, threshold=3.7714, status=seed_only, min_slack=0.016111
  Obstacle re-verification: mean path clears all obstacles ✓
Fig combined (main) saved: Discrete Len=4943.53 → Continuous Len=4943.53
Fig uncertainty profile (main) saved: /home/tonyzhang/projects/landmark_planning/constraint_sweep/baseline_2026-08-17/sequential/s036_p070/sequential/figures/main_unc_profile.png

[sequential] produced 1 solution(s) -> /home/tonyzhang/projects/landmark_planning/constraint_sweep/baseline_2026-08-17/sequential/s036_p070/sequential
