┌ Warning: Seed is infeasible (min_slack=-73.3594384089468, ε=0.001); the barrier will try to recover it before shortening. Expected for the straight_cont ablation, and for a discrete seed that A* returned as its best incumbent after exhausting its budget.
└ @ Main ~/projects/landmark_planning/planners/hexspline_cl.jl:1215
Landmark scenario: random — 3 landmarks, 4 obstacles, start (0.0, 0.0) → goal (800.0, 0.0)
Hex graph: 796 nodes (792 heading-states + 3 sensors + goal), radius=57.73502691896258m, directed_edges=2112, grid=13x15, start_cell=(1, 7), goal_cell=(9, 7), start_heading=0

── GREEDY PLANNING ──
  Primary: shortest obstacle-clear route (single-agent A*, no uncertainty bound)

  [Constraint A*] Goal popped, unc OK, but its B-spline breaches an obstacle; discarded.

  [Constraint A*] Goal popped, unc OK, but its B-spline breaches an obstacle; discarded.

  [Constraint A*] Goal popped, unc OK, but its B-spline breaches an obstacle; discarded.

  ✓ FEASIBLE SOLUTION at iter 51: dist=850.0, unc=9.9498
  [Constraint A*] Single-agent complete: 51 iterations, final_dist=850.0
  Helpers: greedy placement, minimising the primary's uncertainty per step
  Support 1: dist=850.0m, goal_unc=7.2375m
  Primary  : dist=850.0m, goal_unc=7.26m (threshold 6.964887354 ✗)

=== Continuous Spline Optimization (threshold=6.9649) ===
  Initial (discrete→spline): prim_len=844.173, unc=7.2501
  Barrier stage 1/15: μ=20.0
  Barrier stage 2/15: μ=20.0
  Barrier stage 3/15: μ=20.0
  Barrier stage 4/15: μ=20.0
  Barrier stage 5/15: μ=20.0
    → Recovered into the feasible set at iter 329 (min_slack=1.7e-5); feasible-only gate now armed
  Barrier stage 6/15: μ=7.0
  Barrier stage 7/15: μ=2.45
  Barrier stage 8/15: μ=0.8575
  Barrier stage 9/15: μ=0.3001
  Barrier stage 10/15: μ=0.105
  Barrier stage 11/15: μ=0.0368
  Barrier stage 12/15: μ=0.0129
  Barrier stage 13/15: μ=0.0045
  Barrier stage 14/15: μ=0.0016
  Barrier stage 15/15: μ=0.0006
  Final: prim_len=858.546, unc=6.3894, threshold=6.9649, status=optimized, min_slack=0.001652
  Obstacle re-verification: mean path clears all obstacles ✓
Fig combined (main) saved: Discrete Len=844.17 → Continuous Len=858.55
Fig uncertainty profile (main) saved: /home/tonyzhang/projects/landmark_planning/constraint_sweep/sweep_2026-08-11/greedy/s072_p070/greedy/figures/main_unc_profile.png

[greedy] produced 1 solution(s) -> /home/tonyzhang/projects/landmark_planning/constraint_sweep/sweep_2026-08-11/greedy/s072_p070/greedy
