┌ Warning: Seed is infeasible (min_slack=-22.84621736585609, ε=0.001); the barrier will try to recover it before shortening. Expected for the straight_cont ablation, and for a discrete seed that A* returned as its best incumbent after exhausting its budget.
└ @ Main ~/projects/landmark_planning/planners/hexspline_cl.jl:1215
Landmark scenario: random — 4 landmarks, 4 obstacles, start (0.0, 0.0) → goal (800.0, 0.0)
Hex graph: 797 nodes (792 heading-states + 4 sensors + goal), radius=57.73502691896258m, directed_edges=2112, grid=13x15, start_cell=(1, 7), goal_cell=(9, 7), start_heading=0

── FORMATION PLANNING ──
  Primary: single-agent hexspline A* (threshold 8.036550017); supports added afterwards.

  [Constraint A*] Goal popped, unc OK, but its B-spline breaches an obstacle; discarded.

  ✓ FEASIBLE SOLUTION at iter 208: dist=1050.0, unc=8.0366
  [Constraint A*] Single-agent complete: 208 iterations, final_dist=1050.0
  One support: trying both lateral slots (+1 = 60° left, -1 = 60° right).
  Slot [1]: unc=8.0366 ✗
  Slot [-1]: unc=6.4059 ✓
  → Chose slot [-1]
  Support 1 (slot -1): dist=1132.3m, goal_unc=6.7526m, arc drift vs primary=82.3m
  Primary : dist=1050.0m, goal_unc=6.4059m (threshold 8.036550017 ✓)
  ! A support drifted more than half a comm interval from the primary's arc; checkpoints no longer pair them where the formation puts them.

=== Continuous Spline Optimization (threshold=8.0366) ===
  Initial (discrete→spline): prim_len=1044.955, unc=6.5816
  Barrier stage 1/15: μ=20.0
    → Recovered into the feasible set at iter 6 (min_slack=0.011382); feasible-only gate now armed
  Barrier stage 2/15: μ=7.0
  → Converged at iter 83 (Δlen=0.000896)
  Barrier stage 3/15: μ=2.45
  → Converged at iter 85 (Δlen=0.000661)
  Barrier stage 4/15: μ=0.8575
  → Converged at iter 87 (Δlen=0.000459)
  Barrier stage 5/15: μ=0.3001
  → Converged at iter 88 (Δlen=0.000829)
  Barrier stage 6/15: μ=0.105
  → Converged at iter 90 (Δlen=0.000216)
  Barrier stage 7/15: μ=0.0368
  [Spline barrier] line search stalled; stopping at stage 7
  Barrier stage 8/15: μ=0.0129
  [Spline barrier] line search stalled; stopping at stage 8
  Barrier stage 9/15: μ=0.0045
  [Spline barrier] line search stalled; stopping at stage 9
  Barrier stage 10/15: μ=0.0016
  → Converged at iter 94 (Δlen=0.000196)
  Barrier stage 11/15: μ=0.0006
  → Converged at iter 95 (Δlen=0.000131)
  Barrier stage 12/15: μ=0.0002
  → Converged at iter 96 (Δlen=2.3e-5)
  Barrier stage 13/15: μ=0.0001
  → Converged at iter 97 (Δlen=0.000122)
  Barrier stage 14/15: μ=0.0
  → Converged at iter 98 (Δlen=0.000303)
  Barrier stage 15/15: μ=0.0
  → Converged at iter 99 (Δlen=0.000515)
  Final: prim_len=1056.014, unc=6.8046, threshold=8.0366, status=optimized, min_slack=0.011382
  Obstacle re-verification: mean path clears all obstacles ✓
Fig combined (main) saved: Discrete Len=1044.96 → Continuous Len=1056.01
Fig uncertainty profile (main) saved: /home/tonyzhang/projects/landmark_planning/constraint_sweep/sweep_2026-08-11/formation/s083_p100/formation/figures/main_unc_profile.png

[formation] produced 1 solution(s) -> /home/tonyzhang/projects/landmark_planning/constraint_sweep/sweep_2026-08-11/formation/s083_p100/formation
