Landmark scenario: random — 4 landmarks, 3 obstacles, start (0.0, 0.0) → goal (600.0, 0.0)
Hex graph: 653 nodes (648 heading-states + 4 sensors + goal), radius=57.73502691896258m, directed_edges=1704, grid=11x15, start_cell=(1, 7), goal_cell=(7, 7), start_heading=0
Conditional ε-bound: ε_sample=1.1925, w=1.0, ε_total=1.1925
  Bound form (conditional): L_returned ≤ (1+ε_total) L* with assumptions documented in comments.

── MULTI-AGENT PLANNING (Synchronized Kalman) ──

  Running joint discrete A* (threshold=6.4901)... (max_iters=500000)
  Stops on the first feasible candidate under the threshold.
  ✓ Goal reachable from node 1 with distance 600.0

  [Constraint A*] Incumbent seed at iter 13: dist=550.0, unc=6.8284 > 6.4901

  ✓ FEASIBLE SOLUTION at iter 23: dist=550.0, unc=6.3945
  [Constraint A*] Complete: 23 iterations, final_dist=550.0

✓ Multi-agent solution with synchronized Kalman fusion:
  Support agent 1: node=415, dist=550.0m, goal_unc=6.3545m
  Primary agent: node=361, dist=550.0m, goal_unc=6.3945m
  ├─ Communication: every 100.0m, sigmoid taper range=200.0m width=20.0m
  └─ All agents' uncertainties benefit from synchronized Kalman fusion at checkpoints

--- Final Results ---
Support agent 1 : [1, 331, 337, 343, 404, 409, 415]  dist=550.0  goal_unc=6.3545  ✓  (Kalman-fused)
Primary agent : [1, 331, 337, 343, 349, 355, 361]  dist=550.0  goal_unc=6.3945  threshold=6.490113355 ✓ met  (Kalman-fused)

=== Kalman Filtering Summary ===
All 2 agents performing synchronized Kalman filtering:
  • Dead-reckoning propagation: DIR=0.05/m, PERP=0.016666666666666666/m
  • Landmark fusion: Information filter (Joseph form) at every waypoint
  • SYNCHRONIZED inter-agent communication: every 100.0m of travel
  • Tapered sigmoid weighting: range=200.0m, width=20.0m (soft plateau + rolloff)
  • Bidirectional Kalman fusion: all agent pairs within range at each checkpoint
  • Measurement model: bearing-angle sensor with noise=0.038, ratio=2.2
  └─ Support agents: goal_unc=6.3545m (improved by inter-agent fusion)
  └─ Primary agent: goal_unc=6.3945m (direct path with landmark updates)
Converged at iteration : 23
Figure path-role mapping: supports = paths[1:1], primary = paths[2]
Discrete evaluation: prim_len=550.0, unc=6.3945
Fig 1 saved.

=== Continuous Spline Optimization (threshold=6.4901) ===
  Initial (discrete→spline): prim_len=600.0, unc=6.4614
  Barrier stage 1/15: μ=20.0
  Barrier stage 2/15: μ=7.0
  → Converged at iter 80 (Δlen=7.3e-5)
  Barrier stage 3/15: μ=2.45
  Barrier stage 4/15: μ=0.8575
  Barrier stage 5/15: μ=0.3001
  Barrier stage 6/15: μ=0.105
  Barrier stage 7/15: μ=0.0368
  → Converged at iter 391 (Δlen=0.000998)
  Barrier stage 8/15: μ=0.0129
  → Converged at iter 393 (Δlen=0.000975)
  Barrier stage 9/15: μ=0.0045
  → Converged at iter 395 (Δlen=0.000953)
  Barrier stage 10/15: μ=0.0016
  → Converged at iter 397 (Δlen=0.000931)
  Barrier stage 11/15: μ=0.0006
  → Converged at iter 399 (Δlen=0.000908)
  Barrier stage 12/15: μ=0.0002
  → Converged at iter 401 (Δlen=0.000884)
  Barrier stage 13/15: μ=0.0001
  → Converged at iter 403 (Δlen=0.000859)
  Barrier stage 14/15: μ=0.0
  → Converged at iter 405 (Δlen=0.000834)
  Barrier stage 15/15: μ=0.0
  → Converged at iter 407 (Δlen=0.000809)
  Final: prim_len=600.002, unc=6.4359, threshold=6.4901, status=optimized, min_slack=0.012094
  Obstacle re-verification: mean path clears all obstacles ✓
Fig combined (main) saved: Discrete Len=600.0 → Continuous Len=600.0
Fig uncertainty profile (main) saved: /home/tonyzhang/projects/landmark_planning/constraint_sweep/sweep_2026-08-11/hexspline_cl/s077_p095/hexspline_cl/figures/main_unc_profile.png

[hexspline_cl] produced 1 solution(s) -> /home/tonyzhang/projects/landmark_planning/constraint_sweep/sweep_2026-08-11/hexspline_cl/s077_p095/hexspline_cl
