Landmark scenario: random — 2 landmarks, 2 obstacles, start (0.0, 0.0) → goal (750.0, 0.0)
Hex graph: 339 nodes (336 heading-states + 2 sensors + goal), radius=86.60254037844388m, directed_edges=840, grid=10x11, start_cell=(2, 5), goal_cell=(7, 5), start_heading=0

── SEQUENTIAL PLANNING (2 agent(s), one at a time) ──
  Leg 1 — primary, 1 helper(s) parked at start (bound 20.3188 = 2.0x the 10.15939081 threshold the shipped route is held to):

    ✓ feasible at iter 97: dist=1050.0, unc=9.6052
  Leg 2 — helper 1 vs the fixed primary trajectory (8 steps, beam 400):
    (took rank #40 of 332; 39 better-ranked route(s) breach as splines)
    → helper 1 placed; primary goal_unc now 7.2092
  Leg 3 — primary re-planned against the committed helper paths:

    ✓ feasible at iter 73: dist=1050.0, unc=7.1413
    leg 1 route: len=1050.0, unc=7.2092 ✓  |  re-planned: len=1050.0, unc=7.1413 ✓  → TAKE re-plan
  Helper 1: dist=1050.0m, goal_unc=7.1347m
  Primary  : dist=1050.0m, goal_unc=7.1413m (threshold 10.15939081 ✓)

=== Continuous Spline Optimization (threshold=10.1594) ===
  Initial (discrete→spline): prim_len=969.361, unc=7.1413
  Barrier stage 1/15: μ=20.0
  [Spline barrier] line search stalled; stopping at stage 1
  Barrier stage 2/15: μ=7.0
  [Spline barrier] line search stalled; stopping at stage 2
  Barrier stage 3/15: μ=2.45
  [Spline barrier] line search stalled; stopping at stage 3
  Barrier stage 4/15: μ=0.8575
  [Spline barrier] line search stalled; stopping at stage 4
  Barrier stage 5/15: μ=0.3001
  Barrier stage 6/15: μ=0.105
  Barrier stage 7/15: μ=0.0368
  Barrier stage 8/15: μ=0.0129
  Barrier stage 9/15: μ=0.0045
  → Converged at iter 287 (Δlen=0.00052)
  Barrier stage 10/15: μ=0.0016
  → Converged at iter 288 (Δlen=0.000779)
  Barrier stage 11/15: μ=0.0006
  → Converged at iter 289 (Δlen=0.000909)
  Barrier stage 12/15: μ=0.0002
  → Converged at iter 290 (Δlen=0.000926)
  Barrier stage 13/15: μ=0.0001
  [Spline barrier] line search stalled; stopping at stage 13
  Barrier stage 14/15: μ=0.0
  [Spline barrier] line search stalled; stopping at stage 14
  Barrier stage 15/15: μ=0.0
  [Spline barrier] line search stalled; stopping at stage 15
  Final: prim_len=897.553, unc=6.3623, threshold=10.1594, status=optimized, min_slack=0.0
  Obstacle re-verification: mean path clears all obstacles ✓
Fig combined (main) saved: Discrete Len=969.36 → Continuous Len=897.55
Fig uncertainty profile (main) saved: /home/tonyzhang/projects/landmark_planning/constraint_sweep/baseline_2026-08-17/sequential/s064_p100/sequential/figures/main_unc_profile.png

[sequential] produced 1 solution(s) -> /home/tonyzhang/projects/landmark_planning/constraint_sweep/baseline_2026-08-17/sequential/s064_p100/sequential
