┌ Warning: Seed is feasible but not strictly interior (min_slack=9.999999974752427e-7, ε=0.001); the barrier is past its knee and steps will be small.
└ @ Main ~/projects/landmark_planning/planners/hexspline_cl.jl:1217
Landmark scenario: random — 3 landmarks, 3 obstacles, start (0.0, 0.0) → goal (600.0, 0.0)
Hex graph: 652 nodes (648 heading-states + 3 sensors + goal), radius=57.73502691896258m, directed_edges=1704, grid=11x15, start_cell=(1, 7), goal_cell=(7, 7), start_heading=0
Conditional ε-bound: ε_sample=1.1925, w=1.0, ε_total=1.1925
  Bound form (conditional): L_returned ≤ (1+ε_total) L* with assumptions documented in comments.

── MULTI-AGENT PLANNING (Synchronized Kalman) ──

  seed_mode=:straight — skipping discrete search and using direct start→goal seed

✓ Multi-agent solution with synchronized Kalman fusion:
  Support agent 1: node=652, dist=600.0m, goal_unc=7.1655m
  Primary agent: node=652, dist=600.0m, goal_unc=7.1655m
  ├─ Communication: every 100.0m, sigmoid taper range=200.0m width=20.0m
  └─ All agents' uncertainties benefit from synchronized Kalman fusion at checkpoints

--- Final Results ---
Support agent 1 : [1, 652]  dist=600.0  goal_unc=7.1655  ✓  (Kalman-fused)
Primary agent : [1, 652]  dist=600.0  goal_unc=7.1655  threshold=7.696698442 ✓ met  (Kalman-fused)

=== Kalman Filtering Summary ===
All 2 agents performing synchronized Kalman filtering:
  • Dead-reckoning propagation: DIR=0.05/m, PERP=0.016666666666666666/m
  • Landmark fusion: Information filter (Joseph form) at every waypoint
  • SYNCHRONIZED inter-agent communication: every 100.0m of travel
  • Tapered sigmoid weighting: range=200.0m, width=20.0m (soft plateau + rolloff)
  • Bidirectional Kalman fusion: all agent pairs within range at each checkpoint
  • Measurement model: bearing-angle sensor with noise=0.038, ratio=2.2
  └─ Support agents: goal_unc=7.1655m (improved by inter-agent fusion)
  └─ Primary agent: goal_unc=7.1655m (direct path with landmark updates)
Converged at iteration : 0
Figure path-role mapping: supports = paths[1:1], primary = paths[2]
Discrete evaluation: prim_len=600.0, unc=7.1655
Fig 1 saved.

=== Continuous Spline Optimization (threshold=7.6967) ===
  Initial (discrete→spline): prim_len=600.0, unc=7.1655
  Barrier stage 1/15: μ=20.0
  Barrier stage 2/15: μ=7.0
  Barrier stage 3/15: μ=2.45
  [Spline barrier] line search stalled; stopping at stage 3
  Barrier stage 4/15: μ=0.8575
  → Converged at iter 139 (Δlen=0.000277)
  Barrier stage 5/15: μ=0.3001
  Barrier stage 6/15: μ=0.105
  Barrier stage 7/15: μ=0.0368
  Barrier stage 8/15: μ=0.0129
  Barrier stage 9/15: μ=0.0045
  Barrier stage 10/15: μ=0.0016
  Barrier stage 11/15: μ=0.0006
  Barrier stage 12/15: μ=0.0002
  Barrier stage 13/15: μ=0.0001
  → Converged at iter 685 (Δlen=0.000996)
  Barrier stage 14/15: μ=0.0
  → Converged at iter 687 (Δlen=4.0e-6)
  Barrier stage 15/15: μ=0.0
  [Spline barrier] line search stalled; stopping at stage 15
  Final: prim_len=600.008, unc=7.164, threshold=7.6967, status=optimized, min_slack=0.024444
  Obstacle re-verification: mean path clears all obstacles ✓
Fig combined (main) saved: Discrete Len=600.0 → Continuous Len=600.01
Fig uncertainty profile (main) saved: /home/tonyzhang/projects/landmark_planning/constraint_sweep/sweep_2026-08-11/straight_cont/s090_p100/straight_cont/figures/main_unc_profile.png

[straight_cont] produced 1 solution(s) -> /home/tonyzhang/projects/landmark_planning/constraint_sweep/sweep_2026-08-11/straight_cont/s090_p100/straight_cont
