┌ Warning: Seed is infeasible (min_slack=-17.46377596424696, ε=0.001); the barrier will try to recover it before shortening. Expected for the straight_cont ablation, and for a discrete seed that A* returned as its best incumbent after exhausting its budget.
└ @ Main ~/projects/landmark_planning/planners/hexspline_cl.jl:1215
Landmark scenario: random — 3 landmarks, 5 obstacles, start (0.0, 0.0) → goal (700.0, 0.0)
Hex graph: 724 nodes (720 heading-states + 3 sensors + goal), radius=57.73502691896258m, directed_edges=1908, grid=12x15, start_cell=(1, 7), goal_cell=(8, 7), start_heading=0

── SEQUENTIAL PLANNING (2 agent(s), one at a time) ──
  Leg 1 — primary, 1 helper(s) parked at start (bound 16.4281 = 2.0x the 8.214047735 threshold the shipped route is held to):

    ✓ feasible at iter 483: dist=1050.0, unc=8.214
  Leg 2 — helper 1 vs the fixed primary trajectory (12 steps, beam 400):
    → helper 1 placed; primary goal_unc now 5.6364
  Leg 3 — primary re-planned against the committed helper paths:

    ✓ feasible at iter 824: dist=1186.603, unc=7.7215
    leg 1 route: len=1050.0, unc=5.6364 ✓  |  re-planned: len=1186.6, unc=7.7215 ✓  → keep leg 1
  Helper 1: dist=1050.0m, goal_unc=4.7116m
  Primary  : dist=1050.0m, goal_unc=5.6364m (threshold 8.214047735 ✓)

=== Continuous Spline Optimization (threshold=8.214) ===
  Initial (discrete→spline): prim_len=1021.128, unc=6.0507
  Barrier stage 1/15: μ=20.0
    → Recovered into the feasible set at iter 31 (min_slack=0.011293); feasible-only gate now armed
  Barrier stage 2/15: μ=7.0
  → Converged at iter 119 (Δlen=0.000142)
  Barrier stage 3/15: μ=2.45
  Barrier stage 4/15: μ=0.8575
  Barrier stage 5/15: μ=0.3001
  Barrier stage 6/15: μ=0.105
  Barrier stage 7/15: μ=0.0368
  Barrier stage 8/15: μ=0.0129
  → Converged at iter 472 (Δlen=0.000761)
  Barrier stage 9/15: μ=0.0045
  → Converged at iter 474 (Δlen=9.8e-5)
  Barrier stage 10/15: μ=0.0016
  [Spline barrier] line search stalled; stopping at stage 10
  Barrier stage 11/15: μ=0.0006
  [Spline barrier] line search stalled; stopping at stage 11
  Barrier stage 12/15: μ=0.0002
  → Converged at iter 477 (Δlen=0.000201)
  Barrier stage 13/15: μ=0.0001
  [Spline barrier] line search stalled; stopping at stage 13
  Barrier stage 14/15: μ=0.0
  [Spline barrier] line search stalled; stopping at stage 14
  Barrier stage 15/15: μ=0.0
  [Spline barrier] line search stalled; stopping at stage 15
  Final: prim_len=914.671, unc=5.9694, threshold=8.214, status=optimized, min_slack=0.0
  Obstacle re-verification: mean path clears all obstacles ✓
Fig combined (main) saved: Discrete Len=1021.13 → Continuous Len=914.67
Fig uncertainty profile (main) saved: /home/tonyzhang/projects/landmark_planning/constraint_sweep/sweep_2026-08-11/sequential/s030_p100/sequential/figures/main_unc_profile.png

[sequential] produced 1 solution(s) -> /home/tonyzhang/projects/landmark_planning/constraint_sweep/sweep_2026-08-11/sequential/s030_p100/sequential
