Landmark scenario: random — 4 landmarks, 3 obstacles, start (0.0, 0.0) → goal (900.0, 0.0)
Hex graph: 383 nodes (378 heading-states + 4 sensors + goal), radius=86.60254037844388m, directed_edges=954, grid=11x11, start_cell=(2, 5), goal_cell=(8, 5), start_heading=0

── SEQUENTIAL PLANNING (2 agent(s), one at a time) ──
  Leg 1 — primary, 1 helper(s) parked at start (bound 22.8377 = 2.0x the 11.41886394 threshold the shipped route is held to):

    ✓ feasible at iter 24: dist=1050.0, unc=9.2546
  Leg 2 — helper 1 vs the fixed primary trajectory (8 steps, beam 400):
    (took rank #4 of 211; 3 better-ranked route(s) breach as splines)
    → helper 1 placed; primary goal_unc now 5.1345
  Leg 3 — primary re-planned against the committed helper paths:

    ✓ feasible at iter 39: dist=1050.0, unc=10.9788
    leg 1 route: len=1050.0, unc=5.1345 ✓  |  re-planned: len=1050.0, unc=10.9788 ✓  → keep leg 1
  Helper 1: dist=1050.0m, goal_unc=1.4431m
  Primary  : dist=1050.0m, goal_unc=5.1345m (threshold 11.41886394 ✓)

=== Continuous Spline Optimization (threshold=11.4189) ===
  Initial (discrete→spline): prim_len=967.702, unc=5.1345
  Barrier stage 1/15: μ=20.0
  → Converged at iter 45 (Δlen=0.000244)
  Barrier stage 2/15: μ=7.0
  → Converged at iter 46 (Δlen=0.000298)
  Barrier stage 3/15: μ=2.45
  [Spline barrier] line search stalled; stopping at stage 3
  Barrier stage 4/15: μ=0.8575
  [Spline barrier] line search stalled; stopping at stage 4
  Barrier stage 5/15: μ=0.3001
  [Spline barrier] line search stalled; stopping at stage 5
  Barrier stage 6/15: μ=0.105
  [Spline barrier] line search stalled; stopping at stage 6
  Barrier stage 7/15: μ=0.0368
  [Spline barrier] line search stalled; stopping at stage 7
  Barrier stage 8/15: μ=0.0129
  [Spline barrier] line search stalled; stopping at stage 8
  Barrier stage 9/15: μ=0.0045
  [Spline barrier] line search stalled; stopping at stage 9
  Barrier stage 10/15: μ=0.0016
  Barrier stage 11/15: μ=0.0006
  Barrier stage 12/15: μ=0.0002
  → Converged at iter 216 (Δlen=0.00063)
  Barrier stage 13/15: μ=0.0001
  → Converged at iter 217 (Δlen=0.000669)
  Barrier stage 14/15: μ=0.0
  [Spline barrier] line search stalled; stopping at stage 14
  Barrier stage 15/15: μ=0.0
  [Spline barrier] line search stalled; stopping at stage 15
  Final: prim_len=950.548, unc=10.3668, threshold=11.4189, status=optimized, min_slack=2.3e-5
  Obstacle re-verification: mean path clears all obstacles ✓
Fig combined (main) saved: Discrete Len=967.7 → Continuous Len=950.55
Fig uncertainty profile (main) saved: /home/tonyzhang/projects/landmark_planning/constraint_sweep/baseline_2026-08-17/sequential/s049_p100/sequential/figures/main_unc_profile.png

[sequential] produced 1 solution(s) -> /home/tonyzhang/projects/landmark_planning/constraint_sweep/baseline_2026-08-17/sequential/s049_p100/sequential
