Landmark scenario: random — 3 landmarks, 5 obstacles, start (0.0, 0.0) → goal (700.0, 0.0)
Hex graph: 724 nodes (720 heading-states + 3 sensors + goal), radius=57.73502691896258m, directed_edges=1908, grid=12x15, start_cell=(1, 7), goal_cell=(8, 7), start_heading=0

── SEQUENTIAL PLANNING (2 agent(s), one at a time) ──
  Leg 1 — primary, 1 helper(s) parked at start (bound 9.5011 = 2.0x the 4.750541313 threshold the shipped route is held to):

    ✓ feasible at iter 192: dist=950.0, unc=5.0009
  Leg 2 — helper 1 vs the fixed primary trajectory (11 steps, beam 400):
    → helper 1 placed; primary goal_unc now 3.9396
  Leg 3 — primary re-planned against the committed helper paths:

    ✓ feasible at iter 958: dist=1186.603, unc=4.6607
    leg 1 route: len=950.0, unc=3.9396 ✓  |  re-planned: len=1186.6, unc=4.6607 ✓  → keep leg 1
  Helper 1: dist=950.0m, goal_unc=2.7574m
  Primary  : dist=950.0m, goal_unc=3.9396m (threshold 4.750541313 ✓)

=== Continuous Spline Optimization (threshold=4.7505) ===
  Initial (discrete→spline): prim_len=944.955, unc=4.3128
  Barrier stage 1/15: μ=20.0
  Barrier stage 2/15: μ=7.0
  → Converged at iter 76 (Δlen=0.000154)
  Barrier stage 3/15: μ=2.45
  → Converged at iter 110 (Δlen=0.000337)
  Barrier stage 4/15: μ=0.8575
  → Converged at iter 111 (Δlen=0.00053)
  Barrier stage 5/15: μ=0.3001
  → Converged at iter 148 (Δlen=0.000306)
  Barrier stage 6/15: μ=0.105
  Barrier stage 7/15: μ=0.0368
  [Spline barrier] line search stalled; stopping at stage 7
  Barrier stage 8/15: μ=0.0129
  [Spline barrier] line search stalled; stopping at stage 8
  Barrier stage 9/15: μ=0.0045
  [Spline barrier] line search stalled; stopping at stage 9
  Barrier stage 10/15: μ=0.0016
  [Spline barrier] line search stalled; stopping at stage 10
  Barrier stage 11/15: μ=0.0006
  [Spline barrier] line search stalled; stopping at stage 11
  Barrier stage 12/15: μ=0.0002
  → Converged at iter 288 (Δlen=0.000451)
  Barrier stage 13/15: μ=0.0001
  [Spline barrier] line search stalled; stopping at stage 13
  Barrier stage 14/15: μ=0.0
  [Spline barrier] line search stalled; stopping at stage 14
  Barrier stage 15/15: μ=0.0
  [Spline barrier] line search stalled; stopping at stage 15
  Final: prim_len=945.662, unc=4.2843, threshold=4.7505, status=optimized, min_slack=0.01157
  Obstacle re-verification: mean path clears all obstacles ✓
Fig combined (main) saved: Discrete Len=944.96 → Continuous Len=945.66
Fig uncertainty profile (main) saved: /home/tonyzhang/projects/landmark_planning/constraint_sweep/sweep_2026-08-11/sequential/s063_p095/sequential/figures/main_unc_profile.png

[sequential] produced 1 solution(s) -> /home/tonyzhang/projects/landmark_planning/constraint_sweep/sweep_2026-08-11/sequential/s063_p095/sequential
