┌ Warning: Seed is infeasible (min_slack=-0.08951106489975746, ε=0.001); the barrier will try to recover it before shortening. Expected for the straight_cont ablation, and for a discrete seed that A* returned as its best incumbent after exhausting its budget.
└ @ Main ~/projects/landmark_planning/planners/hexspline_cl.jl:1215
Landmark scenario: random — 4 landmarks, 5 obstacles, start (0.0, 0.0) → goal (700.0, 0.0)
Hex graph: 725 nodes (720 heading-states + 4 sensors + goal), radius=57.73502691896258m, directed_edges=1908, grid=12x15, start_cell=(1, 7), goal_cell=(8, 7), start_heading=0

── SEQUENTIAL PLANNING (2 agent(s), one at a time) ──
  Leg 1 — primary, 1 helper(s) parked at start (bound 11.8593 = 2.0x the 5.929631587 threshold the shipped route is held to):

    ✓ feasible at iter 193: dist=950.0, unc=7.9036
  Leg 2 — helper 1 vs the fixed primary trajectory (11 steps, beam 400):
    → helper 1 placed; primary goal_unc now 5.6485
  Leg 3 — primary re-planned against the committed helper paths:

    ✓ feasible at iter 185: dist=950.0, unc=5.6485
    leg 1 route: len=950.0, unc=5.6485 ✓  |  re-planned: len=950.0, unc=5.6485 ✓  → TAKE re-plan
  Helper 1: dist=950.0m, goal_unc=3.927m
  Primary  : dist=950.0m, goal_unc=5.6485m (threshold 5.929631587 ✓)

=== Continuous Spline Optimization (threshold=5.9296) ===
  Initial (discrete→spline): prim_len=921.801, unc=6.0191
  Barrier stage 1/15: μ=20.0
    → Recovered into the feasible set at iter 3 (min_slack=0.011088); feasible-only gate now armed
  Barrier stage 2/15: μ=7.0
  Barrier stage 3/15: μ=2.45
  Barrier stage 4/15: μ=0.8575
  Barrier stage 5/15: μ=0.3001
  Barrier stage 6/15: μ=0.105
  Barrier stage 7/15: μ=0.0368
  → Converged at iter 409 (Δlen=0.000717)
  Barrier stage 8/15: μ=0.0129
  → Converged at iter 411 (Δlen=0.000185)
  Barrier stage 9/15: μ=0.0045
  → Converged at iter 412 (Δlen=0.00028)
  Barrier stage 10/15: μ=0.0016
  [Spline barrier] line search stalled; stopping at stage 10
  Barrier stage 11/15: μ=0.0006
  [Spline barrier] line search stalled; stopping at stage 11
  Barrier stage 12/15: μ=0.0002
  [Spline barrier] line search stalled; stopping at stage 12
  Barrier stage 13/15: μ=0.0001
  [Spline barrier] line search stalled; stopping at stage 13
  Barrier stage 14/15: μ=0.0
  [Spline barrier] line search stalled; stopping at stage 14
  Barrier stage 15/15: μ=0.0
  [Spline barrier] line search stalled; stopping at stage 15
  Final: prim_len=915.545, unc=5.9199, threshold=5.9296, status=optimized, min_slack=0.009763
  Obstacle re-verification: mean path clears all obstacles ✓
Fig combined (main) saved: Discrete Len=921.8 → Continuous Len=915.54
Fig uncertainty profile (main) saved: /home/tonyzhang/projects/landmark_planning/constraint_sweep/sweep_2026-08-11/sequential/s001_p075/sequential/figures/main_unc_profile.png

[sequential] produced 1 solution(s) -> /home/tonyzhang/projects/landmark_planning/constraint_sweep/sweep_2026-08-11/sequential/s001_p075/sequential
