Landmark scenario: random — 3 landmarks, 1 obstacles, start (0.0, 0.0) → goal (900.0, 0.0)
Hex graph: 382 nodes (378 heading-states + 3 sensors + goal), radius=86.60254037844388m, directed_edges=954, grid=11x11, start_cell=(2, 5), goal_cell=(8, 5), start_heading=0
Conditional ε-bound: ε_sample=1.1925, w=1.0, ε_total=1.1925
  Bound form (conditional): L_returned ≤ (1+ε_total) L* with assumptions documented in comments.

── MULTI-AGENT PLANNING (Synchronized Kalman) ──

  Running joint discrete A* (threshold=3.4066)... (max_iters=1000000)
  Stops on the first feasible candidate under the threshold.
  ✓ Goal reachable from node 1 with distance 900.0

  [Constraint A*] Incumbent seed at iter 20: dist=1050.0, unc=4.0173 > 3.4066
  [A*] iter 1000/1000000 (0.1%)  left=999000  elapsed=1.4s     [A*] iter 2000/1000000 (0.2%)  left=998000  elapsed=1.5s     [A*] iter 3000/1000000 (0.3%)  left=997000  elapsed=1.6s     [A*] iter 4000/1000000 (0.4%)  left=996000  elapsed=1.6s     [A*] iter 5000/1000000 (0.5%)  left=995000  elapsed=1.6s     [A*] iter 6000/1000000 (0.6%)  left=994000  elapsed=1.6s     [A*] iter 7000/1000000 (0.7%)  left=993000  elapsed=1.7s     [A*] iter 8000/1000000 (0.8%)  left=992000  elapsed=2.0s   
  ✓ FEASIBLE SOLUTION at iter 8886: dist=1200.0, unc=3.055
  [Constraint A*] Complete: 8886 iterations, final_dist=1200.0

✓ Multi-agent solution with synchronized Kalman fusion:
  Support agent 1: node=312, dist=1200.0m, goal_unc=2.1598m
  Primary agent: node=210, dist=1200.0m, goal_unc=3.055m
  ├─ Communication: every 100.0m, sigmoid taper range=300.0m width=20.0m
  └─ All agents' uncertainties benefit from synchronized Kalman fusion at checkpoints

--- Final Results ---
Support agent 1 : [1, 175, 236, 285, 344, 349, 355, 361, 312]  dist=1200.0  goal_unc=2.1598  ✓  (Kalman-fused)
Primary agent : [1, 230, 235, 241, 296, 301, 307, 264, 210]  dist=1200.0  goal_unc=3.055  threshold=3.406637595 ✓ met  (Kalman-fused)

=== Kalman Filtering Summary ===
All 2 agents performing synchronized Kalman filtering:
  • Dead-reckoning propagation: DIR=0.05/m, PERP=0.016666666666666666/m
  • Landmark fusion: Information filter (Joseph form) at every waypoint
  • SYNCHRONIZED inter-agent communication: every 100.0m of travel
  • Tapered sigmoid weighting: range=300.0m, width=20.0m (soft plateau + rolloff)
  • Bidirectional Kalman fusion: all agent pairs within range at each checkpoint
  • Measurement model: bearing-angle sensor with noise=0.038, ratio=2.2
  └─ Support agents: goal_unc=2.1598m (improved by inter-agent fusion)
  └─ Primary agent: goal_unc=3.055m (direct path with landmark updates)
Converged at iteration : 8886
Figure path-role mapping: supports = paths[1:1], primary = paths[2]
Discrete evaluation: prim_len=1200.0, unc=3.055
Fig 1 saved.
Discrete-only spline: prim_len=1118.518, unc=3.055

[discrete_only] produced 1 solution(s) -> /home/tonyzhang/projects/landmark_planning/constraint_sweep/ablation_2026-08-17/discrete_only/s005_p030/discrete_only
