┌ Warning: Seed is infeasible (min_slack=-0.4850470107235152, ε=0.001); the barrier will try to recover it before shortening. Expected for the straight_cont ablation, and for a discrete seed that A* returned as its best incumbent after exhausting its budget.
└ @ Main ~/projects/landmark_planning/planners/hexspline_cl.jl:1215
Landmark scenario: random — 2 landmarks, 5 obstacles, start (0.0, 0.0) → goal (800.0, 0.0)
Hex graph: 795 nodes (792 heading-states + 2 sensors + goal), radius=57.73502691896258m, directed_edges=2112, grid=13x15, start_cell=(1, 7), goal_cell=(9, 7), start_heading=0

── GREEDY PLANNING ──
  Primary: shortest obstacle-clear route (single-agent A*, no uncertainty bound)

  [Constraint A*] Goal popped, unc OK, but its B-spline breaches an obstacle; discarded.

  [Constraint A*] Goal popped, unc OK, but its B-spline breaches an obstacle; discarded.

  ✓ FEASIBLE SOLUTION at iter 54: dist=950.0, unc=10.9602
  [Constraint A*] Single-agent complete: 54 iterations, final_dist=950.0
  Helpers: greedy placement, minimising the primary's uncertainty per step
  Support 1: dist=950.0m, goal_unc=6.3958m
  Primary  : dist=950.0m, goal_unc=6.6564m (threshold 6.576131259 ✗)

=== Continuous Spline Optimization (threshold=6.5761) ===
  Initial (discrete→spline): prim_len=949.335, unc=7.0612
  Barrier stage 1/15: μ=20.0
    → Recovered into the feasible set at iter 18 (min_slack=0.004998); feasible-only gate now armed
  Barrier stage 2/15: μ=7.0
  → Converged at iter 102 (Δlen=0.000819)
  Barrier stage 3/15: μ=2.45
  Barrier stage 4/15: μ=0.8575
  Barrier stage 5/15: μ=0.3001
  Barrier stage 6/15: μ=0.105
  Barrier stage 7/15: μ=0.0368
  Barrier stage 8/15: μ=0.0129
  Barrier stage 9/15: μ=0.0045
  Barrier stage 10/15: μ=0.0016
  Barrier stage 11/15: μ=0.0006
  → Converged at iter 640 (Δlen=0.000417)
  Barrier stage 12/15: μ=0.0002
  → Converged at iter 641 (Δlen=0.000629)
  Barrier stage 13/15: μ=0.0001
  → Converged at iter 642 (Δlen=0.000683)
  Barrier stage 14/15: μ=0.0
  [Spline barrier] line search stalled; stopping at stage 14
  Barrier stage 15/15: μ=0.0
  [Spline barrier] line search stalled; stopping at stage 15
  Final: prim_len=893.176, unc=6.5712, threshold=6.5761, status=optimized, min_slack=0.0
  Obstacle re-verification: mean path clears all obstacles ✓
Fig combined (main) saved: Discrete Len=949.34 → Continuous Len=893.18
Fig uncertainty profile (main) saved: /home/tonyzhang/projects/landmark_planning/constraint_sweep/sweep_2026-08-11/greedy/s094_p060/greedy/figures/main_unc_profile.png

[greedy] produced 1 solution(s) -> /home/tonyzhang/projects/landmark_planning/constraint_sweep/sweep_2026-08-11/greedy/s094_p060/greedy
