Landmark scenario: random — 3 landmarks, 3 obstacles, start (0.0, 0.0) → goal (600.0, 0.0)
Hex graph: 652 nodes (648 heading-states + 3 sensors + goal), radius=57.73502691896258m, directed_edges=1704, grid=11x15, start_cell=(1, 7), goal_cell=(7, 7), start_heading=0
Conditional ε-bound: ε_sample=1.1925, w=1.0, ε_total=1.1925
  Bound form (conditional): L_returned ≤ (1+ε_total) L* with assumptions documented in comments.

── MULTI-AGENT PLANNING (Synchronized Kalman) ──

  Running joint discrete A* (threshold=3.5109)... (max_iters=500000)
  Stops on the first feasible candidate under the threshold.
  ✓ Goal reachable from node 1 with distance 600.0
  [A*] iter 1000/500000 (0.2%)  left=499000  elapsed=2.0s     [A*] iter 2000/500000 (0.4%)  left=498000  elapsed=2.2s     [A*] iter 3000/500000 (0.6%)  left=497000  elapsed=2.5s     [A*] iter 4000/500000 (0.8%)  left=496000  elapsed=2.5s     [A*] iter 5000/500000 (1.0%)  left=495000  elapsed=2.6s     [A*] iter 6000/500000 (1.2%)  left=494000  elapsed=2.7s     [A*] iter 7000/500000 (1.4%)  left=493000  elapsed=2.8s     [A*] iter 8000/500000 (1.6%)  left=492000  elapsed=3.0s   ┌ Warning: Seed is infeasible (min_slack=-0.3358504148242947, ε=0.001); the barrier will try to recover it before shortening. Expected for the straight_cont ablation, and for a discrete seed that A* returned as its best incumbent after exhausting its budget.
└ @ Main ~/projects/landmark_planning/planners/hexspline_cl.jl:1215

  [Constraint A*] Incumbent seed at iter 8012: dist=750.0, unc=4.0954 > 3.5109

  [Constraint A*] Incumbent seed at iter 8093: dist=750.0, unc=4.0393 > 3.5109

  ✓ FEASIBLE SOLUTION at iter 8109: dist=750.0, unc=3.4565
  [Constraint A*] Complete: 8109 iterations, final_dist=750.0

✓ Multi-agent solution with synchronized Kalman fusion:
  Support agent 1: node=255, dist=750.0m, goal_unc=2.8025m
  Primary agent: node=362, dist=750.0m, goal_unc=3.4565m
  ├─ Communication: every 100.0m, sigmoid taper range=200.0m width=20.0m
  └─ All agents' uncertainties benefit from synchronized Kalman fusion at checkpoints

--- Final Results ---
Support agent 1 : [1, 331, 289, 235, 187, 188, 194, 200, 255]  dist=750.0  goal_unc=2.8025  ✓  (Kalman-fused)
Primary agent : [1, 331, 289, 235, 236, 242, 248, 309, 362]  dist=750.0  goal_unc=3.4565  threshold=3.510942455 ✓ met  (Kalman-fused)

=== Kalman Filtering Summary ===
All 2 agents performing synchronized Kalman filtering:
  • Dead-reckoning propagation: DIR=0.05/m, PERP=0.016666666666666666/m
  • Landmark fusion: Information filter (Joseph form) at every waypoint
  • SYNCHRONIZED inter-agent communication: every 100.0m of travel
  • Tapered sigmoid weighting: range=200.0m, width=20.0m (soft plateau + rolloff)
  • Bidirectional Kalman fusion: all agent pairs within range at each checkpoint
  • Measurement model: bearing-angle sensor with noise=0.038, ratio=2.2
  └─ Support agents: goal_unc=2.8025m (improved by inter-agent fusion)
  └─ Primary agent: goal_unc=3.4565m (direct path with landmark updates)
Converged at iteration : 8109
Figure path-role mapping: supports = paths[1:1], primary = paths[2]
Discrete evaluation: prim_len=750.0, unc=3.4565
Fig 1 saved.

=== Continuous Spline Optimization (threshold=3.5109) ===
  Initial (discrete→spline): prim_len=743.295, unc=3.8468
  Barrier stage 1/15: μ=20.0
    → Recovered into the feasible set at iter 11 (min_slack=0.001199); feasible-only gate now armed
  Barrier stage 2/15: μ=7.0
  → Converged at iter 75 (Δlen=0.000171)
  Barrier stage 3/15: μ=2.45
  Barrier stage 4/15: μ=0.8575
  Barrier stage 5/15: μ=0.3001
  → Converged at iter 252 (Δlen=0.000202)
  Barrier stage 6/15: μ=0.105
  Barrier stage 7/15: μ=0.0368
  Barrier stage 8/15: μ=0.0129
  Barrier stage 9/15: μ=0.0045
  → Converged at iter 467 (Δlen=0.000284)
  Barrier stage 10/15: μ=0.0016
  → Converged at iter 468 (Δlen=0.000356)
  Barrier stage 11/15: μ=0.0006
  → Converged at iter 469 (Δlen=0.000393)
  Barrier stage 12/15: μ=0.0002
  → Converged at iter 470 (Δlen=0.000412)
  Barrier stage 13/15: μ=0.0001
  [Spline barrier] line search stalled; stopping at stage 13
  Barrier stage 14/15: μ=0.0
  [Spline barrier] line search stalled; stopping at stage 14
  Barrier stage 15/15: μ=0.0
  [Spline barrier] line search stalled; stopping at stage 15
  Final: prim_len=717.541, unc=3.2069, threshold=3.5109, status=optimized, min_slack=0.0
  Obstacle re-verification: mean path clears all obstacles ✓
Fig combined (main) saved: Discrete Len=743.3 → Continuous Len=717.54
Fig uncertainty profile (main) saved: /home/tonyzhang/projects/landmark_planning/constraint_sweep/sweep_2026-08-11/hexspline_cl/s066_p065/hexspline_cl/figures/main_unc_profile.png

[hexspline_cl] produced 1 solution(s) -> /home/tonyzhang/projects/landmark_planning/constraint_sweep/sweep_2026-08-11/hexspline_cl/s066_p065/hexspline_cl
