┌ Warning: Seed is infeasible (min_slack=-43.17001012965934, ε=0.001); the barrier will try to recover it before shortening. Expected for the straight_cont ablation, and for a discrete seed that A* returned as its best incumbent after exhausting its budget.
└ @ Main ~/projects/landmark_planning/planners/hexspline_cl.jl:1215
Landmark scenario: random — 3 landmarks, 4 obstacles, start (0.0, 0.0) → goal (800.0, 0.0)
Hex graph: 796 nodes (792 heading-states + 3 sensors + goal), radius=57.73502691896258m, directed_edges=2112, grid=13x15, start_cell=(1, 7), goal_cell=(9, 7), start_heading=0

── GREEDY PLANNING ──
  Primary: shortest obstacle-clear route (single-agent A*, no uncertainty bound)

  [Constraint A*] Goal popped, unc OK, but its B-spline breaches an obstacle; discarded.

  [Constraint A*] Goal popped, unc OK, but its B-spline breaches an obstacle; discarded.

  [Constraint A*] Goal popped, unc OK, but its B-spline breaches an obstacle; discarded.

  [Constraint A*] Goal popped, unc OK, but its B-spline breaches an obstacle; discarded.

  ✓ FEASIBLE SOLUTION at iter 86: dist=950.0, unc=6.2607
  [Constraint A*] Single-agent complete: 86 iterations, final_dist=950.0
  Helpers: greedy placement, minimising the primary's uncertainty per step
  Support 1: dist=950.0m, goal_unc=3.4229m
  Primary  : dist=950.0m, goal_unc=4.4673m (threshold 5.634640228 ✓)

=== Continuous Spline Optimization (threshold=5.6346) ===
  Initial (discrete→spline): prim_len=943.295, unc=4.7602
  Barrier stage 1/15: μ=20.0
  Barrier stage 2/15: μ=20.0
    → Recovered into the feasible set at iter 130 (min_slack=0.005092); feasible-only gate now armed
  Barrier stage 3/15: μ=7.0
  Barrier stage 4/15: μ=2.45
  Barrier stage 5/15: μ=0.8575
  → Converged at iter 316 (Δlen=0.000805)
  Barrier stage 6/15: μ=0.3001
  Barrier stage 7/15: μ=0.105
  Barrier stage 8/15: μ=0.0368
  Barrier stage 9/15: μ=0.0129
  [Spline barrier] line search stalled; stopping at stage 9
  Barrier stage 10/15: μ=0.0045
  [Spline barrier] line search stalled; stopping at stage 10
  Barrier stage 11/15: μ=0.0016
  [Spline barrier] line search stalled; stopping at stage 11
  Barrier stage 12/15: μ=0.0006
  → Converged at iter 540 (Δlen=0.00033)
  Barrier stage 13/15: μ=0.0002
  → Converged at iter 541 (Δlen=0.000649)
  Barrier stage 14/15: μ=0.0001
  → Converged at iter 542 (Δlen=0.000811)
  Barrier stage 15/15: μ=0.0
  → Converged at iter 543 (Δlen=0.000853)
  Final: prim_len=933.673, unc=4.996, threshold=5.6346, status=optimized, min_slack=7.3e-5
  Obstacle re-verification: mean path clears all obstacles ✓
Fig combined (main) saved: Discrete Len=943.3 → Continuous Len=933.67
Fig uncertainty profile (main) saved: /home/tonyzhang/projects/landmark_planning/constraint_sweep/sweep_2026-08-11/greedy/s032_p090/greedy/figures/main_unc_profile.png

[greedy] produced 1 solution(s) -> /home/tonyzhang/projects/landmark_planning/constraint_sweep/sweep_2026-08-11/greedy/s032_p090/greedy
