┌ Warning: Seed is infeasible (min_slack=-1.1224439325212643, ε=0.001); the barrier will try to recover it before shortening. Expected for the straight_cont ablation, and for a discrete seed that A* returned as its best incumbent after exhausting its budget.
└ @ Main ~/Research/landmark_planning/planners/hexspline_cl.jl:1215
Landmark scenario: random — 4 landmarks, 3 obstacles, start (0.0, 0.0) → goal (900.0, 0.0)
Hex graph: 437 nodes (432 heading-states + 4 sensors + goal), radius=86.60254037844388m, directed_edges=1104, grid=11x11, start_cell=(1, 5), goal_cell=(7, 5), start_heading=0

── SEQUENTIAL PLANNING (2 agent(s), one at a time) ──
  Leg 1 — primary, 1 helper(s) parked at start (bound 11.1051 = 2.0x the 5.552547652 threshold the shipped route is held to):

    ✓ feasible at iter 272: dist=1275.0, unc=6.1695
  Leg 2 — helper 1 vs the fixed primary trajectory (10 steps, beam 400):
    → helper 1 placed; primary goal_unc now 3.6613
  Leg 3 — primary re-planned against the committed helper paths:

    ✓ feasible at iter 346: dist=1425.0, unc=3.3638
    leg 1 route: len=1275.0, unc=3.6613 ✓  |  re-planned: len=1425.0, unc=3.3638 ✓  → keep leg 1
  Helper 1: dist=1275.0m, goal_unc=3.0151m
  Primary  : dist=1275.0m, goal_unc=3.6613m (threshold 5.552547652 ✓)

=== Continuous Spline Optimization (threshold=5.5525) ===
  Initial (discrete→spline): prim_len=1190.298, unc=3.7228
  Barrier stage 1/15: μ=20.0
    → Recovered into the feasible set at iter 1 (min_slack=0.015969); feasible-only gate now armed
  Barrier stage 2/15: μ=7.0
  → Converged at iter 73 (Δlen=0.000918)
  Barrier stage 3/15: μ=2.45
  → Converged at iter 75 (Δlen=0.000633)
  Barrier stage 4/15: μ=0.8575
  [Spline barrier] line search stalled; stopping at stage 4
  Barrier stage 5/15: μ=0.3001
  [Spline barrier] line search stalled; stopping at stage 5
  Barrier stage 6/15: μ=0.105
  [Spline barrier] line search stalled; stopping at stage 6
  Barrier stage 7/15: μ=0.0368
  [Spline barrier] line search stalled; stopping at stage 7
  Barrier stage 8/15: μ=0.0129
  [Spline barrier] line search stalled; stopping at stage 8
  Barrier stage 9/15: μ=0.0045
  → Converged at iter 81 (Δlen=0.000597)
  Barrier stage 10/15: μ=0.0016
  → Converged at iter 82 (Δlen=0.000481)
  Barrier stage 11/15: μ=0.0006
  → Converged at iter 83 (Δlen=0.000291)
  Barrier stage 12/15: μ=0.0002
  → Converged at iter 84 (Δlen=3.4e-5)
  Barrier stage 13/15: μ=0.0001
  → Converged at iter 85 (Δlen=0.000284)
  Barrier stage 14/15: μ=0.0
  → Converged at iter 86 (Δlen=0.000659)
  Barrier stage 15/15: μ=0.0
  → Converged at iter 88 (Δlen=0.000473)
  Final: prim_len=1192.027, unc=3.7738, threshold=5.5525, status=optimized, min_slack=0.015969
  Obstacle re-verification: mean path clears all obstacles ✓
Fig combined (main) saved: Discrete Len=1190.3 → Continuous Len=1192.03
Fig uncertainty profile (main) saved: /home/tony-zhang/Research/landmark_planning/constraint_sweep/smoke150/sequential/s005_p090/sequential/figures/main_unc_profile.png

[sequential] produced 1 solution(s) -> /home/tony-zhang/Research/landmark_planning/constraint_sweep/smoke150/sequential/s005_p090/sequential
