┌ Warning: Seed is infeasible (min_slack=-1.0268169533637144, ε=0.001); the barrier will try to recover it before shortening. Expected for the straight_cont ablation, and for a discrete seed that A* returned as its best incumbent after exhausting its budget.
└ @ Main ~/projects/landmark_planning/planners/hexspline_cl.jl:1215
Landmark scenario: random — 4 landmarks, 3 obstacles, start (0.0, 0.0) → goal (600.0, 0.0)
Hex graph: 653 nodes (648 heading-states + 4 sensors + goal), radius=57.73502691896258m, directed_edges=1704, grid=11x15, start_cell=(1, 7), goal_cell=(7, 7), start_heading=0

── GREEDY PLANNING ──
  Primary: shortest obstacle-clear route (single-agent A*, no uncertainty bound)

  ✓ FEASIBLE SOLUTION at iter 7: dist=550.0, unc=6.8317
  [Constraint A*] Single-agent complete: 7 iterations, final_dist=550.0
  Helpers: greedy placement, minimising the primary's uncertainty per step
  Support 1: dist=550.0m, goal_unc=6.8317m
  Primary  : dist=550.0m, goal_unc=6.8317m (threshold 5.806943528 ✗)

=== Continuous Spline Optimization (threshold=5.8069) ===
  Initial (discrete→spline): prim_len=600.0, unc=6.8338
  Barrier stage 1/15: μ=20.0
  Barrier stage 2/15: μ=20.0
  Barrier stage 3/15: μ=20.0
  Barrier stage 4/15: μ=20.0
    → Recovered into the feasible set at iter 213 (min_slack=0.004079); feasible-only gate now armed
  → Converged at iter 220 (Δlen=0.000557)
  Barrier stage 5/15: μ=7.0
  → Converged at iter 221 (Δlen=0.000702)
  Barrier stage 6/15: μ=2.45
  → Converged at iter 222 (Δlen=0.000819)
  Barrier stage 7/15: μ=0.8575
  → Converged at iter 223 (Δlen=0.000867)
  Barrier stage 8/15: μ=0.3001
  [Spline barrier] line search stalled; stopping at stage 8
  Barrier stage 9/15: μ=0.105
  [Spline barrier] line search stalled; stopping at stage 9
  Barrier stage 10/15: μ=0.0368
  → Converged at iter 226 (Δlen=0.000864)
  Barrier stage 11/15: μ=0.0129
  → Converged at iter 227 (Δlen=0.000849)
  Barrier stage 12/15: μ=0.0045
  → Converged at iter 228 (Δlen=0.000833)
  Barrier stage 13/15: μ=0.0016
  → Converged at iter 229 (Δlen=0.000825)
  Barrier stage 14/15: μ=0.0006
  → Converged at iter 230 (Δlen=0.00082)
  Barrier stage 15/15: μ=0.0002
  → Converged at iter 231 (Δlen=0.000785)
  Final: prim_len=604.317, unc=5.701, threshold=5.8069, status=optimized, min_slack=0.004231
  Obstacle re-verification: mean path clears all obstacles ✓
Fig combined (main) saved: Discrete Len=600.0 → Continuous Len=604.32
Fig uncertainty profile (main) saved: /home/tonyzhang/projects/landmark_planning/constraint_sweep/sweep_2026-08-11/greedy/s077_p085/greedy/figures/main_unc_profile.png

[greedy] produced 1 solution(s) -> /home/tonyzhang/projects/landmark_planning/constraint_sweep/sweep_2026-08-11/greedy/s077_p085/greedy
