Landmark scenario: random — 2 landmarks, 3 obstacles, start (0.0, 0.0) → goal (600.0, 0.0)
Hex graph: 651 nodes (648 heading-states + 2 sensors + goal), radius=57.73502691896258m, directed_edges=1704, grid=11x15, start_cell=(1, 7), goal_cell=(7, 7), start_heading=0
Conditional ε-bound: ε_sample=1.1925, w=1.0, ε_total=1.1925
  Bound form (conditional): L_returned ≤ (1+ε_total) L* with assumptions documented in comments.

── MULTI-AGENT PLANNING (Synchronized Kalman) ──

  Running joint discrete A* (threshold=5.8962)... (max_iters=500000)
  Stops on the first feasible candidate under the threshold.
  ✓ Goal reachable from node 1 with distance 600.0

  [Constraint A*] Incumbent seed at iter 18: dist=650.0, unc=6.9161 > 5.8962

  ✓ FEASIBLE SOLUTION at iter 19: dist=650.0, unc=4.2668
  [Constraint A*] Complete: 19 iterations, final_dist=650.0

✓ Multi-agent solution with synchronized Kalman fusion:
  Support agent 1: node=249, dist=650.0m, goal_unc=3.3165m
  Primary agent: node=362, dist=650.0m, goal_unc=4.2668m
  ├─ Communication: every 100.0m, sigmoid taper range=200.0m width=20.0m
  └─ All agents' uncertainties benefit from synchronized Kalman fusion at checkpoints

--- Final Results ---
Support agent 1 : [1, 331, 337, 295, 241, 193, 194, 249]  dist=650.0  goal_unc=3.3165  ✓  (Kalman-fused)
Primary agent : [1, 331, 289, 290, 296, 302, 308, 362]  dist=650.0  goal_unc=4.2668  threshold=5.896196181 ✓ met  (Kalman-fused)

=== Kalman Filtering Summary ===
All 2 agents performing synchronized Kalman filtering:
  • Dead-reckoning propagation: DIR=0.05/m, PERP=0.016666666666666666/m
  • Landmark fusion: Information filter (Joseph form) at every waypoint
  • SYNCHRONIZED inter-agent communication: every 100.0m of travel
  • Tapered sigmoid weighting: range=200.0m, width=20.0m (soft plateau + rolloff)
  • Bidirectional Kalman fusion: all agent pairs within range at each checkpoint
  • Measurement model: bearing-angle sensor with noise=0.038, ratio=2.2
  └─ Support agents: goal_unc=3.3165m (improved by inter-agent fusion)
  └─ Primary agent: goal_unc=4.2668m (direct path with landmark updates)
Converged at iteration : 19
Figure path-role mapping: supports = paths[1:1], primary = paths[2]
Discrete evaluation: prim_len=650.0, unc=4.2668
Fig 1 saved.

=== Continuous Spline Optimization (threshold=5.8962) ===
  Initial (discrete→spline): prim_len=650.13, unc=4.5689
  Barrier stage 1/15: μ=20.0
  → Converged at iter 54 (Δlen=0.000596)
  Barrier stage 2/15: μ=7.0
  → Converged at iter 55 (Δlen=0.000717)
  Barrier stage 3/15: μ=2.45
  → Converged at iter 56 (Δlen=0.0008)
  Barrier stage 4/15: μ=0.8575
  [Spline barrier] line search stalled; stopping at stage 4
  Barrier stage 5/15: μ=0.3001
  Barrier stage 6/15: μ=0.105
  Barrier stage 7/15: μ=0.0368
  Barrier stage 8/15: μ=0.0129
  Barrier stage 9/15: μ=0.0045
  → Converged at iter 344 (Δlen=5.8e-5)
  Barrier stage 10/15: μ=0.0016
  [Spline barrier] line search stalled; stopping at stage 10
  Barrier stage 11/15: μ=0.0006
  → Converged at iter 348 (Δlen=0.000924)
  Barrier stage 12/15: μ=0.0002
  → Converged at iter 350 (Δlen=2.9e-5)
  Barrier stage 13/15: μ=0.0001
  → Converged at iter 351 (Δlen=4.3e-5)
  Barrier stage 14/15: μ=0.0
  [Spline barrier] line search stalled; stopping at stage 14
  Barrier stage 15/15: μ=0.0
  [Spline barrier] line search stalled; stopping at stage 15
  Final: prim_len=606.915, unc=5.8962, threshold=5.8962, status=optimized, min_slack=5.0e-6
  Obstacle re-verification: mean path clears all obstacles ✓
Fig combined (main) saved: Discrete Len=650.13 → Continuous Len=606.92
Fig uncertainty profile (main) saved: /home/tonyzhang/projects/landmark_planning/constraint_sweep/sweep_2026-08-11/hexspline_cl/s006_p065/hexspline_cl/figures/main_unc_profile.png

[hexspline_cl] produced 1 solution(s) -> /home/tonyzhang/projects/landmark_planning/constraint_sweep/sweep_2026-08-11/hexspline_cl/s006_p065/hexspline_cl
