Landmark scenario: random — 4 landmarks, 2 obstacles, start (0.0, 0.0) → goal (600.0, 0.0)
Hex graph: 299 nodes (294 heading-states + 4 sensors + goal), radius=86.60254037844388m, directed_edges=726, grid=9x11, start_cell=(2, 5), goal_cell=(6, 5), start_heading=0

── SEQUENTIAL PLANNING (2 agent(s), one at a time) ──
  Leg 1 — primary, 1 helper(s) parked at start (bound 10.2013 = 2.0x the 5.100641227 threshold the shipped route is held to):

    ✓ feasible at iter 142: dist=1200.0, unc=5.6674
  Leg 2 — helper 1 vs the fixed primary trajectory (9 steps, beam 400):
    (took rank #33 of 400; 32 better-ranked route(s) breach as splines)
    → helper 1 placed; primary goal_unc now 5.0876
  Leg 3 — primary re-planned against the committed helper paths:
  [A*] iter 1000/1000000 (0.1%)  left=999000  elapsed=0.1s     [A*] iter 2000/1000000 (0.2%)  left=998000  elapsed=0.1s   
    re-plan found nothing; keeping the leg 1 route.
  Helper 1: dist=1200.0m, goal_unc=5.0864m
  Primary  : dist=1200.0m, goal_unc=5.0876m (threshold 5.100641227 ✓)

=== Continuous Spline Optimization (threshold=5.1006) ===
  Initial (discrete→spline): prim_len=1120.16, unc=5.0876
  Barrier stage 1/15: μ=20.0
  → Converged at iter 48 (Δlen=0.000399)
  Barrier stage 2/15: μ=7.0
  → Converged at iter 96 (Δlen=0.000937)
  Barrier stage 3/15: μ=2.45
  Barrier stage 4/15: μ=0.8575
  Barrier stage 5/15: μ=0.3001
  Barrier stage 6/15: μ=0.105
  Barrier stage 7/15: μ=0.0368
  Barrier stage 8/15: μ=0.0129
  Barrier stage 9/15: μ=0.0045
  Barrier stage 10/15: μ=0.0016
  Barrier stage 11/15: μ=0.0006
  Barrier stage 12/15: μ=0.0002
  Barrier stage 13/15: μ=0.0001
  Barrier stage 14/15: μ=0.0
  Barrier stage 15/15: μ=0.0
  Final: prim_len=1120.16, unc=5.0876, threshold=5.1006, status=seed_only, min_slack=0.013045
  Obstacle re-verification: mean path clears all obstacles ✓
Fig combined (main) saved: Discrete Len=1120.16 → Continuous Len=1120.16
Fig uncertainty profile (main) saved: /home/tonyzhang/projects/landmark_planning/constraint_sweep/baseline_2026-08-17/sequential/s033_p090/sequential/figures/main_unc_profile.png

[sequential] produced 1 solution(s) -> /home/tonyzhang/projects/landmark_planning/constraint_sweep/baseline_2026-08-17/sequential/s033_p090/sequential
