┌ Warning: Seed is infeasible (min_slack=-3.8299230727146467, ε=0.001); the barrier will try to recover it before shortening. Expected for the straight_cont ablation, and for a discrete seed that A* returned as its best incumbent after exhausting its budget.
└ @ Main ~/projects/landmark_planning/planners/hexspline_cl.jl:1215
Landmark scenario: random — 4 landmarks, 4 obstacles, start (0.0, 0.0) → goal (600.0, 0.0)
Hex graph: 653 nodes (648 heading-states + 4 sensors + goal), radius=57.73502691896258m, directed_edges=1704, grid=11x15, start_cell=(1, 7), goal_cell=(7, 7), start_heading=0

── FORMATION PLANNING ──
  Primary: single-agent hexspline A* (threshold 5.579189958); supports added afterwards.

  [Constraint A*] Goal popped, unc OK, but its B-spline breaches an obstacle; discarded.

  [Constraint A*] Incumbent seed at iter 55: dist=786.603, unc=7.4389 > 5.5792

  ✓ FEASIBLE SOLUTION at iter 58: dist=786.603, unc=5.3447
  [Constraint A*] Single-agent complete: 58 iterations, final_dist=786.603
  One support: trying both lateral slots (+1 = 60° left, -1 = 60° right).
  Slot [1]: unc=4.0832 ✓
  Slot [-1]: unc=5.3376 ✓
  → Chose slot [1]
  Support 1 (slot 1): dist=750.0m, goal_unc=3.6796m, arc drift vs primary=-36.6m
  Primary : dist=786.6m, goal_unc=4.0832m (threshold 5.579189958 ✓)

=== Continuous Spline Optimization (threshold=5.5792) ===
  Initial (discrete→spline): prim_len=783.106, unc=3.9605
  Barrier stage 1/15: μ=20.0
    → Recovered into the feasible set at iter 8 (min_slack=0.011406); feasible-only gate now armed
  Barrier stage 2/15: μ=7.0
  → Converged at iter 93 (Δlen=0.000848)
  Barrier stage 3/15: μ=2.45
  → Converged at iter 95 (Δlen=0.000186)
  Barrier stage 4/15: μ=0.8575
  → Converged at iter 96 (Δlen=0.000303)
  Barrier stage 5/15: μ=0.3001
  Barrier stage 6/15: μ=0.105
  Barrier stage 7/15: μ=0.0368
  Barrier stage 8/15: μ=0.0129
  → Converged at iter 324 (Δlen=0.000723)
  Barrier stage 9/15: μ=0.0045
  → Converged at iter 325 (Δlen=0.000907)
  Barrier stage 10/15: μ=0.0016
  [Spline barrier] line search stalled; stopping at stage 10
  Barrier stage 11/15: μ=0.0006
  [Spline barrier] line search stalled; stopping at stage 11
  Barrier stage 12/15: μ=0.0002
  [Spline barrier] line search stalled; stopping at stage 12
  Barrier stage 13/15: μ=0.0001
  [Spline barrier] line search stalled; stopping at stage 13
  Barrier stage 14/15: μ=0.0
  [Spline barrier] line search stalled; stopping at stage 14
  Barrier stage 15/15: μ=0.0
  [Spline barrier] line search stalled; stopping at stage 15
  Final: prim_len=745.24, unc=3.3148, threshold=5.5792, status=optimized, min_slack=0.0
  Obstacle re-verification: mean path clears all obstacles ✓
Fig combined (main) saved: Discrete Len=783.11 → Continuous Len=745.24
Fig uncertainty profile (main) saved: /home/tonyzhang/projects/landmark_planning/constraint_sweep/sweep_2026-08-11/formation/s041_p075/formation/figures/main_unc_profile.png

[formation] produced 1 solution(s) -> /home/tonyzhang/projects/landmark_planning/constraint_sweep/sweep_2026-08-11/formation/s041_p075/formation
