┌ Warning: Seed is infeasible (min_slack=-1.5789103424413442, ε=0.001); the barrier will try to recover it before shortening. Expected for the straight_cont ablation, and for a discrete seed that A* returned as its best incumbent after exhausting its budget.
└ @ Main ~/projects/landmark_planning/planners/hexspline_cl.jl:1207
Landmark scenario: random — 4 landmarks, 2 obstacles, start (0.0, 0.0) → goal (600.0, 0.0)
Hex graph: 299 nodes (294 heading-states + 4 sensors + goal), radius=86.60254037844388m, directed_edges=726, grid=9x11, start_cell=(2, 5), goal_cell=(6, 5), start_heading=0

── GREEDY PLANNING ──
  Primary: shortest obstacle-clear route (single-agent A*, no uncertainty bound)

  [Constraint A*] Goal popped, unc OK, but its B-spline breaches an obstacle; discarded.

  [Constraint A*] Goal popped, unc OK, but its B-spline breaches an obstacle; discarded.

  [Constraint A*] Goal popped, unc OK, but its B-spline breaches an obstacle; discarded.

  [Constraint A*] Goal popped, unc OK, but its B-spline breaches an obstacle; discarded.

  ✓ FEASIBLE SOLUTION at iter 40: dist=900.0, unc=5.1636
  [Constraint A*] Single-agent complete: 40 iterations, final_dist=900.0
  Helpers: greedy placement, minimising the primary's uncertainty per step
  Support 1: dist=900.0m, goal_unc=4.4444m
  Primary  : dist=900.0m, goal_unc=4.6771m (threshold 3.098144661 ✗)

=== Continuous Spline Optimization (threshold=3.0981) ===
  Initial (discrete→spline): prim_len=854.736, unc=4.6771
  Barrier stage 1/15: μ=20.0
  Barrier stage 2/15: μ=20.0
    → Recovered into the feasible set at iter 81 (min_slack=0.006261); feasible-only gate now armed
  → Converged at iter 87 (Δlen=0.000727)
  Barrier stage 3/15: μ=7.0
  → Converged at iter 89 (Δlen=1.8e-5)
  Barrier stage 4/15: μ=2.45
  → Converged at iter 90 (Δlen=2.6e-5)
  Barrier stage 5/15: μ=0.8575
  [Spline barrier] line search stalled; stopping at stage 5
  Barrier stage 6/15: μ=0.3001
  → Converged at iter 92 (Δlen=3.4e-5)
  Barrier stage 7/15: μ=0.105
  [Spline barrier] line search stalled; stopping at stage 7
  Barrier stage 8/15: μ=0.0368
  [Spline barrier] line search stalled; stopping at stage 8
  Barrier stage 9/15: μ=0.0129
  [Spline barrier] line search stalled; stopping at stage 9
  Barrier stage 10/15: μ=0.0045
  → Converged at iter 99 (Δlen=0.000629)
  Barrier stage 11/15: μ=0.0016
  → Converged at iter 103 (Δlen=3.3e-5)
  Barrier stage 12/15: μ=0.0006
  → Converged at iter 104 (Δlen=5.0e-5)
  Barrier stage 13/15: μ=0.0002
  → Converged at iter 105 (Δlen=6.5e-5)
  Barrier stage 14/15: μ=0.0001
  [Spline barrier] line search stalled; stopping at stage 14
  Barrier stage 15/15: μ=0.0
  [Spline barrier] line search stalled; stopping at stage 15
  Final: prim_len=840.161, unc=3.0981, threshold=3.0981, status=optimized, min_slack=1.0e-6
  Obstacle re-verification: mean path clears all obstacles ✓
Fig combined (main) saved: Discrete Len=854.74 → Continuous Len=840.16
Fig uncertainty profile (main) saved: /home/tonyzhang/projects/landmark_planning/constraint_sweep/baseline_2026-08-17/greedy/s073_p060/greedy/figures/main_unc_profile.png

[greedy] produced 1 solution(s) -> /home/tonyzhang/projects/landmark_planning/constraint_sweep/baseline_2026-08-17/greedy/s073_p060/greedy
