┌ Warning: Seed is infeasible (min_slack=-6.092577511433828, ε=0.001); the barrier will try to recover it before shortening. Expected for the straight_cont ablation, and for a discrete seed that A* returned as its best incumbent after exhausting its budget.
└ @ Main ~/projects/landmark_planning/planners/hexspline_cl.jl:1215
Landmark scenario: random — 4 landmarks, 5 obstacles, start (0.0, 0.0) → goal (700.0, 0.0)
Hex graph: 725 nodes (720 heading-states + 4 sensors + goal), radius=57.73502691896258m, directed_edges=1908, grid=12x15, start_cell=(1, 7), goal_cell=(8, 7), start_heading=0

── GREEDY PLANNING ──
  Primary: shortest obstacle-clear route (single-agent A*, no uncertainty bound)

  [Constraint A*] Goal popped, unc OK, but its B-spline breaches an obstacle; discarded.

  [Constraint A*] Goal popped, unc OK, but its B-spline breaches an obstacle; discarded.

  [Constraint A*] Goal popped, unc OK, but its B-spline breaches an obstacle; discarded.

  [Constraint A*] Goal popped, unc OK, but its B-spline breaches an obstacle; discarded.

  [Constraint A*] Goal popped, unc OK, but its B-spline breaches an obstacle; discarded.

  [Constraint A*] Goal popped, unc OK, but its B-spline breaches an obstacle; discarded.

  [Constraint A*] Goal popped, unc OK, but its B-spline breaches an obstacle; discarded.

  [Constraint A*] Goal popped, unc OK, but its B-spline breaches an obstacle; discarded.

  [Constraint A*] Goal popped, unc OK, but its B-spline breaches an obstacle; discarded.

  ✓ FEASIBLE SOLUTION at iter 284: dist=1050.0, unc=5.1797
  [Constraint A*] Single-agent complete: 284 iterations, final_dist=1050.0
  Helpers: greedy placement, minimising the primary's uncertainty per step
  Support 1: dist=1050.0m, goal_unc=1.0638m
  Primary  : dist=1050.0m, goal_unc=5.1797m (threshold 3.884791434 ✗)

=== Continuous Spline Optimization (threshold=3.8848) ===
  Initial (discrete→spline): prim_len=997.411, unc=4.5183
  Barrier stage 1/15: μ=20.0
  Barrier stage 2/15: μ=20.0
  Barrier stage 3/15: μ=20.0
  Barrier stage 4/15: μ=20.0
    → Recovered into the feasible set at iter 242 (min_slack=0.000993); feasible-only gate now armed
  Barrier stage 5/15: μ=7.0
  [Spline barrier] line search stalled; stopping at stage 5
  Barrier stage 6/15: μ=2.45
  [Spline barrier] line search stalled; stopping at stage 6
  Barrier stage 7/15: μ=0.8575
  [Spline barrier] line search stalled; stopping at stage 7
  Barrier stage 8/15: μ=0.3001
  [Spline barrier] line search stalled; stopping at stage 8
  Barrier stage 9/15: μ=0.105
  Barrier stage 10/15: μ=0.0368
  Barrier stage 11/15: μ=0.0129
  → Converged at iter 450 (Δlen=0.000887)
  Barrier stage 12/15: μ=0.0045
  → Converged at iter 452 (Δlen=0.000111)
  Barrier stage 13/15: μ=0.0016
  [Spline barrier] line search stalled; stopping at stage 13
  Barrier stage 14/15: μ=0.0006
  [Spline barrier] line search stalled; stopping at stage 14
  Barrier stage 15/15: μ=0.0002
  [Spline barrier] line search stalled; stopping at stage 15
  Final: prim_len=1012.601, unc=3.8822, threshold=3.8848, status=optimized, min_slack=0.0
  Obstacle re-verification: mean path clears all obstacles ✓
Fig combined (main) saved: Discrete Len=997.41 → Continuous Len=1012.6
Fig uncertainty profile (main) saved: /home/tonyzhang/projects/landmark_planning/constraint_sweep/sweep_2026-08-11/greedy/s087_p075/greedy/figures/main_unc_profile.png

[greedy] produced 1 solution(s) -> /home/tonyzhang/projects/landmark_planning/constraint_sweep/sweep_2026-08-11/greedy/s087_p075/greedy
