Landmark scenario: random — 4 landmarks, 3 obstacles, start (0.0, 0.0) → goal (600.0, 0.0)
Hex graph: 653 nodes (648 heading-states + 4 sensors + goal), radius=57.73502691896258m, directed_edges=1704, grid=11x15, start_cell=(1, 7), goal_cell=(7, 7), start_heading=0

── SEQUENTIAL PLANNING (2 agent(s), one at a time) ──
  Leg 1 — primary, 1 helper(s) parked at start (bound 8.5123 = 2.0x the 4.256146056 threshold the shipped route is held to):

    ✓ feasible at iter 261: dist=950.0, unc=4.2561
  Leg 2 — helper 1 vs the fixed primary trajectory (11 steps, beam 400):
    → helper 1 placed; primary goal_unc now 3.279
  Leg 3 — primary re-planned against the committed helper paths:

    ✓ feasible at iter 876: dist=1186.603, unc=4.003
    leg 1 route: len=950.0, unc=3.279 ✓  |  re-planned: len=1186.6, unc=4.003 ✓  → keep leg 1
  Helper 1: dist=950.0m, goal_unc=3.1017m
  Primary  : dist=950.0m, goal_unc=3.279m (threshold 4.256146056 ✓)

=== Continuous Spline Optimization (threshold=4.2561) ===
  Initial (discrete→spline): prim_len=944.282, unc=3.7481
  Barrier stage 1/15: μ=20.0
  Barrier stage 2/15: μ=7.0
  → Converged at iter 72 (Δlen=0.00079)
  Barrier stage 3/15: μ=2.45
  → Converged at iter 73 (Δlen=0.000882)
  Barrier stage 4/15: μ=0.8575
  → Converged at iter 74 (Δlen=0.000855)
  Barrier stage 5/15: μ=0.3001
  Barrier stage 6/15: μ=0.105
  Barrier stage 7/15: μ=0.0368
  [Spline barrier] line search stalled; stopping at stage 7
  Barrier stage 8/15: μ=0.0129
  [Spline barrier] line search stalled; stopping at stage 8
  Barrier stage 9/15: μ=0.0045
  [Spline barrier] line search stalled; stopping at stage 9
  Barrier stage 10/15: μ=0.0016
  [Spline barrier] line search stalled; stopping at stage 10
  Barrier stage 11/15: μ=0.0006
  [Spline barrier] line search stalled; stopping at stage 11
  Barrier stage 12/15: μ=0.0002
  [Spline barrier] line search stalled; stopping at stage 12
  Barrier stage 13/15: μ=0.0001
  [Spline barrier] line search stalled; stopping at stage 13
  Barrier stage 14/15: μ=0.0
  [Spline barrier] line search stalled; stopping at stage 14
  Barrier stage 15/15: μ=0.0
  → Converged at iter 235 (Δlen=0.000815)
  Final: prim_len=880.041, unc=2.4412, threshold=4.2561, status=optimized, min_slack=0.000115
  Obstacle re-verification: mean path clears all obstacles ✓
Fig combined (main) saved: Discrete Len=944.28 → Continuous Len=880.04
Fig uncertainty profile (main) saved: /home/tonyzhang/projects/landmark_planning/constraint_sweep/sweep_2026-08-11/sequential/s098_p100/sequential/figures/main_unc_profile.png

[sequential] produced 1 solution(s) -> /home/tonyzhang/projects/landmark_planning/constraint_sweep/sweep_2026-08-11/sequential/s098_p100/sequential
