Landmark scenario: random — 2 landmarks, 3 obstacles, start (0.0, 0.0) → goal (600.0, 0.0)
Hex graph: 297 nodes (294 heading-states + 2 sensors + goal), radius=86.60254037844388m, directed_edges=726, grid=9x11, start_cell=(2, 5), goal_cell=(6, 5), start_heading=0

── SEQUENTIAL PLANNING (2 agent(s), one at a time) ──
  Leg 1 — primary, 1 helper(s) parked at start (bound 16.1418 = 2.0x the 8.070917211 threshold the shipped route is held to):

    ✓ feasible at iter 9: dist=750.0, unc=7.1207
  Leg 2 — helper 1 vs the fixed primary trajectory (6 steps, beam 400):
    (took rank #2 of 20; 1 better-ranked route(s) breach as splines)
    → helper 1 placed; primary goal_unc now 3.8008
  Leg 3 — primary re-planned against the committed helper paths:

    ✓ feasible at iter 7: dist=750.0, unc=3.5192
    leg 1 route: len=750.0, unc=3.8008 ✓  |  re-planned: len=750.0, unc=3.5192 ✓  → TAKE re-plan
  Helper 1: dist=750.0m, goal_unc=3.4995m
  Primary  : dist=750.0m, goal_unc=3.5192m (threshold 8.070917211 ✓)

=== Continuous Spline Optimization (threshold=8.0709) ===
  Initial (discrete→spline): prim_len=685.869, unc=3.5192
  Barrier stage 1/15: μ=20.0
  → Converged at iter 26 (Δlen=0.000513)
  Barrier stage 2/15: μ=7.0
  Barrier stage 3/15: μ=2.45
  Barrier stage 4/15: μ=0.8575
  → Converged at iter 181 (Δlen=0.000957)
  Barrier stage 5/15: μ=0.3001
  Barrier stage 6/15: μ=0.105
  Barrier stage 7/15: μ=0.0368
  Barrier stage 8/15: μ=0.0129
  → Converged at iter 397 (Δlen=0.000787)
  Barrier stage 9/15: μ=0.0045
  → Converged at iter 399 (Δlen=9.9e-5)
  Barrier stage 10/15: μ=0.0016
  → Converged at iter 400 (Δlen=0.000148)
  Barrier stage 11/15: μ=0.0006
  → Converged at iter 401 (Δlen=0.000161)
  Barrier stage 12/15: μ=0.0002
  [Spline barrier] line search stalled; stopping at stage 12
  Barrier stage 13/15: μ=0.0001
  [Spline barrier] line search stalled; stopping at stage 13
  Barrier stage 14/15: μ=0.0
  [Spline barrier] line search stalled; stopping at stage 14
  Barrier stage 15/15: μ=0.0
  [Spline barrier] line search stalled; stopping at stage 15
  Final: prim_len=651.958, unc=3.1452, threshold=8.0709, status=optimized, min_slack=0.0
  Obstacle re-verification: mean path clears all obstacles ✓
Fig combined (main) saved: Discrete Len=685.87 → Continuous Len=651.96
Fig uncertainty profile (main) saved: /home/tonyzhang/projects/landmark_planning/constraint_sweep/baseline_2026-08-17/sequential/s061_p090/sequential/figures/main_unc_profile.png

[sequential] produced 1 solution(s) -> /home/tonyzhang/projects/landmark_planning/constraint_sweep/baseline_2026-08-17/sequential/s061_p090/sequential
