┌ Warning: Seed is infeasible (min_slack=-0.021318997817942886, ε=0.001); the barrier will try to recover it before shortening. Expected for the straight_cont ablation, and for a discrete seed that A* returned as its best incumbent after exhausting its budget.
└ @ Main ~/projects/landmark_planning/planners/hexspline_cl.jl:1215
Landmark scenario: random — 4 landmarks, 3 obstacles, start (0.0, 0.0) → goal (700.0, 0.0)
Hex graph: 725 nodes (720 heading-states + 4 sensors + goal), radius=57.73502691896258m, directed_edges=1908, grid=12x15, start_cell=(1, 7), goal_cell=(8, 7), start_heading=0

── SEQUENTIAL PLANNING (2 agent(s), one at a time) ──
  Leg 1 — primary, 1 helper(s) parked at start (bound 7.3478 = 2.0x the 3.673923602 threshold the shipped route is held to):

    ✓ feasible at iter 136: dist=950.0, unc=4.8986
  Leg 2 — helper 1 vs the fixed primary trajectory (11 steps, beam 400):
    → helper 1 placed; primary goal_unc now 3.2529
  Leg 3 — primary re-planned against the committed helper paths:

    ✓ feasible at iter 117: dist=950.0, unc=3.2529
    leg 1 route: len=950.0, unc=3.2529 ✓  |  re-planned: len=950.0, unc=3.2529 ✓  → TAKE re-plan
  Helper 1: dist=950.0m, goal_unc=2.6984m
  Primary  : dist=950.0m, goal_unc=3.2529m (threshold 3.673923602 ✓)

=== Continuous Spline Optimization (threshold=3.6739) ===
  Initial (discrete→spline): prim_len=920.498, unc=3.6952
  Barrier stage 1/15: μ=20.0
    → Recovered into the feasible set at iter 1 (min_slack=0.011302); feasible-only gate now armed
  Barrier stage 2/15: μ=7.0
  → Converged at iter 80 (Δlen=0.000672)
  Barrier stage 3/15: μ=2.45
  Barrier stage 4/15: μ=0.8575
  Barrier stage 5/15: μ=0.3001
  Barrier stage 6/15: μ=0.105
  Barrier stage 7/15: μ=0.0368
  Barrier stage 8/15: μ=0.0129
  [Spline barrier] line search stalled; stopping at stage 8
  Barrier stage 9/15: μ=0.0045
  → Converged at iter 465 (Δlen=0.000644)
  Barrier stage 10/15: μ=0.0016
  → Converged at iter 466 (Δlen=0.00088)
  Barrier stage 11/15: μ=0.0006
  [Spline barrier] line search stalled; stopping at stage 11
  Barrier stage 12/15: μ=0.0002
  → Converged at iter 469 (Δlen=0.000458)
  Barrier stage 13/15: μ=0.0001
  → Converged at iter 470 (Δlen=0.000719)
  Barrier stage 14/15: μ=0.0
  [Spline barrier] line search stalled; stopping at stage 14
  Barrier stage 15/15: μ=0.0
  [Spline barrier] line search stalled; stopping at stage 15
  Final: prim_len=880.299, unc=3.3839, threshold=3.6739, status=optimized, min_slack=1.0e-5
  Obstacle re-verification: mean path clears all obstacles ✓
Fig combined (main) saved: Discrete Len=920.5 → Continuous Len=880.3
Fig uncertainty profile (main) saved: /home/tonyzhang/projects/landmark_planning/constraint_sweep/sweep_2026-08-11/sequential/s004_p075/sequential/figures/main_unc_profile.png

[sequential] produced 1 solution(s) -> /home/tonyzhang/projects/landmark_planning/constraint_sweep/sweep_2026-08-11/sequential/s004_p075/sequential
