Landmark scenario: random — 4 landmarks, 3 obstacles, start (0.0, 0.0) → goal (800.0, 0.0)
Hex graph: 797 nodes (792 heading-states + 4 sensors + goal), radius=57.73502691896258m, directed_edges=2112, grid=13x15, start_cell=(1, 7), goal_cell=(9, 7), start_heading=0
Conditional ε-bound: ε_sample=1.1443, w=1.0, ε_total=1.1443
  Bound form (conditional): L_returned ≤ (1+ε_total) L* with assumptions documented in comments.

── MULTI-AGENT PLANNING (Synchronized Kalman) ──

  Running joint discrete A* (threshold=8.9691)... (max_iters=500000)
  Stops on the first feasible candidate under the threshold.
  ✓ Goal reachable from node 1 with distance 800.0
  [A*] iter 1000/500000 (0.2%)  left=499000  elapsed=2.5s     [A*] iter 2000/500000 (0.4%)  left=498000  elapsed=2.8s     [A*] iter 3000/500000 (0.6%)  left=497000  elapsed=2.9s   
  ✓ FEASIBLE SOLUTION at iter 3312: dist=850.0, unc=5.5595
  [Constraint A*] Complete: 3312 iterations, final_dist=850.0

✓ Multi-agent solution with synchronized Kalman fusion:
  Support agent 1: node=181, dist=850.0m, goal_unc=1.1514m
  Primary agent: node=446, dist=850.0m, goal_unc=5.5595m
  ├─ Communication: every 100.0m, sigmoid taper range=200.0m width=20.0m
  └─ All agents' uncertainties benefit from synchronized Kalman fusion at checkpoints

--- Final Results ---
Support agent 1 : [1, 403, 409, 355, 356, 362, 301, 302, 247, 181]  dist=850.0  goal_unc=1.1514  ✓  (Kalman-fused)
Primary agent : [1, 403, 409, 355, 356, 362, 368, 374, 380, 446]  dist=850.0  goal_unc=5.5595  threshold=8.969144563 ✓ met  (Kalman-fused)

=== Kalman Filtering Summary ===
All 2 agents performing synchronized Kalman filtering:
  • Dead-reckoning propagation: DIR=0.05/m, PERP=0.016666666666666666/m
  • Landmark fusion: Information filter (Joseph form) at every waypoint
  • SYNCHRONIZED inter-agent communication: every 100.0m of travel
  • Tapered sigmoid weighting: range=200.0m, width=20.0m (soft plateau + rolloff)
  • Bidirectional Kalman fusion: all agent pairs within range at each checkpoint
  • Measurement model: bearing-angle sensor with noise=0.038, ratio=2.2
  └─ Support agents: goal_unc=1.1514m (improved by inter-agent fusion)
  └─ Primary agent: goal_unc=5.5595m (direct path with landmark updates)
Converged at iteration : 3312
Figure path-role mapping: supports = paths[1:1], primary = paths[2]
Discrete evaluation: prim_len=850.0, unc=5.5595
Fig 1 saved.
Discrete-only spline: prim_len=847.836, unc=5.8196

[discrete_only] produced 1 solution(s) -> /home/tonyzhang/projects/landmark_planning/constraint_sweep/sweep_2026-08-11/discrete_only/s101_p095/discrete_only
