Landmark scenario: random — 4 landmarks, 2 obstacles, start (0.0, 0.0) → goal (600.0, 0.0)
Hex graph: 299 nodes (294 heading-states + 4 sensors + goal), radius=86.60254037844388m, directed_edges=726, grid=9x11, start_cell=(2, 5), goal_cell=(6, 5), start_heading=0
Conditional ε-bound: ε_sample=1.2887, w=1.0, ε_total=1.2887
  Bound form (conditional): L_returned ≤ (1+ε_total) L* with assumptions documented in comments.

── MULTI-AGENT PLANNING (Synchronized Kalman) ──

  Running joint discrete A* (threshold=5.3912)... (max_iters=1000000)
  Stops on the first feasible candidate under the threshold.
  ✓ Goal reachable from node 1 with distance 600.0

  [Constraint A*] Incumbent seed at iter 28: dist=750.0, unc=5.7681 > 5.3912

  ✓ FEASIBLE SOLUTION at iter 82: dist=750.0, unc=3.5707
  [Constraint A*] Complete: 82 iterations, final_dist=750.0

✓ Multi-agent solution with synchronized Kalman fusion:
  Support agent 1: node=117, dist=750.0m, goal_unc=3.016m
  Primary agent: node=157, dist=750.0m, goal_unc=3.5707m
  ├─ Communication: every 100.0m, sigmoid taper range=300.0m width=20.0m
  └─ All agents' uncertainties benefit from synchronized Kalman fusion at checkpoints

--- Final Results ---
Support agent 1 : [1, 139, 109, 67, 68, 117]  dist=750.0  goal_unc=3.016  ✓  (Kalman-fused)
Primary agent : [1, 103, 104, 110, 152, 157]  dist=750.0  goal_unc=3.5707  threshold=5.39119648 ✓ met  (Kalman-fused)

=== Kalman Filtering Summary ===
All 2 agents performing synchronized Kalman filtering:
  • Dead-reckoning propagation: DIR=0.05/m, PERP=0.016666666666666666/m
  • Landmark fusion: Information filter (Joseph form) at every waypoint
  • SYNCHRONIZED inter-agent communication: every 100.0m of travel
  • Tapered sigmoid weighting: range=300.0m, width=20.0m (soft plateau + rolloff)
  • Bidirectional Kalman fusion: all agent pairs within range at each checkpoint
  • Measurement model: bearing-angle sensor with noise=0.038, ratio=2.2
  └─ Support agents: goal_unc=3.016m (improved by inter-agent fusion)
  └─ Primary agent: goal_unc=3.5707m (direct path with landmark updates)
Converged at iteration : 82
Figure path-role mapping: supports = paths[1:1], primary = paths[2]
Discrete evaluation: prim_len=750.0, unc=3.5707
Fig 1 saved.

=== Continuous Spline Optimization (threshold=5.3912) ===
  Initial (discrete→spline): prim_len=685.869, unc=3.5707
  Barrier stage 1/15: μ=20.0
  → Converged at iter 19 (Δlen=0.000171)
  Barrier stage 2/15: μ=7.0
  [Spline barrier] line search stalled; stopping at stage 2
  Barrier stage 3/15: μ=2.45
  → Converged at iter 21 (Δlen=0.00017)
  Barrier stage 4/15: μ=0.8575
  [Spline barrier] line search stalled; stopping at stage 4
  Barrier stage 5/15: μ=0.3001
  [Spline barrier] line search stalled; stopping at stage 5
  Barrier stage 6/15: μ=0.105
  [Spline barrier] line search stalled; stopping at stage 6
  Barrier stage 7/15: μ=0.0368
  Barrier stage 8/15: μ=0.0129
  Barrier stage 9/15: μ=0.0045
  Barrier stage 10/15: μ=0.0016
  Barrier stage 11/15: μ=0.0006
  Barrier stage 12/15: μ=0.0002
  Barrier stage 13/15: μ=0.0001
  Barrier stage 14/15: μ=0.0
  Barrier stage 15/15: μ=0.0
  → Converged at iter 607 (Δlen=5.2e-5)
  Final: prim_len=662.881, unc=3.146, threshold=5.3912, status=optimized, min_slack=0.0
  Obstacle re-verification: mean path clears all obstacles ✓
Fig combined (main) saved: Discrete Len=685.87 → Continuous Len=662.88
Fig uncertainty profile (main) saved: /home/tonyzhang/projects/landmark_planning/constraint_sweep/ablation_2026-08-17/hexspline_cl/s002_p080/hexspline_cl/figures/main_unc_profile.png

[hexspline_cl] produced 1 solution(s) -> /home/tonyzhang/projects/landmark_planning/constraint_sweep/ablation_2026-08-17/hexspline_cl/s002_p080/hexspline_cl
