Landmark scenario: random — 2 landmarks, 1 obstacles, start (0.0, 0.0) → goal (750.0, 0.0)
Hex graph: 339 nodes (336 heading-states + 2 sensors + goal), radius=86.60254037844388m, directed_edges=840, grid=10x11, start_cell=(2, 5), goal_cell=(7, 5), start_heading=0
Conditional ε-bound: ε_sample=1.2309, w=1.0, ε_total=1.2309
  Bound form (conditional): L_returned ≤ (1+ε_total) L* with assumptions documented in comments.

── MULTI-AGENT PLANNING (Synchronized Kalman) ──

  Running joint discrete A* (threshold=4.2924)... (max_iters=1000000)
  Stops on the first feasible candidate under the threshold.
  ✓ Goal reachable from node 1 with distance 750.0

  [Constraint A*] Incumbent seed at iter 247: dist=900.0, unc=6.764 > 4.2924

  [Constraint A*] Incumbent seed at iter 253: dist=900.0, unc=4.3717 > 4.2924

  [Constraint A*] Incumbent seed at iter 775: dist=900.0, unc=4.3717 > 4.2924
  [A*] iter 1000/1000000 (0.1%)  left=999000  elapsed=1.3s   
  [Constraint A*] Incumbent seed at iter 1469: dist=900.0, unc=4.3717 > 4.2924
  [A*] iter 2000/1000000 (0.2%)  left=998000  elapsed=1.4s     [A*] iter 3000/1000000 (0.3%)  left=997000  elapsed=1.5s     [A*] iter 4000/1000000 (0.4%)  left=996000  elapsed=1.5s     [A*] iter 5000/1000000 (0.5%)  left=995000  elapsed=1.5s     [A*] iter 6000/1000000 (0.6%)  left=994000  elapsed=1.5s     [A*] iter 7000/1000000 (0.7%)  left=993000  elapsed=1.6s   
  ✓ FEASIBLE SOLUTION at iter 7238: dist=1050.0, unc=3.8559
  [Constraint A*] Complete: 7238 iterations, final_dist=1050.0

✓ Multi-agent solution with synchronized Kalman fusion:
  Support agent 1: node=38, dist=1050.0m, goal_unc=3.4548m
  Primary agent: node=182, dist=1050.0m, goal_unc=3.8559m
  ├─ Communication: every 100.0m, sigmoid taper range=300.0m width=20.0m
  └─ All agents' uncertainties benefit from synchronized Kalman fusion at checkpoints

--- Final Results ---
Support agent 1 : [1, 206, 211, 168, 127, 79, 37, 38]  dist=1050.0  goal_unc=3.4548  ✓  (Kalman-fused)
Primary agent : [1, 157, 163, 127, 79, 80, 135, 182]  dist=1050.0  goal_unc=3.8559  threshold=4.292363043 ✓ met  (Kalman-fused)

=== Kalman Filtering Summary ===
All 2 agents performing synchronized Kalman filtering:
  • Dead-reckoning propagation: DIR=0.05/m, PERP=0.016666666666666666/m
  • Landmark fusion: Information filter (Joseph form) at every waypoint
  • SYNCHRONIZED inter-agent communication: every 100.0m of travel
  • Tapered sigmoid weighting: range=300.0m, width=20.0m (soft plateau + rolloff)
  • Bidirectional Kalman fusion: all agent pairs within range at each checkpoint
  • Measurement model: bearing-angle sensor with noise=0.038, ratio=2.2
  └─ Support agents: goal_unc=3.4548m (improved by inter-agent fusion)
  └─ Primary agent: goal_unc=3.8559m (direct path with landmark updates)
Converged at iteration : 7238
Figure path-role mapping: supports = paths[1:1], primary = paths[2]
Discrete evaluation: prim_len=1050.0, unc=3.8559
Fig 1 saved.
Discrete-only spline: prim_len=984.651, unc=3.8559

[discrete_only] produced 1 solution(s) -> /home/tonyzhang/projects/landmark_planning/constraint_sweep/ablation_2026-08-17/discrete_only/s021_p040/discrete_only
