┌ Warning: Seed is infeasible (min_slack=-0.3094383190350847, ε=0.001); the barrier will try to recover it before shortening. Expected for the straight_cont ablation, and for a discrete seed that A* returned as its best incumbent after exhausting its budget.
└ @ Main ~/projects/landmark_planning/planners/hexspline_cl.jl:1215
Landmark scenario: random — 2 landmarks, 4 obstacles, start (0.0, 0.0) → goal (800.0, 0.0)
Hex graph: 795 nodes (792 heading-states + 2 sensors + goal), radius=57.73502691896258m, directed_edges=2112, grid=13x15, start_cell=(1, 7), goal_cell=(9, 7), start_heading=0

── SEQUENTIAL PLANNING (2 agent(s), one at a time) ──
  Leg 1 — primary, 1 helper(s) parked at start (bound 13.0075 = 2.0x the 6.503735736 threshold the shipped route is held to):

    ✓ feasible at iter 173: dist=950.0, unc=8.6687
  Leg 2 — helper 1 vs the fixed primary trajectory (11 steps, beam 400):
    → helper 1 placed; primary goal_unc now 6.7939
  Leg 3 — primary re-planned against the committed helper paths:

    ✓ feasible at iter 214: dist=986.603, unc=6.499
    leg 1 route: len=950.0, unc=6.7939 ✗  |  re-planned: len=986.6, unc=6.499 ✓  → TAKE re-plan
  Helper 1: dist=950.0m, goal_unc=0.9963m
  Primary  : dist=986.6m, goal_unc=6.499m (threshold 6.503735736 ✓)

=== Continuous Spline Optimization (threshold=6.5037) ===
  Initial (discrete→spline): prim_len=991.92, unc=6.8132
  Barrier stage 1/15: μ=20.0
    → Recovered into the feasible set at iter 13 (min_slack=0.005391); feasible-only gate now armed
  → Converged at iter 21 (Δlen=0.000264)
  Barrier stage 2/15: μ=7.0
  [Spline barrier] line search stalled; stopping at stage 2
  Barrier stage 3/15: μ=2.45
  → Converged at iter 23 (Δlen=0.000289)
  Barrier stage 4/15: μ=0.8575
  Barrier stage 5/15: μ=0.3001
  Barrier stage 6/15: μ=0.105
  Barrier stage 7/15: μ=0.0368
  Barrier stage 8/15: μ=0.0129
  → Converged at iter 344 (Δlen=0.000649)
  Barrier stage 9/15: μ=0.0045
  → Converged at iter 345 (Δlen=0.000731)
  Barrier stage 10/15: μ=0.0016
  → Converged at iter 346 (Δlen=0.000771)
  Barrier stage 11/15: μ=0.0006
  [Spline barrier] line search stalled; stopping at stage 11
  Barrier stage 12/15: μ=0.0002
  [Spline barrier] line search stalled; stopping at stage 12
  Barrier stage 13/15: μ=0.0001
  [Spline barrier] line search stalled; stopping at stage 13
  Barrier stage 14/15: μ=0.0
  [Spline barrier] line search stalled; stopping at stage 14
  Barrier stage 15/15: μ=0.0
  [Spline barrier] line search stalled; stopping at stage 15
  Final: prim_len=937.451, unc=6.5016, threshold=6.5037, status=optimized, min_slack=0.0
  Obstacle re-verification: mean path clears all obstacles ✓
Fig combined (main) saved: Discrete Len=991.92 → Continuous Len=937.45
Fig uncertainty profile (main) saved: /home/tonyzhang/projects/landmark_planning/constraint_sweep/sweep_2026-08-11/sequential/s038_p075/sequential/figures/main_unc_profile.png

[sequential] produced 1 solution(s) -> /home/tonyzhang/projects/landmark_planning/constraint_sweep/sweep_2026-08-11/sequential/s038_p075/sequential
