Landmark scenario: random — 2 landmarks, 4 obstacles, start (0.0, 0.0) → goal (900.0, 0.0)
Hex graph: 435 nodes (432 heading-states + 2 sensors + goal), radius=86.60254037844388m, directed_edges=1104, grid=11x11, start_cell=(1, 5), goal_cell=(7, 5), start_heading=0

── SEQUENTIAL PLANNING (2 agent(s), one at a time) ──
  Leg 1 — primary, 1 helper(s) parked at start (bound 15.4683 = 2.0x the 7.734144511 threshold the shipped route is held to):

    ✓ feasible at iter 48: dist=1125.0, unc=9.6593
  Leg 2 — helper 1 vs the fixed primary trajectory (9 steps, beam 400):
    → helper 1 placed; primary goal_unc now 3.8289
  Leg 3 — primary re-planned against the committed helper paths:
  [A*] iter 1000/1000000 (0.1%)  left=999000  elapsed=0.1s     [A*] iter 2000/1000000 (0.2%)  left=998000  elapsed=0.1s     [A*] iter 3000/1000000 (0.3%)  left=997000  elapsed=0.2s     [A*] iter 4000/1000000 (0.4%)  left=996000  elapsed=0.4s     [A*] iter 5000/1000000 (0.5%)  left=995000  elapsed=0.5s     [A*] iter 6000/1000000 (0.6%)  left=994000  elapsed=0.5s     [A*] iter 7000/1000000 (0.7%)  left=993000  elapsed=0.6s   ┌ Warning: Seed is infeasible (min_slack=-20.56959436932834, ε=0.001); the barrier will try to recover it before shortening. Expected for the straight_cont ablation, and for a discrete seed that A* returned as its best incumbent after exhausting its budget.
└ @ Main ~/Research/landmark_planning/planners/hexspline_cl.jl:1215

    re-plan found nothing; keeping the leg 1 route.
  Helper 1: dist=1125.0m, goal_unc=1.5726m
  Primary  : dist=1125.0m, goal_unc=3.8289m (threshold 7.734144511 ✓)

=== Continuous Spline Optimization (threshold=7.7341) ===
  Initial (discrete→spline): prim_len=1119.402, unc=1.7432
  Barrier stage 1/15: μ=20.0
    → Recovered into the feasible set at iter 30 (min_slack=0.014749); feasible-only gate now armed
  → Converged at iter 35 (Δlen=0.000222)
  Barrier stage 2/15: μ=7.0
  Barrier stage 3/15: μ=2.45
  Barrier stage 4/15: μ=0.8575
  Barrier stage 5/15: μ=0.3001
  Barrier stage 6/15: μ=0.105
  Barrier stage 7/15: μ=0.0368
  Barrier stage 8/15: μ=0.0129
  → Converged at iter 451 (Δlen=0.000281)
  Barrier stage 9/15: μ=0.0045
  → Converged at iter 452 (Δlen=0.00043)
  Barrier stage 10/15: μ=0.0016
  → Converged at iter 453 (Δlen=0.000469)
  Barrier stage 11/15: μ=0.0006
  → Converged at iter 454 (Δlen=0.000479)
  Barrier stage 12/15: μ=0.0002
  [Spline barrier] line search stalled; stopping at stage 12
  Barrier stage 13/15: μ=0.0001
  [Spline barrier] line search stalled; stopping at stage 13
  Barrier stage 14/15: μ=0.0
  [Spline barrier] line search stalled; stopping at stage 14
  Barrier stage 15/15: μ=0.0
  [Spline barrier] line search stalled; stopping at stage 15
  Final: prim_len=1059.412, unc=5.3306, threshold=7.7341, status=optimized, min_slack=0.0
  Obstacle re-verification: mean path clears all obstacles ✓
Fig combined (main) saved: Discrete Len=1119.4 → Continuous Len=1059.41
Fig uncertainty profile (main) saved: /home/tony-zhang/Research/landmark_planning/constraint_sweep/smoke150/sequential/s004_p080/sequential/figures/main_unc_profile.png

[sequential] produced 1 solution(s) -> /home/tony-zhang/Research/landmark_planning/constraint_sweep/smoke150/sequential/s004_p080/sequential
