Landmark scenario: random — 3 landmarks, 5 obstacles, start (0.0, 0.0) → goal (600.0, 0.0)
Hex graph: 652 nodes (648 heading-states + 3 sensors + goal), radius=57.73502691896258m, directed_edges=1704, grid=11x15, start_cell=(1, 7), goal_cell=(7, 7), start_heading=0
Conditional ε-bound: ε_sample=1.1925, w=1.0, ε_total=1.1925
  Bound form (conditional): L_returned ≤ (1+ε_total) L* with assumptions documented in comments.

── MULTI-AGENT PLANNING (Synchronized Kalman) ──

  Running joint discrete A* (threshold=3.1691)... (max_iters=500000)
  Stops on the first feasible candidate under the threshold.
  ✓ Goal reachable from node 1 with distance 600.0
  [A*] iter 1000/500000 (0.2%)  left=499000  elapsed=2.1s     [A*] iter 2000/500000 (0.4%)  left=498000  elapsed=2.2s   ┌ Warning: Seed is infeasible (min_slack=-0.47156827187618955, ε=0.001); the barrier will try to recover it before shortening. Expected for the straight_cont ablation, and for a discrete seed that A* returned as its best incumbent after exhausting its budget.
└ @ Main ~/projects/landmark_planning/planners/hexspline_cl.jl:1215

  [Constraint A*] Incumbent seed at iter 2728: dist=750.0, unc=3.8588 > 3.1691

  [Constraint A*] Incumbent seed at iter 2813: dist=750.0, unc=3.7244 > 3.1691

  [Constraint A*] Incumbent seed at iter 2814: dist=750.0, unc=3.6131 > 3.1691

  [Constraint A*] Incumbent seed at iter 2860: dist=750.0, unc=3.3587 > 3.1691

  ✓ FEASIBLE SOLUTION at iter 2890: dist=750.0, unc=3.1379
  [Constraint A*] Complete: 2890 iterations, final_dist=750.0

✓ Multi-agent solution with synchronized Kalman fusion:
  Support agent 1: node=309, dist=750.0m, goal_unc=3.0189m
  Primary agent: node=362, dist=750.0m, goal_unc=3.1379m
  ├─ Communication: every 100.0m, sigmoid taper range=200.0m width=20.0m
  └─ All agents' uncertainties benefit from synchronized Kalman fusion at checkpoints

--- Final Results ---
Support agent 1 : [1, 331, 289, 235, 187, 188, 194, 249, 309]  dist=750.0  goal_unc=3.0189  ✓  (Kalman-fused)
Primary agent : [1, 331, 289, 290, 241, 242, 248, 309, 362]  dist=750.0  goal_unc=3.1379  threshold=3.169141363 ✓ met  (Kalman-fused)

=== Kalman Filtering Summary ===
All 2 agents performing synchronized Kalman filtering:
  • Dead-reckoning propagation: DIR=0.05/m, PERP=0.016666666666666666/m
  • Landmark fusion: Information filter (Joseph form) at every waypoint
  • SYNCHRONIZED inter-agent communication: every 100.0m of travel
  • Tapered sigmoid weighting: range=200.0m, width=20.0m (soft plateau + rolloff)
  • Bidirectional Kalman fusion: all agent pairs within range at each checkpoint
  • Measurement model: bearing-angle sensor with noise=0.038, ratio=2.2
  └─ Support agents: goal_unc=3.0189m (improved by inter-agent fusion)
  └─ Primary agent: goal_unc=3.1379m (direct path with landmark updates)
Converged at iteration : 2890
Figure path-role mapping: supports = paths[1:1], primary = paths[2]
Discrete evaluation: prim_len=750.0, unc=3.1379
Fig 1 saved.

=== Continuous Spline Optimization (threshold=3.1691) ===
  Initial (discrete→spline): prim_len=719.679, unc=3.6407
  Barrier stage 1/15: μ=20.0
    → Recovered into the feasible set at iter 9 (min_slack=0.003546); feasible-only gate now armed
  → Converged at iter 30 (Δlen=0.000153)
  Barrier stage 2/15: μ=7.0
  → Converged at iter 31 (Δlen=0.000128)
  Barrier stage 3/15: μ=2.45
  → Converged at iter 32 (Δlen=0.000497)
  Barrier stage 4/15: μ=0.8575
  → Converged at iter 33 (Δlen=0.000821)
  Barrier stage 5/15: μ=0.3001
  → Converged at iter 35 (Δlen=0.00011)
  Barrier stage 6/15: μ=0.105
  → Converged at iter 36 (Δlen=8.7e-5)
  Barrier stage 7/15: μ=0.0368
  → Converged at iter 37 (Δlen=7.8e-5)
  Barrier stage 8/15: μ=0.0129
  → Converged at iter 38 (Δlen=0.000388)
  Barrier stage 9/15: μ=0.0045
  → Converged at iter 39 (Δlen=0.000841)
  Barrier stage 10/15: μ=0.0016
  → Converged at iter 41 (Δlen=0.000731)
  Barrier stage 11/15: μ=0.0006
  → Converged at iter 43 (Δlen=0.000991)
  Barrier stage 12/15: μ=0.0002
  Barrier stage 13/15: μ=0.0001
  Barrier stage 14/15: μ=0.0
  Barrier stage 15/15: μ=0.0
  Final: prim_len=714.13, unc=2.7701, threshold=3.1691, status=optimized, min_slack=0.009103
  Obstacle re-verification: mean path clears all obstacles ✓
Fig combined (main) saved: Discrete Len=719.68 → Continuous Len=714.13
Fig uncertainty profile (main) saved: /home/tonyzhang/projects/landmark_planning/constraint_sweep/sweep_2026-08-11/hexspline_cl/s023_p075/hexspline_cl/figures/main_unc_profile.png

[hexspline_cl] produced 1 solution(s) -> /home/tonyzhang/projects/landmark_planning/constraint_sweep/sweep_2026-08-11/hexspline_cl/s023_p075/hexspline_cl
