Landmark scenario: random — 3 landmarks, 3 obstacles, start (0.0, 0.0) → goal (750.0, 0.0)
Hex graph: 340 nodes (336 heading-states + 3 sensors + goal), radius=86.60254037844388m, directed_edges=840, grid=10x11, start_cell=(2, 5), goal_cell=(7, 5), start_heading=0

── SEQUENTIAL PLANNING (2 agent(s), one at a time) ──
  Leg 1 — primary, 1 helper(s) parked at start (bound 10.1866 = 2.0x the 5.093303437 threshold the shipped route is held to):

    ✓ feasible at iter 24: dist=1050.0, unc=5.0932
  Leg 2 — helper 1 vs the fixed primary trajectory (8 steps, beam 400):
    → helper 1 placed; primary goal_unc now 3.4629
  Leg 3 — primary re-planned against the committed helper paths:

    ✓ feasible at iter 24: dist=1050.0, unc=3.4629
    leg 1 route: len=1050.0, unc=3.4629 ✓  |  re-planned: len=1050.0, unc=3.4629 ✓  → keep leg 1
  Helper 1: dist=1050.0m, goal_unc=3.1219m
  Primary  : dist=1050.0m, goal_unc=3.4629m (threshold 5.093303437 ✓)

=== Continuous Spline Optimization (threshold=5.0933) ===
  Initial (discrete→spline): prim_len=1004.736, unc=3.4629
  Barrier stage 1/15: μ=20.0
  → Converged at iter 4 (Δlen=0.000945)
  Barrier stage 2/15: μ=7.0
  → Converged at iter 6 (Δlen=9.4e-5)
  Barrier stage 3/15: μ=2.45
  [Spline barrier] line search stalled; stopping at stage 3
  Barrier stage 4/15: μ=0.8575
  [Spline barrier] line search stalled; stopping at stage 4
  Barrier stage 5/15: μ=0.3001
  [Spline barrier] line search stalled; stopping at stage 5
  Barrier stage 6/15: μ=0.105
  [Spline barrier] line search stalled; stopping at stage 6
  Barrier stage 7/15: μ=0.0368
  [Spline barrier] line search stalled; stopping at stage 7
  Barrier stage 8/15: μ=0.0129
  [Spline barrier] line search stalled; stopping at stage 8
  Barrier stage 9/15: μ=0.0045
  [Spline barrier] line search stalled; stopping at stage 9
  Barrier stage 10/15: μ=0.0016
  [Spline barrier] line search stalled; stopping at stage 10
  Barrier stage 11/15: μ=0.0006
  [Spline barrier] line search stalled; stopping at stage 11
  Barrier stage 12/15: μ=0.0002
  [Spline barrier] line search stalled; stopping at stage 12
  Barrier stage 13/15: μ=0.0001
  Barrier stage 14/15: μ=0.0
  → Converged at iter 132 (Δlen=0.000727)
  Barrier stage 15/15: μ=0.0
  → Converged at iter 133 (Δlen=0.000772)
  Final: prim_len=989.065, unc=4.0858, threshold=5.0933, status=optimized, min_slack=3.6e-5
  Obstacle re-verification: mean path clears all obstacles ✓
Fig combined (main) saved: Discrete Len=1004.74 → Continuous Len=989.06
Fig uncertainty profile (main) saved: /home/tonyzhang/projects/landmark_planning/constraint_sweep/baseline_2026-08-17/sequential/s069_p100/sequential/figures/main_unc_profile.png

[sequential] produced 1 solution(s) -> /home/tonyzhang/projects/landmark_planning/constraint_sweep/baseline_2026-08-17/sequential/s069_p100/sequential
