Landmark scenario: random — 4 landmarks, 4 obstacles, start (0.0, 0.0) → goal (600.0, 0.0)
Hex graph: 341 nodes (336 heading-states + 4 sensors + goal), radius=86.60254037844388m, directed_edges=840, grid=9x11, start_cell=(1, 5), goal_cell=(5, 5), start_heading=0

── FORMATION PLANNING ──
  Primary: single-agent hexspline A* (threshold 6.65568642); supports added afterwards.

  [Constraint A*] Incumbent seed at iter 36: dist=825.0, unc=7.3952 > 6.6557

  [Constraint A*] Goal popped, unc OK, but its B-spline breaches an obstacle; discarded.

  [Constraint A*] Goal popped, unc OK, but its B-spline breaches an obstacle; discarded.

  [Constraint A*] Goal popped, unc OK, but its B-spline breaches an obstacle; discarded.

  [Constraint A*] Goal popped, unc OK, but its B-spline breaches an obstacle; discarded.

  [Constraint A*] Goal popped, unc OK, but its B-spline breaches an obstacle; discarded.

  [Constraint A*] Goal popped, unc OK, but its B-spline breaches an obstacle; discarded.

  [Constraint A*] Goal popped, unc OK, but its B-spline breaches an obstacle; discarded.

  [Constraint A*] Goal popped, unc OK, but its B-spline breaches an obstacle; discarded.

  [Constraint A*] Goal popped, unc OK, but its B-spline breaches an obstacle; discarded.

  [Constraint A*] Goal popped, unc OK, but its B-spline breaches an obstacle; discarded.

  [Constraint A*] Goal popped, unc OK, but its B-spline breaches an obstacle; discarded.

  [Constraint A*] Goal popped, unc OK, but its B-spline breaches an obstacle; discarded.

  [Constraint A*] Goal popped, unc OK, but its B-spline breaches an obstacle; discarded.

  [Constraint A*] Goal popped, unc OK, but its B-spline breaches an obstacle; discarded.

  [Constraint A*] Incumbent seed at iter 627: dist=1725.0, unc=7.3947 > 6.6557

  [Constraint A*] Goal popped, unc OK, but its B-spline breaches an obstacle; discarded.

  [Constraint A*] Goal popped, unc OK, but its B-spline breaches an obstacle; discarded.

  [Constraint A*] Goal popped, unc OK, but its B-spline breaches an obstacle; discarded.
  [A*] iter 1000/1000000 (0.1%)  left=999000  elapsed=0.1s   ┌ Warning: Seed is infeasible (min_slack=-122.74325240533608, ε=0.001); the barrier will try to recover it before shortening. Expected for the straight_cont ablation, and for a discrete seed that A* returned as its best incumbent after exhausting its budget.
└ @ Main ~/Research/landmark_planning/planners/hexspline_cl.jl:1215

  [Constraint A*] Goal popped, unc OK, but its B-spline breaches an obstacle; discarded.

  [Constraint A*] Goal popped, unc OK, but its B-spline breaches an obstacle; discarded.

  ✓ FEASIBLE SOLUTION at iter 1313: dist=2025.0, unc=6.4014
  [Constraint A*] Single-agent complete: 1313 iterations, final_dist=2025.0
  One support: trying both lateral slots (+1 = 60° left, -1 = 60° right).
  Slot [1]: unc=6.3515 ✓
  Slot [-1]: unc=4.1772 ✓
  → Chose slot [-1]
  Support 1 (slot -1): dist=2148.4m, goal_unc=4.7058m, arc drift vs primary=123.4m
  Primary : dist=2025.0m, goal_unc=4.1772m (threshold 6.65568642 ✓)
  ! A support drifted more than half a comm interval from the primary's arc; checkpoints no longer pair them where the formation puts them.

=== Continuous Spline Optimization (threshold=6.6557) ===
  Initial (discrete→spline): prim_len=1866.201, unc=4.6632
  Barrier stage 1/15: μ=20.0
  Barrier stage 2/15: μ=20.0
  Barrier stage 3/15: μ=20.0
    → Recovered into the feasible set at iter 173 (min_slack=0.013788); feasible-only gate now armed
  → Converged at iter 195 (Δlen=0.000964)
  Barrier stage 4/15: μ=7.0
  → Converged at iter 197 (Δlen=0.000908)
  Barrier stage 5/15: μ=2.45
  → Converged at iter 199 (Δlen=0.000867)
  Barrier stage 6/15: μ=0.8575
  → Converged at iter 201 (Δlen=0.000836)
  Barrier stage 7/15: μ=0.3001
  → Converged at iter 203 (Δlen=0.000812)
  Barrier stage 8/15: μ=0.105
  → Converged at iter 205 (Δlen=0.000793)
  Barrier stage 9/15: μ=0.0368
  → Converged at iter 207 (Δlen=0.000778)
  Barrier stage 10/15: μ=0.0129
  → Converged at iter 209 (Δlen=0.000767)
  Barrier stage 11/15: μ=0.0045
  → Converged at iter 211 (Δlen=0.000759)
  Barrier stage 12/15: μ=0.0016
  → Converged at iter 213 (Δlen=0.000753)
  Barrier stage 13/15: μ=0.0006
  → Converged at iter 215 (Δlen=0.000748)
  Barrier stage 14/15: μ=0.0002
  → Converged at iter 217 (Δlen=0.000746)
  Barrier stage 15/15: μ=0.0001
  → Converged at iter 219 (Δlen=0.000744)
  Final: prim_len=1950.152, unc=4.8675, threshold=6.6557, status=optimized, min_slack=0.014405
  Obstacle re-verification: mean path clears all obstacles ✓
Fig combined (main) saved: Discrete Len=1866.2 → Continuous Len=1950.15
Fig uncertainty profile (main) saved: /home/tony-zhang/Research/landmark_planning/constraint_sweep/smoke150/formation/s001_p090/formation/figures/main_unc_profile.png

[formation] produced 1 solution(s) -> /home/tony-zhang/Research/landmark_planning/constraint_sweep/smoke150/formation/s001_p090/formation
