Landmark scenario: random — 4 landmarks, 3 obstacles, start (0.0, 0.0) → goal (750.0, 0.0)
Hex graph: 341 nodes (336 heading-states + 4 sensors + goal), radius=86.60254037844388m, directed_edges=840, grid=10x11, start_cell=(2, 5), goal_cell=(7, 5), start_heading=0
Conditional ε-bound: ε_sample=1.2309, w=1.0, ε_total=1.2309
  Bound form (conditional): L_returned ≤ (1+ε_total) L* with assumptions documented in comments.

── MULTI-AGENT PLANNING (Synchronized Kalman) ──

  Running joint discrete A* (threshold=6.236)... (max_iters=1000000)
  Stops on the first feasible candidate under the threshold.
  ✓ Goal reachable from node 1 with distance 750.0
  [A*] iter 1000/1000000 (0.1%)  left=999000  elapsed=1.4s     [A*] iter 2000/1000000 (0.2%)  left=998000  elapsed=1.6s   
  ✓ FEASIBLE SOLUTION at iter 2383: dist=1050.0, unc=4.7959
  [Constraint A*] Complete: 2383 iterations, final_dist=1050.0

✓ Multi-agent solution with synchronized Kalman fusion:
  Support agent 1: node=320, dist=1050.0m, goal_unc=0.8043m
  Primary agent: node=181, dist=1050.0m, goal_unc=4.7959m
  ├─ Communication: every 100.0m, sigmoid taper range=300.0m width=20.0m
  └─ All agents' uncertainties benefit from synchronized Kalman fusion at checkpoints

--- Final Results ---
Support agent 1 : [1, 206, 249, 302, 307, 264, 265, 320]  dist=1050.0  goal_unc=0.8043  ✓  (Kalman-fused)
Primary agent : [1, 115, 67, 68, 123, 170, 175, 181]  dist=1050.0  goal_unc=4.7959  threshold=6.236018753 ✓ met  (Kalman-fused)

=== Kalman Filtering Summary ===
All 2 agents performing synchronized Kalman filtering:
  • Dead-reckoning propagation: DIR=0.05/m, PERP=0.016666666666666666/m
  • Landmark fusion: Information filter (Joseph form) at every waypoint
  • SYNCHRONIZED inter-agent communication: every 100.0m of travel
  • Tapered sigmoid weighting: range=300.0m, width=20.0m (soft plateau + rolloff)
  • Bidirectional Kalman fusion: all agent pairs within range at each checkpoint
  • Measurement model: bearing-angle sensor with noise=0.038, ratio=2.2
  └─ Support agents: goal_unc=0.8043m (improved by inter-agent fusion)
  └─ Primary agent: goal_unc=4.7959m (direct path with landmark updates)
Converged at iteration : 2383
Figure path-role mapping: supports = paths[1:1], primary = paths[2]
Discrete evaluation: prim_len=1050.0, unc=4.7959
Fig 1 saved.

=== Continuous Spline Optimization (threshold=6.236) ===
  Initial (discrete→spline): prim_len=984.651, unc=4.7959
  Barrier stage 1/15: μ=20.0
  → Converged at iter 23 (Δlen=0.000398)
  Barrier stage 2/15: μ=7.0
  → Converged at iter 24 (Δlen=0.000442)
  Barrier stage 3/15: μ=2.45
  → Converged at iter 25 (Δlen=0.000478)
  Barrier stage 4/15: μ=0.8575
  [Spline barrier] line search stalled; stopping at stage 4
  Barrier stage 5/15: μ=0.3001
  [Spline barrier] line search stalled; stopping at stage 5
  Barrier stage 6/15: μ=0.105
  [Spline barrier] line search stalled; stopping at stage 6
  Barrier stage 7/15: μ=0.0368
  [Spline barrier] line search stalled; stopping at stage 7
  Barrier stage 8/15: μ=0.0129
  [Spline barrier] line search stalled; stopping at stage 8
  Barrier stage 9/15: μ=0.0045
  Barrier stage 10/15: μ=0.0016
  → Converged at iter 98 (Δlen=0.000424)
  Barrier stage 11/15: μ=0.0006
  → Converged at iter 99 (Δlen=0.000531)
  Barrier stage 12/15: μ=0.0002
  → Converged at iter 100 (Δlen=0.000585)
  Barrier stage 13/15: μ=0.0001
  [Spline barrier] line search stalled; stopping at stage 13
  Barrier stage 14/15: μ=0.0
  [Spline barrier] line search stalled; stopping at stage 14
  Barrier stage 15/15: μ=0.0
  [Spline barrier] line search stalled; stopping at stage 15
  Final: prim_len=980.201, unc=6.236, threshold=6.236, status=optimized, min_slack=0.0
  Obstacle re-verification: mean path clears all obstacles ✓
Fig combined (main) saved: Discrete Len=984.65 → Continuous Len=980.2
Fig uncertainty profile (main) saved: /home/tonyzhang/projects/landmark_planning/constraint_sweep/baseline_2026-08-17/hexspline_cl/s050_p070/hexspline_cl/figures/main_unc_profile.png

[hexspline_cl] produced 1 solution(s) -> /home/tonyzhang/projects/landmark_planning/constraint_sweep/baseline_2026-08-17/hexspline_cl/s050_p070/hexspline_cl
