Landmark scenario: random — 3 landmarks, 3 obstacles, start (0.0, 0.0) → goal (600.0, 0.0)
Hex graph: 298 nodes (294 heading-states + 3 sensors + goal), radius=86.60254037844388m, directed_edges=726, grid=9x11, start_cell=(2, 5), goal_cell=(6, 5), start_heading=0

── FORMATION PLANNING ──
  Primary: own A* (formation_primary_astar); a goal candidate is accepted on the primary's uncertainty WITH its supports attached (threshold 3.709407085).
  One support: both lateral slots (+1 = 60° left, -1 = 60° right) tried per candidate.
  [A*] iter 1000/1000000 (0.1%)  left=999000  elapsed=0.1s     [A*] iter 2000/1000000 (0.2%)  left=998000  elapsed=0.1s     [A*] iter 3000/1000000 (0.3%)  left=997000  elapsed=0.1s   ┌ Warning: Seed is infeasible (min_slack=-0.675024056066563, ε=0.001); the barrier will try to recover it before shortening. Expected for the straight_cont ablation, and for a discrete seed that A* returned as its best incumbent after exhausting its budget.
└ @ Main ~/projects/landmark_planning/planners/hexspline_cl.jl:1207

    nothing cleared the escorted bound; handing the best attempt to the barrier: unc=4.3844 (slot [-1])
  → Chose slot [-1]
  Support 1 (slot -1): dist=900.0m, goal_unc=3.6562m, arc drift vs primary=0.0m
  Primary : dist=900.0m, goal_unc=4.3844m (threshold 3.709407085 ✗)

=== Continuous Spline Optimization (threshold=3.7094) ===
  Initial (discrete→spline): prim_len=834.341, unc=4.3844
  Barrier stage 1/15: μ=20.0
    → Recovered into the feasible set at iter 27 (min_slack=0.012348); feasible-only gate now armed
  → Converged at iter 42 (Δlen=0.000399)
  Barrier stage 2/15: μ=7.0
  → Converged at iter 43 (Δlen=0.00041)
  Barrier stage 3/15: μ=2.45
  Barrier stage 4/15: μ=0.8575
  Barrier stage 5/15: μ=0.3001
  Barrier stage 6/15: μ=0.105
  Barrier stage 7/15: μ=0.0368
  Barrier stage 8/15: μ=0.0129
  Barrier stage 9/15: μ=0.0045
  Barrier stage 10/15: μ=0.0016
  Barrier stage 11/15: μ=0.0006
  Barrier stage 12/15: μ=0.0002
  Barrier stage 13/15: μ=0.0001
  Barrier stage 14/15: μ=0.0
  Barrier stage 15/15: μ=0.0
  Final: prim_len=828.065, unc=3.5096, threshold=3.7094, status=optimized, min_slack=0.013382
  Obstacle re-verification: mean path clears all obstacles ✓
Fig combined (main) saved: Discrete Len=834.34 → Continuous Len=828.06
Fig uncertainty profile (main) saved: /home/tonyzhang/projects/landmark_planning/constraint_sweep/baseline_2026-08-17/formation/s060_p050/formation/figures/main_unc_profile.png

[formation] produced 1 solution(s) -> /home/tonyzhang/projects/landmark_planning/constraint_sweep/baseline_2026-08-17/formation/s060_p050/formation
