Landmark scenario: random — 2 landmarks, 4 obstacles, start (0.0, 0.0) → goal (600.0, 0.0)
Hex graph: 651 nodes (648 heading-states + 2 sensors + goal), radius=57.73502691896258m, directed_edges=1704, grid=11x15, start_cell=(1, 7), goal_cell=(7, 7), start_heading=0

── SEQUENTIAL PLANNING (2 agent(s), one at a time) ──
  Leg 1 — primary, 1 helper(s) parked at start (bound 8.8512 = 2.0x the 4.425619887 threshold the shipped route is held to):

    ✓ feasible at iter 156: dist=850.0, unc=5.2066
  Leg 2 — helper 1 vs the fixed primary trajectory (10 steps, beam 400):
    → helper 1 placed; primary goal_unc now 3.4162
  Leg 3 — primary re-planned against the committed helper paths:

    ✓ feasible at iter 114: dist=850.0, unc=3.4161
    leg 1 route: len=850.0, unc=3.4162 ✓  |  re-planned: len=850.0, unc=3.4161 ✓  → TAKE re-plan
  Helper 1: dist=850.0m, goal_unc=3.0632m
  Primary  : dist=850.0m, goal_unc=3.4161m (threshold 4.425619887 ✓)

=== Continuous Spline Optimization (threshold=4.4256) ===
  Initial (discrete→spline): prim_len=825.15, unc=3.9777
  Barrier stage 1/15: μ=20.0
  Barrier stage 2/15: μ=7.0
  → Converged at iter 117 (Δlen=0.000245)
  Barrier stage 3/15: μ=2.45
  → Converged at iter 126 (Δlen=0.000572)
  Barrier stage 4/15: μ=0.8575
  → Converged at iter 127 (Δlen=0.000733)
  Barrier stage 5/15: μ=0.3001
  → Converged at iter 128 (Δlen=0.000824)
  Barrier stage 6/15: μ=0.105
  Barrier stage 7/15: μ=0.0368
  Barrier stage 8/15: μ=0.0129
  → Converged at iter 270 (Δlen=0.00079)
  Barrier stage 9/15: μ=0.0045
  → Converged at iter 271 (Δlen=0.000993)
  Barrier stage 10/15: μ=0.0016
  [Spline barrier] line search stalled; stopping at stage 10
  Barrier stage 11/15: μ=0.0006
  [Spline barrier] line search stalled; stopping at stage 11
  Barrier stage 12/15: μ=0.0002
  [Spline barrier] line search stalled; stopping at stage 12
  Barrier stage 13/15: μ=0.0001
  [Spline barrier] line search stalled; stopping at stage 13
  Barrier stage 14/15: μ=0.0
  [Spline barrier] line search stalled; stopping at stage 14
  Barrier stage 15/15: μ=0.0
  [Spline barrier] line search stalled; stopping at stage 15
  Final: prim_len=819.646, unc=4.4256, threshold=4.4256, status=optimized, min_slack=1.0e-6
  Obstacle re-verification: mean path clears all obstacles ✓
Fig combined (main) saved: Discrete Len=825.15 → Continuous Len=819.65
Fig uncertainty profile (main) saved: /home/tonyzhang/projects/landmark_planning/constraint_sweep/sweep_2026-08-11/sequential/s058_p085/sequential/figures/main_unc_profile.png

[sequential] produced 1 solution(s) -> /home/tonyzhang/projects/landmark_planning/constraint_sweep/sweep_2026-08-11/sequential/s058_p085/sequential
