Landmark scenario: ladder_shapes — 3 landmarks, 13 obstacles, start (0.0, 0.0) → goal (1700.0, 173.20508075688772)
  → Saved 3 landmarks to /home/tony-zhang/Research/landmark_planning/fig2_ladder/shapes_v14/hexspline_cl/s001_p090/scenario_landmarks.csv
  → Saved 13 obstacles to /home/tony-zhang/Research/landmark_planning/fig2_ladder/shapes_v14/hexspline_cl/s001_p090/scenario_obstacles.csv
Hex graph: 844 nodes (840 heading-states + 3 sensors + goal), radius=57.73502691896258m, directed_edges=2208, grid=22x15, start_cell=(2, 7), goal_cell=(19, 9), start_heading=0
Conditional ε-bound: ε_sample=1.0676, w=1.0, ε_total=1.0676
  Bound form (conditional): L_returned ≤ (1+ε_total) L* with assumptions documented in comments.

── MULTI-AGENT PLANNING (Synchronized Kalman) ──

  Running joint discrete A* (threshold=12.3746)... (max_iters=1000000)
  Stops on the first feasible candidate under the threshold.
  ✓ Goal reachable from node 1 with distance 1800.0
  [A*] iter 1000/1000000 (0.1%)  left=999000  elapsed=1.7s     [A*] iter 2000/1000000 (0.2%)  left=998000  elapsed=1.9s     [A*] iter 3000/1000000 (0.3%)  left=997000  elapsed=2.0s   
  ✓ FEASIBLE SOLUTION at iter 3775: dist=1800.0, unc=9.7237
  [Constraint A*] Complete: 3775 iterations, final_dist=1800.0

✓ Multi-agent solution with synchronized Kalman fusion:
  Support agent 1: node=697, dist=1800.0m, goal_unc=9.7448m
  Primary agent: node=709, dist=1800.0m, goal_unc=9.7237m
  ├─ Communication: every 100.0m, sigmoid taper range=300.0m width=20.0m
  └─ All agents' uncertainties benefit from synchronized Kalman fusion at checkpoints

--- Final Results ---
Support agent 1 : [1, 373, 500, 505, 511, 517, 638, 764, 769, 654, 540, 541, 547, 553, 674, 679, 685, 691, 697]  dist=1800.0  goal_unc=9.7448  ✓  (Kalman-fused)
Primary agent : [1, 494, 499, 505, 511, 517, 523, 529, 535, 541, 547, 553, 674, 679, 685, 691, 697, 703, 709]  dist=1800.0  goal_unc=9.7237  threshold=12.37455277 ✓ met  (Kalman-fused)

=== Kalman Filtering Summary ===
All 2 agents performing synchronized Kalman filtering:
  • Dead-reckoning propagation: DIR=0.05/m, PERP=0.016666666666666666/m
  • Landmark fusion: Information filter (Joseph form) at every waypoint
  • SYNCHRONIZED inter-agent communication: every 100.0m of travel
  • Tapered sigmoid weighting: range=300.0m, width=20.0m (soft plateau + rolloff)
  • Bidirectional Kalman fusion: all agent pairs within range at each checkpoint
  • Measurement model: bearing-angle sensor with noise=0.038, ratio=2.2
  └─ Support agents: goal_unc=9.7448m (improved by inter-agent fusion)
  └─ Primary agent: goal_unc=9.7237m (direct path with landmark updates)
Converged at iteration : 3775
Figure path-role mapping: supports = paths[1:1], primary = paths[2]
Discrete evaluation: prim_len=1800.0, unc=9.7237
Fig 1 saved.

=== Continuous Spline Optimization (threshold=12.3746) ===
  Initial (discrete→spline): prim_len=1760.795, unc=9.7237
  Barrier stage 1/15: μ=20.0
  [Spline barrier] line search stalled; stopping at stage 1
  Barrier stage 2/15: μ=7.0
  [Spline barrier] line search stalled; stopping at stage 2
  Barrier stage 3/15: μ=2.45
  [Spline barrier] line search stalled; stopping at stage 3
  Barrier stage 4/15: μ=0.8575
  [Spline barrier] line search stalled; stopping at stage 4
  Barrier stage 5/15: μ=0.3001
  [Spline barrier] line search stalled; stopping at stage 5
  Barrier stage 6/15: μ=0.105
  [Spline barrier] line search stalled; stopping at stage 6
  Barrier stage 7/15: μ=0.0368
  Barrier stage 8/15: μ=0.0129
  Barrier stage 9/15: μ=0.0045
  Barrier stage 10/15: μ=0.0016
  Barrier stage 11/15: μ=0.0006
  Barrier stage 12/15: μ=0.0002
  → Converged at iter 364 (Δlen=0.000682)
  Barrier stage 13/15: μ=0.0001
  → Converged at iter 365 (Δlen=0.000772)
  Barrier stage 14/15: μ=0.0
  → Converged at iter 366 (Δlen=0.000784)
  Barrier stage 15/15: μ=0.0
  [Spline barrier] line search stalled; stopping at stage 15
  Final: prim_len=1737.505, unc=9.7234, threshold=12.3746, status=optimized, min_slack=1.0e-6
  Obstacle re-verification: mean path clears all obstacles ✓
Fig combined (main) saved: Discrete Len=1760.8 → Continuous Len=1737.51
Fig uncertainty profile (main) saved: /home/tony-zhang/Research/landmark_planning/fig2_ladder/shapes_v14/hexspline_cl/s001_p090/hexspline_cl/figures/main_unc_profile.png
  → Saved control points to /home/tony-zhang/Research/landmark_planning/fig2_ladder/shapes_v14/hexspline_cl/s001_p090/hexspline_cl/csv/main_ctrls.csv (38 points)
  → Saved 18 comm events to /home/tony-zhang/Research/landmark_planning/fig2_ladder/shapes_v14/hexspline_cl/s001_p090/hexspline_cl/csv/comm_events.csv
  → Saved 12 landmark events to /home/tony-zhang/Research/landmark_planning/fig2_ladder/shapes_v14/hexspline_cl/s001_p090/hexspline_cl/csv/landmark_events.csv

[hexspline_cl] produced 1 solution(s) -> /home/tony-zhang/Research/landmark_planning/fig2_ladder/shapes_v14/hexspline_cl/s001_p090/hexspline_cl
