┌ Warning: Seed is infeasible (min_slack=-9.822360044225034, ε=0.001); the barrier will try to recover it before shortening. Expected for the straight_cont ablation, and for a discrete seed that A* returned as its best incumbent after exhausting its budget.
└ @ Main ~/projects/landmark_planning/planners/hexspline_cl.jl:1215
Landmark scenario: random — 2 landmarks, 5 obstacles, start (0.0, 0.0) → goal (700.0, 0.0)
Hex graph: 723 nodes (720 heading-states + 2 sensors + goal), radius=57.73502691896258m, directed_edges=1908, grid=12x15, start_cell=(1, 7), goal_cell=(8, 7), start_heading=0

── GREEDY PLANNING ──
  Primary: shortest obstacle-clear route (single-agent A*, no uncertainty bound)

  [Constraint A*] Goal popped, unc OK, but its B-spline breaches an obstacle; discarded.

  [Constraint A*] Goal popped, unc OK, but its B-spline breaches an obstacle; discarded.

  [Constraint A*] Goal popped, unc OK, but its B-spline breaches an obstacle; discarded.

  [Constraint A*] Goal popped, unc OK, but its B-spline breaches an obstacle; discarded.

  [Constraint A*] Goal popped, unc OK, but its B-spline breaches an obstacle; discarded.

  [Constraint A*] Goal popped, unc OK, but its B-spline breaches an obstacle; discarded.

  [Constraint A*] Goal popped, unc OK, but its B-spline breaches an obstacle; discarded.

  [Constraint A*] Goal popped, unc OK, but its B-spline breaches an obstacle; discarded.

  [Constraint A*] Goal popped, unc OK, but its B-spline breaches an obstacle; discarded.

  [Constraint A*] Goal popped, unc OK, but its B-spline breaches an obstacle; discarded.

  [Constraint A*] Goal popped, unc OK, but its B-spline breaches an obstacle; discarded.

  ✓ FEASIBLE SOLUTION at iter 111: dist=950.0, unc=8.0003
  [Constraint A*] Single-agent complete: 111 iterations, final_dist=950.0
  Helpers: greedy placement, minimising the primary's uncertainty per step
  Support 1: dist=950.0m, goal_unc=7.0432m
  Primary  : dist=950.0m, goal_unc=7.756m (threshold 7.600311865 ✗)

=== Continuous Spline Optimization (threshold=7.6003) ===
  Initial (discrete→spline): prim_len=891.891, unc=7.65
  Barrier stage 1/15: μ=20.0
    → Recovered into the feasible set at iter 44 (min_slack=7.0e-5); feasible-only gate now armed
  → Converged at iter 67 (Δlen=0.000865)
  Barrier stage 2/15: μ=7.0
  → Converged at iter 69 (Δlen=0.000551)
  Barrier stage 3/15: μ=2.45
  → Converged at iter 71 (Δlen=0.000506)
  Barrier stage 4/15: μ=0.8575
  → Converged at iter 73 (Δlen=0.000552)
  Barrier stage 5/15: μ=0.3001
  → Converged at iter 75 (Δlen=0.000625)
  Barrier stage 6/15: μ=0.105
  → Converged at iter 77 (Δlen=0.0007)
  Barrier stage 7/15: μ=0.0368
  → Converged at iter 79 (Δlen=0.000769)
  Barrier stage 8/15: μ=0.0129
  → Converged at iter 81 (Δlen=0.000832)
  Barrier stage 9/15: μ=0.0045
  → Converged at iter 83 (Δlen=0.000887)
  Barrier stage 10/15: μ=0.0016
  → Converged at iter 85 (Δlen=0.000935)
  Barrier stage 11/15: μ=0.0006
  → Converged at iter 87 (Δlen=0.000978)
  Barrier stage 12/15: μ=0.0002
  Barrier stage 13/15: μ=0.0001
  Barrier stage 14/15: μ=0.0
  Barrier stage 15/15: μ=0.0
  Final: prim_len=907.248, unc=7.5528, threshold=7.6003, status=optimized, min_slack=0.008298
  Obstacle re-verification: mean path clears all obstacles ✓
Fig combined (main) saved: Discrete Len=891.89 → Continuous Len=907.25
Fig uncertainty profile (main) saved: /home/tonyzhang/projects/landmark_planning/constraint_sweep/sweep_2026-08-11/greedy/s067_p095/greedy/figures/main_unc_profile.png

[greedy] produced 1 solution(s) -> /home/tonyzhang/projects/landmark_planning/constraint_sweep/sweep_2026-08-11/greedy/s067_p095/greedy
