Landmark scenario: random — 4 landmarks, 1 obstacles, start (0.0, 0.0) → goal (750.0, 0.0)
Hex graph: 341 nodes (336 heading-states + 4 sensors + goal), radius=86.60254037844388m, directed_edges=840, grid=10x11, start_cell=(2, 5), goal_cell=(7, 5), start_heading=0
Conditional ε-bound: ε_sample=1.2309, w=1.0, ε_total=1.2309
  Bound form (conditional): L_returned ≤ (1+ε_total) L* with assumptions documented in comments.

── MULTI-AGENT PLANNING (Synchronized Kalman) ──

  Running joint discrete A* (threshold=3.7396)... (max_iters=1000000)
  Stops on the first feasible candidate under the threshold.
  ✓ Goal reachable from node 1 with distance 750.0
  [A*] iter 1000/1000000 (0.1%)  left=999000  elapsed=1.3s   
  [Constraint A*] Incumbent seed at iter 1290: dist=1050.0, unc=4.0591 > 3.7396

  [Constraint A*] Incumbent seed at iter 1821: dist=1050.0, unc=3.8193 > 3.7396

  [Constraint A*] Incumbent seed at iter 1827: dist=1050.0, unc=3.7518 > 3.7396

  [Constraint A*] Incumbent seed at iter 1839: dist=1050.0, unc=3.7514 > 3.7396

  ✓ FEASIBLE SOLUTION at iter 1912: dist=1050.0, unc=3.689
  [Constraint A*] Complete: 1912 iterations, final_dist=1050.0

✓ Multi-agent solution with synchronized Kalman fusion:
  Support agent 1: node=87, dist=1050.0m, goal_unc=3.2103m
  Primary agent: node=182, dist=1050.0m, goal_unc=3.689m
  ├─ Communication: every 100.0m, sigmoid taper range=300.0m width=20.0m
  └─ All agents' uncertainties benefit from synchronized Kalman fusion at checkpoints

--- Final Results ---
Support agent 1 : [1, 115, 67, 68, 31, 32, 38, 87]  dist=1050.0  goal_unc=3.2103  ✓  (Kalman-fused)
Primary agent : [1, 115, 67, 68, 74, 80, 135, 182]  dist=1050.0  goal_unc=3.689  threshold=3.739576401 ✓ met  (Kalman-fused)

=== Kalman Filtering Summary ===
All 2 agents performing synchronized Kalman filtering:
  • Dead-reckoning propagation: DIR=0.05/m, PERP=0.016666666666666666/m
  • Landmark fusion: Information filter (Joseph form) at every waypoint
  • SYNCHRONIZED inter-agent communication: every 100.0m of travel
  • Tapered sigmoid weighting: range=300.0m, width=20.0m (soft plateau + rolloff)
  • Bidirectional Kalman fusion: all agent pairs within range at each checkpoint
  • Measurement model: bearing-angle sensor with noise=0.038, ratio=2.2
  └─ Support agents: goal_unc=3.2103m (improved by inter-agent fusion)
  └─ Primary agent: goal_unc=3.689m (direct path with landmark updates)
Converged at iteration : 1912
Figure path-role mapping: supports = paths[1:1], primary = paths[2]
Discrete evaluation: prim_len=1050.0, unc=3.689
Fig 1 saved.
Discrete-only spline: prim_len=1004.736, unc=3.689

[discrete_only] produced 1 solution(s) -> /home/tonyzhang/projects/landmark_planning/constraint_sweep/ablation_2026-08-17/discrete_only/s004_p070/discrete_only
