┌ Warning: Seed is infeasible (min_slack=-37.37983876778918, ε=0.001); the barrier will try to recover it before shortening. Expected for the straight_cont ablation, and for a discrete seed that A* returned as its best incumbent after exhausting its budget.
└ @ Main ~/projects/landmark_planning/planners/hexspline_cl.jl:1215
Landmark scenario: random — 4 landmarks, 4 obstacles, start (0.0, 0.0) → goal (800.0, 0.0)
Hex graph: 797 nodes (792 heading-states + 4 sensors + goal), radius=57.73502691896258m, directed_edges=2112, grid=13x15, start_cell=(1, 7), goal_cell=(9, 7), start_heading=0

── GREEDY PLANNING ──
  Primary: shortest obstacle-clear route (single-agent A*, no uncertainty bound)

  [Constraint A*] Goal popped, unc OK, but its B-spline breaches an obstacle; discarded.

  [Constraint A*] Goal popped, unc OK, but its B-spline breaches an obstacle; discarded.

  [Constraint A*] Goal popped, unc OK, but its B-spline breaches an obstacle; discarded.

  [Constraint A*] Goal popped, unc OK, but its B-spline breaches an obstacle; discarded.

  [Constraint A*] Goal popped, unc OK, but its B-spline breaches an obstacle; discarded.

  [Constraint A*] Goal popped, unc OK, but its B-spline breaches an obstacle; discarded.

  [Constraint A*] Goal popped, unc OK, but its B-spline breaches an obstacle; discarded.

  [Constraint A*] Goal popped, unc OK, but its B-spline breaches an obstacle; discarded.

  [Constraint A*] Goal popped, unc OK, but its B-spline breaches an obstacle; discarded.

  [Constraint A*] Goal popped, unc OK, but its B-spline breaches an obstacle; discarded.

  ✓ FEASIBLE SOLUTION at iter 208: dist=1050.0, unc=8.0366
  [Constraint A*] Single-agent complete: 208 iterations, final_dist=1050.0
  Helpers: greedy placement, minimising the primary's uncertainty per step
  Support 1: dist=1050.0m, goal_unc=3.0035m
  Primary  : dist=1050.0m, goal_unc=8.0365m (threshold 7.232895015 ✗)

=== Continuous Spline Optimization (threshold=7.2329) ===
  Initial (discrete→spline): prim_len=1044.955, unc=8.1327
  Barrier stage 1/15: μ=20.0
  Barrier stage 2/15: μ=20.0
    → Recovered into the feasible set at iter 79 (min_slack=0.008221); feasible-only gate now armed
  [Spline barrier] line search stalled; stopping at stage 2
  Barrier stage 3/15: μ=7.0
  → Converged at iter 82 (Δlen=0.000522)
  Barrier stage 4/15: μ=2.45
  [Spline barrier] line search stalled; stopping at stage 4
  Barrier stage 5/15: μ=0.8575
  [Spline barrier] line search stalled; stopping at stage 5
  Barrier stage 6/15: μ=0.3001
  [Spline barrier] line search stalled; stopping at stage 6
  Barrier stage 7/15: μ=0.105
  [Spline barrier] line search stalled; stopping at stage 7
  Barrier stage 8/15: μ=0.0368
  [Spline barrier] line search stalled; stopping at stage 8
  Barrier stage 9/15: μ=0.0129
  → Converged at iter 100 (Δlen=6.9e-5)
  Barrier stage 10/15: μ=0.0045
  → Converged at iter 101 (Δlen=0.000105)
  Barrier stage 11/15: μ=0.0016
  [Spline barrier] line search stalled; stopping at stage 11
  Barrier stage 12/15: μ=0.0006
  [Spline barrier] line search stalled; stopping at stage 12
  Barrier stage 13/15: μ=0.0002
  [Spline barrier] line search stalled; stopping at stage 13
  Barrier stage 14/15: μ=0.0001
  [Spline barrier] line search stalled; stopping at stage 14
  Barrier stage 15/15: μ=0.0
  [Spline barrier] line search stalled; stopping at stage 15
  Final: prim_len=1031.223, unc=7.034, threshold=7.2329, status=optimized, min_slack=0.0
  Obstacle re-verification: mean path clears all obstacles ✓
Fig combined (main) saved: Discrete Len=1044.96 → Continuous Len=1031.22
Fig uncertainty profile (main) saved: /home/tonyzhang/projects/landmark_planning/constraint_sweep/sweep_2026-08-11/greedy/s083_p090/greedy/figures/main_unc_profile.png

[greedy] produced 1 solution(s) -> /home/tonyzhang/projects/landmark_planning/constraint_sweep/sweep_2026-08-11/greedy/s083_p090/greedy
