┌ Warning: Seed is infeasible (min_slack=-18.704356101098977, ε=0.001); the barrier will try to recover it before shortening. Expected for the straight_cont ablation, and for a discrete seed that A* returned as its best incumbent after exhausting its budget.
└ @ Main ~/projects/landmark_planning/planners/hexspline_cl.jl:1207
Landmark scenario: random — 2 landmarks, 1 obstacles, start (0.0, 0.0) → goal (600.0, 0.0)
Hex graph: 297 nodes (294 heading-states + 2 sensors + goal), radius=86.60254037844388m, directed_edges=726, grid=9x11, start_cell=(2, 5), goal_cell=(6, 5), start_heading=0
Conditional ε-bound: ε_sample=1.2887, w=1.0, ε_total=1.2887
  Bound form (conditional): L_returned ≤ (1+ε_total) L* with assumptions documented in comments.

── MULTI-AGENT PLANNING (Synchronized Kalman) ──

  seed_mode=:straight — skipping discrete search and using direct start→goal seed

✓ Multi-agent solution with synchronized Kalman fusion:
  Support agent 1: node=297, dist=600.0m, goal_unc=7.1449m
  Primary agent: node=297, dist=600.0m, goal_unc=7.1449m
  ├─ Communication: every 100.0m, sigmoid taper range=300.0m width=20.0m
  └─ All agents' uncertainties benefit from synchronized Kalman fusion at checkpoints

--- Final Results ---
Support agent 1 : [1, 297]  dist=600.0  goal_unc=7.1449  ✓  (Kalman-fused)
Primary agent : [1, 297]  dist=600.0  goal_unc=7.1449  threshold=7.504606372 ✓ met  (Kalman-fused)

=== Kalman Filtering Summary ===
All 2 agents performing synchronized Kalman filtering:
  • Dead-reckoning propagation: DIR=0.05/m, PERP=0.016666666666666666/m
  • Landmark fusion: Information filter (Joseph form) at every waypoint
  • SYNCHRONIZED inter-agent communication: every 100.0m of travel
  • Tapered sigmoid weighting: range=300.0m, width=20.0m (soft plateau + rolloff)
  • Bidirectional Kalman fusion: all agent pairs within range at each checkpoint
  • Measurement model: bearing-angle sensor with noise=0.038, ratio=2.2
  └─ Support agents: goal_unc=7.1449m (improved by inter-agent fusion)
  └─ Primary agent: goal_unc=7.1449m (direct path with landmark updates)
Converged at iteration : 0
Figure path-role mapping: supports = paths[1:1], primary = paths[2]
Discrete evaluation: prim_len=600.0, unc=7.1449
Fig 1 saved.

=== Continuous Spline Optimization (threshold=7.5046) ===
  Initial (discrete→spline): prim_len=600.0, unc=7.1449
  Barrier stage 1/15: μ=20.0
    → Recovered into the feasible set at iter 63 (min_slack=0.020479); feasible-only gate now armed
  Barrier stage 2/15: μ=7.0
  → Converged at iter 105 (Δlen=0.000696)
  Barrier stage 3/15: μ=2.45
  → Converged at iter 107 (Δlen=0.000537)
  Barrier stage 4/15: μ=0.8575
  → Converged at iter 109 (Δlen=0.000465)
  Barrier stage 5/15: μ=0.3001
  → Converged at iter 110 (Δlen=0.000861)
  Barrier stage 6/15: μ=0.105
  → Converged at iter 112 (Δlen=0.000258)
  Barrier stage 7/15: μ=0.0368
  → Converged at iter 113 (Δlen=0.000452)
  Barrier stage 8/15: μ=0.0129
  → Converged at iter 114 (Δlen=0.000587)
  Barrier stage 9/15: μ=0.0045
  [Spline barrier] line search stalled; stopping at stage 9
  Barrier stage 10/15: μ=0.0016
  [Spline barrier] line search stalled; stopping at stage 10
  Barrier stage 11/15: μ=0.0006
  → Converged at iter 117 (Δlen=0.000569)
  Barrier stage 12/15: μ=0.0002
  → Converged at iter 118 (Δlen=0.000511)
  Barrier stage 13/15: μ=0.0001
  → Converged at iter 119 (Δlen=0.000415)
  Barrier stage 14/15: μ=0.0
  → Converged at iter 120 (Δlen=0.000286)
  Barrier stage 15/15: μ=0.0
  → Converged at iter 121 (Δlen=0.000126)
  Final: prim_len=602.422, unc=7.2658, threshold=7.5046, status=optimized, min_slack=0.020479
  Obstacle re-verification: mean path clears all obstacles ✓
Fig combined (main) saved: Discrete Len=600.0 → Continuous Len=602.42
Fig uncertainty profile (main) saved: /home/tonyzhang/projects/landmark_planning/constraint_sweep/ablation_2026-08-17/straight_cont/s020_p090/straight_cont/figures/main_unc_profile.png

[straight_cont] produced 1 solution(s) -> /home/tonyzhang/projects/landmark_planning/constraint_sweep/ablation_2026-08-17/straight_cont/s020_p090/straight_cont
