┌ Warning: Seed is infeasible (min_slack=-22.84621736585609, ε=0.001); the barrier will try to recover it before shortening. Expected for the straight_cont ablation, and for a discrete seed that A* returned as its best incumbent after exhausting its budget.
└ @ Main ~/projects/landmark_planning/planners/hexspline_cl.jl:1215
Landmark scenario: random — 4 landmarks, 3 obstacles, start (0.0, 0.0) → goal (800.0, 0.0)
Hex graph: 797 nodes (792 heading-states + 4 sensors + goal), radius=57.73502691896258m, directed_edges=2112, grid=13x15, start_cell=(1, 7), goal_cell=(9, 7), start_heading=0

── FORMATION PLANNING ──
  Primary: single-agent hexspline A* (threshold 8.969144563); supports added afterwards.

  [Constraint A*] Incumbent seed at iter 30: dist=850.0, unc=9.4412 > 8.9691

  [Constraint A*] Goal popped, unc OK, but its B-spline breaches an obstacle; discarded.

  [Constraint A*] Goal popped, unc OK, but its B-spline breaches an obstacle; discarded.

  [Constraint A*] Goal popped, unc OK, but its B-spline breaches an obstacle; discarded.

  [Constraint A*] Goal popped, unc OK, but its B-spline breaches an obstacle; discarded.

  [Constraint A*] Goal popped, unc OK, but its B-spline breaches an obstacle; discarded.

  ✓ FEASIBLE SOLUTION at iter 215: dist=1050.0, unc=4.7989
  [Constraint A*] Single-agent complete: 215 iterations, final_dist=1050.0
  One support: trying both lateral slots (+1 = 60° left, -1 = 60° right).
  Slot [1]: unc=4.8706 ✓
  Slot [-1]: unc=3.491 ✓
  → Chose slot [-1]
  Support 1 (slot -1): dist=1132.3m, goal_unc=3.8091m, arc drift vs primary=82.3m
  Primary : dist=1050.0m, goal_unc=3.491m (threshold 8.969144563 ✓)
  ! A support drifted more than half a comm interval from the primary's arc; checkpoints no longer pair them where the formation puts them.

=== Continuous Spline Optimization (threshold=8.9691) ===
  Initial (discrete→spline): prim_len=1044.955, unc=3.6952
  Barrier stage 1/15: μ=20.0
  [Spline barrier] line search stalled; stopping at stage 1
  Barrier stage 2/15: μ=20.0
  Barrier stage 3/15: μ=20.0
    → Recovered into the feasible set at iter 98 (min_slack=0.009987); feasible-only gate now armed
  Barrier stage 4/15: μ=7.0
  → Converged at iter 159 (Δlen=0.000974)
  Barrier stage 5/15: μ=2.45
  → Converged at iter 161 (Δlen=0.000907)
  Barrier stage 6/15: μ=0.8575
  → Converged at iter 163 (Δlen=0.000848)
  Barrier stage 7/15: μ=0.3001
  → Converged at iter 165 (Δlen=0.000799)
  Barrier stage 8/15: μ=0.105
  → Converged at iter 167 (Δlen=0.000758)
  Barrier stage 9/15: μ=0.0368
  → Converged at iter 169 (Δlen=0.000726)
  Barrier stage 10/15: μ=0.0129
  → Converged at iter 171 (Δlen=0.0007)
  Barrier stage 11/15: μ=0.0045
  → Converged at iter 173 (Δlen=0.00068)
  Barrier stage 12/15: μ=0.0016
  → Converged at iter 175 (Δlen=0.000664)
  Barrier stage 13/15: μ=0.0006
  → Converged at iter 177 (Δlen=0.000652)
  Barrier stage 14/15: μ=0.0002
  → Converged at iter 179 (Δlen=0.000643)
  Barrier stage 15/15: μ=0.0001
  → Converged at iter 181 (Δlen=0.000635)
  Final: prim_len=1062.892, unc=3.8734, threshold=8.9691, status=optimized, min_slack=0.009788
  Obstacle re-verification: mean path clears all obstacles ✓
Fig combined (main) saved: Discrete Len=1044.96 → Continuous Len=1062.89
Fig uncertainty profile (main) saved: /home/tonyzhang/projects/landmark_planning/constraint_sweep/sweep_2026-08-11/formation/s101_p095/formation/figures/main_unc_profile.png

[formation] produced 1 solution(s) -> /home/tonyzhang/projects/landmark_planning/constraint_sweep/sweep_2026-08-11/formation/s101_p095/formation
