Landmark scenario: random — 3 landmarks, 2 obstacles, start (0.0, 0.0) → goal (900.0, 0.0)
Hex graph: 382 nodes (378 heading-states + 3 sensors + goal), radius=86.60254037844388m, directed_edges=954, grid=11x11, start_cell=(2, 5), goal_cell=(8, 5), start_heading=0

── FORMATION PLANNING ──
  Primary: own A* (formation_primary_astar); a goal candidate is accepted on the primary's uncertainty WITH its supports attached (threshold 5.139717039).
  One support: both lateral slots (+1 = 60° left, -1 = 60° right) tried per candidate.
  [A*] iter 1000/1000000 (0.1%)  left=999000  elapsed=0.1s     [A*] iter 2000/1000000 (0.2%)  left=998000  elapsed=0.1s     [A*] iter 3000/1000000 (0.3%)  left=997000  elapsed=0.2s     [A*] iter 4000/1000000 (0.4%)  left=996000  elapsed=0.2s     [A*] iter 5000/1000000 (0.5%)  left=995000  elapsed=0.2s     [A*] iter 6000/1000000 (0.6%)  left=994000  elapsed=0.2s     [A*] iter 7000/1000000 (0.7%)  left=993000  elapsed=0.2s     [A*] iter 8000/1000000 (0.8%)  left=992000  elapsed=0.2s   ┌ Warning: Seed is infeasible (min_slack=-0.0006921790331277933, ε=0.001); the barrier will try to recover it before shortening. Expected for the straight_cont ablation, and for a discrete seed that A* returned as its best incumbent after exhausting its budget.
└ @ Main ~/projects/landmark_planning/planners/hexspline_cl.jl:1207

    nothing cleared the escorted bound; handing the best attempt to the barrier: unc=5.1404 (slot [-1])
  → Chose slot [-1]
  Support 1 (slot -1): dist=1350.0m, goal_unc=5.1411m, arc drift vs primary=0.0m
  Primary : dist=1350.0m, goal_unc=5.1404m (threshold 5.139717039 ✗)

=== Continuous Spline Optimization (threshold=5.1397) ===
  Initial (discrete→spline): prim_len=1235.28, unc=5.1404
  Barrier stage 1/15: μ=20.0
  [Spline barrier] line search stalled; stopping at stage 1
  Barrier stage 2/15: μ=20.0
  [Spline barrier] line search stalled; stopping at stage 2
  Barrier stage 3/15: μ=20.0
    → Recovered into the feasible set at iter 5 (min_slack=1.9e-5); feasible-only gate now armed
  → Converged at iter 50 (Δlen=0.000813)
  Barrier stage 4/15: μ=7.0
  → Converged at iter 52 (Δlen=0.00057)
  Barrier stage 5/15: μ=2.45
  → Converged at iter 54 (Δlen=0.00045)
  Barrier stage 6/15: μ=0.8575
  → Converged at iter 55 (Δlen=0.000864)
  Barrier stage 7/15: μ=0.3001
  → Converged at iter 57 (Δlen=0.00036)
  Barrier stage 8/15: μ=0.105
  → Converged at iter 58 (Δlen=0.000698)
  Barrier stage 9/15: μ=0.0368
  → Converged at iter 60 (Δlen=0.000303)
  Barrier stage 10/15: μ=0.0129
  → Converged at iter 61 (Δlen=0.000591)
  Barrier stage 11/15: μ=0.0045
  → Converged at iter 62 (Δlen=0.000866)
  Barrier stage 12/15: μ=0.0016
  → Converged at iter 64 (Δlen=0.000252)
  Barrier stage 13/15: μ=0.0006
  → Converged at iter 65 (Δlen=0.000495)
  Barrier stage 14/15: μ=0.0002
  → Converged at iter 66 (Δlen=0.000729)
  Barrier stage 15/15: μ=0.0001
  → Converged at iter 67 (Δlen=0.000955)
  Final: prim_len=1232.67, unc=5.1229, threshold=5.1397, status=optimized, min_slack=0.013757
  Obstacle re-verification: mean path clears all obstacles ✓
Fig combined (main) saved: Discrete Len=1235.28 → Continuous Len=1232.67
Fig uncertainty profile (main) saved: /home/tonyzhang/projects/landmark_planning/constraint_sweep/baseline_2026-08-17/formation/s057_p100/formation/figures/main_unc_profile.png

[formation] produced 1 solution(s) -> /home/tonyzhang/projects/landmark_planning/constraint_sweep/baseline_2026-08-17/formation/s057_p100/formation
