Landmark scenario: ladder_maze — 3 landmarks, 14 obstacles, start (0.0, 0.0) → goal (1400.0, 173.20508075688772)
  → Saved 3 landmarks to /home/tony-zhang/Research/landmark_planning/fig2_ladder/v8/reference/s001/scenario_landmarks.csv
  → Saved 14 obstacles to /home/tony-zhang/Research/landmark_planning/fig2_ladder/v8/reference/s001/scenario_obstacles.csv
Hex graph: 718 nodes (714 heading-states + 3 sensors + goal), radius=57.73502691896258m, directed_edges=1866, grid=19x15, start_cell=(2, 7), goal_cell=(16, 9), start_heading=0
Conditional ε-bound: ε_sample=1.0819, w=1.0, ε_total=1.0819
  Bound form (conditional): L_returned ≤ (1+ε_total) L* with assumptions documented in comments.

── MULTI-AGENT PLANNING (Synchronized Kalman) ──

  Running joint discrete A* (threshold=1.0e9)... (max_iters=1000000)
  Stops on the first feasible candidate under the threshold.

  ✓ FEASIBLE SOLUTION at iter 23: dist=1500.0, unc=12.6496
  [Constraint A*] Single-agent complete: 23 iterations, final_dist=1500.0

✓ Multi-agent solution with synchronized Kalman fusion:
  Primary agent: node=601, dist=1500.0m, goal_unc=12.6496m
  ├─ Communication: every 100.0m, sigmoid taper range=300.0m width=20.0m
  └─ All agents' uncertainties benefit from synchronized Kalman fusion at checkpoints

--- Final Results ---
Primary agent : [1, 319, 428, 433, 439, 445, 451, 457, 463, 469, 572, 577, 583, 589, 595, 601]  dist=1500.0  goal_unc=12.6496  threshold=1.0e9 ✓ met  (Kalman-fused)

=== Kalman Filtering Summary ===
All 1 agents performing synchronized Kalman filtering:
  • Dead-reckoning propagation: DIR=0.05/m, PERP=0.016666666666666666/m
  • Landmark fusion: Information filter (Joseph form) at every waypoint
  • SYNCHRONIZED inter-agent communication: every 100.0m of travel
  • Tapered sigmoid weighting: range=300.0m, width=20.0m (soft plateau + rolloff)
  • Bidirectional Kalman fusion: all agent pairs within range at each checkpoint
  • Measurement model: bearing-angle sensor with noise=0.038, ratio=2.2
  └─ Support agents: goal_unc=12.6496m (improved by inter-agent fusion)
  └─ Primary agent: goal_unc=12.6496m (direct path with landmark updates)
Converged at iteration : 23
Figure path-role mapping: supports = paths[1:0], primary = paths[1]
Discrete evaluation: prim_len=1500.0, unc=12.6496
Fig 1 saved.

=== Continuous Spline Optimization (threshold=1.0e9) ===
  Initial (discrete→spline): prim_len=1448.629, unc=12.6496
  Barrier stage 1/15: μ=20.0
  Barrier stage 2/15: μ=7.0
  → Converged at iter 95 (Δlen=0.000273)
  Barrier stage 3/15: μ=2.45
  Barrier stage 4/15: μ=0.8575
  Barrier stage 5/15: μ=0.3001
  Barrier stage 6/15: μ=0.105
  Barrier stage 7/15: μ=0.0368
  Barrier stage 8/15: μ=0.0129
  Barrier stage 9/15: μ=0.0045
  Barrier stage 10/15: μ=0.0016
  Barrier stage 11/15: μ=0.0006
  → Converged at iter 634 (Δlen=0.000169)
  Barrier stage 12/15: μ=0.0002
  → Converged at iter 638 (Δlen=0.000833)
  Barrier stage 13/15: μ=0.0001
  → Converged at iter 640 (Δlen=0.000134)
  Barrier stage 14/15: μ=0.0
  → Converged at iter 641 (Δlen=0.000172)
  Barrier stage 15/15: μ=0.0
  → Converged at iter 642 (Δlen=0.000182)
  Final: prim_len=1413.623, unc=11.0176, threshold=1.0e9, status=optimized, min_slack=1.9e-5
  Obstacle re-verification: mean path clears all obstacles ✓
Fig combined (main) saved: Discrete Len=1448.63 → Continuous Len=1413.62
Fig uncertainty profile (main) saved: /home/tony-zhang/Research/landmark_planning/fig2_ladder/v8/reference/s001/hexspline_cl/figures/main_unc_profile.png
  → Saved control points to /home/tony-zhang/Research/landmark_planning/fig2_ladder/v8/reference/s001/hexspline_cl/csv/main_ctrls.csv (16 points)

[hexspline_cl] produced 1 solution(s) -> /home/tony-zhang/Research/landmark_planning/fig2_ladder/v8/reference/s001/hexspline_cl
