┌ Warning: Seed is infeasible (min_slack=-20.807950383848492, ε=0.001); the barrier will try to recover it before shortening. Expected for the straight_cont ablation, and for a discrete seed that A* returned as its best incumbent after exhausting its budget.
└ @ Main ~/projects/landmark_planning/planners/hexspline_cl.jl:1215
Landmark scenario: random — 3 landmarks, 3 obstacles, start (0.0, 0.0) → goal (800.0, 0.0)
Hex graph: 796 nodes (792 heading-states + 3 sensors + goal), radius=57.73502691896258m, directed_edges=2112, grid=13x15, start_cell=(1, 7), goal_cell=(9, 7), start_heading=0

── FORMATION PLANNING ──
  Primary: single-agent hexspline A* (threshold 8.403782963); supports added afterwards.

  [Constraint A*] Goal popped, unc OK, but its B-spline breaches an obstacle; discarded.

  [Constraint A*] Incumbent seed at iter 45: dist=850.0, unc=9.8868 > 8.4038

  [Constraint A*] Goal popped, unc OK, but its B-spline breaches an obstacle; discarded.

  ✓ FEASIBLE SOLUTION at iter 95: dist=950.0, unc=4.8897
  [Constraint A*] Single-agent complete: 95 iterations, final_dist=950.0
  One support: trying both lateral slots (+1 = 60° left, -1 = 60° right).
  Slot [1]: unc=4.8896 ✓
  Slot [-1]: unc=3.0995 ✓
  → Chose slot [-1]
  Support 1 (slot -1): dist=1032.3m, goal_unc=3.4598m, arc drift vs primary=82.3m
  Primary : dist=950.0m, goal_unc=3.0995m (threshold 8.403782963 ✓)
  ! A support drifted more than half a comm interval from the primary's arc; checkpoints no longer pair them where the formation puts them.

=== Continuous Spline Optimization (threshold=8.4038) ===
  Initial (discrete→spline): prim_len=943.295, unc=3.2808
  Barrier stage 1/15: μ=20.0
    → Recovered into the feasible set at iter 6 (min_slack=0.010141); feasible-only gate now armed
  → Converged at iter 29 (Δlen=0.00028)
  Barrier stage 2/15: μ=7.0
  → Converged at iter 83 (Δlen=0.000934)
  Barrier stage 3/15: μ=2.45
  → Converged at iter 85 (Δlen=0.000737)
  Barrier stage 4/15: μ=0.8575
  → Converged at iter 87 (Δlen=0.000555)
  Barrier stage 5/15: μ=0.3001
  → Converged at iter 89 (Δlen=0.000398)
  Barrier stage 6/15: μ=0.105
  [Spline barrier] line search stalled; stopping at stage 6
  Barrier stage 7/15: μ=0.0368
  [Spline barrier] line search stalled; stopping at stage 7
  Barrier stage 8/15: μ=0.0129
  [Spline barrier] line search stalled; stopping at stage 8
  Barrier stage 9/15: μ=0.0045
  [Spline barrier] line search stalled; stopping at stage 9
  Barrier stage 10/15: μ=0.0016
  [Spline barrier] line search stalled; stopping at stage 10
  Barrier stage 11/15: μ=0.0006
  [Spline barrier] line search stalled; stopping at stage 11
  Barrier stage 12/15: μ=0.0002
  [Spline barrier] line search stalled; stopping at stage 12
  Barrier stage 13/15: μ=0.0001
  → Converged at iter 97 (Δlen=0.000385)
  Barrier stage 14/15: μ=0.0
  → Converged at iter 98 (Δlen=0.000338)
  Barrier stage 15/15: μ=0.0
  → Converged at iter 99 (Δlen=0.000262)
  Final: prim_len=951.448, unc=3.3975, threshold=8.4038, status=optimized, min_slack=0.010141
  Obstacle re-verification: mean path clears all obstacles ✓
Fig combined (main) saved: Discrete Len=943.3 → Continuous Len=951.45
Fig uncertainty profile (main) saved: /home/tonyzhang/projects/landmark_planning/constraint_sweep/sweep_2026-08-11/formation/s095_p085/formation/figures/main_unc_profile.png

[formation] produced 1 solution(s) -> /home/tonyzhang/projects/landmark_planning/constraint_sweep/sweep_2026-08-11/formation/s095_p085/formation
