Landmark scenario: random — 2 landmarks, 3 obstacles, start (0.0, 0.0) → goal (600.0, 0.0)
Hex graph: 651 nodes (648 heading-states + 2 sensors + goal), radius=57.73502691896258m, directed_edges=1704, grid=11x15, start_cell=(1, 7), goal_cell=(7, 7), start_heading=0
Conditional ε-bound: ε_sample=1.1925, w=1.0, ε_total=1.1925
  Bound form (conditional): L_returned ≤ (1+ε_total) L* with assumptions documented in comments.

── MULTI-AGENT PLANNING (Synchronized Kalman) ──

  Running joint discrete A* (threshold=4.8868)... (max_iters=500000)
  Stops on the first feasible candidate under the threshold.
  ✓ Goal reachable from node 1 with distance 600.0
  [A*] iter 1000/500000 (0.2%)  left=499000  elapsed=2.1s     [A*] iter 2000/500000 (0.4%)  left=498000  elapsed=2.2s   
  ✓ FEASIBLE SOLUTION at iter 2671: dist=750.0, unc=3.9529
  [Constraint A*] Complete: 2671 iterations, final_dist=750.0

✓ Multi-agent solution with synchronized Kalman fusion:
  Support agent 1: node=249, dist=750.0m, goal_unc=0.886m
  Primary agent: node=362, dist=750.0m, goal_unc=3.9529m
  ├─ Communication: every 100.0m, sigmoid taper range=200.0m width=20.0m
  └─ All agents' uncertainties benefit from synchronized Kalman fusion at checkpoints

--- Final Results ---
Support agent 1 : [1, 331, 289, 228, 181, 182, 188, 194, 249]  dist=750.0  goal_unc=0.886  ✓  (Kalman-fused)
Primary agent : [1, 331, 392, 397, 403, 354, 307, 308, 362]  dist=750.0  goal_unc=3.9529  threshold=4.886810855 ✓ met  (Kalman-fused)

=== Kalman Filtering Summary ===
All 2 agents performing synchronized Kalman filtering:
  • Dead-reckoning propagation: DIR=0.05/m, PERP=0.016666666666666666/m
  • Landmark fusion: Information filter (Joseph form) at every waypoint
  • SYNCHRONIZED inter-agent communication: every 100.0m of travel
  • Tapered sigmoid weighting: range=200.0m, width=20.0m (soft plateau + rolloff)
  • Bidirectional Kalman fusion: all agent pairs within range at each checkpoint
  • Measurement model: bearing-angle sensor with noise=0.038, ratio=2.2
  └─ Support agents: goal_unc=0.886m (improved by inter-agent fusion)
  └─ Primary agent: goal_unc=3.9529m (direct path with landmark updates)
Converged at iteration : 2671
Figure path-role mapping: supports = paths[1:1], primary = paths[2]
Discrete evaluation: prim_len=750.0, unc=3.9529
Fig 1 saved.

=== Continuous Spline Optimization (threshold=4.8868) ===
  Initial (discrete→spline): prim_len=720.645, unc=4.3311
  Barrier stage 1/15: μ=20.0
  Barrier stage 2/15: μ=7.0
  → Converged at iter 92 (Δlen=0.000328)
  Barrier stage 3/15: μ=2.45
  → Converged at iter 93 (Δlen=0.000514)
  Barrier stage 4/15: μ=0.8575
  → Converged at iter 137 (Δlen=0.00073)
  Barrier stage 5/15: μ=0.3001
  [Spline barrier] line search stalled; stopping at stage 5
  Barrier stage 6/15: μ=0.105
  → Converged at iter 140 (Δlen=0.000219)
  Barrier stage 7/15: μ=0.0368
  → Converged at iter 162 (Δlen=0.000358)
  Barrier stage 8/15: μ=0.0129
  → Converged at iter 163 (Δlen=0.000549)
  Barrier stage 9/15: μ=0.0045
  [Spline barrier] line search stalled; stopping at stage 9
  Barrier stage 10/15: μ=0.0016
  [Spline barrier] line search stalled; stopping at stage 10
  Barrier stage 11/15: μ=0.0006
  [Spline barrier] line search stalled; stopping at stage 11
  Barrier stage 12/15: μ=0.0002
  [Spline barrier] line search stalled; stopping at stage 12
  Barrier stage 13/15: μ=0.0001
  [Spline barrier] line search stalled; stopping at stage 13
  Barrier stage 14/15: μ=0.0
  [Spline barrier] line search stalled; stopping at stage 14
  Barrier stage 15/15: μ=0.0
  → Converged at iter 170 (Δlen=0.000801)
  Final: prim_len=692.514, unc=4.8135, threshold=4.8868, status=optimized, min_slack=0.010171
  Obstacle re-verification: mean path clears all obstacles ✓
Fig combined (main) saved: Discrete Len=720.64 → Continuous Len=692.51
Fig uncertainty profile (main) saved: /home/tonyzhang/projects/landmark_planning/constraint_sweep/sweep_2026-08-11/hexspline_cl/s003_p075/hexspline_cl/figures/main_unc_profile.png

[hexspline_cl] produced 1 solution(s) -> /home/tonyzhang/projects/landmark_planning/constraint_sweep/sweep_2026-08-11/hexspline_cl/s003_p075/hexspline_cl
