Landmark scenario: random — 4 landmarks, 4 obstacles, start (0.0, 0.0) → goal (800.0, 0.0)
Hex graph: 797 nodes (792 heading-states + 4 sensors + goal), radius=57.73502691896258m, directed_edges=2112, grid=13x15, start_cell=(1, 7), goal_cell=(9, 7), start_heading=0

── SEQUENTIAL PLANNING (2 agent(s), one at a time) ──
  Leg 1 — primary, 1 helper(s) parked at start (bound 7.5364 = 2.0x the 3.768203274 threshold the shipped route is held to):

    ✓ feasible at iter 83: dist=950.0, unc=4.6076
  Leg 2 — helper 1 vs the fixed primary trajectory (11 steps, beam 400):
    → helper 1 placed; primary goal_unc now 3.3749
  Leg 3 — primary re-planned against the committed helper paths:
  [A*] iter 1000/500000 (0.2%)  left=499000  elapsed=0.0s   ┌ Warning: Seed is infeasible (min_slack=-0.061933986938557783, ε=0.001); the barrier will try to recover it before shortening. Expected for the straight_cont ablation, and for a discrete seed that A* returned as its best incumbent after exhausting its budget.
└ @ Main ~/projects/landmark_planning/planners/hexspline_cl.jl:1215

    ✓ feasible at iter 1182: dist=1250.0, unc=3.7566
    leg 1 route: len=950.0, unc=3.3749 ✓  |  re-planned: len=1250.0, unc=3.7566 ✓  → keep leg 1
  Helper 1: dist=950.0m, goal_unc=3.3395m
  Primary  : dist=950.0m, goal_unc=3.3749m (threshold 3.768203274 ✓)

=== Continuous Spline Optimization (threshold=3.7682) ===
  Initial (discrete→spline): prim_len=917.528, unc=3.8301
  Barrier stage 1/15: μ=20.0
    → Recovered into the feasible set at iter 1 (min_slack=0.011302); feasible-only gate now armed
  Barrier stage 2/15: μ=7.0
  → Converged at iter 122 (Δlen=0.000171)
  Barrier stage 3/15: μ=2.45
  → Converged at iter 123 (Δlen=0.000308)
  Barrier stage 4/15: μ=0.8575
  → Converged at iter 124 (Δlen=0.000409)
  Barrier stage 5/15: μ=0.3001
  Barrier stage 6/15: μ=0.105
  Barrier stage 7/15: μ=0.0368
  Barrier stage 8/15: μ=0.0129
  Barrier stage 9/15: μ=0.0045
  Barrier stage 10/15: μ=0.0016
  Barrier stage 11/15: μ=0.0006
  Barrier stage 12/15: μ=0.0002
  Barrier stage 13/15: μ=0.0001
  → Converged at iter 664 (Δlen=0.000658)
  Barrier stage 14/15: μ=0.0
  → Converged at iter 665 (Δlen=0.000823)
  Barrier stage 15/15: μ=0.0
  [Spline barrier] line search stalled; stopping at stage 15
  Final: prim_len=883.433, unc=2.9151, threshold=3.7682, status=optimized, min_slack=1.0e-6
  Obstacle re-verification: mean path clears all obstacles ✓
Fig combined (main) saved: Discrete Len=917.53 → Continuous Len=883.43
Fig uncertainty profile (main) saved: /home/tonyzhang/projects/landmark_planning/constraint_sweep/sweep_2026-08-11/sequential/s018_p040/sequential/figures/main_unc_profile.png

[sequential] produced 1 solution(s) -> /home/tonyzhang/projects/landmark_planning/constraint_sweep/sweep_2026-08-11/sequential/s018_p040/sequential
