── constraint sweep smoke ──
  methods: hexspline_cl, sequential, formation, straight_cont
  ladder:  100, 90, 80%   patience=1   method_patience=1   timeout=900s
  scenarios: drawing until 4 references succeed (guard: 20 draws)
  output:  /home/tony-zhang/Research/landmark_planning/constraint_sweep/smoke
  s001: screen ok — straight_cont fails the 100% bound (recovery_failed)
  s001: D=600 L=4 O=4  L_ref=661.4 U_ref=7.244  (15.1s)  [1/4]
    s001 p100  sequential        ok   ratio=1.0180   13.8s
    s001 p100  formation         ok   ratio=1.1362   14.4s
    s001 p100  straight_cont     FAIL recovery_failed   15.3s
    s001 p100  hexspline_cl      ok   ratio=1.0595   17.1s
    s001: straight_cont failed 1x in a row (through 100%) — dropped, 2 stricter level(s) recorded unrun
    s001 p90  sequential        ok   ratio=1.0273   13.4s
    s001 p90  formation         ok   ratio=1.4449   14.3s
    s001 p90  hexspline_cl      ok   ratio=1.0956   16.9s
    s001 p80  sequential        ok   ratio=1.0447   13.6s
    s001 p80  formation         ok   ratio=1.3994   15.4s
    s001 p80  hexspline_cl      ok   ratio=1.0447   17.1s
  s002: screen ok — straight_cont fails the 100% bound (recovery_failed)
  s002: D=700 L=4 O=4  L_ref=797.9 U_ref=8.571  (14.1s)  [2/4]
    s002 p100  formation         ok   ratio=1.0671   15.2s
    s002 p100  straight_cont     FAIL recovery_failed   16.4s
    s002 p100  sequential        FAIL recovery_failed   17.5s
    s002 p100  hexspline_cl      ok   ratio=1.0380   20.0s
    s002: sequential failed 1x in a row (through 100%) — dropped, 2 stricter level(s) recorded unrun
    s002: straight_cont failed 1x in a row (through 100%) — dropped, 2 stricter level(s) recorded unrun
    s002 p90  formation         ok   ratio=1.3461   16.9s
    s002 p90  hexspline_cl      ok   ratio=1.0017   18.9s
    s002 p80  formation         ok   ratio=1.2829   18.0s
    s002 p80  hexspline_cl      ok   ratio=1.0345   18.7s
  s003: TRIVIAL — straight_cont already meets the 100% bound (unc 9.03 <= 10.252, len 812.3) — rejected, does NOT count toward n_scenarios  (14.4s)
  s004: screen ok — straight_cont fails the 100% bound (recovery_failed)
  s004: D=800 L=2 O=4  L_ref=878.0 U_ref=8.848  (14.2s)  [3/4]
    s004 p100  formation         ok   ratio=1.0817   14.9s
    s004 p100  straight_cont     FAIL recovery_failed   16.6s
    s004 p100  hexspline_cl      ok   ratio=1.0028   19.3s
    s004 p100  sequential        FAIL recovery_failed   65.5s
    s004: sequential failed 1x in a row (through 100%) — dropped, 2 stricter level(s) recorded unrun
    s004: straight_cont failed 1x in a row (through 100%) — dropped, 2 stricter level(s) recorded unrun
    s004 p90  formation         ok   ratio=1.4245   13.9s
    s004 p90  hexspline_cl      ok   ratio=1.0228   17.5s
    s004 p80  formation         ok   ratio=1.4245   13.8s
    s004 p80  hexspline_cl      ok   ratio=1.1217   18.0s
  s005: screen ok — straight_cont fails the 100% bound (recovery_failed)
  s005: D=800 L=4 O=3  L_ref=884.0 U_ref=3.843  (14.3s)  [4/4]
    s005 p100  sequential        ok   ratio=1.0344   13.8s
    s005 p100  formation         ok   ratio=1.0763   14.7s
    s005 p100  straight_cont     FAIL recovery_failed   17.2s
    s005 p100  hexspline_cl      ok   ratio=1.0405   21.3s
    s005: straight_cont failed 1x in a row (through 100%) — dropped, 2 stricter level(s) recorded unrun
    s005 p90  sequential        ok   ratio=1.0370   15.2s
    s005 p90  formation         ok   ratio=1.7017   15.2s
    s005 p90  hexspline_cl      ok   ratio=1.0325   21.8s
    s005 p80  sequential        ok   ratio=1.4774   13.2s
    s005 p80  formation         ok   ratio=1.7017   15.1s
    s005 p80  hexspline_cl      ok   ratio=1.1083   82.6s
── done: /home/tony-zhang/Research/landmark_planning/constraint_sweep/smoke ──
