┌ Warning: Seed is infeasible (min_slack=-0.7631016767755884, ε=0.001); the barrier will try to recover it before shortening. Expected for the straight_cont ablation, and for a discrete seed that A* returned as its best incumbent after exhausting its budget.
└ @ Main ~/projects/landmark_planning/planners/hexspline_cl.jl:1215
Landmark scenario: random — 4 landmarks, 5 obstacles, start (0.0, 0.0) → goal (800.0, 0.0)
Hex graph: 797 nodes (792 heading-states + 4 sensors + goal), radius=57.73502691896258m, directed_edges=2112, grid=13x15, start_cell=(1, 7), goal_cell=(9, 7), start_heading=0

── SEQUENTIAL PLANNING (2 agent(s), one at a time) ──
  Leg 1 — primary, 1 helper(s) parked at start (bound 12.8534 = 2.0x the 6.426704401 threshold the shipped route is held to):

    ✓ feasible at iter 380: dist=1050.0, unc=6.7649
  Leg 2 — helper 1 vs the fixed primary trajectory (12 steps, beam 400):
    → helper 1 placed; primary goal_unc now 4.3375
  Leg 3 — primary re-planned against the committed helper paths:

    ✓ feasible at iter 688: dist=1150.0, unc=5.707
    leg 1 route: len=1050.0, unc=4.3375 ✓  |  re-planned: len=1150.0, unc=5.707 ✓  → keep leg 1
  Helper 1: dist=1050.0m, goal_unc=3.9707m
  Primary  : dist=1050.0m, goal_unc=4.3375m (threshold 6.426704401 ✓)

=== Continuous Spline Optimization (threshold=6.4267) ===
  Initial (discrete→spline): prim_len=1020.286, unc=4.8878
  Barrier stage 1/15: μ=20.0
    → Recovered into the feasible set at iter 2 (min_slack=0.011279); feasible-only gate now armed
  Barrier stage 2/15: μ=7.0
  → Converged at iter 120 (Δlen=0.000875)
  Barrier stage 3/15: μ=2.45
  Barrier stage 4/15: μ=0.8575
  Barrier stage 5/15: μ=0.3001
  Barrier stage 6/15: μ=0.105
  Barrier stage 7/15: μ=0.0368
  Barrier stage 8/15: μ=0.0129
  [Spline barrier] line search stalled; stopping at stage 8
  Barrier stage 9/15: μ=0.0045
  [Spline barrier] line search stalled; stopping at stage 9
  Barrier stage 10/15: μ=0.0016
  → Converged at iter 483 (Δlen=0.0001)
  Barrier stage 11/15: μ=0.0006
  → Converged at iter 527 (Δlen=0.000728)
  Barrier stage 12/15: μ=0.0002
  → Converged at iter 529 (Δlen=0.000178)
  Barrier stage 13/15: μ=0.0001
  → Converged at iter 530 (Δlen=0.000267)
  Barrier stage 14/15: μ=0.0
  → Converged at iter 531 (Δlen=0.000312)
  Barrier stage 15/15: μ=0.0
  [Spline barrier] line search stalled; stopping at stage 15
  Final: prim_len=881.479, unc=5.296, threshold=6.4267, status=optimized, min_slack=2.6e-5
  Obstacle re-verification: mean path clears all obstacles ✓
Fig combined (main) saved: Discrete Len=1020.29 → Continuous Len=881.48
Fig uncertainty profile (main) saved: /home/tonyzhang/projects/landmark_planning/constraint_sweep/sweep_2026-08-11/sequential/s024_p095/sequential/figures/main_unc_profile.png

[sequential] produced 1 solution(s) -> /home/tonyzhang/projects/landmark_planning/constraint_sweep/sweep_2026-08-11/sequential/s024_p095/sequential
