┌ Warning: Seed is infeasible (min_slack=-23.579677501826303, ε=0.001); the barrier will try to recover it before shortening. Expected for the straight_cont ablation, and for a discrete seed that A* returned as its best incumbent after exhausting its budget.
└ @ Main ~/projects/landmark_planning/planners/hexspline_cl.jl:1215
Landmark scenario: random — 2 landmarks, 3 obstacles, start (0.0, 0.0) → goal (600.0, 0.0)
Hex graph: 651 nodes (648 heading-states + 2 sensors + goal), radius=57.73502691896258m, directed_edges=1704, grid=11x15, start_cell=(1, 7), goal_cell=(7, 7), start_heading=0
Conditional ε-bound: ε_sample=1.1925, w=1.0, ε_total=1.1925
  Bound form (conditional): L_returned ≤ (1+ε_total) L* with assumptions documented in comments.

── MULTI-AGENT PLANNING (Synchronized Kalman) ──

  seed_mode=:straight — skipping discrete search and using direct start→goal seed

✓ Multi-agent solution with synchronized Kalman fusion:
  Support agent 1: node=651, dist=600.0m, goal_unc=7.1497m
  Primary agent: node=651, dist=600.0m, goal_unc=7.1497m
  ├─ Communication: every 100.0m, sigmoid taper range=200.0m width=20.0m
  └─ All agents' uncertainties benefit from synchronized Kalman fusion at checkpoints

--- Final Results ---
Support agent 1 : [1, 651]  dist=600.0  goal_unc=7.1497  ✓  (Kalman-fused)
Primary agent : [1, 651]  dist=600.0  goal_unc=7.1497  threshold=7.710410391 ✓ met  (Kalman-fused)

=== Kalman Filtering Summary ===
All 2 agents performing synchronized Kalman filtering:
  • Dead-reckoning propagation: DIR=0.05/m, PERP=0.016666666666666666/m
  • Landmark fusion: Information filter (Joseph form) at every waypoint
  • SYNCHRONIZED inter-agent communication: every 100.0m of travel
  • Tapered sigmoid weighting: range=200.0m, width=20.0m (soft plateau + rolloff)
  • Bidirectional Kalman fusion: all agent pairs within range at each checkpoint
  • Measurement model: bearing-angle sensor with noise=0.038, ratio=2.2
  └─ Support agents: goal_unc=7.1497m (improved by inter-agent fusion)
  └─ Primary agent: goal_unc=7.1497m (direct path with landmark updates)
Converged at iteration : 0
Figure path-role mapping: supports = paths[1:1], primary = paths[2]
Discrete evaluation: prim_len=600.0, unc=7.1497
Fig 1 saved.

=== Continuous Spline Optimization (threshold=7.7104) ===
  Initial (discrete→spline): prim_len=600.0, unc=7.1483
  Barrier stage 1/15: μ=20.0
  [Spline barrier] line search stalled; stopping at stage 1
  Barrier stage 2/15: μ=20.0
  [Spline barrier] line search stalled; stopping at stage 2
  Barrier stage 3/15: μ=20.0
  Barrier stage 4/15: μ=20.0
  Barrier stage 5/15: μ=20.0
    → Recovered into the feasible set at iter 209 (min_slack=1.2e-5); feasible-only gate now armed
  → Converged at iter 214 (Δlen=0.000358)
  Barrier stage 6/15: μ=7.0
  → Converged at iter 215 (Δlen=6.2e-5)
  Barrier stage 7/15: μ=2.45
  → Converged at iter 216 (Δlen=0.000484)
  Barrier stage 8/15: μ=0.8575
  → Converged at iter 218 (Δlen=0.000969)
  Barrier stage 9/15: μ=0.3001
  → Converged at iter 246 (Δlen=0.000981)
  Barrier stage 10/15: μ=0.105
  → Converged at iter 248 (Δlen=0.000955)
  Barrier stage 11/15: μ=0.0368
  → Converged at iter 250 (Δlen=0.000948)
  Barrier stage 12/15: μ=0.0129
  → Converged at iter 252 (Δlen=0.000947)
  Barrier stage 13/15: μ=0.0045
  → Converged at iter 254 (Δlen=0.000948)
  Barrier stage 14/15: μ=0.0016
  → Converged at iter 256 (Δlen=0.00095)
  Barrier stage 15/15: μ=0.0006
  → Converged at iter 258 (Δlen=0.000951)
  Final: prim_len=608.432, unc=7.6025, threshold=7.7104, status=optimized, min_slack=0.000672
  Obstacle re-verification: mean path clears all obstacles ✓
Fig combined (main) saved: Discrete Len=600.0 → Continuous Len=608.43
Fig uncertainty profile (main) saved: /home/tonyzhang/projects/landmark_planning/constraint_sweep/sweep_2026-08-11/straight_cont/s006_p085/straight_cont/figures/main_unc_profile.png

[straight_cont] produced 1 solution(s) -> /home/tonyzhang/projects/landmark_planning/constraint_sweep/sweep_2026-08-11/straight_cont/s006_p085/straight_cont
