Landmark scenario: random — 2 landmarks, 2 obstacles, start (0.0, 0.0) → goal (900.0, 0.0)
Hex graph: 381 nodes (378 heading-states + 2 sensors + goal), radius=86.60254037844388m, directed_edges=954, grid=11x11, start_cell=(2, 5), goal_cell=(8, 5), start_heading=0
Conditional ε-bound: ε_sample=1.1925, w=1.0, ε_total=1.1925
  Bound form (conditional): L_returned ≤ (1+ε_total) L* with assumptions documented in comments.

── MULTI-AGENT PLANNING (Synchronized Kalman) ──

  Running joint discrete A* (threshold=1.0e9)... (max_iters=1000000)
  Stops on the first feasible candidate under the threshold.

  ✓ FEASIBLE SOLUTION at iter 7: dist=900.0, unc=8.7056
  [Constraint A*] Single-agent complete: 7 iterations, final_dist=900.0

✓ Multi-agent solution with synchronized Kalman fusion:
  Primary agent: node=205, dist=900.0m, goal_unc=8.7056m
  ├─ Communication: every 100.0m, sigmoid taper range=300.0m width=20.0m
  └─ All agents' uncertainties benefit from synchronized Kalman fusion at checkpoints

--- Final Results ---
Primary agent : [1, 175, 181, 187, 193, 199, 205]  dist=900.0  goal_unc=8.7056  threshold=1.0e9 ✓ met  (Kalman-fused)

=== Kalman Filtering Summary ===
All 1 agents performing synchronized Kalman filtering:
  • Dead-reckoning propagation: DIR=0.05/m, PERP=0.016666666666666666/m
  • Landmark fusion: Information filter (Joseph form) at every waypoint
  • SYNCHRONIZED inter-agent communication: every 100.0m of travel
  • Tapered sigmoid weighting: range=300.0m, width=20.0m (soft plateau + rolloff)
  • Bidirectional Kalman fusion: all agent pairs within range at each checkpoint
  • Measurement model: bearing-angle sensor with noise=0.038, ratio=2.2
  └─ Support agents: goal_unc=8.7056m (improved by inter-agent fusion)
  └─ Primary agent: goal_unc=8.7056m (direct path with landmark updates)
Converged at iteration : 7
Figure path-role mapping: supports = paths[1:0], primary = paths[1]
Discrete evaluation: prim_len=900.0, unc=8.7056
Fig 1 saved.

=== Continuous Spline Optimization (threshold=1.0e9) ===
  Initial (discrete→spline): prim_len=900.0, unc=8.7056
  Barrier stage 1/15: μ=20.0
  Barrier stage 2/15: μ=7.0
  → Converged at iter 71 (Δlen=0.000723)
  Barrier stage 3/15: μ=2.45
  Barrier stage 4/15: μ=0.8575
  → Converged at iter 185 (Δlen=0.000946)
  Barrier stage 5/15: μ=0.3001
  → Converged at iter 187 (Δlen=0.000955)
  Barrier stage 6/15: μ=0.105
  → Converged at iter 189 (Δlen=0.000981)
  Barrier stage 7/15: μ=0.0368
  → Converged at iter 191 (Δlen=0.000992)
  Barrier stage 8/15: μ=0.0129
  → Converged at iter 193 (Δlen=0.000982)
  Barrier stage 9/15: μ=0.0045
  → Converged at iter 195 (Δlen=0.000953)
  Barrier stage 10/15: μ=0.0016
  → Converged at iter 197 (Δlen=0.000908)
  Barrier stage 11/15: μ=0.0006
  → Converged at iter 199 (Δlen=0.000853)
  Barrier stage 12/15: μ=0.0002
  → Converged at iter 201 (Δlen=0.000792)
  Barrier stage 13/15: μ=0.0001
  → Converged at iter 203 (Δlen=0.000728)
  Barrier stage 14/15: μ=0.0
  → Converged at iter 205 (Δlen=0.000664)
  Barrier stage 15/15: μ=0.0
  → Converged at iter 207 (Δlen=0.000601)
  Final: prim_len=900.0, unc=8.7056, threshold=1.0e9, status=seed_only, min_slack=0.025
  Obstacle re-verification: mean path clears all obstacles ✓
Fig combined (main) saved: Discrete Len=900.0 → Continuous Len=900.0
Fig uncertainty profile (main) saved: /home/tonyzhang/projects/landmark_planning/constraint_sweep/ablation_2026-08-17/reference/s019/hexspline_cl/figures/main_unc_profile.png

[hexspline_cl] produced 1 solution(s) -> /home/tonyzhang/projects/landmark_planning/constraint_sweep/ablation_2026-08-17/reference/s019/hexspline_cl
