┌ Warning: Seed is infeasible (min_slack=-17.070877360554046, ε=0.001); the barrier will try to recover it before shortening. Expected for the straight_cont ablation, and for a discrete seed that A* returned as its best incumbent after exhausting its budget.
└ @ Main ~/projects/landmark_planning/planners/hexspline_cl.jl:1215
Landmark scenario: random — 2 landmarks, 4 obstacles, start (0.0, 0.0) → goal (700.0, 0.0)
Hex graph: 723 nodes (720 heading-states + 2 sensors + goal), radius=57.73502691896258m, directed_edges=1908, grid=12x15, start_cell=(1, 7), goal_cell=(8, 7), start_heading=0

── GREEDY PLANNING ──
  Primary: shortest obstacle-clear route (single-agent A*, no uncertainty bound)

  [Constraint A*] Goal popped, unc OK, but its B-spline breaches an obstacle; discarded.

  [Constraint A*] Goal popped, unc OK, but its B-spline breaches an obstacle; discarded.

  [Constraint A*] Goal popped, unc OK, but its B-spline breaches an obstacle; discarded.

  [Constraint A*] Goal popped, unc OK, but its B-spline breaches an obstacle; discarded.

  [Constraint A*] Goal popped, unc OK, but its B-spline breaches an obstacle; discarded.

  ✓ FEASIBLE SOLUTION at iter 56: dist=850.0, unc=4.8442
  [Constraint A*] Single-agent complete: 56 iterations, final_dist=850.0
  Helpers: greedy placement, minimising the primary's uncertainty per step
  Support 1: dist=850.0m, goal_unc=4.8393m
  Primary  : dist=850.0m, goal_unc=4.8393m (threshold 3.39091534 ✗)

=== Continuous Spline Optimization (threshold=3.3909) ===
  Initial (discrete→spline): prim_len=839.049, unc=5.2282
  Barrier stage 1/15: μ=20.0
  Barrier stage 2/15: μ=20.0
  Barrier stage 3/15: μ=20.0
  Barrier stage 4/15: μ=20.0
  Barrier stage 5/15: μ=20.0
    → Recovered into the feasible set at iter 329 (min_slack=9.0e-6); feasible-only gate now armed
  → Converged at iter 329 (Δlen=0.000571)
  Barrier stage 6/15: μ=7.0
  → Converged at iter 330 (Δlen=0.000664)
  Barrier stage 7/15: μ=2.45
  → Converged at iter 331 (Δlen=0.00016)
  Barrier stage 8/15: μ=0.8575
  → Converged at iter 332 (Δlen=0.000942)
  Barrier stage 9/15: μ=0.3001
  Barrier stage 10/15: μ=0.105
  Barrier stage 11/15: μ=0.0368
  Barrier stage 12/15: μ=0.0129
  Barrier stage 13/15: μ=0.0045
  Barrier stage 14/15: μ=0.0016
  Barrier stage 15/15: μ=0.0006
  Final: prim_len=813.837, unc=3.3226, threshold=3.3909, status=optimized, min_slack=0.000236
  Obstacle re-verification: mean path clears all obstacles ✓
Fig combined (main) saved: Discrete Len=839.05 → Continuous Len=813.84
Fig uncertainty profile (main) saved: /home/tonyzhang/projects/landmark_planning/constraint_sweep/sweep_2026-08-11/greedy/s086_p070/greedy/figures/main_unc_profile.png

[greedy] produced 1 solution(s) -> /home/tonyzhang/projects/landmark_planning/constraint_sweep/sweep_2026-08-11/greedy/s086_p070/greedy
