Landmark scenario: random — 2 landmarks, 3 obstacles, start (0.0, 0.0) → goal (600.0, 0.0)
Hex graph: 297 nodes (294 heading-states + 2 sensors + goal), radius=86.60254037844388m, directed_edges=726, grid=9x11, start_cell=(2, 5), goal_cell=(6, 5), start_heading=0

── FORMATION PLANNING ──
  Primary: own A* (formation_primary_astar); a goal candidate is accepted on the primary's uncertainty WITH its supports attached (threshold 8.967685789).
  One support: both lateral slots (+1 = 60° left, -1 = 60° right) tried per candidate.

    ✓ escorted-feasible at iter 8: dist=750.0, unc=7.9069 (slot [1])
  → Chose slot [1]
  Support 1 (slot 1): dist=750.0m, goal_unc=7.2378m, arc drift vs primary=0.0m
  Primary : dist=750.0m, goal_unc=7.9069m (threshold 8.967685789 ✓)

=== Continuous Spline Optimization (threshold=8.9677) ===
  Initial (discrete→spline): prim_len=685.869, unc=7.9069
  Barrier stage 1/15: μ=20.0
  → Converged at iter 12 (Δlen=0.000387)
  Barrier stage 2/15: μ=7.0
  Barrier stage 3/15: μ=2.45
  Barrier stage 4/15: μ=0.8575
  Barrier stage 5/15: μ=0.3001
  Barrier stage 6/15: μ=0.105
  Barrier stage 7/15: μ=0.0368
  Barrier stage 8/15: μ=0.0129
  Barrier stage 9/15: μ=0.0045
  Barrier stage 10/15: μ=0.0016
  Barrier stage 11/15: μ=0.0006
  Barrier stage 12/15: μ=0.0002
  Barrier stage 13/15: μ=0.0001
  Barrier stage 14/15: μ=0.0
  Barrier stage 15/15: μ=0.0
  Final: prim_len=665.381, unc=5.8879, threshold=8.9677, status=optimized, min_slack=0.017246
  Obstacle re-verification: mean path clears all obstacles ✓
Fig combined (main) saved: Discrete Len=685.87 → Continuous Len=665.38
Fig uncertainty profile (main) saved: /home/tonyzhang/projects/landmark_planning/constraint_sweep/baseline_2026-08-17/formation/s061_p100/formation/figures/main_unc_profile.png

[formation] produced 1 solution(s) -> /home/tonyzhang/projects/landmark_planning/constraint_sweep/baseline_2026-08-17/formation/s061_p100/formation
