Landmark scenario: random — 4 landmarks, 3 obstacles, start (0.0, 0.0) → goal (750.0, 0.0)
Hex graph: 341 nodes (336 heading-states + 4 sensors + goal), radius=86.60254037844388m, directed_edges=840, grid=10x11, start_cell=(2, 5), goal_cell=(7, 5), start_heading=0
Conditional ε-bound: ε_sample=1.2309, w=1.0, ε_total=1.2309
  Bound form (conditional): L_returned ≤ (1+ε_total) L* with assumptions documented in comments.

── MULTI-AGENT PLANNING (Synchronized Kalman) ──

  Running joint discrete A* (threshold=5.3651)... (max_iters=1000000)
  Stops on the first feasible candidate under the threshold.
  ✓ Goal reachable from node 1 with distance 750.0

  [Constraint A*] Incumbent seed at iter 250: dist=900.0, unc=6.121 > 5.3651
  [A*] iter 1000/1000000 (0.1%)  left=999000  elapsed=1.3s   
  ✓ FEASIBLE SOLUTION at iter 1342: dist=900.0, unc=1.6089
  [Constraint A*] Complete: 1342 iterations, final_dist=900.0

✓ Multi-agent solution with synchronized Kalman fusion:
  Support agent 1: node=276, dist=900.0m, goal_unc=1.137m
  Primary agent: node=182, dist=900.0m, goal_unc=1.6089m
  ├─ Communication: every 100.0m, sigmoid taper range=300.0m width=20.0m
  └─ All agents' uncertainties benefit from synchronized Kalman fusion at checkpoints

--- Final Results ---
Support agent 1 : [1, 206, 254, 259, 314, 319, 276]  dist=900.0  goal_unc=1.137  ✓  (Kalman-fused)
Primary agent : [1, 115, 116, 122, 128, 134, 182]  dist=900.0  goal_unc=1.6089  threshold=5.365115914 ✓ met  (Kalman-fused)

=== Kalman Filtering Summary ===
All 2 agents performing synchronized Kalman filtering:
  • Dead-reckoning propagation: DIR=0.05/m, PERP=0.016666666666666666/m
  • Landmark fusion: Information filter (Joseph form) at every waypoint
  • SYNCHRONIZED inter-agent communication: every 100.0m of travel
  • Tapered sigmoid weighting: range=300.0m, width=20.0m (soft plateau + rolloff)
  • Bidirectional Kalman fusion: all agent pairs within range at each checkpoint
  • Measurement model: bearing-angle sensor with noise=0.038, ratio=2.2
  └─ Support agents: goal_unc=1.137m (improved by inter-agent fusion)
  └─ Primary agent: goal_unc=1.6089m (direct path with landmark updates)
Converged at iteration : 1342
Figure path-role mapping: supports = paths[1:1], primary = paths[2]
Discrete evaluation: prim_len=900.0, unc=1.6089
Fig 1 saved.

=== Continuous Spline Optimization (threshold=5.3651) ===
  Initial (discrete→spline): prim_len=854.202, unc=1.6089
  Barrier stage 1/15: μ=20.0
  → Converged at iter 7 (Δlen=0.00053)
  Barrier stage 2/15: μ=7.0
  → Converged at iter 8 (Δlen=0.000838)
  Barrier stage 3/15: μ=2.45
  → Converged at iter 9 (Δlen=0.000928)
  Barrier stage 4/15: μ=0.8575
  [Spline barrier] line search stalled; stopping at stage 4
  Barrier stage 5/15: μ=0.3001
  [Spline barrier] line search stalled; stopping at stage 5
  Barrier stage 6/15: μ=0.105
  [Spline barrier] line search stalled; stopping at stage 6
  Barrier stage 7/15: μ=0.0368
  [Spline barrier] line search stalled; stopping at stage 7
  Barrier stage 8/15: μ=0.0129
  [Spline barrier] line search stalled; stopping at stage 8
  Barrier stage 9/15: μ=0.0045
  [Spline barrier] line search stalled; stopping at stage 9
  Barrier stage 10/15: μ=0.0016
  [Spline barrier] line search stalled; stopping at stage 10
  Barrier stage 11/15: μ=0.0006
  [Spline barrier] line search stalled; stopping at stage 11
  Barrier stage 12/15: μ=0.0002
  [Spline barrier] line search stalled; stopping at stage 12
  Barrier stage 13/15: μ=0.0001
  [Spline barrier] line search stalled; stopping at stage 13
  Barrier stage 14/15: μ=0.0
  [Spline barrier] line search stalled; stopping at stage 14
  Barrier stage 15/15: μ=0.0
  [Spline barrier] line search stalled; stopping at stage 15
  Final: prim_len=854.202, unc=1.6089, threshold=5.3651, status=seed_only, min_slack=0.015926
  Obstacle re-verification: mean path clears all obstacles ✓
Fig combined (main) saved: Discrete Len=854.2 → Continuous Len=854.2
Fig uncertainty profile (main) saved: /home/tonyzhang/projects/landmark_planning/constraint_sweep/ablation_2026-08-17/hexspline_cl/s001_p050/hexspline_cl/figures/main_unc_profile.png

[hexspline_cl] produced 1 solution(s) -> /home/tonyzhang/projects/landmark_planning/constraint_sweep/ablation_2026-08-17/hexspline_cl/s001_p050/hexspline_cl
