Landmark scenario: random — 4 landmarks, 3 obstacles, start (0.0, 0.0) → goal (900.0, 0.0)
Hex graph: 383 nodes (378 heading-states + 4 sensors + goal), radius=86.60254037844388m, directed_edges=954, grid=11x11, start_cell=(2, 5), goal_cell=(8, 5), start_heading=0

── CL-GBT PLANNING (sampling-based joint tree, continuous R²) ──
  [CL-GBT] iter 200/200000  tree=178  elapsed=0.1s     [CL-GBT] iter 400/200000  tree=352  elapsed=0.1s     [CL-GBT] iter 600/200000  tree=528  elapsed=0.1s     [CL-GBT] iter 800/200000  tree=696  elapsed=0.1s     [CL-GBT] iter 1000/200000  tree=854  elapsed=0.1s     [CL-GBT] iter 1200/200000  tree=1011  elapsed=0.2s     [CL-GBT] iter 1400/200000  tree=1172  elapsed=0.2s     [CL-GBT] iter 1600/200000  tree=1321  elapsed=0.2s     [CL-GBT] iter 1800/200000  tree=1486  elapsed=0.2s     [CL-GBT] iter 2000/200000  tree=1652  elapsed=0.2s     [CL-GBT] iter 2200/200000  tree=1813  elapsed=0.2s     [CL-GBT] iter 2400/200000  tree=1967  elapsed=0.2s     [CL-GBT] iter 2600/200000  tree=2123  elapsed=0.2s     [CL-GBT] iter 2800/200000  tree=2282  elapsed=0.2s     [CL-GBT] iter 3000/200000  tree=2434  elapsed=0.3s     [CL-GBT] iter 3200/200000  tree=2573  elapsed=0.3s     [CL-GBT] iter 3400/200000  tree=2720  elapsed=0.3s   ┌ Warning: Seed is feasible but not strictly interior (min_slack=1.00009063183637e-9, ε=0.001); the barrier is past its knee and steps will be small.
└ @ Main ~/projects/landmark_planning/planners/hexspline_cl.jl:1209

  Support 1: dist=1350.0m, goal_unc=13.1583m
  Primary  : dist=1396.4m, goal_unc=9.0004m (threshold 9.007029759) — 3555 iterations, tree size 2845

=== Continuous Spline Optimization (threshold=9.007) ===
  Initial (discrete→spline): prim_len=1188.888, unc=9.0004
  Barrier stage 1/15: μ=20.0
  Barrier stage 2/15: μ=7.0
  Barrier stage 3/15: μ=2.45
  Barrier stage 4/15: μ=0.8575
  Barrier stage 5/15: μ=0.3001
  Barrier stage 6/15: μ=0.105
  Barrier stage 7/15: μ=0.0368
  Barrier stage 8/15: μ=0.0129
  Barrier stage 9/15: μ=0.0045
  Barrier stage 10/15: μ=0.0016
  Barrier stage 11/15: μ=0.0006
  → Converged at iter 727 (Δlen=0.000368)
  Barrier stage 12/15: μ=0.0002
  → Converged at iter 728 (Δlen=0.000553)
  Barrier stage 13/15: μ=0.0001
  [Spline barrier] line search stalled; stopping at stage 13
  Barrier stage 14/15: μ=0.0
  [Spline barrier] line search stalled; stopping at stage 14
  Barrier stage 15/15: μ=0.0
  [Spline barrier] line search stalled; stopping at stage 15
  Final: prim_len=1044.819, unc=7.315, threshold=9.007, status=optimized, min_slack=0.0
  Obstacle re-verification: mean path clears all obstacles ✓
Fig combined (main) saved: Discrete Len=1188.89 → Continuous Len=1044.82
Fig uncertainty profile (main) saved: /home/tonyzhang/projects/landmark_planning/constraint_sweep/baseline_2026-08-17/clgbt/s046_p090/clgbt/figures/main_unc_profile.png

[clgbt] produced 1 solution(s) -> /home/tonyzhang/projects/landmark_planning/constraint_sweep/baseline_2026-08-17/clgbt/s046_p090/clgbt
