Landmark scenario: random — 3 landmarks, 3 obstacles, start (0.0, 0.0) → goal (600.0, 0.0)
Hex graph: 298 nodes (294 heading-states + 3 sensors + goal), radius=86.60254037844388m, directed_edges=726, grid=9x11, start_cell=(2, 5), goal_cell=(6, 5), start_heading=0

── SEQUENTIAL PLANNING (2 agent(s), one at a time) ──
  Leg 1 — primary, 1 helper(s) parked at start (bound 8.9026 = 2.0x the 4.451288502 threshold the shipped route is held to):

    ✓ feasible at iter 34: dist=900.0, unc=7.4175
  Leg 2 — helper 1 vs the fixed primary trajectory (7 steps, beam 400):
    (took rank #3 of 114; 2 better-ranked route(s) breach as splines)
    → helper 1 placed; primary goal_unc now 3.7764
  Leg 3 — primary re-planned against the committed helper paths:

    ✓ feasible at iter 31: dist=900.0, unc=3.7764
    leg 1 route: len=900.0, unc=3.7764 ✓  |  re-planned: len=900.0, unc=3.7764 ✓  → keep leg 1
  Helper 1: dist=900.0m, goal_unc=3.6769m
  Primary  : dist=900.0m, goal_unc=3.7764m (threshold 4.451288502 ✓)

=== Continuous Spline Optimization (threshold=4.4513) ===
  Initial (discrete→spline): prim_len=854.736, unc=3.7764
  Barrier stage 1/15: μ=20.0
  [Spline barrier] line search stalled; stopping at stage 1
  Barrier stage 2/15: μ=7.0
  [Spline barrier] line search stalled; stopping at stage 2
  Barrier stage 3/15: μ=2.45
  [Spline barrier] line search stalled; stopping at stage 3
  Barrier stage 4/15: μ=0.8575
  [Spline barrier] line search stalled; stopping at stage 4
  Barrier stage 5/15: μ=0.3001
  [Spline barrier] line search stalled; stopping at stage 5
  Barrier stage 6/15: μ=0.105
  Barrier stage 7/15: μ=0.0368
  Barrier stage 8/15: μ=0.0129
  Barrier stage 9/15: μ=0.0045
  Barrier stage 10/15: μ=0.0016
  Barrier stage 11/15: μ=0.0006
  Barrier stage 12/15: μ=0.0002
  Barrier stage 13/15: μ=0.0001
  → Converged at iter 518 (Δlen=0.000824)
  Barrier stage 14/15: μ=0.0
  → Converged at iter 519 (Δlen=0.000876)
  Barrier stage 15/15: μ=0.0
  → Converged at iter 520 (Δlen=0.000888)
  Final: prim_len=750.795, unc=4.2727, threshold=4.4513, status=optimized, min_slack=0.0
  Obstacle re-verification: mean path clears all obstacles ✓
Fig combined (main) saved: Discrete Len=854.74 → Continuous Len=750.8
Fig uncertainty profile (main) saved: /home/tonyzhang/projects/landmark_planning/constraint_sweep/baseline_2026-08-17/sequential/s060_p060/sequential/figures/main_unc_profile.png

[sequential] produced 1 solution(s) -> /home/tonyzhang/projects/landmark_planning/constraint_sweep/baseline_2026-08-17/sequential/s060_p060/sequential
