Landmark scenario: random — 3 landmarks, 3 obstacles, start (0.0, 0.0) → goal (600.0, 0.0)
Hex graph: 298 nodes (294 heading-states + 3 sensors + goal), radius=86.60254037844388m, directed_edges=726, grid=9x11, start_cell=(2, 5), goal_cell=(6, 5), start_heading=0

── SEQUENTIAL PLANNING (2 agent(s), one at a time) ──
  Leg 1 — primary, 1 helper(s) parked at start (bound 7.4188 = 2.0x the 3.709407085 threshold the shipped route is held to):

    ✓ feasible at iter 34: dist=900.0, unc=7.4175
  Leg 2 — helper 1 vs the fixed primary trajectory (7 steps, beam 400):
    (took rank #3 of 114; 2 better-ranked route(s) breach as splines)
    → helper 1 placed; primary goal_unc now 3.7764
  Leg 3 — primary re-planned against the committed helper paths:
  [A*] iter 1000/1000000 (0.1%)  left=999000  elapsed=0.0s     [A*] iter 2000/1000000 (0.2%)  left=998000  elapsed=0.1s     [A*] iter 3000/1000000 (0.3%)  left=997000  elapsed=0.5s   ┌ Warning: Seed is infeasible (min_slack=-0.06699746042903554, ε=0.001); the barrier will try to recover it before shortening. Expected for the straight_cont ablation, and for a discrete seed that A* returned as its best incumbent after exhausting its budget.
└ @ Main ~/projects/landmark_planning/planners/hexspline_cl.jl:1207

    nothing under the threshold; handing the best incumbent to the barrier: dist=900.0, unc=3.7764
    leg 1 route: len=900.0, unc=3.7764 ✗  |  re-planned: len=900.0, unc=3.7764 ✗  → keep leg 1
  Helper 1: dist=900.0m, goal_unc=3.6769m
  Primary  : dist=900.0m, goal_unc=3.7764m (threshold 3.709407085 ✗)

=== Continuous Spline Optimization (threshold=3.7094) ===
  Initial (discrete→spline): prim_len=854.736, unc=3.7764
  Barrier stage 1/15: μ=20.0
    → Recovered into the feasible set at iter 4 (min_slack=0.000792); feasible-only gate now armed
  Barrier stage 2/15: μ=7.0
  Barrier stage 3/15: μ=2.45
  Barrier stage 4/15: μ=0.8575
  Barrier stage 5/15: μ=0.3001
  Barrier stage 6/15: μ=0.105
  Barrier stage 7/15: μ=0.0368
  Barrier stage 8/15: μ=0.0129
  → Converged at iter 475 (Δlen=0.000931)
  Barrier stage 9/15: μ=0.0045
  → Converged at iter 477 (Δlen=0.00013)
  Barrier stage 10/15: μ=0.0016
  → Converged at iter 478 (Δlen=0.000147)
  Barrier stage 11/15: μ=0.0006
  [Spline barrier] line search stalled; stopping at stage 11
  Barrier stage 12/15: μ=0.0002
  [Spline barrier] line search stalled; stopping at stage 12
  Barrier stage 13/15: μ=0.0001
  [Spline barrier] line search stalled; stopping at stage 13
  Barrier stage 14/15: μ=0.0
  [Spline barrier] line search stalled; stopping at stage 14
  Barrier stage 15/15: μ=0.0
  [Spline barrier] line search stalled; stopping at stage 15
  Final: prim_len=814.563, unc=3.7094, threshold=3.7094, status=optimized, min_slack=0.0
  Obstacle re-verification: mean path clears all obstacles ✓
Fig combined (main) saved: Discrete Len=854.74 → Continuous Len=814.56
Fig uncertainty profile (main) saved: /home/tonyzhang/projects/landmark_planning/constraint_sweep/baseline_2026-08-17/sequential/s060_p050/sequential/figures/main_unc_profile.png

[sequential] produced 1 solution(s) -> /home/tonyzhang/projects/landmark_planning/constraint_sweep/baseline_2026-08-17/sequential/s060_p050/sequential
