┌ Warning: Seed is infeasible (min_slack=-57.07967151428403, ε=0.001); the barrier will try to recover it before shortening. Expected for the straight_cont ablation, and for a discrete seed that A* returned as its best incumbent after exhausting its budget.
└ @ Main ~/projects/landmark_planning/planners/hexspline_cl.jl:1215
Landmark scenario: random — 3 landmarks, 3 obstacles, start (0.0, 0.0) → goal (600.0, 0.0)
Hex graph: 652 nodes (648 heading-states + 3 sensors + goal), radius=57.73502691896258m, directed_edges=1704, grid=11x15, start_cell=(1, 7), goal_cell=(7, 7), start_heading=0

── FORMATION PLANNING ──
  Primary: single-agent hexspline A* (threshold 5.772523832); supports added afterwards.

  [Constraint A*] Incumbent seed at iter 79: dist=786.603, unc=7.6967 > 5.7725

  [Constraint A*] Incumbent seed at iter 138: dist=886.603, unc=6.7454 > 5.7725

  [Constraint A*] Incumbent seed at iter 142: dist=886.603, unc=6.1101 > 5.7725

  [Constraint A*] Incumbent seed at iter 172: dist=886.603, unc=6.1101 > 5.7725

  ✓ FEASIBLE SOLUTION at iter 301: dist=986.603, unc=5.5792
  [Constraint A*] Single-agent complete: 301 iterations, final_dist=986.603
  One support: trying both lateral slots (+1 = 60° left, -1 = 60° right).
  Slot [1]: unc=5.4737 ✓
  Slot [-1]: unc=5.6 ✓
  → Chose slot [1]
  Support 1 (slot 1): dist=1032.3m, goal_unc=6.1321m, arc drift vs primary=45.7m
  Primary : dist=986.6m, goal_unc=5.4737m (threshold 5.772523832 ✓)

=== Continuous Spline Optimization (threshold=5.7725) ===
  Initial (discrete→spline): prim_len=960.45, unc=5.8657
  Barrier stage 1/15: μ=20.0
  Barrier stage 2/15: μ=20.0
  Barrier stage 3/15: μ=20.0
  Barrier stage 4/15: μ=20.0
  Barrier stage 5/15: μ=20.0
  Barrier stage 6/15: μ=20.0
  Barrier stage 7/15: μ=20.0
  Barrier stage 8/15: μ=20.0
  Barrier stage 9/15: μ=20.0
  Barrier stage 10/15: μ=20.0
  Barrier stage 11/15: μ=20.0
  Barrier stage 12/15: μ=20.0
  Barrier stage 13/15: μ=20.0
  Barrier stage 14/15: μ=20.0
    → Recovered into the feasible set at iter 897 (min_slack=5.0e-6); feasible-only gate now armed
  Barrier stage 15/15: μ=7.0
  → Converged at iter 945 (Δlen=0.000863)
  Final: prim_len=975.16, unc=5.6846, threshold=5.7725, status=optimized, min_slack=5.0e-6
  Obstacle re-verification: mean path clears all obstacles ✓
Fig combined (main) saved: Discrete Len=960.45 → Continuous Len=975.16
Fig uncertainty profile (main) saved: /home/tonyzhang/projects/landmark_planning/constraint_sweep/sweep_2026-08-11/formation/s090_p075/formation/figures/main_unc_profile.png

[formation] produced 1 solution(s) -> /home/tonyzhang/projects/landmark_planning/constraint_sweep/sweep_2026-08-11/formation/s090_p075/formation
