┌ Warning: Seed is infeasible (min_slack=-23.89049352306648, ε=0.001); the barrier will try to recover it before shortening. Expected for the straight_cont ablation, and for a discrete seed that A* returned as its best incumbent after exhausting its budget.
└ @ Main ~/projects/landmark_planning/planners/hexspline_cl.jl:1215
Landmark scenario: random — 2 landmarks, 4 obstacles, start (0.0, 0.0) → goal (600.0, 0.0)
Hex graph: 651 nodes (648 heading-states + 2 sensors + goal), radius=57.73502691896258m, directed_edges=1704, grid=11x15, start_cell=(1, 7), goal_cell=(7, 7), start_heading=0

── FORMATION PLANNING ──
  Primary: single-agent hexspline A* (threshold 8.223263999); supports added afterwards.

  [Constraint A*] Goal popped, unc OK, but its B-spline breaches an obstacle; discarded.

  [Constraint A*] Goal popped, unc OK, but its B-spline breaches an obstacle; discarded.

  [Constraint A*] Goal popped, unc OK, but its B-spline breaches an obstacle; discarded.

  [Constraint A*] Goal popped, unc OK, but its B-spline breaches an obstacle; discarded.

  ✓ FEASIBLE SOLUTION at iter 133: dist=886.603, unc=8.2233
  [Constraint A*] Single-agent complete: 133 iterations, final_dist=886.603
  One support: trying both lateral slots (+1 = 60° left, -1 = 60° right).
  Slot [1]: unc=7.6948 ✓
  Slot [-1]: unc=7.6675 ✓
  → Chose slot [-1]
  Support 1 (slot -1): dist=850.0m, goal_unc=7.2829m, arc drift vs primary=-36.6m
  Primary : dist=886.6m, goal_unc=7.6675m (threshold 8.223263999 ✓)

=== Continuous Spline Optimization (threshold=8.2233) ===
  Initial (discrete→spline): prim_len=846.794, unc=7.4549
  Barrier stage 1/15: μ=20.0
    → Recovered into the feasible set at iter 32 (min_slack=0.009701); feasible-only gate now armed
  → Converged at iter 38 (Δlen=0.000534)
  Barrier stage 2/15: μ=7.0
  → Converged at iter 39 (Δlen=6.0e-6)
  Barrier stage 3/15: μ=2.45
  → Converged at iter 40 (Δlen=0.000785)
  Barrier stage 4/15: μ=0.8575
  → Converged at iter 42 (Δlen=0.000559)
  Barrier stage 5/15: μ=0.3001
  → Converged at iter 43 (Δlen=0.000825)
  Barrier stage 6/15: μ=0.105
  → Converged at iter 44 (Δlen=0.000734)
  Barrier stage 7/15: μ=0.0368
  → Converged at iter 45 (Δlen=0.000254)
  Barrier stage 8/15: μ=0.0129
  → Converged at iter 46 (Δlen=0.00063)
  Barrier stage 9/15: μ=0.0045
  Barrier stage 10/15: μ=0.0016
  Barrier stage 11/15: μ=0.0006
  Barrier stage 12/15: μ=0.0002
  Barrier stage 13/15: μ=0.0001
  Barrier stage 14/15: μ=0.0
  Barrier stage 15/15: μ=0.0
  Final: prim_len=820.253, unc=6.1218, threshold=8.2233, status=optimized, min_slack=0.008887
  Obstacle re-verification: mean path clears all obstacles ✓
Fig combined (main) saved: Discrete Len=846.79 → Continuous Len=820.25
Fig uncertainty profile (main) saved: /home/tonyzhang/projects/landmark_planning/constraint_sweep/sweep_2026-08-11/formation/s036_p100/formation/figures/main_unc_profile.png

[formation] produced 1 solution(s) -> /home/tonyzhang/projects/landmark_planning/constraint_sweep/sweep_2026-08-11/formation/s036_p100/formation
