Landmark scenario: ladder_maze — 3 landmarks, 14 obstacles, start (0.0, 0.0) → goal (1400.0, 173.20508075688772)
  → Saved 3 landmarks to /home/tony-zhang/Research/landmark_planning/fig2_ladder/v8/hexspline_cl/s001_p060/scenario_landmarks.csv
  → Saved 14 obstacles to /home/tony-zhang/Research/landmark_planning/fig2_ladder/v8/hexspline_cl/s001_p060/scenario_obstacles.csv
Hex graph: 718 nodes (714 heading-states + 3 sensors + goal), radius=57.73502691896258m, directed_edges=1866, grid=19x15, start_cell=(2, 7), goal_cell=(16, 9), start_heading=0
Conditional ε-bound: ε_sample=1.0819, w=1.0, ε_total=1.0819
  Bound form (conditional): L_returned ≤ (1+ε_total) L* with assumptions documented in comments.

── MULTI-AGENT PLANNING (Synchronized Kalman) ──

  Running joint discrete A* (threshold=7.5897)... (max_iters=1000000)
  Stops on the first feasible candidate under the threshold.
  ✓ Goal reachable from node 1 with distance 1500.0

  [Constraint A*] Incumbent seed at iter 897: dist=1500.0, unc=8.8035 > 7.5897
  [A*] iter 1000/1000000 (0.1%)  left=999000  elapsed=1.8s     [A*] iter 2000/1000000 (0.2%)  left=998000  elapsed=1.9s     [A*] iter 3000/1000000 (0.3%)  left=997000  elapsed=1.9s     [A*] iter 4000/1000000 (0.4%)  left=996000  elapsed=1.9s     [A*] iter 5000/1000000 (0.5%)  left=995000  elapsed=2.2s     [A*] iter 6000/1000000 (0.6%)  left=994000  elapsed=2.2s   
  ✓ FEASIBLE SOLUTION at iter 6658: dist=1600.0, unc=2.6385
  [Constraint A*] Complete: 6658 iterations, final_dist=1600.0

✓ Multi-agent solution with synchronized Kalman fusion:
  Support agent 1: node=297, dist=1600.0m, goal_unc=2.4388m
  Primary agent: node=602, dist=1600.0m, goal_unc=2.6385m
  ├─ Communication: every 100.0m, sigmoid taper range=300.0m width=20.0m
  └─ All agents' uncertainties benefit from synchronized Kalman fusion at checkpoints

--- Final Results ---
Support agent 1 : [1, 319, 229, 230, 236, 242, 145, 146, 152, 158, 67, 68, 74, 80, 86, 189, 297]  dist=1600.0  goal_unc=2.4388  ✓  (Kalman-fused)
Primary agent : [1, 422, 427, 433, 439, 445, 451, 457, 463, 469, 572, 577, 583, 589, 498, 499, 602]  dist=1600.0  goal_unc=2.6385  threshold=7.589745264 ✓ met  (Kalman-fused)

=== Kalman Filtering Summary ===
All 2 agents performing synchronized Kalman filtering:
  • Dead-reckoning propagation: DIR=0.05/m, PERP=0.016666666666666666/m
  • Landmark fusion: Information filter (Joseph form) at every waypoint
  • SYNCHRONIZED inter-agent communication: every 100.0m of travel
  • Tapered sigmoid weighting: range=300.0m, width=20.0m (soft plateau + rolloff)
  • Bidirectional Kalman fusion: all agent pairs within range at each checkpoint
  • Measurement model: bearing-angle sensor with noise=0.038, ratio=2.2
  └─ Support agents: goal_unc=2.4388m (improved by inter-agent fusion)
  └─ Primary agent: goal_unc=2.6385m (direct path with landmark updates)
Converged at iteration : 6658
Figure path-role mapping: supports = paths[1:1], primary = paths[2]
Discrete evaluation: prim_len=1600.0, unc=2.6385
Fig 1 saved.

=== Continuous Spline Optimization (threshold=7.5897) ===
  Initial (discrete→spline): prim_len=1516.948, unc=2.6385
  Barrier stage 1/15: μ=20.0
  → Converged at iter 9 (Δlen=0.000533)
  Barrier stage 2/15: μ=7.0
  → Converged at iter 10 (Δlen=0.000621)
  Barrier stage 3/15: μ=2.45
  [Spline barrier] line search stalled; stopping at stage 3
  Barrier stage 4/15: μ=0.8575
  [Spline barrier] line search stalled; stopping at stage 4
  Barrier stage 5/15: μ=0.3001
  [Spline barrier] line search stalled; stopping at stage 5
  Barrier stage 6/15: μ=0.105
  [Spline barrier] line search stalled; stopping at stage 6
  Barrier stage 7/15: μ=0.0368
  [Spline barrier] line search stalled; stopping at stage 7
  Barrier stage 8/15: μ=0.0129
  [Spline barrier] line search stalled; stopping at stage 8
  Barrier stage 9/15: μ=0.0045
  [Spline barrier] line search stalled; stopping at stage 9
  Barrier stage 10/15: μ=0.0016
  [Spline barrier] line search stalled; stopping at stage 10
  Barrier stage 11/15: μ=0.0006
  [Spline barrier] line search stalled; stopping at stage 11
  Barrier stage 12/15: μ=0.0002
  [Spline barrier] line search stalled; stopping at stage 12
  Barrier stage 13/15: μ=0.0001
  [Spline barrier] line search stalled; stopping at stage 13
  Barrier stage 14/15: μ=0.0
  → Converged at iter 57 (Δlen=0.000692)
  Barrier stage 15/15: μ=0.0
  [Spline barrier] line search stalled; stopping at stage 15
  Final: prim_len=1505.764, unc=3.1387, threshold=7.5897, status=optimized, min_slack=7.2e-5
  Obstacle re-verification: mean path clears all obstacles ✓
Fig combined (main) saved: Discrete Len=1516.95 → Continuous Len=1505.76
Fig uncertainty profile (main) saved: /home/tony-zhang/Research/landmark_planning/fig2_ladder/v8/hexspline_cl/s001_p060/hexspline_cl/figures/main_unc_profile.png
  → Saved control points to /home/tony-zhang/Research/landmark_planning/fig2_ladder/v8/hexspline_cl/s001_p060/hexspline_cl/csv/main_ctrls.csv (34 points)
  → Saved 16 comm events to /home/tony-zhang/Research/landmark_planning/fig2_ladder/v8/hexspline_cl/s001_p060/hexspline_cl/csv/comm_events.csv
  → Saved 19 landmark events to /home/tony-zhang/Research/landmark_planning/fig2_ladder/v8/hexspline_cl/s001_p060/hexspline_cl/csv/landmark_events.csv

[hexspline_cl] produced 1 solution(s) -> /home/tony-zhang/Research/landmark_planning/fig2_ladder/v8/hexspline_cl/s001_p060/hexspline_cl
