Landmark scenario: random — 2 landmarks, 2 obstacles, start (0.0, 0.0) → goal (600.0, 0.0)
Hex graph: 297 nodes (294 heading-states + 2 sensors + goal), radius=86.60254037844388m, directed_edges=726, grid=9x11, start_cell=(2, 5), goal_cell=(6, 5), start_heading=0

── CL-GBT PLANNING (sampling-based joint tree, continuous R²) ──
  [CL-GBT] iter 200/200000  tree=144  elapsed=0.0s     [CL-GBT] iter 400/200000  tree=285  elapsed=0.0s     [CL-GBT] iter 600/200000  tree=426  elapsed=0.0s     [CL-GBT] iter 800/200000  tree=563  elapsed=0.0s     [CL-GBT] iter 1000/200000  tree=698  elapsed=0.0s     [CL-GBT] iter 1200/200000  tree=834  elapsed=0.0s     [CL-GBT] iter 1400/200000  tree=963  elapsed=0.1s     [CL-GBT] iter 1600/200000  tree=1083  elapsed=0.2s     [CL-GBT] iter 1800/200000  tree=1207  elapsed=0.2s     [CL-GBT] iter 2000/200000  tree=1323  elapsed=0.2s     [CL-GBT] iter 2200/200000  tree=1444  elapsed=0.2s     [CL-GBT] iter 2400/200000  tree=1554  elapsed=0.2s     [CL-GBT] iter 2600/200000  tree=1664  elapsed=0.2s     [CL-GBT] iter 2800/200000  tree=1776  elapsed=0.2s     [CL-GBT] iter 3000/200000  tree=1891  elapsed=0.2s     [CL-GBT] iter 3200/200000  tree=2010  elapsed=0.2s     [CL-GBT] iter 3400/200000  tree=2115  elapsed=0.3s     [CL-GBT] iter 3600/200000  tree=2219  elapsed=0.3s     [CL-GBT] iter 3800/200000  tree=2323  elapsed=0.3s     [CL-GBT] iter 4000/200000  tree=2425  elapsed=0.3s   ┌ Warning: Seed is infeasible (min_slack=-0.31177118032683754, ε=0.001); the barrier will try to recover it before shortening. Expected for the straight_cont ablation, and for a discrete seed that A* returned as its best incumbent after exhausting its budget.
└ @ Main ~/projects/landmark_planning/planners/hexspline_cl.jl:1207

  Support 1: dist=1500.0m, goal_unc=3.778m
  Primary  : dist=1647.8m, goal_unc=4.6649m (threshold 4.848906328) — 4119 iterations, tree size 2486

=== Continuous Spline Optimization (threshold=4.8489) ===
  Initial (discrete→spline): prim_len=1344.527, unc=3.8411
  Barrier stage 1/15: μ=20.0
  Barrier stage 2/15: μ=20.0
  Barrier stage 3/15: μ=20.0
  Barrier stage 4/15: μ=20.0
  Barrier stage 5/15: μ=20.0
  [Spline barrier] line search stalled; stopping at stage 5
  Barrier stage 6/15: μ=20.0
  [Spline barrier] line search stalled; stopping at stage 6
  Barrier stage 7/15: μ=20.0
  [Spline barrier] line search stalled; stopping at stage 7
  Barrier stage 8/15: μ=20.0
  [Spline barrier] line search stalled; stopping at stage 8
  Barrier stage 9/15: μ=20.0
  [Spline barrier] line search stalled; stopping at stage 9
  Barrier stage 10/15: μ=20.0
  [Spline barrier] line search stalled; stopping at stage 10
  Barrier stage 11/15: μ=20.0
  [Spline barrier] line search stalled; stopping at stage 11
  Barrier stage 12/15: μ=20.0
  [Spline barrier] line search stalled; stopping at stage 12
  Barrier stage 13/15: μ=20.0
  [Spline barrier] line search stalled; stopping at stage 13
  Barrier stage 14/15: μ=20.0
  [Spline barrier] line search stalled; stopping at stage 14
  Barrier stage 15/15: μ=20.0
  [Spline barrier] line search stalled; stopping at stage 15
  Final: prim_len=1356.639, unc=3.8306, threshold=4.8489, status=recovery_failed, min_slack=-0.002013
  Obstacle re-verification: mean path clears all obstacles ✓
Fig combined (main) saved: Discrete Len=1344.53 → Continuous Len=1356.64
Fig uncertainty profile (main) saved: /home/tonyzhang/projects/landmark_planning/constraint_sweep/baseline_2026-08-17/clgbt/s036_p090/clgbt/figures/main_unc_profile.png

[clgbt] produced 1 solution(s) -> /home/tonyzhang/projects/landmark_planning/constraint_sweep/baseline_2026-08-17/clgbt/s036_p090/clgbt
