┌ Warning: Seed is infeasible (min_slack=-21.320209210021797, ε=0.001); the barrier will try to recover it before shortening. Expected for the straight_cont ablation, and for a discrete seed that A* returned as its best incumbent after exhausting its budget.
└ @ Main ~/projects/landmark_planning/planners/hexspline_cl.jl:1215
Landmark scenario: random — 4 landmarks, 4 obstacles, start (0.0, 0.0) → goal (600.0, 0.0)
Hex graph: 653 nodes (648 heading-states + 4 sensors + goal), radius=57.73502691896258m, directed_edges=1704, grid=11x15, start_cell=(1, 7), goal_cell=(7, 7), start_heading=0

── FORMATION PLANNING ──
  Primary: single-agent hexspline A* (threshold 7.103890979); supports added afterwards.

  [Constraint A*] Goal popped, unc OK, but its B-spline breaches an obstacle; discarded.

  ✓ FEASIBLE SOLUTION at iter 21: dist=650.0, unc=7.1039
  [Constraint A*] Single-agent complete: 21 iterations, final_dist=650.0
  One support: trying both lateral slots (+1 = 60° left, -1 = 60° right).
  Slot [1]: unc=4.8685 ✓
  Slot [-1]: unc=6.7652 ✓
  → Chose slot [1]
  Support 1 (slot 1): dist=732.3m, goal_unc=2.8861m, arc drift vs primary=82.3m
  Primary : dist=650.0m, goal_unc=4.8685m (threshold 7.103890979 ✓)
  ! A support drifted more than half a comm interval from the primary's arc; checkpoints no longer pair them where the formation puts them.

=== Continuous Spline Optimization (threshold=7.1039) ===
  Initial (discrete→spline): prim_len=649.657, unc=7.5136
  Barrier stage 1/15: μ=20.0
    → Recovered into the feasible set at iter 30 (min_slack=0.009559); feasible-only gate now armed
  → Converged at iter 65 (Δlen=0.000968)
  Barrier stage 2/15: μ=7.0
  → Converged at iter 67 (Δlen=0.000625)
  Barrier stage 3/15: μ=2.45
  → Converged at iter 69 (Δlen=0.000384)
  Barrier stage 4/15: μ=0.8575
  → Converged at iter 70 (Δlen=0.000671)
  Barrier stage 5/15: μ=0.3001
  → Converged at iter 71 (Δlen=0.000873)
  Barrier stage 6/15: μ=0.105
  → Converged at iter 72 (Δlen=0.000997)
  Barrier stage 7/15: μ=0.0368
  → Converged at iter 74 (Δlen=9.0e-6)
  Barrier stage 8/15: μ=0.0129
  → Converged at iter 75 (Δlen=7.6e-5)
  Barrier stage 9/15: μ=0.0045
  → Converged at iter 76 (Δlen=0.000195)
  Barrier stage 10/15: μ=0.0016
  → Converged at iter 77 (Δlen=0.000363)
  Barrier stage 11/15: μ=0.0006
  → Converged at iter 78 (Δlen=0.000576)
  Barrier stage 12/15: μ=0.0002
  → Converged at iter 79 (Δlen=0.000829)
  Barrier stage 13/15: μ=0.0001
  → Converged at iter 81 (Δlen=0.000324)
  Barrier stage 14/15: μ=0.0
  → Converged at iter 82 (Δlen=0.000679)
  Barrier stage 15/15: μ=0.0
  → Converged at iter 84 (Δlen=0.00041)
  Final: prim_len=658.968, unc=5.3313, threshold=7.1039, status=optimized, min_slack=0.009559
  Obstacle re-verification: mean path clears all obstacles ✓
Fig combined (main) saved: Discrete Len=649.66 → Continuous Len=658.97
Fig uncertainty profile (main) saved: /home/tonyzhang/projects/landmark_planning/constraint_sweep/sweep_2026-08-11/formation/s073_p100/formation/figures/main_unc_profile.png

[formation] produced 1 solution(s) -> /home/tonyzhang/projects/landmark_planning/constraint_sweep/sweep_2026-08-11/formation/s073_p100/formation
