Landmark scenario: random — 4 landmarks, 4 obstacles, start (0.0, 0.0) → goal (600.0, 0.0)
Hex graph: 653 nodes (648 heading-states + 4 sensors + goal), radius=57.73502691896258m, directed_edges=1704, grid=11x15, start_cell=(1, 7), goal_cell=(7, 7), start_heading=0
Conditional ε-bound: ε_sample=1.1925, w=1.0, ε_total=1.1925
  Bound form (conditional): L_returned ≤ (1+ε_total) L* with assumptions documented in comments.

── MULTI-AGENT PLANNING (Synchronized Kalman) ──

  Running joint discrete A* (threshold=5.2072)... (max_iters=500000)
  Stops on the first feasible candidate under the threshold.
  ✓ Goal reachable from node 1 with distance 600.0
  [A*] iter 1000/500000 (0.2%)  left=499000  elapsed=2.2s     [A*] iter 2000/500000 (0.4%)  left=498000  elapsed=2.4s     [A*] iter 3000/500000 (0.6%)  left=497000  elapsed=2.7s     [A*] iter 4000/500000 (0.8%)  left=496000  elapsed=2.8s     [A*] iter 5000/500000 (1.0%)  left=495000  elapsed=2.9s     [A*] iter 6000/500000 (1.2%)  left=494000  elapsed=2.9s   
  ✓ FEASIBLE SOLUTION at iter 6337: dist=786.603, unc=3.2793
  [Constraint A*] Complete: 6337 iterations, final_dist=786.603

✓ Multi-agent solution with synchronized Kalman fusion:
  Support agent 1: node=474, dist=786.6m, goal_unc=3.0981m
  Primary agent: node=366, dist=786.6m, goal_unc=3.2793m
  ├─ Communication: every 100.0m, sigmoid taper range=200.0m width=20.0m
  └─ All agents' uncertainties benefit from synchronized Kalman fusion at checkpoints

--- Final Results ---
Support agent 1 : [1, 386, 391, 446, 506, 511, 517, 523, 474]  dist=786.603  goal_unc=3.0981  ✓  (Kalman-fused)
Primary agent : [1, 386, 440, 445, 402, 403, 409, 415, 366]  dist=786.603  goal_unc=3.2793  threshold=5.207243961 ✓ met  (Kalman-fused)

=== Kalman Filtering Summary ===
All 2 agents performing synchronized Kalman filtering:
  • Dead-reckoning propagation: DIR=0.05/m, PERP=0.016666666666666666/m
  • Landmark fusion: Information filter (Joseph form) at every waypoint
  • SYNCHRONIZED inter-agent communication: every 100.0m of travel
  • Tapered sigmoid weighting: range=200.0m, width=20.0m (soft plateau + rolloff)
  • Bidirectional Kalman fusion: all agent pairs within range at each checkpoint
  • Measurement model: bearing-angle sensor with noise=0.038, ratio=2.2
  └─ Support agents: goal_unc=3.0981m (improved by inter-agent fusion)
  └─ Primary agent: goal_unc=3.2793m (direct path with landmark updates)
Converged at iteration : 6337
Figure path-role mapping: supports = paths[1:1], primary = paths[2]
Discrete evaluation: prim_len=786.603, unc=3.2793
Fig 1 saved.
Discrete-only spline: prim_len=765.803, unc=3.5794

[discrete_only] produced 1 solution(s) -> /home/tonyzhang/projects/landmark_planning/constraint_sweep/sweep_2026-08-11/discrete_only/s041_p070/discrete_only
