┌ Warning: Seed is infeasible (min_slack=-2.4140616217998563, ε=0.001); the barrier will try to recover it before shortening. Expected for the straight_cont ablation, and for a discrete seed that A* returned as its best incumbent after exhausting its budget.
└ @ Main ~/projects/landmark_planning/planners/hexspline_cl.jl:1207
Landmark scenario: random — 3 landmarks, 3 obstacles, start (0.0, 0.0) → goal (750.0, 0.0)
Hex graph: 340 nodes (336 heading-states + 3 sensors + goal), radius=86.60254037844388m, directed_edges=840, grid=10x11, start_cell=(2, 5), goal_cell=(7, 5), start_heading=0

── GREEDY PLANNING ──
  Primary: shortest obstacle-clear route (single-agent A*, no uncertainty bound)

  [Constraint A*] Goal popped, unc OK, but its B-spline breaches an obstacle; discarded.

  [Constraint A*] Goal popped, unc OK, but its B-spline breaches an obstacle; discarded.

  [Constraint A*] Goal popped, unc OK, but its B-spline breaches an obstacle; discarded.

  [Constraint A*] Goal popped, unc OK, but its B-spline breaches an obstacle; discarded.

  [Constraint A*] Goal popped, unc OK, but its B-spline breaches an obstacle; discarded.

  [Constraint A*] Goal popped, unc OK, but its B-spline breaches an obstacle; discarded.

  [Constraint A*] Goal popped, unc OK, but its B-spline breaches an obstacle; discarded.

  [Constraint A*] Goal popped, unc OK, but its B-spline breaches an obstacle; discarded.

  ✓ FEASIBLE SOLUTION at iter 78: dist=1200.0, unc=5.2198
  [Constraint A*] Single-agent complete: 78 iterations, final_dist=1200.0
  Helpers: greedy placement, minimising the primary's uncertainty per step
  Support 1: dist=1200.0m, goal_unc=3.8246m
  Primary  : dist=1200.0m, goal_unc=3.98m (threshold 1.565940063 ✗)

=== Continuous Spline Optimization (threshold=1.5659) ===
  Initial (discrete→spline): prim_len=1162.788, unc=3.98
  Barrier stage 1/15: μ=20.0
  Barrier stage 2/15: μ=20.0
  Barrier stage 3/15: μ=20.0
    → Recovered into the feasible set at iter 198 (min_slack=0.000986); feasible-only gate now armed
  Barrier stage 4/15: μ=7.0
  Barrier stage 5/15: μ=2.45
  Barrier stage 6/15: μ=0.8575
  Barrier stage 7/15: μ=0.3001
  Barrier stage 8/15: μ=0.105
  Barrier stage 9/15: μ=0.0368
  Barrier stage 10/15: μ=0.0129
  Barrier stage 11/15: μ=0.0045
  Barrier stage 12/15: μ=0.0016
  Barrier stage 13/15: μ=0.0006
  Barrier stage 14/15: μ=0.0002
  Barrier stage 15/15: μ=0.0001
  Final: prim_len=1160.658, unc=1.5335, threshold=1.5659, status=optimized, min_slack=0.012513
  Obstacle re-verification: mean path clears all obstacles ✓
Fig combined (main) saved: Discrete Len=1162.79 → Continuous Len=1160.66
Fig uncertainty profile (main) saved: /home/tonyzhang/projects/landmark_planning/constraint_sweep/baseline_2026-08-17/greedy/s063_p030/greedy/figures/main_unc_profile.png

[greedy] produced 1 solution(s) -> /home/tonyzhang/projects/landmark_planning/constraint_sweep/baseline_2026-08-17/greedy/s063_p030/greedy
