Landmark scenario: random — 4 landmarks, 3 obstacles, start (0.0, 0.0) → goal (900.0, 0.0)
Hex graph: 383 nodes (378 heading-states + 4 sensors + goal), radius=86.60254037844388m, directed_edges=954, grid=11x11, start_cell=(2, 5), goal_cell=(8, 5), start_heading=0

── SEQUENTIAL PLANNING (2 agent(s), one at a time) ──
  Leg 1 — primary, 1 helper(s) parked at start (bound 5.0483 = 2.0x the 2.524149949 threshold the shipped route is held to):

    ✓ feasible at iter 286: dist=1350.0, unc=5.0416
  Leg 2 — helper 1 vs the fixed primary trajectory (10 steps, beam 400):
    (took rank #6 of 400; 5 better-ranked route(s) breach as splines)
    → helper 1 placed; primary goal_unc now 3.5324
  Leg 3 — primary re-planned against the committed helper paths:
  [A*] iter 1000/1000000 (0.1%)  left=999000  elapsed=0.1s     [A*] iter 2000/1000000 (0.2%)  left=998000  elapsed=0.1s     [A*] iter 3000/1000000 (0.3%)  left=997000  elapsed=0.2s   ┌ Warning: Seed is infeasible (min_slack=-1.0082324289750488, ε=0.001); the barrier will try to recover it before shortening. Expected for the straight_cont ablation, and for a discrete seed that A* returned as its best incumbent after exhausting its budget.
└ @ Main ~/projects/landmark_planning/planners/hexspline_cl.jl:1207

    re-plan found nothing; keeping the leg 1 route.
  Helper 1: dist=1350.0m, goal_unc=1.8578m
  Primary  : dist=1350.0m, goal_unc=3.5324m (threshold 2.524149949 ✗)

=== Continuous Spline Optimization (threshold=2.5241) ===
  Initial (discrete→spline): prim_len=1271.801, unc=3.5324
  Barrier stage 1/15: μ=20.0
  [Spline barrier] line search stalled; stopping at stage 1
  Barrier stage 2/15: μ=20.0
  [Spline barrier] line search stalled; stopping at stage 2
  Barrier stage 3/15: μ=20.0
  [Spline barrier] line search stalled; stopping at stage 3
  Barrier stage 4/15: μ=20.0
  [Spline barrier] line search stalled; stopping at stage 4
  Barrier stage 5/15: μ=20.0
  [Spline barrier] line search stalled; stopping at stage 5
  Barrier stage 6/15: μ=20.0
  [Spline barrier] line search stalled; stopping at stage 6
  Barrier stage 7/15: μ=20.0
  [Spline barrier] line search stalled; stopping at stage 7
  Barrier stage 8/15: μ=20.0
  [Spline barrier] line search stalled; stopping at stage 8
  Barrier stage 9/15: μ=20.0
  [Spline barrier] line search stalled; stopping at stage 9
  Barrier stage 10/15: μ=20.0
  [Spline barrier] line search stalled; stopping at stage 10
  Barrier stage 11/15: μ=20.0
  [Spline barrier] line search stalled; stopping at stage 11
  Barrier stage 12/15: μ=20.0
  [Spline barrier] line search stalled; stopping at stage 12
  Barrier stage 13/15: μ=20.0
  [Spline barrier] line search stalled; stopping at stage 13
  Barrier stage 14/15: μ=20.0
  [Spline barrier] line search stalled; stopping at stage 14
  Barrier stage 15/15: μ=20.0
  [Spline barrier] line search stalled; stopping at stage 15
  Final: prim_len=1271.801, unc=3.5324, threshold=2.5241, status=recovery_failed, min_slack=-1.008232
  Obstacle re-verification: mean path clears all obstacles ✓
Fig combined (main) saved: Discrete Len=1271.8 → Continuous Len=1271.8
Fig uncertainty profile (main) saved: /home/tonyzhang/projects/landmark_planning/constraint_sweep/baseline_2026-08-17/sequential/s055_p050/sequential/figures/main_unc_profile.png

[sequential] produced 1 solution(s) -> /home/tonyzhang/projects/landmark_planning/constraint_sweep/baseline_2026-08-17/sequential/s055_p050/sequential
