Landmark scenario: random — 3 landmarks, 4 obstacles, start (0.0, 0.0) → goal (800.0, 0.0)
Hex graph: 796 nodes (792 heading-states + 3 sensors + goal), radius=57.73502691896258m, directed_edges=2112, grid=13x15, start_cell=(1, 7), goal_cell=(9, 7), start_heading=0

── SEQUENTIAL PLANNING (2 agent(s), one at a time) ──
  Leg 1 — primary, 1 helper(s) parked at start (bound 19.8997 = 2.0x the 9.949839077 threshold the shipped route is held to):

    ✓ feasible at iter 82: dist=850.0, unc=8.7616
  Leg 2 — helper 1 vs the fixed primary trajectory (10 steps, beam 400):
    → helper 1 placed; primary goal_unc now 3.7763
  Leg 3 — primary re-planned against the committed helper paths:

    ✓ feasible at iter 95: dist=850.0, unc=8.9022
    leg 1 route: len=850.0, unc=3.7763 ✓  |  re-planned: len=850.0, unc=8.9022 ✓  → keep leg 1
  Helper 1: dist=850.0m, goal_unc=2.2854m
  Primary  : dist=850.0m, goal_unc=3.7763m (threshold 9.949839077 ✓)

=== Continuous Spline Optimization (threshold=9.9498) ===
  Initial (discrete→spline): prim_len=844.173, unc=4.2936
  Barrier stage 1/15: μ=20.0
  Barrier stage 2/15: μ=7.0
  Barrier stage 3/15: μ=2.45
  Barrier stage 4/15: μ=0.8575
  Barrier stage 5/15: μ=0.3001
  Barrier stage 6/15: μ=0.105
  Barrier stage 7/15: μ=0.0368
  Barrier stage 8/15: μ=0.0129
  Barrier stage 9/15: μ=0.0045
  Barrier stage 10/15: μ=0.0016
  → Converged at iter 610 (Δlen=0.000592)
  Barrier stage 11/15: μ=0.0006
  → Converged at iter 612 (Δlen=0.000633)
  Barrier stage 12/15: μ=0.0002
  → Converged at iter 613 (Δlen=0.000801)
  Barrier stage 13/15: μ=0.0001
  → Converged at iter 614 (Δlen=0.000893)
  Barrier stage 14/15: μ=0.0
  → Converged at iter 615 (Δlen=0.000905)
  Barrier stage 15/15: μ=0.0
  [Spline barrier] line search stalled; stopping at stage 15
  Final: prim_len=819.93, unc=5.8888, threshold=9.9498, status=optimized, min_slack=6.0e-6
  Obstacle re-verification: mean path clears all obstacles ✓
Fig combined (main) saved: Discrete Len=844.17 → Continuous Len=819.93
Fig uncertainty profile (main) saved: /home/tonyzhang/projects/landmark_planning/constraint_sweep/sweep_2026-08-11/sequential/s072_p100/sequential/figures/main_unc_profile.png

[sequential] produced 1 solution(s) -> /home/tonyzhang/projects/landmark_planning/constraint_sweep/sweep_2026-08-11/sequential/s072_p100/sequential
