┌ Warning: Seed is infeasible (min_slack=-90.06104168505271, ε=0.001); the barrier will try to recover it before shortening. Expected for the straight_cont ablation, and for a discrete seed that A* returned as its best incumbent after exhausting its budget.
└ @ Main ~/Research/landmark_planning/planners/hexspline_cl.jl:1215
Landmark scenario: random — 4 landmarks, 3 obstacles, start (0.0, 0.0) → goal (900.0, 0.0)
Hex graph: 437 nodes (432 heading-states + 4 sensors + goal), radius=86.60254037844388m, directed_edges=1104, grid=11x11, start_cell=(1, 5), goal_cell=(7, 5), start_heading=0

── FORMATION PLANNING ──
  Primary: single-agent hexspline A* (threshold 5.552547652); supports added afterwards.

  [Constraint A*] Goal popped, unc OK, but its B-spline breaches an obstacle; discarded.

  [Constraint A*] Goal popped, unc OK, but its B-spline breaches an obstacle; discarded.

  [Constraint A*] Goal popped, unc OK, but its B-spline breaches an obstacle; discarded.

  [Constraint A*] Goal popped, unc OK, but its B-spline breaches an obstacle; discarded.

  [Constraint A*] Goal popped, unc OK, but its B-spline breaches an obstacle; discarded.

  [Constraint A*] Goal popped, unc OK, but its B-spline breaches an obstacle; discarded.

  [Constraint A*] Goal popped, unc OK, but its B-spline breaches an obstacle; discarded.

  [Constraint A*] Goal popped, unc OK, but its B-spline breaches an obstacle; discarded.

  [Constraint A*] Goal popped, unc OK, but its B-spline breaches an obstacle; discarded.

  [Constraint A*] Goal popped, unc OK, but its B-spline breaches an obstacle; discarded.

  [Constraint A*] Incumbent seed at iter 178: dist=1275.0, unc=6.1695 > 5.5525

  [Constraint A*] Goal popped, unc OK, but its B-spline breaches an obstacle; discarded.

  [Constraint A*] Goal popped, unc OK, but its B-spline breaches an obstacle; discarded.

  [Constraint A*] Goal popped, unc OK, but its B-spline breaches an obstacle; discarded.

  [Constraint A*] Goal popped, unc OK, but its B-spline breaches an obstacle; discarded.

  [Constraint A*] Goal popped, unc OK, but its B-spline breaches an obstacle; discarded.

  [Constraint A*] Incumbent seed at iter 241: dist=1329.904, unc=6.1695 > 5.5525

  ✓ FEASIBLE SOLUTION at iter 312: dist=1425.0, unc=5.5216
  [Constraint A*] Single-agent complete: 312 iterations, final_dist=1425.0
  One support: trying both lateral slots (+1 = 60° left, -1 = 60° right).
  Slot [1]: unc=5.4342 ✓
  Slot [-1]: unc=5.1359 ✓
  → Chose slot [-1]
  Support 1 (slot -1): dist=1548.4m, goal_unc=5.6244m, arc drift vs primary=123.4m
  Primary : dist=1425.0m, goal_unc=5.1359m (threshold 5.552547652 ✓)
  ! A support drifted more than half a comm interval from the primary's arc; checkpoints no longer pair them where the formation puts them.

=== Continuous Spline Optimization (threshold=5.5525) ===
  Initial (discrete→spline): prim_len=1359.121, unc=5.7244
  Barrier stage 1/15: μ=20.0
  Barrier stage 2/15: μ=20.0
  Barrier stage 3/15: μ=20.0
  Barrier stage 4/15: μ=20.0
  Barrier stage 5/15: μ=20.0
    → Recovered into the feasible set at iter 324 (min_slack=0.003283); feasible-only gate now armed
  Barrier stage 6/15: μ=7.0
  → Converged at iter 347 (Δlen=0.000775)
  Barrier stage 7/15: μ=2.45
  → Converged at iter 349 (Δlen=0.000515)
  Barrier stage 8/15: μ=0.8575
  → Converged at iter 350 (Δlen=0.000993)
  Barrier stage 9/15: μ=0.3001
  → Converged at iter 352 (Δlen=0.000464)
  Barrier stage 10/15: μ=0.105
  → Converged at iter 353 (Δlen=0.000932)
  Barrier stage 11/15: μ=0.0368
  → Converged at iter 355 (Δlen=0.000478)
  Barrier stage 12/15: μ=0.0129
  → Converged at iter 356 (Δlen=0.000963)
  Barrier stage 13/15: μ=0.0045
  → Converged at iter 358 (Δlen=0.000496)
  Barrier stage 14/15: μ=0.0016
  → Converged at iter 359 (Δlen=0.000996)
  Barrier stage 15/15: μ=0.0006
  → Converged at iter 361 (Δlen=0.00051)
  Final: prim_len=1408.754, unc=5.4506, threshold=5.5525, status=optimized, min_slack=0.013914
  Obstacle re-verification: mean path clears all obstacles ✓
Fig combined (main) saved: Discrete Len=1359.12 → Continuous Len=1408.75
Fig uncertainty profile (main) saved: /home/tony-zhang/Research/landmark_planning/constraint_sweep/smoke150/formation/s005_p090/formation/figures/main_unc_profile.png

[formation] produced 1 solution(s) -> /home/tony-zhang/Research/landmark_planning/constraint_sweep/smoke150/formation/s005_p090/formation
