┌ Warning: Seed is infeasible (min_slack=-0.04788499115801708, ε=0.001); the barrier will try to recover it before shortening. Expected for the straight_cont ablation, and for a discrete seed that A* returned as its best incumbent after exhausting its budget.
└ @ Main ~/projects/landmark_planning/planners/hexspline_cl.jl:1207
Landmark scenario: random — 3 landmarks, 1 obstacles, start (0.0, 0.0) → goal (750.0, 0.0)
Hex graph: 340 nodes (336 heading-states + 3 sensors + goal), radius=86.60254037844388m, directed_edges=840, grid=10x11, start_cell=(2, 5), goal_cell=(7, 5), start_heading=0

── CL-GBT PLANNING (sampling-based joint tree, continuous R²) ──

  Support 1: dist=1350.0m, goal_unc=4.304m
  Primary  : dist=1499.9m, goal_unc=9.4755m (threshold 9.50898383) — 172 iterations, tree size 152

=== Continuous Spline Optimization (threshold=9.509) ===
  Initial (discrete→spline): prim_len=1270.693, unc=9.4755
  Barrier stage 1/15: μ=20.0
  Barrier stage 2/15: μ=20.0
    → Recovered into the feasible set at iter 95 (min_slack=0.000116); feasible-only gate now armed
  [Spline barrier] line search stalled; stopping at stage 2
  Barrier stage 3/15: μ=7.0
  Barrier stage 4/15: μ=2.45
  [Spline barrier] line search stalled; stopping at stage 4
  Barrier stage 5/15: μ=0.8575
  → Converged at iter 233 (Δlen=0.000954)
  Barrier stage 6/15: μ=0.3001
  [Spline barrier] line search stalled; stopping at stage 6
  Barrier stage 7/15: μ=0.105
  [Spline barrier] line search stalled; stopping at stage 7
  Barrier stage 8/15: μ=0.0368
  [Spline barrier] line search stalled; stopping at stage 8
  Barrier stage 9/15: μ=0.0129
  [Spline barrier] line search stalled; stopping at stage 9
  Barrier stage 10/15: μ=0.0045
  [Spline barrier] line search stalled; stopping at stage 10
  Barrier stage 11/15: μ=0.0016
  → Converged at iter 288 (Δlen=0.000595)
  Barrier stage 12/15: μ=0.0006
  → Converged at iter 289 (Δlen=0.000843)
  Barrier stage 13/15: μ=0.0002
  → Converged at iter 290 (Δlen=0.000928)
  Barrier stage 14/15: μ=0.0001
  → Converged at iter 291 (Δlen=0.00098)
  Barrier stage 15/15: μ=0.0
  [Spline barrier] line search stalled; stopping at stage 15
  Final: prim_len=1203.347, unc=8.8528, threshold=9.509, status=optimized, min_slack=0.001654
  Obstacle re-verification: mean path clears all obstacles ✓
Fig combined (main) saved: Discrete Len=1270.69 → Continuous Len=1203.35
Fig uncertainty profile (main) saved: /home/tonyzhang/projects/landmark_planning/constraint_sweep/baseline_2026-08-17/clgbt/s043_p100/clgbt/figures/main_unc_profile.png

[clgbt] produced 1 solution(s) -> /home/tonyzhang/projects/landmark_planning/constraint_sweep/baseline_2026-08-17/clgbt/s043_p100/clgbt
